#-----------------------------------------------------------
# Vivado v2018.3 (64-bit)
# SW Build 2405991 on Thu Dec  6 23:36:41 MST 2018
# IP Build 2404404 on Fri Dec  7 01:43:56 MST 2018
# Start of session at: Wed Apr 29 19:25:55 2026
# Process ID: 744989
# Current directory: /scratch1/iot/new/gc2025/hw
# Command line: vivado -nojournal -log artybuild.log -notrace -mode tcl -source boards/genesys2_yamuna/tcl/run.tcl -tclargs 16
# Log file: /scratch1/iot/new/gc2025/hw/artybuild.log
# Journal file: 
#-----------------------------------------------------------
source boards/genesys2_yamuna/tcl/run.tcl -notrace

DEBUG: home_dir:          .
DEBUG: fpga_dir:          ./fpga_project
DEBUG: ip_project_dir:    ./fpga_project/manage_ip
DEBUG: core_project_dir:  ./fpga_project/c-class
Scanning sources...
Finished scanning sources
INFO: [IP_Flow 19-234] Refreshing IP repositories
INFO: [IP_Flow 19-1704] No user IP repositories specified
INFO: [IP_Flow 19-2313] Loaded Vivado IP repository '/home/vignesh/tools/hw_tools/Vivado/Vivado/2018.3/data/ip'.
INFO: [Vivado 12-4149] The synthesis checkpoint for IP '/scratch1/iot/new/gc2025/hw/fpga_project/c-class/c-class.srcs/sources_1/ip/clk_divider/clk_divider.xci' is already up-to-date
INFO: [Vivado 12-4149] The synthesis checkpoint for IP '/scratch1/iot/new/gc2025/hw/fpga_project/c-class/c-class.srcs/sources_1/ip/clk_converter/clk_converter.xci' is already up-to-date
INFO: [Vivado 12-4149] The synthesis checkpoint for IP '/scratch1/iot/new/gc2025/hw/fpga_project/c-class/c-class.srcs/sources_1/ip/proc_sys_reset_0/proc_sys_reset_0.xci' is already up-to-date
INFO: [Vivado 12-4149] The synthesis checkpoint for IP '/scratch1/iot/new/gc2025/hw/fpga_project/c-class/c-class.srcs/sources_1/ip/mig_ddr3/mig_ddr3.xci' is already up-to-date
[Wed Apr 29 19:26:12 2026] Launched core_synth_1...
Run output will be captured here: /scratch1/iot/new/gc2025/hw/fpga_project/c-class/c-class.runs/core_synth_1/runme.log
launch_runs: Time (s): cpu = 00:00:05 ; elapsed = 00:00:06 . Memory (MB): peak = 1429.367 ; gain = 40.020 ; free physical = 23314 ; free virtual = 46795
[Wed Apr 29 19:26:12 2026] Waiting for core_synth_1 to finish...

*** Running vivado
    with args -log fpga_top.vds -m64 -product Vivado -mode batch -messageDb vivado.pb -notrace -source fpga_top.tcl


****** Vivado v2018.3 (64-bit)
  **** SW Build 2405991 on Thu Dec  6 23:36:41 MST 2018
  **** IP Build 2404404 on Fri Dec  7 01:43:56 MST 2018
    ** Copyright 1986-2018 Xilinx, Inc. All Rights Reserved.

source fpga_top.tcl -notrace
Command: synth_design -top fpga_top -part xc7k325tffg900-2 -verilog_define BSV_RESET_FIFO_HEAD -verilog_define BSV_RESET_FIFO_ARRAY
Starting synth_design
Attempting to get a license for feature 'Synthesis' and/or device 'xc7k325t'
INFO: [Common 17-349] Got license for feature 'Synthesis' and/or device 'xc7k325t'
INFO: [Common 17-1540] The version limit for your license is '2021.07' and has expired for new software. A version limit expiration means that, although you may be able to continue to use the current version of tools or IP with this license, you will not be eligible for any updates or new releases.
INFO: Launching helper process for spawning children vivado processes
INFO: Helper process launched with PID 745410 
WARNING: [Synth 8-1082] state was previously declared with a range [/scratch1/iot/new/gc2025/hw/build/hw/verilog/mailbox_arbiter.v:78]
WARNING: [Synth 8-976] state has already been declared [/scratch1/iot/new/gc2025/hw/build/hw/verilog/mailbox_arbiter.v:78]
WARNING: [Synth 8-2654] second declaration of state ignored [/scratch1/iot/new/gc2025/hw/build/hw/verilog/mailbox_arbiter.v:78]
INFO: [Synth 8-994] state is declared here [/scratch1/iot/new/gc2025/hw/build/hw/verilog/mailbox_arbiter.v:76]
ERROR: [Synth 8-993] state_t is an unknown type [/scratch1/iot/new/gc2025/hw/build/hw/verilog/mailbox_arbiter.v:78]
INFO: [Synth 8-2350] module mailbox_arbiter ignored due to previous errors [/scratch1/iot/new/gc2025/hw/build/hw/verilog/mailbox_arbiter.v:1]
Failed to read verilog '/scratch1/iot/new/gc2025/hw/build/hw/verilog/mailbox_arbiter.v'
INFO: [Common 17-83] Releasing license: Synthesis
5 Infos, 3 Warnings, 0 Critical Warnings and 2 Errors encountered.
synth_design failed
ERROR: [Common 17-69] Command failed: Synthesis failed - please see the console or run log file for details
INFO: [Common 17-206] Exiting Vivado at Wed Apr 29 19:26:27 2026...
[Wed Apr 29 19:26:27 2026] core_synth_1 finished
wait_on_run: Time (s): cpu = 00:00:13 ; elapsed = 00:00:16 . Memory (MB): peak = 1429.367 ; gain = 0.000 ; free physical = 23296 ; free virtual = 46777
ERROR: [Common 17-69] Command failed: Run 'core_synth_1' failed. Unable to open
q
INFO: [Common 17-206] Exiting Vivado at Wed Apr 29 19:26:46 2026...
