#-----------------------------------------------------------
# Vivado v2024.2 (64-bit)
# SW Build 5239630 on Fri Nov 08 22:34:34 MST 2024
# IP Build 5239520 on Sun Nov 10 16:12:51 MST 2024
# SharedData Build 5239561 on Fri Nov 08 14:39:27 MST 2024
# Start of session at: Sat Apr  4 20:56:19 2026
# Process ID         : 106501
# Current directory  : /scratch1/iot/gc2025/hw
# Command line       : vivado fpga_project/c-class/c-class.xpr
# Log file           : /scratch1/iot/gc2025/hw/vivado.log
# Journal file       : /scratch1/iot/gc2025/hw/vivado.jou
# Running On         : jarvis
# Platform           : Ubuntu
# Operating System   : Ubuntu 24.04.4 LTS
# Processor Detail   : AMD Ryzen 7 2700X Eight-Core Processor
# CPU Frequency      : 2200.000 MHz
# CPU Physical cores : 8
# CPU Logical cores  : 16
# Host memory        : 67365 MB
# Swap memory        : 0 MB
# Total Virtual      : 67365 MB
# Available Virtual  : 57588 MB
#-----------------------------------------------------------
start_gui
open_project fpga_project/c-class/c-class.xpr
Scanning sources...
Finished scanning sources
INFO: [IP_Flow 19-234] Refreshing IP repositories
INFO: [IP_Flow 19-1704] No user IP repositories specified
INFO: [IP_Flow 19-2313] Loaded Vivado IP repository '/scratch1/Vignesh/Vivado_24/Vivado/2024.2/data/ip'.
open_project: Time (s): cpu = 00:00:15 ; elapsed = 00:00:06 . Memory (MB): peak = 7765.516 ; gain = 295.789 ; free physical = 39064 ; free virtual = 53871
update_compile_order -fileset sources_1
exit
INFO: [Common 17-206] Exiting Vivado at Sat Apr  4 20:58:07 2026...
