#-----------------------------------------------------------
# Vivado v2018.3 (64-bit)
# SW Build 2405991 on Thu Dec  6 23:36:41 MST 2018
# IP Build 2404404 on Fri Dec  7 01:43:56 MST 2018
# Start of session at: Thu Apr 30 16:56:14 2026
# Process ID: 1081281
# Current directory: /scratch1/iot/new/gc2025/GCSDK
# Command line: vivado ../hw/fpga_project/c-class/c-class.xpr
# Log file: /scratch1/iot/new/gc2025/GCSDK/vivado.log
# Journal file: /scratch1/iot/new/gc2025/GCSDK/vivado.jou
#-----------------------------------------------------------
start_gui
open_project ../hw/fpga_project/c-class/c-class.xpr
Scanning sources...
Finished scanning sources
INFO: [IP_Flow 19-234] Refreshing IP repositories
INFO: [IP_Flow 19-1704] No user IP repositories specified
INFO: [IP_Flow 19-2313] Loaded Vivado IP repository '/home/vignesh/tools/hw_tools/Vivado/Vivado/2018.3/data/ip'.
CRITICAL WARNING: [Common 17-1649] The Vivado message database '/scratch1/iot/new/gc2025/hw/fpga_project/c-class/c-class.runs/core_synth_1/vivado.pb' contains 25276 messages. Restoring all messages from this message database will impact Vivado performance, so only WARNING, CRITICAL WARNING, and ERROR messages will be restored. To restore all messages from this file use the tcl command 'set_param messaging.loadPbLimit 25277' and re-open the project.
open_project: Time (s): cpu = 00:00:18 ; elapsed = 00:00:08 . Memory (MB): peak = 6508.301 ; gain = 175.137 ; free physical = 19800 ; free virtual = 45419
update_compile_order -fileset sources_1
open_run core_impl_1
INFO: [Netlist 29-17] Analyzing 12964 Unisim elements for replacement
INFO: [Netlist 29-28] Unisim Transformation completed in 0 CPU seconds
INFO: [Project 1-479] Netlist was created with Vivado 2018.3
INFO: [Device 21-403] Loading part xc7k325tffg900-2
INFO: [Project 1-570] Preparing netlist for logic optimization
INFO: [Timing 38-478] Restoring timing data from binary archive.
INFO: [Timing 38-479] Binary timing data restore complete.
INFO: [Project 1-856] Restoring constraints from binary archive.
INFO: [Project 1-853] Binary constraint restore complete.
Reading XDEF placement.
Reading placer database...
Reading XDEF routing.
Read XDEF File: Time (s): cpu = 00:00:11 ; elapsed = 00:00:11 . Memory (MB): peak = 8281.219 ; gain = 237.016 ; free physical = 17797 ; free virtual = 43502
Restored from archive | CPU: 11.230000 secs | Memory: 225.436935 MB |
Finished XDEF File Restore: Time (s): cpu = 00:00:11 ; elapsed = 00:00:11 . Memory (MB): peak = 8281.219 ; gain = 237.016 ; free physical = 17797 ; free virtual = 43502
Netlist sorting complete. Time (s): cpu = 00:00:00.02 ; elapsed = 00:00:00.03 . Memory (MB): peak = 8286.219 ; gain = 0.000 ; free physical = 17865 ; free virtual = 43570
INFO: [Project 1-111] Unisim Transformation Summary:
  A total of 382 instances were transformed.
  IOBUF => IOBUF (IBUF, OBUFT): 45 instances
  IOBUFDS_DIFF_OUT_DCIEN => IOBUFDS_DIFF_OUT_DCIEN (IBUFDS_IBUFDISABLE_INT, IBUFDS_IBUFDISABLE_INT, INV, OBUFTDS_DCIEN, OBUFTDS_DCIEN): 4 instances
  IOBUF_DCIEN => IOBUF_DCIEN (IBUF_IBUFDISABLE, OBUFT_DCIEN): 32 instances
  LUT6_2 => LUT6_2 (LUT5, LUT6): 17 instances
  OBUFDS => OBUFDS_DUAL_BUF (INV, OBUFDS, OBUFDS): 1 instances
  RAM32M => RAM32M (RAMD32, RAMD32, RAMD32, RAMD32, RAMD32, RAMD32, RAMS32, RAMS32): 280 instances
  RAM64M => RAM64M (RAMD64E, RAMD64E, RAMD64E, RAMD64E): 2 instances
  SRLC32E => SRL16E: 1 instances

open_run: Time (s): cpu = 00:00:59 ; elapsed = 00:01:04 . Memory (MB): peak = 8396.711 ; gain = 1796.039 ; free physical = 17634 ; free virtual = 43339
open_report: Time (s): cpu = 00:00:35 ; elapsed = 00:00:07 . Memory (MB): peak = 8701.418 ; gain = 243.512 ; free physical = 17133 ; free virtual = 42838
CRITICAL WARNING: [Timing 38-282] The design failed to meet the timing requirements. Please see the timing summary report for details on the timing violations.
WARNING: [Timing 38-436] There are set_bus_skew constraint(s) in this design. Please run report_bus_skew to ensure that bus skew requirements are met.
report_utilization -name utilization_1
report_utilization: Time (s): cpu = 00:00:36 ; elapsed = 00:00:16 . Memory (MB): peak = 9019.395 ; gain = 179.656 ; free physical = 16722 ; free virtual = 42427
exit
INFO: [Common 17-206] Exiting Vivado at Fri May  1 16:47:18 2026...
