#-----------------------------------------------------------
# Vivado v2018.3 (64-bit)
# SW Build 2405991 on Thu Dec  6 23:36:41 MST 2018
# IP Build 2404404 on Fri Dec  7 01:43:56 MST 2018
# Start of session at: Mon May  4 12:05:19 2026
# Process ID: 2127362
# Current directory: /scratch1/iot/new/gc2025/GCSDK
# Command line: vivado
# Log file: /scratch1/iot/new/gc2025/GCSDK/vivado.log
# Journal file: /scratch1/iot/new/gc2025/GCSDK/vivado.jou
#-----------------------------------------------------------
start_gui
open_hw
INFO: [IP_Flow 19-234] Refreshing IP repositories
INFO: [IP_Flow 19-1704] No user IP repositories specified
INFO: [IP_Flow 19-2313] Loaded Vivado IP repository '/home/vignesh/tools/hw_tools/Vivado/Vivado/2018.3/data/ip'.
open_hw: Time (s): cpu = 00:00:13 ; elapsed = 00:00:06 . Memory (MB): peak = 6550.777 ; gain = 208.340 ; free physical = 20253 ; free virtual = 47491
connect_hw_server
INFO: [Labtools 27-2285] Connecting to hw_server url TCP:localhost:3121
INFO: [Labtools 27-2222] Launching hw_server...
INFO: [Labtools 27-2221] Launch Output:

****** Xilinx hw_server v2018.3
  **** Build date : Dec  6 2018-23:53:53
    ** Copyright 1986-2018 Xilinx, Inc. All Rights Reserved.


open_hw_target
INFO: [Labtoolstcl 44-466] Opening hw_target localhost:3121/xilinx_tcf/Digilent/200300BD516B
ERROR: [Labtools 27-2269] No devices detected on target localhost:3121/xilinx_tcf/Digilent/200300BD516B.
Check cable connectivity and that the target board is powered up then
use the disconnect_hw_server and connect_hw_server to re-register this hardware target.
ERROR: [Common 17-39] 'open_hw_target' failed due to earlier errors.
ERROR: [Labtoolstcl 44-513] HW Target shutdown. Closing target: localhost:3121/xilinx_tcf/Digilent/200300BD516B
open_hw_target {localhost:3121/xilinx_tcf/Digilent/200300BD516BB}
INFO: [Labtoolstcl 44-466] Opening hw_target localhost:3121/xilinx_tcf/Digilent/200300BD516BB
current_hw_device [get_hw_devices xc7k325t_0]
refresh_hw_device -update_hw_probes false [lindex [get_hw_devices xc7k325t_0] 0]
INFO: [Labtools 27-1435] Device xc7k325t (JTAG device index = 0) is not programmed (DONE status = 0).
create_hw_cfgmem -hw_device [lindex [get_hw_devices xc7k325t_0] 0] [lindex [get_cfgmem_parts {s25fl256sxxxxxx0-spi-x1_x2_x4}] 0]
set_property PROGRAM.BLANK_CHECK  0 [ get_property PROGRAM.HW_CFGMEM [lindex [get_hw_devices xc7k325t_0] 0]]
set_property PROGRAM.ERASE  1 [ get_property PROGRAM.HW_CFGMEM [lindex [get_hw_devices xc7k325t_0] 0]]
set_property PROGRAM.CFG_PROGRAM  1 [ get_property PROGRAM.HW_CFGMEM [lindex [get_hw_devices xc7k325t_0] 0]]
set_property PROGRAM.VERIFY  1 [ get_property PROGRAM.HW_CFGMEM [lindex [get_hw_devices xc7k325t_0] 0]]
set_property PROGRAM.CHECKSUM  0 [ get_property PROGRAM.HW_CFGMEM [lindex [get_hw_devices xc7k325t_0] 0]]
refresh_hw_device [lindex [get_hw_devices xc7k325t_0] 0]
INFO: [Labtools 27-1435] Device xc7k325t (JTAG device index = 0) is not programmed (DONE status = 0).
set_property PROGRAM.ADDRESS_RANGE  {entire_device} [ get_property PROGRAM.HW_CFGMEM [lindex [get_hw_devices xc7k325t_0] 0]]
set_property PROGRAM.FILES [list "/scratch1/iot/new/gc2025/hw/fpga_project/c-class/fpga_top.mcs" ] [ get_property PROGRAM.HW_CFGMEM [lindex [get_hw_devices xc7k325t_0] 0]]
set_property PROGRAM.UNUSED_PIN_TERMINATION {pull-none} [ get_property PROGRAM.HW_CFGMEM [lindex [get_hw_devices xc7k325t_0] 0]]
set_property PROGRAM.BLANK_CHECK  0 [ get_property PROGRAM.HW_CFGMEM [lindex [get_hw_devices xc7k325t_0] 0]]
set_property PROGRAM.ERASE  1 [ get_property PROGRAM.HW_CFGMEM [lindex [get_hw_devices xc7k325t_0] 0]]
set_property PROGRAM.CFG_PROGRAM  1 [ get_property PROGRAM.HW_CFGMEM [lindex [get_hw_devices xc7k325t_0] 0]]
set_property PROGRAM.VERIFY  1 [ get_property PROGRAM.HW_CFGMEM [lindex [get_hw_devices xc7k325t_0] 0]]
set_property PROGRAM.CHECKSUM  0 [ get_property PROGRAM.HW_CFGMEM [lindex [get_hw_devices xc7k325t_0] 0]]
set_property PROGRAM.ADDRESS_RANGE  {entire_device} [ get_property PROGRAM.HW_CFGMEM [lindex [get_hw_devices xc7k325t_0] 0]]
set_property PROGRAM.FILES [list "/scratch1/iot/new/gc2025/hw/fpga_project/c-class/fpga_top.mcs" ] [ get_property PROGRAM.HW_CFGMEM [lindex [get_hw_devices xc7k325t_0] 0]]
set_property PROGRAM.PRM_FILE {} [ get_property PROGRAM.HW_CFGMEM [lindex [get_hw_devices xc7k325t_0] 0]]
set_property PROGRAM.UNUSED_PIN_TERMINATION {pull-none} [ get_property PROGRAM.HW_CFGMEM [lindex [get_hw_devices xc7k325t_0] 0]]
set_property PROGRAM.BLANK_CHECK  0 [ get_property PROGRAM.HW_CFGMEM [lindex [get_hw_devices xc7k325t_0] 0]]
set_property PROGRAM.ERASE  1 [ get_property PROGRAM.HW_CFGMEM [lindex [get_hw_devices xc7k325t_0] 0]]
set_property PROGRAM.CFG_PROGRAM  1 [ get_property PROGRAM.HW_CFGMEM [lindex [get_hw_devices xc7k325t_0] 0]]
set_property PROGRAM.VERIFY  1 [ get_property PROGRAM.HW_CFGMEM [lindex [get_hw_devices xc7k325t_0] 0]]
set_property PROGRAM.CHECKSUM  0 [ get_property PROGRAM.HW_CFGMEM [lindex [get_hw_devices xc7k325t_0] 0]]
startgroup 
create_hw_bitstream -hw_device [lindex [get_hw_devices xc7k325t_0] 0] [get_property PROGRAM.HW_CFGMEM_BITFILE [ lindex [get_hw_devices xc7k325t_0] 0]]; program_hw_devices [lindex [get_hw_devices xc7k325t_0] 0]; refresh_hw_device [lindex [get_hw_devices xc7k325t_0] 0];
INFO: [Labtools 27-3164] End of startup status: HIGH
INFO: [Labtools 27-2302] Device xc7k325t (JTAG device index = 0) is programmed with a design that has 1 SPI core(s).
program_hw_cfgmem -hw_cfgmem [ get_property PROGRAM.HW_CFGMEM [lindex [get_hw_devices xc7k325t_0] 0]]
INFO: [Xicom 50-104] The verify operation will only be performed on the address range specified by the Memory Configuration File (MCS).
Mfg ID : 1   Memory Type : 2   Memory Capacity : 19   Device ID 1 : 0   Device ID 2 : 0
Performing Erase Operation...
Erase Operation successful.
Performing Program and Verify Operations...
Program/Verify Operation successful.
INFO: [Labtoolstcl 44-377] Flash programming completed successfully
program_hw_cfgmem: Time (s): cpu = 00:00:06 ; elapsed = 00:04:37 . Memory (MB): peak = 7390.922 ; gain = 60.039 ; free physical = 19457 ; free virtual = 46697
endgroup
close_hw
****** Webtalk v2018.3 (64-bit)
  **** SW Build 2405991 on Thu Dec  6 23:36:41 MST 2018
  **** IP Build 2404404 on Fri Dec  7 01:43:56 MST 2018
    ** Copyright 1986-2018 Xilinx, Inc. All Rights Reserved.

source /scratch1/iot/new/gc2025/GCSDK/.Xil/Vivado-2127362-jarvis/webtalk/labtool_webtalk.tcl -notrace
INFO: [Common 17-206] Exiting Webtalk at Mon May  4 12:12:41 2026...
exit
INFO: [Common 17-206] Exiting Vivado at Mon May  4 12:12:45 2026...
