#-----------------------------------------------------------
# Vivado v2018.3 (64-bit)
# SW Build 2405991 on Thu Dec  6 23:36:41 MST 2018
# IP Build 2404404 on Fri Dec  7 01:43:56 MST 2018
# Start of session at: Fri May  1 21:40:59 2026
# Process ID: 1497908
# Current directory: /scratch1/iot/new/gc2025/GCSDK
# Command line: vivado
# Log file: /scratch1/iot/new/gc2025/GCSDK/vivado.log
# Journal file: /scratch1/iot/new/gc2025/GCSDK/vivado.jou
#-----------------------------------------------------------
start_gui
open_hw
INFO: [IP_Flow 19-234] Refreshing IP repositories
INFO: [IP_Flow 19-1704] No user IP repositories specified
INFO: [IP_Flow 19-2313] Loaded Vivado IP repository '/home/vignesh/tools/hw_tools/Vivado/Vivado/2018.3/data/ip'.
open_hw: Time (s): cpu = 00:00:13 ; elapsed = 00:00:06 . Memory (MB): peak = 6516.418 ; gain = 155.129 ; free physical = 17480 ; free virtual = 43897
connect_hw_server
INFO: [Labtools 27-2285] Connecting to hw_server url TCP:localhost:3121
INFO: [Labtools 27-2222] Launching hw_server...
INFO: [Labtools 27-2221] Launch Output:

****** Xilinx hw_server v2018.3
  **** Build date : Dec  6 2018-23:53:53
    ** Copyright 1986-2018 Xilinx, Inc. All Rights Reserved.


close_hw
****** Webtalk v2018.3 (64-bit)
  **** SW Build 2405991 on Thu Dec  6 23:36:41 MST 2018
  **** IP Build 2404404 on Fri Dec  7 01:43:56 MST 2018
    ** Copyright 1986-2018 Xilinx, Inc. All Rights Reserved.

source /scratch1/iot/new/gc2025/GCSDK/.Xil/Vivado-1497908-jarvis/webtalk/labtool_webtalk.tcl -notrace
INFO: [Common 17-206] Exiting Webtalk at Fri May  1 21:41:38 2026...
open_project /scratch1/iot/mob_net/gc2025/hw/fpga_project/c-class/c-class.xpr
Scanning sources...
Finished scanning sources
INFO: [IP_Flow 19-234] Refreshing IP repositories
INFO: [IP_Flow 19-1704] No user IP repositories specified
INFO: [IP_Flow 19-2313] Loaded Vivado IP repository '/home/vignesh/tools/hw_tools/Vivado/Vivado/2018.3/data/ip'.
update_compile_order -fileset sources_1
open_run core_impl_1
INFO: [Netlist 29-17] Analyzing 5217 Unisim elements for replacement
INFO: [Netlist 29-28] Unisim Transformation completed in 0 CPU seconds
INFO: [Project 1-479] Netlist was created with Vivado 2018.3
INFO: [Device 21-403] Loading part xc7a200tsbg484-1
INFO: [Project 1-570] Preparing netlist for logic optimization
INFO: [Timing 38-478] Restoring timing data from binary archive.
INFO: [Timing 38-479] Binary timing data restore complete.
INFO: [Project 1-856] Restoring constraints from binary archive.
INFO: [Project 1-853] Binary constraint restore complete.
Reading XDEF placement.
Reading placer database...
Reading XDEF routing.
Read XDEF File: Time (s): cpu = 00:00:07 ; elapsed = 00:00:07 . Memory (MB): peak = 7893.992 ; gain = 127.633 ; free physical = 16142 ; free virtual = 42565
Restored from archive | CPU: 7.150000 secs | Memory: 129.593826 MB |
Finished XDEF File Restore: Time (s): cpu = 00:00:07 ; elapsed = 00:00:07 . Memory (MB): peak = 7893.992 ; gain = 127.633 ; free physical = 16142 ; free virtual = 42565
Netlist sorting complete. Time (s): cpu = 00:00:00.01 ; elapsed = 00:00:00.02 . Memory (MB): peak = 7893.992 ; gain = 0.000 ; free physical = 16163 ; free virtual = 42586
INFO: [Project 1-111] Unisim Transformation Summary:
  A total of 345 instances were transformed.
  IOBUF => IOBUF (IBUF, OBUFT): 40 instances
  IOBUFDS_DIFF_OUT_INTERMDISABLE => IOBUFDS_DIFF_OUT_INTERMDISABLE (IBUFDS_INTERMDISABLE_INT, IBUFDS_INTERMDISABLE_INT, INV, OBUFTDS, OBUFTDS): 2 instances
  IOBUF_INTERMDISABLE => IOBUF_INTERMDISABLE (IBUF_INTERMDISABLE, OBUFT): 16 instances
  LUT6_2 => LUT6_2 (LUT5, LUT6): 15 instances
  OBUFDS => OBUFDS_DUAL_BUF (INV, OBUFDS, OBUFDS): 1 instances
  RAM128X1D => RAM128X1D (RAMD64E, RAMD64E, MUXF7, MUXF7, RAMD64E, RAMD64E): 8 instances
  RAM16X1D => RAM32X1D (RAMD32, RAMD32): 8 instances
  RAM32M => RAM32M (RAMD32, RAMD32, RAMD32, RAMD32, RAMD32, RAMD32, RAMS32, RAMS32): 254 instances
  SRLC32E => SRL16E: 1 instances

open_run: Time (s): cpu = 00:00:43 ; elapsed = 00:00:42 . Memory (MB): peak = 8064.984 ; gain = 1424.414 ; free physical = 15905 ; free virtual = 42328
open_report: Time (s): cpu = 00:00:25 ; elapsed = 00:00:06 . Memory (MB): peak = 8336.613 ; gain = 178.852 ; free physical = 15649 ; free virtual = 42072
CRITICAL WARNING: [Timing 38-282] The design failed to meet the timing requirements. Please see the timing summary report for details on the timing violations.
WARNING: [Timing 38-436] There are set_bus_skew constraint(s) in this design. Please run report_bus_skew to ensure that bus skew requirements are met.
report_utilization -name utilization_1
report_utilization: Time (s): cpu = 00:00:21 ; elapsed = 00:00:10 . Memory (MB): peak = 8389.691 ; gain = 53.078 ; free physical = 15345 ; free virtual = 41768
exit
INFO: [Common 17-206] Exiting Vivado at Mon May  4 11:49:32 2026...
