INFO-FLOW: Workspace /scratch1/iot/cnn_accel/solution2 opened at Wed Apr 29 12:32:00 IST 2026
Execute       send_msg_by_id INFO @200-1505@%s%s default  vivado 
INFO: [HLS 200-1505] Using default flow_target 'vivado'
Execute     set_part xc7k325tffg900-2 
INFO: [HLS 200-1510] Running: set_part xc7k325tffg900-2 
Execute       create_platform xc7k325tffg900-2 -board  
DBG:HLSDevice: Trying to load device library: /scratch1/Vignesh/Vivado_24/Vitis/2024.2/lib/lnx64.o/libxv_hlsvwrap.so
DBG:HLSDevice: first parts/arch.xml in RDI_DATADIR: /scratch1/Vignesh/Vivado_24/Vivado/2024.2/data/parts/arch.xml
DBG:HLSDevice: init success
ERROR: [HLS 200-1023] Part 'xc7k325tffg900-2' is not installed.
Command       create_platform done; error code: 1; 1.23 sec.
INFO-FLOW: Caught error in set_part: command 'create_platform' returned error code
    while executing
"create_platform $value -board $board"
    (procedure "ap_internal_set_part" line 27)
    invoked from within
"ap_internal_set_part "
Command     set_part done; error code: 2; 1.23 sec.
Command   ap_source done; error code: 1; 1.28 sec.
Execute   cleanup_all 
INFO-FLOW: Workspace /scratch1/iot/cnn_accel/solution2 opened at Wed Apr 29 12:47:59 IST 2026
Execute       send_msg_by_id INFO @200-1505@%s%s  vivado 
INFO: [HLS 200-1505] Using flow_target 'vivado'
Execute     set_part xc7k325tffg900-2 
INFO: [HLS 200-1510] Running: set_part xc7k325tffg900-2 
Execute       create_platform xc7k325tffg900-2 -board  
DBG:HLSDevice: Trying to load device library: /scratch1/Vignesh/Vivado_24/Vitis/2024.2/lib/lnx64.o/libxv_hlsvwrap.so
DBG:HLSDevice: first parts/arch.xml in RDI_DATADIR: /scratch1/Vignesh/Vivado_24/Vivado/2024.2/data/parts/arch.xml
DBG:HLSDevice: init success
ERROR: [HLS 200-1023] Part 'xc7k325tffg900-2' is not installed.
Command       create_platform done; error code: 1; 1.27 sec.
INFO-FLOW: Caught error in set_part: command 'create_platform' returned error code
    while executing
"create_platform $value -board $board"
    (procedure "ap_internal_set_part" line 27)
    invoked from within
"ap_internal_set_part "
Command     set_part done; error code: 2; 1.27 sec.
Command   ap_source done; error code: 1; 1.33 sec.
Execute   cleanup_all 
INFO-FLOW: Workspace /scratch1/iot/cnn_accel/solution2 opened at Wed Apr 29 12:53:10 IST 2026
Execute       send_msg_by_id INFO @200-1505@%s%s  vivado 
INFO: [HLS 200-1505] Using flow_target 'vivado'
Execute     set_part xc7k325tffg900-2 
INFO: [HLS 200-1510] Running: set_part xc7k325tffg900-2 
Execute       create_platform xc7k325tffg900-2 -board  
DBG:HLSDevice: Trying to load device library: /scratch1/Vignesh/Vivado_24/Vitis/2024.2/lib/lnx64.o/libxv_hlsvwrap.so
DBG:HLSDevice: first parts/arch.xml in RDI_DATADIR: /scratch1/Vignesh/Vivado_24/Vivado/2024.2/data/parts/arch.xml
DBG:HLSDevice: init success
ERROR: [HLS 200-1023] Part 'xc7k325tffg900-2' is not installed.
Command       create_platform done; error code: 1; 1.25 sec.
INFO-FLOW: Caught error in set_part: command 'create_platform' returned error code
    while executing
"create_platform $value -board $board"
    (procedure "ap_internal_set_part" line 27)
    invoked from within
"ap_internal_set_part "
Command     set_part done; error code: 2; 1.26 sec.
Command   ap_source done; error code: 1; 1.31 sec.
Execute   cleanup_all 
