Copyright 1986-2018 Xilinx, Inc. All Rights Reserved.
----------------------------------------------------------------------------------------------------------------------------------------------
| Tool Version     : Vivado v.2018.3 (lin64) Build 2405991 Thu Dec  6 23:36:41 MST 2018
| Date             : Tue Apr 21 12:51:11 2026
| Host             : jarvis running 64-bit Ubuntu 24.04.4 LTS
| Command          : report_power -file fpga_top_power_routed.rpt -pb fpga_top_power_summary_routed.pb -rpx fpga_top_power_routed.rpx
| Design           : fpga_top
| Device           : xc7a200tsbg484-1
| Design State     : routed
| Grade            : commercial
| Process          : typical
| Characterization : Production
----------------------------------------------------------------------------------------------------------------------------------------------

Power Report

Table of Contents
-----------------
1. Summary
1.1 On-Chip Components
1.2 Power Supply Summary
1.3 Confidence Level
2. Settings
2.1 Environment
2.2 Clock Constraints
3. Detailed Reports
3.1 By Hierarchy

1. Summary
----------

+--------------------------+--------------+
| Total On-Chip Power (W)  | 1.108        |
| Design Power Budget (W)  | Unspecified* |
| Power Budget Margin (W)  | NA           |
| Dynamic (W)              | 0.939        |
| Device Static (W)        | 0.169        |
| Effective TJA (C/W)      | 3.3          |
| Max Ambient (C)          | 81.3         |
| Junction Temperature (C) | 28.7         |
| Confidence Level         | Low          |
| Setting File             | ---          |
| Simulation Activity File | ---          |
| Design Nets Matched      | NA           |
+--------------------------+--------------+
* Specify Design Power Budget using, set_operating_conditions -design_power_budget <value in Watts>


1.1 On-Chip Components
----------------------

+--------------------------+-----------+----------+-----------+-----------------+
| On-Chip                  | Power (W) | Used     | Available | Utilization (%) |
+--------------------------+-----------+----------+-----------+-----------------+
| Clocks                   |     0.116 |       25 |       --- |             --- |
| Slice Logic              |     0.035 |   149246 |       --- |             --- |
|   LUT as Logic           |     0.032 |    71895 |    133800 |           53.73 |
|   Register               |     0.002 |    59638 |    267600 |           22.29 |
|   LUT as Distributed RAM |    <0.001 |     1056 |     46200 |            2.29 |
|   CARRY4                 |    <0.001 |     1755 |     33450 |            5.25 |
|   F7/F8 Muxes            |    <0.001 |     3295 |    133800 |            2.46 |
|   BUFG                   |    <0.001 |        1 |        32 |            3.13 |
|   LUT as Shift Register  |    <0.001 |      224 |     46200 |            0.48 |
|   Others                 |    <0.001 |     1580 |       --- |             --- |
| Signals                  |     0.047 |   112834 |       --- |             --- |
| Block RAM                |     0.009 |       83 |       365 |           22.74 |
| MMCM                     |     0.202 |        2 |        10 |           20.00 |
| PLL                      |     0.091 |        1 |        10 |           10.00 |
| DSPs                     |     0.001 |        4 |       740 |            0.54 |
| I/O                      |     0.300 |      100 |       285 |           35.09 |
| PHASER                   |     0.134 |       14 |       --- |             --- |
| XADC                     |     0.004 |        1 |       --- |             --- |
| Static Power             |     0.169 |          |           |                 |
| Total                    |     1.108 |          |           |                 |
+--------------------------+-----------+----------+-----------+-----------------+


1.2 Power Supply Summary
------------------------

+-----------+-------------+-----------+-------------+------------+
| Source    | Voltage (V) | Total (A) | Dynamic (A) | Static (A) |
+-----------+-------------+-----------+-------------+------------+
| Vccint    |       1.000 |     0.288 |       0.250 |      0.038 |
| Vccaux    |       1.800 |     0.306 |       0.275 |      0.031 |
| Vcco33    |       3.300 |     0.006 |       0.001 |      0.005 |
| Vcco25    |       2.500 |     0.005 |       0.000 |      0.005 |
| Vcco18    |       1.800 |     0.000 |       0.000 |      0.000 |
| Vcco15    |       1.500 |     0.131 |       0.126 |      0.005 |
| Vcco135   |       1.350 |     0.000 |       0.000 |      0.000 |
| Vcco12    |       1.200 |     0.000 |       0.000 |      0.000 |
| Vccaux_io |       1.800 |     0.000 |       0.000 |      0.000 |
| Vccbram   |       1.000 |     0.004 |       0.001 |      0.003 |
| MGTAVcc   |       1.000 |     0.000 |       0.000 |      0.000 |
| MGTAVtt   |       1.200 |     0.000 |       0.000 |      0.000 |
| Vccadc    |       1.800 |     0.022 |       0.002 |      0.020 |
+-----------+-------------+-----------+-------------+------------+


1.3 Confidence Level
--------------------

+-----------------------------+------------+--------------------------------------------------------+------------------------------------------------------------------------------------------------------------+
| User Input Data             | Confidence | Details                                                | Action                                                                                                     |
+-----------------------------+------------+--------------------------------------------------------+------------------------------------------------------------------------------------------------------------+
| Design implementation state | High       | Design is routed                                       |                                                                                                            |
| Clock nodes activity        | High       | User specified more than 95% of clocks                 |                                                                                                            |
| I/O nodes activity          | Low        | More than 75% of inputs are missing user specification | Provide missing input activity with simulation results or by editing the "By Resource Type -> I/Os" view   |
| Internal nodes activity     | Medium     | User specified less than 25% of internal nodes         | Provide missing internal nodes activity with simulation results or by editing the "By Resource Type" views |
| Device models               | High       | Device models are Production                           |                                                                                                            |
|                             |            |                                                        |                                                                                                            |
| Overall confidence level    | Low        |                                                        |                                                                                                            |
+-----------------------------+------------+--------------------------------------------------------+------------------------------------------------------------------------------------------------------------+


2. Settings
-----------

2.1 Environment
---------------

+-----------------------+--------------------------+
| Ambient Temp (C)      | 25.0                     |
| ThetaJA (C/W)         | 3.3                      |
| Airflow (LFM)         | 250                      |
| Heat Sink             | medium (Medium Profile)  |
| ThetaSA (C/W)         | 4.6                      |
| Board Selection       | medium (10"x10")         |
| # of Board Layers     | 12to15 (12 to 15 Layers) |
| Board Temperature (C) | 25.0                     |
+-----------------------+--------------------------+


2.2 Clock Constraints
---------------------

+-----------------------------------------------------------------------------------------------------------------------------------------------------------+--------------------------------------------------------------------------------------------------------------------------------------------------------------------------------------------+-----------------+
| Clock                                                                                                                                                     | Domain                                                                                                                                                                                     | Constraint (ns) |
+-----------------------------------------------------------------------------------------------------------------------------------------------------------+--------------------------------------------------------------------------------------------------------------------------------------------------------------------------------------------+-----------------+
| clk_out1_clk_divider                                                                                                                                      | clk_div/inst/clk_out1_clk_divider                                                                                                                                                          |            25.0 |
| clk_out2_clk_divider                                                                                                                                      | clk_div/inst/clk_out2_clk_divider                                                                                                                                                          |            10.0 |
| clk_out3_clk_divider                                                                                                                                      | clk_div/inst/clk_out3_clk_divider                                                                                                                                                          |             5.0 |
| clk_pll_i                                                                                                                                                 | mig_ddr3/u_mig_ddr3_mig/u_ddr3_infrastructure/clk_pll_i                                                                                                                                    |            10.0 |
| clkfbout_clk_divider                                                                                                                                      | clk_div/inst/clkfbout_clk_divider                                                                                                                                                          |            10.0 |
| freq_refclk                                                                                                                                               | mig_ddr3/u_mig_ddr3_mig/u_ddr3_infrastructure/freq_refclk                                                                                                                                  |             1.2 |
| iserdes_clkdiv                                                                                                                                            | mig_ddr3/u_mig_ddr3_mig/u_memc_ui_top_axi/mem_intfc0/ddr_phy_top0/u_ddr_mc_phy_wrapper/u_ddr_mc_phy/ddr_phy_4lanes_0.u_ddr_phy_4lanes/ddr_byte_lane_C.ddr_byte_lane_C/iserdes_clkdiv       |            10.0 |
| iserdes_clkdiv_1                                                                                                                                          | mig_ddr3/u_mig_ddr3_mig/u_memc_ui_top_axi/mem_intfc0/ddr_phy_top0/u_ddr_mc_phy_wrapper/u_ddr_mc_phy/ddr_phy_4lanes_0.u_ddr_phy_4lanes/ddr_byte_lane_D.ddr_byte_lane_D/iserdes_clkdiv       |            10.0 |
| mem_refclk                                                                                                                                                | mig_ddr3/u_mig_ddr3_mig/u_ddr3_infrastructure/mem_refclk                                                                                                                                   |             2.5 |
| oserdes_clk                                                                                                                                               | mig_ddr3/u_mig_ddr3_mig/u_memc_ui_top_axi/mem_intfc0/ddr_phy_top0/u_ddr_mc_phy_wrapper/u_ddr_mc_phy/ddr_phy_4lanes_0.u_ddr_phy_4lanes/ddr_byte_lane_A.ddr_byte_lane_A/oserdes_clk          |             2.5 |
| oserdes_clk_1                                                                                                                                             | mig_ddr3/u_mig_ddr3_mig/u_memc_ui_top_axi/mem_intfc0/ddr_phy_top0/u_ddr_mc_phy_wrapper/u_ddr_mc_phy/ddr_phy_4lanes_0.u_ddr_phy_4lanes/ddr_byte_lane_B.ddr_byte_lane_B/oserdes_clk          |             2.5 |
| oserdes_clk_2                                                                                                                                             | mig_ddr3/u_mig_ddr3_mig/u_memc_ui_top_axi/mem_intfc0/ddr_phy_top0/u_ddr_mc_phy_wrapper/u_ddr_mc_phy/ddr_phy_4lanes_0.u_ddr_phy_4lanes/ddr_byte_lane_C.ddr_byte_lane_C/oserdes_clk          |             2.5 |
| oserdes_clk_3                                                                                                                                             | mig_ddr3/u_mig_ddr3_mig/u_memc_ui_top_axi/mem_intfc0/ddr_phy_top0/u_ddr_mc_phy_wrapper/u_ddr_mc_phy/ddr_phy_4lanes_0.u_ddr_phy_4lanes/ddr_byte_lane_D.ddr_byte_lane_D/oserdes_clk          |             2.5 |
| oserdes_clkdiv                                                                                                                                            | mig_ddr3/u_mig_ddr3_mig/u_memc_ui_top_axi/mem_intfc0/ddr_phy_top0/u_ddr_mc_phy_wrapper/u_ddr_mc_phy/ddr_phy_4lanes_0.u_ddr_phy_4lanes/ddr_byte_lane_A.ddr_byte_lane_A/oserdes_clkdiv       |            10.0 |
| oserdes_clkdiv_1                                                                                                                                          | mig_ddr3/u_mig_ddr3_mig/u_memc_ui_top_axi/mem_intfc0/ddr_phy_top0/u_ddr_mc_phy_wrapper/u_ddr_mc_phy/ddr_phy_4lanes_0.u_ddr_phy_4lanes/ddr_byte_lane_B.ddr_byte_lane_B/oserdes_clkdiv       |            10.0 |
| oserdes_clkdiv_2                                                                                                                                          | mig_ddr3/u_mig_ddr3_mig/u_memc_ui_top_axi/mem_intfc0/ddr_phy_top0/u_ddr_mc_phy_wrapper/u_ddr_mc_phy/ddr_phy_4lanes_0.u_ddr_phy_4lanes/ddr_byte_lane_C.ddr_byte_lane_C/oserdes_clkdiv       |             5.0 |
| oserdes_clkdiv_3                                                                                                                                          | mig_ddr3/u_mig_ddr3_mig/u_memc_ui_top_axi/mem_intfc0/ddr_phy_top0/u_ddr_mc_phy_wrapper/u_ddr_mc_phy/ddr_phy_4lanes_0.u_ddr_phy_4lanes/ddr_byte_lane_D.ddr_byte_lane_D/oserdes_clkdiv       |             5.0 |
| pll_clk3_out                                                                                                                                              | mig_ddr3/u_mig_ddr3_mig/u_ddr3_infrastructure/pll_clk3_out                                                                                                                                 |            10.0 |
| pll_clkfbout                                                                                                                                              | mig_ddr3/u_mig_ddr3_mig/u_ddr3_infrastructure/pll_clkfbout                                                                                                                                 |            10.0 |
| sync_pulse                                                                                                                                                | mig_ddr3/u_mig_ddr3_mig/u_ddr3_infrastructure/sync_pulse                                                                                                                                   |            40.0 |
| sys_clk                                                                                                                                                   | sys_clk                                                                                                                                                                                    |            10.0 |
| u_memc_ui_top_axi/mem_intfc0/ddr_phy_top0/u_ddr_mc_phy_wrapper/u_ddr_mc_phy/ddr_phy_4lanes_0.u_ddr_phy_4lanes/ddr_byte_lane_C.ddr_byte_lane_C/iserdes_clk | mig_ddr3/u_mig_ddr3_mig/u_memc_ui_top_axi/mem_intfc0/ddr_phy_top0/u_ddr_mc_phy_wrapper/u_ddr_mc_phy/ddr_phy_4lanes_0.u_ddr_phy_4lanes/ddr_byte_lane_C.ddr_byte_lane_C/A_rst_primitives_reg |             2.5 |
| u_memc_ui_top_axi/mem_intfc0/ddr_phy_top0/u_ddr_mc_phy_wrapper/u_ddr_mc_phy/ddr_phy_4lanes_0.u_ddr_phy_4lanes/ddr_byte_lane_D.ddr_byte_lane_D/iserdes_clk | mig_ddr3/u_mig_ddr3_mig/u_memc_ui_top_axi/mem_intfc0/ddr_phy_top0/u_ddr_mc_phy_wrapper/u_ddr_mc_phy/ddr_phy_4lanes_0.u_ddr_phy_4lanes/ddr_byte_lane_D.ddr_byte_lane_D/A_rst_primitives_reg |             2.5 |
+-----------------------------------------------------------------------------------------------------------------------------------------------------------+--------------------------------------------------------------------------------------------------------------------------------------------------------------------------------------------+-----------------+


3. Detailed Reports
-------------------

3.1 By Hierarchy
----------------

+---------------------------------------------------+-----------+
| Name                                              | Power (W) |
+---------------------------------------------------+-----------+
| fpga_top                                          |     0.939 |
|   clk_div                                         |     0.108 |
|     inst                                          |     0.108 |
|   clock_converter                                 |     0.005 |
|     inst                                          |     0.005 |
|       gen_clock_conv.gen_async_conv.asyncfifo_axi |     0.005 |
|   core                                            |     0.129 |
|     debug_module                                  |     0.004 |
|     jtag_tap                                      |     0.003 |
|     ndm_reset                                     |     0.002 |
|     soc                                           |     0.119 |
|       ccore                                       |     0.052 |
|       dma                                         |     0.007 |
|       mixed_cluster                               |     0.015 |
|       pwm_cluster                                 |     0.011 |
|       spi_cluster                                 |     0.013 |
|       uart_cluster                                |     0.009 |
|     sync_request_to_dm                            |     0.002 |
|   mig_ddr3                                        |     0.691 |
|     u_mig_ddr3_mig                                |     0.691 |
|       temp_mon_enabled.u_tempmon                  |     0.008 |
|       u_ddr3_infrastructure                       |     0.187 |
|       u_iodelay_ctrl                              |     0.001 |
|       u_memc_ui_top_axi                           |     0.494 |
|   wrapper_inst                                    |     0.003 |
+---------------------------------------------------+-----------+


