Copyright 1986-2018 Xilinx, Inc. All Rights Reserved.
--------------------------------------------------------------------------------------
| Tool Version : Vivado v.2018.3 (lin64) Build 2405991 Thu Dec  6 23:36:41 MST 2018
| Date         : Thu Apr 30 15:09:58 2026
| Host         : jarvis running 64-bit Ubuntu 24.04.4 LTS
| Command      : report_clock_utilization -file fpga_top_clock_utilization_routed.rpt
| Design       : fpga_top
| Device       : 7k325t-ffg900
| Speed File   : -2  PRODUCTION 1.12 2017-02-17
--------------------------------------------------------------------------------------

Clock Utilization Report

Table of Contents
-----------------
1. Clock Primitive Utilization
2. Global Clock Resources
3. Global Clock Source Details
4. Local Clock Details
5. Clock Regions: Key Resource Utilization
6. Clock Regions : Global Clock Summary
7. Device Cell Placement Summary for Global Clock g0
8. Device Cell Placement Summary for Global Clock g1
9. Device Cell Placement Summary for Global Clock g2
10. Device Cell Placement Summary for Global Clock g3
11. Device Cell Placement Summary for Global Clock g4
12. Device Cell Placement Summary for Global Clock g5
13. Device Cell Placement Summary for Global Clock g6
14. Device Cell Placement Summary for Global Clock g7
15. Device Cell Placement Summary for Global Clock g8
16. Device Cell Placement Summary for Global Clock g9
17. Device Cell Placement Summary for Global Clock g10
18. Device Cell Placement Summary for Global Clock g11
19. Device Cell Placement Summary for Global Clock g12
20. Device Cell Placement Summary for Global Clock g13
21. Device Cell Placement Summary for Global Clock g14
22. Device Cell Placement Summary for Global Clock g15
23. Device Cell Placement Summary for Global Clock g16
24. Clock Region Cell Placement per Global Clock: Region X0Y0
25. Clock Region Cell Placement per Global Clock: Region X1Y0
26. Clock Region Cell Placement per Global Clock: Region X0Y1
27. Clock Region Cell Placement per Global Clock: Region X1Y1
28. Clock Region Cell Placement per Global Clock: Region X0Y2
29. Clock Region Cell Placement per Global Clock: Region X1Y2
30. Clock Region Cell Placement per Global Clock: Region X0Y3
31. Clock Region Cell Placement per Global Clock: Region X1Y3
32. Clock Region Cell Placement per Global Clock: Region X0Y4
33. Clock Region Cell Placement per Global Clock: Region X1Y4
34. Clock Region Cell Placement per Global Clock: Region X0Y5
35. Clock Region Cell Placement per Global Clock: Region X1Y5
36. Clock Region Cell Placement per Global Clock: Region X0Y6
37. Clock Region Cell Placement per Global Clock: Region X1Y6

1. Clock Primitive Utilization
------------------------------

+----------+------+-----------+-----+--------------+--------+
| Type     | Used | Available | LOC | Clock Region | Pblock |
+----------+------+-----------+-----+--------------+--------+
| BUFGCTRL |   16 |        32 |   0 |            0 |      0 |
| BUFH     |    1 |       168 |   0 |            0 |      0 |
| BUFIO    |    0 |        40 |   0 |            0 |      0 |
| BUFMR    |    0 |        20 |   0 |            0 |      0 |
| BUFR     |    0 |        40 |   0 |            0 |      0 |
| MMCM     |    2 |        10 |   1 |            0 |      0 |
| PLL      |    1 |        10 |   1 |            0 |      0 |
+----------+------+-----------+-----+--------------+--------+


2. Global Clock Resources
-------------------------

+-----------+-----------+-----------------+------------+----------------+--------------+-------------------+-------------+-----------------+--------------+----------------------+-----------------------------------------------------------------------------+-----------------------------------------------------------------------+
| Global Id | Source Id | Driver Type/Pin | Constraint | Site           | Clock Region | Load Clock Region | Clock Loads | Non-Clock Loads | Clock Period | Clock                | Driver Pin                                                                  | Net                                                                   |
+-----------+-----------+-----------------+------------+----------------+--------------+-------------------+-------------+-----------------+--------------+----------------------+-----------------------------------------------------------------------------+-----------------------------------------------------------------------+
| g0        | src0      | BUFG/O          | None       | BUFGCTRL_X0Y4  | n/a          |                14 |       79665 |               9 |       20.000 | clk_out1_clk_divider | clk_div/inst/clkout1_buf/O                                                  | clk_div/inst/clk_out1                                                 |
| g1        | src1      | BUFG/O          | None       | BUFGCTRL_X0Y0  | n/a          |                 6 |        9272 |               0 |        8.000 | clk_pll_i            | mig_ddr3/u_mig_ddr3_mig/u_ddr3_infrastructure/u_bufg_clkdiv0/O              | mig_ddr3/u_mig_ddr3_mig/u_ddr3_infrastructure/CLK                     |
| g2        | src2      | BUFG/O          | None       | BUFGCTRL_X0Y5  | n/a          |                 2 |         906 |               0 |       20.000 | clk_out1_clk_divider | dSyncReg1_reg_i_1/O                                                         | soc/pwm_cluster/pwm0/pwm_clk_divider_clock_selector_CLK_OUT           |
| g3        | src3      | BUFG/O          | None       | BUFGCTRL_X0Y6  | n/a          |                 1 |         310 |               0 |              |                      | wire_tck_clk_BUFG_inst/O                                                    | wire_tck_clk_BUFG                                                     |
| g4        | src4      | BUFG/O          | None       | BUFGCTRL_X0Y10 | n/a          |                 1 |         243 |               0 |       20.000 | clk_out1_clk_divider | dSyncReg1_reg_i_1__3/O                                                      | soc/mixed_cluster/gptimer0/gptimer_clk_divider_clock_selector_CLK_OUT |
| g5        | src5      | BUFG/O          | None       | BUFGCTRL_X0Y7  | n/a          |                 1 |         243 |               0 |       20.000 | clk_out1_clk_divider | dSyncReg1_reg_i_1__0/O                                                      | soc/mixed_cluster/gptimer1/gptimer_clk_divider_clock_selector_CLK_OUT |
| g6        | src6      | BUFG/O          | None       | BUFGCTRL_X0Y8  | n/a          |                 1 |         243 |               0 |       20.000 | clk_out1_clk_divider | dSyncReg1_reg_i_1__1/O                                                      | soc/mixed_cluster/gptimer2/gptimer_clk_divider_clock_selector_CLK_OUT |
| g7        | src7      | BUFG/O          | None       | BUFGCTRL_X0Y9  | n/a          |                 1 |         243 |               0 |       20.000 | clk_out1_clk_divider | dSyncReg1_reg_i_1__2/O                                                      | soc/mixed_cluster/gptimer3/gptimer_clk_divider_clock_selector_CLK_OUT |
| g8        | src0      | BUFG/O          | None       | BUFGCTRL_X0Y1  | n/a          |                 3 |          62 |               0 |        5.000 | clk_out3_clk_divider | clk_div/inst/clkout3_buf/O                                                  | clk_div/inst/clk_out3                                                 |
| g9        | src8      | BUFG/O          | None       | BUFGCTRL_X0Y11 | n/a          |                 1 |          54 |               0 |       20.000 | clk_out1_clk_divider | mixed_clustern_0_64197_BUFG_inst/O                                          | mixed_clustern_0_64197_BUFG                                           |
| g10       | src9      | BUFG/O          | None       | BUFGCTRL_X0Y12 | n/a          |                 1 |          54 |               0 |       20.000 | clk_out1_clk_divider | mixed_clustern_0_64200_BUFG_inst/O                                          | mixed_clustern_0_64200_BUFG                                           |
| g11       | src10     | BUFG/O          | None       | BUFGCTRL_X0Y13 | n/a          |                 1 |          54 |               0 |       20.000 | clk_out1_clk_divider | mixed_clustern_0_64203_BUFG_inst/O                                          | mixed_clustern_0_64203_BUFG                                           |
| g12       | src11     | BUFG/O          | None       | BUFGCTRL_X0Y14 | n/a          |                 1 |          54 |               0 |       20.000 | clk_out1_clk_divider | mixed_clustern_0_68762_BUFG_inst/O                                          | mixed_clustern_0_68762_BUFG                                           |
| g13       | src1      | BUFG/O          | None       | BUFGCTRL_X0Y2  | n/a          |                 2 |          18 |               0 |       16.000 | mmcm_ps_clk_bufg_in  | mig_ddr3/u_mig_ddr3_mig/u_ddr3_infrastructure/gen_mmcm.u_bufg_mmcm_ps_clk/O | mig_ddr3/u_mig_ddr3_mig/u_ddr3_infrastructure/mmcm_ps_clk             |
| g14       | src0      | BUFG/O          | None       | BUFGCTRL_X0Y3  | n/a          |                 1 |           1 |               0 |        5.000 | clk_out2_clk_divider | clk_div/inst/clkout2_buf/O                                                  | clk_div/inst/clk_out2                                                 |
| g15       | src0      | BUFG/O          | None       | BUFGCTRL_X0Y15 | n/a          |                 1 |           1 |               0 |        5.000 | clkfbout_clk_divider | clk_div/inst/clkf_buf/O                                                     | clk_div/inst/clkfbout_buf_clk_divider                                 |
| g16       | src12     | BUFH/O          | None       | BUFHCE_X1Y12   | X1Y1         |                 1 |           1 |               0 |        8.000 | pll_clk3_out         | mig_ddr3/u_mig_ddr3_mig/u_ddr3_infrastructure/u_bufh_pll_clk3/O             | mig_ddr3/u_mig_ddr3_mig/u_ddr3_infrastructure/pll_clk3                |
+-----------+-----------+-----------------+------------+----------------+--------------+-------------------+-------------+-----------------+--------------+----------------------+-----------------------------------------------------------------------------+-----------------------------------------------------------------------+
* Clock Loads column represents the clock pin loads (pin count)
** Non-Clock Loads column represents the non-clock pin loads (pin count)


3. Global Clock Source Details
------------------------------

+-----------+-----------+---------------------+-----------------+-----------------+--------------+-------------+-----------------+---------------------+----------------------+------------------------------------------------------------------------------------------------+----------------------------------------------------------------------------------------------+
| Source Id | Global Id | Driver Type/Pin     | Constraint      | Site            | Clock Region | Clock Loads | Non-Clock Loads | Source Clock Period | Source Clock         | Driver Pin                                                                                     | Net                                                                                          |
+-----------+-----------+---------------------+-----------------+-----------------+--------------+-------------+-----------------+---------------------+----------------------+------------------------------------------------------------------------------------------------+----------------------------------------------------------------------------------------------+
| src0      | g0        | MMCME2_ADV/CLKOUT0  | None            | MMCME2_ADV_X1Y2 | X1Y2         |           1 |               0 |              20.000 | clk_out1_clk_divider | clk_div/inst/mmcm_adv_inst/CLKOUT0                                                             | clk_div/inst/clk_out1_clk_divider                                                            |
| src0      | g14       | MMCME2_ADV/CLKOUT1  | None            | MMCME2_ADV_X1Y2 | X1Y2         |           1 |               0 |               5.000 | clk_out2_clk_divider | clk_div/inst/mmcm_adv_inst/CLKOUT1                                                             | clk_div/inst/clk_out2_clk_divider                                                            |
| src0      | g8        | MMCME2_ADV/CLKOUT2  | None            | MMCME2_ADV_X1Y2 | X1Y2         |           1 |               0 |               5.000 | clk_out3_clk_divider | clk_div/inst/mmcm_adv_inst/CLKOUT2                                                             | clk_div/inst/clk_out3_clk_divider                                                            |
| src0      | g15       | MMCME2_ADV/CLKFBOUT | None            | MMCME2_ADV_X1Y2 | X1Y2         |           1 |               0 |               5.000 | clkfbout_clk_divider | clk_div/inst/mmcm_adv_inst/CLKFBOUT                                                            | clk_div/inst/clkfbout_clk_divider                                                            |
| src1      | g1        | MMCME2_ADV/CLKFBOUT | MMCME2_ADV_X1Y1 | MMCME2_ADV_X1Y1 | X1Y1         |           1 |               0 |               8.000 | clk_pll_i            | mig_ddr3/u_mig_ddr3_mig/u_ddr3_infrastructure/gen_mmcm.mmcm_i/CLKFBOUT                         | mig_ddr3/u_mig_ddr3_mig/u_ddr3_infrastructure/clk_pll_i                                      |
| src1      | g13       | MMCME2_ADV/CLKOUT0  | MMCME2_ADV_X1Y1 | MMCME2_ADV_X1Y1 | X1Y1         |           1 |               0 |              16.000 | mmcm_ps_clk_bufg_in  | mig_ddr3/u_mig_ddr3_mig/u_ddr3_infrastructure/gen_mmcm.mmcm_i/CLKOUT0                          | mig_ddr3/u_mig_ddr3_mig/u_ddr3_infrastructure/mmcm_ps_clk_bufg_in                            |
| src2      | g2        | LUT3/O              | None            | SLICE_X81Y196   | X1Y3         |           1 |               0 |              20.000 | clk_out1_clk_divider | core/soc/pwm_cluster/pwm0/pwm_clk_divider_new_clock/dSyncReg1_i_2__3/O                         | core/soc/pwm_cluster/pwm0/pwm_clk_divider_new_clock/current_clk_reg_0                        |
| src3      | g3        | BSCANE2/TCK         | None            | BSCAN_X0Y3      | X0Y2         |           1 |               0 |                     |                      | bse2_inst/TCK                                                                                  | wire_tck_clk                                                                                 |
| src4      | g4        | LUT4/O              | None            | SLICE_X79Y197   | X0Y3         |           1 |               0 |              20.000 | clk_out1_clk_divider | core/soc/mixed_cluster/gptimer0/gptimer_clk_divider_new_clock/dSyncReg1_i_2__2/O               | core/soc/mixed_cluster/gptimer0/gptimer_clk_divider_new_clock/current_clk_reg_0              |
| src5      | g5        | LUT4/O              | None            | SLICE_X79Y199   | X0Y3         |           1 |               0 |              20.000 | clk_out1_clk_divider | core/soc/mixed_cluster/gptimer1/gptimer_clk_divider_new_clock/dSyncReg1_i_2/O                  | core/soc/mixed_cluster/gptimer1/gptimer_clk_divider_new_clock/current_clk_reg_0              |
| src6      | g6        | LUT4/O              | None            | SLICE_X79Y196   | X0Y3         |           1 |               0 |              20.000 | clk_out1_clk_divider | core/soc/mixed_cluster/gptimer2/gptimer_clk_divider_new_clock/dSyncReg1_i_2__0/O               | core/soc/mixed_cluster/gptimer2/gptimer_clk_divider_new_clock/current_clk_reg_0              |
| src7      | g7        | LUT4/O              | None            | SLICE_X79Y199   | X0Y3         |           1 |               0 |              20.000 | clk_out1_clk_divider | core/soc/mixed_cluster/gptimer3/gptimer_clk_divider_new_clock/dSyncReg1_i_2__1/O               | core/soc/mixed_cluster/gptimer3/gptimer_clk_divider_new_clock/current_clk_reg_0              |
| src8      | g9        | LUT2/O              | None            | SLICE_X79Y198   | X0Y3         |           1 |               0 |              20.000 | clk_out1_clk_divider | core/soc/mixed_cluster/gptimer1/gptimer_clock_selection/mixed_clustern_0_64197_BUFG_inst_i_1/O | core/soc/mixed_cluster/gptimer1/gptimer_clock_selection/mixed_clustern_0_64197_BUFG_inst_n_0 |
| src9      | g10       | LUT2/O              | None            | SLICE_X79Y196   | X0Y3         |           1 |               0 |              20.000 | clk_out1_clk_divider | core/soc/mixed_cluster/gptimer2/gptimer_clock_selection/mixed_clustern_0_64200_BUFG_inst_i_1/O | core/soc/mixed_cluster/gptimer2/gptimer_clock_selection/mixed_clustern_0_64200_BUFG_inst_n_0 |
| src10     | g11       | LUT2/O              | None            | SLICE_X79Y198   | X0Y3         |           1 |               0 |              20.000 | clk_out1_clk_divider | core/soc/mixed_cluster/gptimer3/gptimer_clock_selection/mixed_clustern_0_64203_BUFG_inst_i_1/O | core/soc/mixed_cluster/gptimer3/gptimer_clock_selection/mixed_clustern_0_64203_BUFG_inst_n_0 |
| src11     | g12       | LUT2/O              | None            | SLICE_X79Y196   | X0Y3         |           1 |               0 |              20.000 | clk_out1_clk_divider | core/soc/mixed_cluster/gptimer0/gptimer_clock_selection/mixed_clustern_0_68762_BUFG_inst_i_1/O | core/soc/mixed_cluster/gptimer0/gptimer_clock_selection/mixed_clustern_0_68762_BUFG_inst_n_0 |
| src12     | g16       | PLLE2_ADV/CLKOUT3   | PLLE2_ADV_X1Y1  | PLLE2_ADV_X1Y1  | X1Y1         |           1 |               0 |               8.000 | pll_clk3_out         | mig_ddr3/u_mig_ddr3_mig/u_ddr3_infrastructure/plle2_i/CLKOUT3                                  | mig_ddr3/u_mig_ddr3_mig/u_ddr3_infrastructure/pll_clk3_out                                   |
+-----------+-----------+---------------------+-----------------+-----------------+--------------+-------------+-----------------+---------------------+----------------------+------------------------------------------------------------------------------------------------+----------------------------------------------------------------------------------------------+
* Clock Loads column represents the clock pin loads (pin count)
** Non-Clock Loads column represents the non-clock pin loads (pin count)


4. Local Clock Details
----------------------

+----------+----------------------------+----------------------+-------------------------------------+--------------+-------------+-----------------+--------------+---------------+----------------------------------------------------------------------------------------------------------------------------------------------------------------------------------------------+-------------------------------------------------------------------------------------------------------------------------------------------------------------------------------------------+
| Local Id | Driver Type/Pin            | Constraint           | Site/BEL                            | Clock Region | Clock Loads | Non-Clock Loads | Clock Period | Clock         | Driver Pin                                                                                                                                                                                   | Net                                                                                                                                                                                       |
+----------+----------------------------+----------------------+-------------------------------------+--------------+-------------+-----------------+--------------+---------------+----------------------------------------------------------------------------------------------------------------------------------------------------------------------------------------------+-------------------------------------------------------------------------------------------------------------------------------------------------------------------------------------------||
| 0        | PLLE2_ADV/CLKOUT0          | PLLE2_ADV_X1Y1       | PLLE2_ADV_X1Y1/PLLE2_ADV            | X1Y1         |          10 |               4 |        2.000 | freq_refclk   | mig_ddr3/u_mig_ddr3_mig/u_ddr3_infrastructure/plle2_i/CLKOUT0                                                                                                                                | mig_ddr3/u_mig_ddr3_mig/u_ddr3_infrastructure/freq_refclk                                                                                                                                 - Static -
| 1        | PLLE2_ADV/CLKOUT1          | PLLE2_ADV_X1Y1       | PLLE2_ADV_X1Y1/PLLE2_ADV            | X1Y1         |           2 |              12 |        2.000 | mem_refclk    | mig_ddr3/u_mig_ddr3_mig/u_ddr3_infrastructure/plle2_i/CLKOUT1                                                                                                                                | mig_ddr3/u_mig_ddr3_mig/u_ddr3_infrastructure/mem_refclk                                                                                                                                  - Static -
| 2        | PHASER_OUT_PHY/OCLKDELAYED | PHASER_OUT_PHY_X1Y8  | PHASER_OUT_PHY_X1Y8/PHASER_OUT_PHY  | X1Y2         |           2 |               0 |        2.000 | oserdes_clk   | mig_ddr3/u_mig_ddr3_mig/u_memc_ui_top_axi/mem_intfc0/ddr_phy_top0/u_ddr_mc_phy_wrapper/u_ddr_mc_phy/ddr_phy_4lanes_0.u_ddr_phy_4lanes/ddr_byte_lane_A.ddr_byte_lane_A/phaser_out/OCLKDELAYED | mig_ddr3/u_mig_ddr3_mig/u_memc_ui_top_axi/mem_intfc0/ddr_phy_top0/u_ddr_mc_phy_wrapper/u_ddr_mc_phy/ddr_phy_4lanes_0.u_ddr_phy_4lanes/ddr_byte_lane_A.ddr_byte_lane_A/oserdes_clk_delayed - Static -
| 3        | PHASER_OUT_PHY/OCLKDELAYED | PHASER_OUT_PHY_X1Y9  | PHASER_OUT_PHY_X1Y9/PHASER_OUT_PHY  | X1Y2         |           2 |               0 |        2.000 | oserdes_clk_1 | mig_ddr3/u_mig_ddr3_mig/u_memc_ui_top_axi/mem_intfc0/ddr_phy_top0/u_ddr_mc_phy_wrapper/u_ddr_mc_phy/ddr_phy_4lanes_0.u_ddr_phy_4lanes/ddr_byte_lane_B.ddr_byte_lane_B/phaser_out/OCLKDELAYED | mig_ddr3/u_mig_ddr3_mig/u_memc_ui_top_axi/mem_intfc0/ddr_phy_top0/u_ddr_mc_phy_wrapper/u_ddr_mc_phy/ddr_phy_4lanes_0.u_ddr_phy_4lanes/ddr_byte_lane_B.ddr_byte_lane_B/oserdes_clk_delayed - Static -
| 4        | PHASER_OUT_PHY/OCLKDELAYED | PHASER_OUT_PHY_X1Y10 | PHASER_OUT_PHY_X1Y10/PHASER_OUT_PHY | X1Y2         |           2 |               0 |        2.000 | oserdes_clk_2 | mig_ddr3/u_mig_ddr3_mig/u_memc_ui_top_axi/mem_intfc0/ddr_phy_top0/u_ddr_mc_phy_wrapper/u_ddr_mc_phy/ddr_phy_4lanes_0.u_ddr_phy_4lanes/ddr_byte_lane_C.ddr_byte_lane_C/phaser_out/OCLKDELAYED | mig_ddr3/u_mig_ddr3_mig/u_memc_ui_top_axi/mem_intfc0/ddr_phy_top0/u_ddr_mc_phy_wrapper/u_ddr_mc_phy/ddr_phy_4lanes_0.u_ddr_phy_4lanes/ddr_byte_lane_C.ddr_byte_lane_C/oserdes_clk_delayed - Static -
| 5        | PHASER_OUT_PHY/OCLKDELAYED | PHASER_OUT_PHY_X1Y11 | PHASER_OUT_PHY_X1Y11/PHASER_OUT_PHY | X1Y2         |           2 |               0 |        2.000 | oserdes_clk_3 | mig_ddr3/u_mig_ddr3_mig/u_memc_ui_top_axi/mem_intfc0/ddr_phy_top0/u_ddr_mc_phy_wrapper/u_ddr_mc_phy/ddr_phy_4lanes_0.u_ddr_phy_4lanes/ddr_byte_lane_D.ddr_byte_lane_D/phaser_out/OCLKDELAYED | mig_ddr3/u_mig_ddr3_mig/u_memc_ui_top_axi/mem_intfc0/ddr_phy_top0/u_ddr_mc_phy_wrapper/u_ddr_mc_phy/ddr_phy_4lanes_0.u_ddr_phy_4lanes/ddr_byte_lane_D.ddr_byte_lane_D/oserdes_clk_delayed - Static -
+----------+----------------------------+----------------------+-------------------------------------+--------------+-------------+-----------------+--------------+---------------+----------------------------------------------------------------------------------------------------------------------------------------------------------------------------------------------+-------------------------------------------------------------------------------------------------------------------------------------------------------------------------------------------||
* Local Clocks in this context represents only clocks driven by non-global buffers
** Clock Loads column represents the clock pin loads (pin count)
*** Non-Clock Loads column represents the non-clock pin loads (pin count)


5. Clock Regions: Key Resource Utilization
------------------------------------------

+-------------------+--------------+--------------+--------------+--------------+--------------+--------------+--------------+--------------+--------------+--------------+---------------+--------------+--------------+--------------+--------------+
|                   | Global Clock |     BUFRs    |    BUFMRs    |    BUFIOs    |     MMCM     |      PLL     |      GT      |      PCI     |    ILOGIC    |    OLOGIC    |       FF      |     LUTM     |    RAMB18    |    RAMB36    |    DSP48E2   |
+-------------------+------+-------+------+-------+------+-------+------+-------+------+-------+------+-------+------+-------+------+-------+------+-------+------+-------+-------+-------+------+-------+------+-------+------+-------+------+-------+
| Clock Region Name | Used | Avail | Used | Avail | Used | Avail | Used | Avail | Used | Avail | Used | Avail | Used | Avail | Used | Avail | Used | Avail | Used | Avail | Used  | Avail | Used | Avail | Used | Avail | Used | Avail | Used | Avail |
+-------------------+------+-------+------+-------+------+-------+------+-------+------+-------+------+-------+------+-------+------+-------+------+-------+------+-------+-------+-------+------+-------+------+-------+------+-------+------+-------+
| X0Y0              |    1 |    12 |    0 |     4 |    0 |     2 |    0 |     4 |    0 |     1 |    0 |     1 |    0 |     0 |    0 |     0 |    0 |    50 |    0 |    50 |  1540 |  4000 |  657 |  1150 |   29 |    60 |    0 |    30 |    0 |    60 |
| X1Y0              |    1 |    12 |    0 |     4 |    0 |     2 |    0 |     4 |    0 |     1 |    0 |     1 |    0 |     0 |    0 |     0 |    0 |    50 |    0 |    50 |  1758 |  3700 |  921 |  1200 |   31 |    80 |    0 |    40 |    0 |    60 |
| X0Y1              |    2 |    12 |    0 |     4 |    0 |     2 |    0 |     4 |    0 |     1 |    0 |     1 |    0 |     0 |    0 |     0 |    0 |    50 |    0 |    50 |  3215 |  4000 | 1380 |  1150 |   30 |    60 |    0 |    30 |    0 |    60 |
| X1Y1              |    6 |    12 |    0 |     4 |    0 |     2 |    0 |     4 |    1 |     1 |    1 |     1 |    0 |     0 |    0 |     0 |    0 |    50 |    0 |    50 |  5098 |  3700 | 1973 |  1200 |   37 |    80 |    0 |    40 |    0 |    60 |
| X0Y2              |    3 |    12 |    0 |     4 |    0 |     2 |    0 |     4 |    0 |     1 |    0 |     1 |    0 |     0 |    0 |     0 |    0 |    50 |    0 |    50 |  5805 |  3400 | 2239 |  1150 |   30 |    60 |    0 |    30 |    0 |    60 |
| X1Y2              |    5 |    12 |    0 |     4 |    0 |     2 |    0 |     4 |    1 |     1 |    0 |     1 |    0 |     0 |    0 |     0 |    4 |    50 |    8 |    50 |  9149 |  3700 | 3151 |  1200 |   33 |    80 |    0 |    40 |    0 |    60 |
| X0Y3              |    3 |    12 |    0 |     4 |    0 |     2 |    0 |     4 |    0 |     1 |    0 |     1 |    0 |     0 |    0 |     0 |    0 |    50 |    0 |    50 |  9301 |  3400 | 3618 |  1150 |   23 |    60 |    2 |    30 |    9 |    60 |
| X1Y3              |    2 |    12 |    0 |     0 |    0 |     0 |    0 |     0 |    0 |     0 |    0 |     0 |    0 |     4 |    0 |     1 |    0 |     0 |    0 |     0 |  7724 |  3150 | 2521 |  1050 |   11 |    50 |    0 |    25 |    4 |    60 |
| X0Y4              |    3 |    12 |    0 |     4 |    0 |     2 |    0 |     4 |    0 |     1 |    0 |     1 |    0 |     0 |    0 |     0 |    0 |    50 |    0 |    50 | 11754 |  4000 | 3552 |  1150 |   20 |    60 |    0 |    30 |    9 |    60 |
| X1Y4              |    2 |    12 |    0 |     0 |    0 |     0 |    0 |     0 |    0 |     0 |    0 |     0 |    0 |     4 |    0 |     0 |    0 |     0 |    0 |     0 |  9050 |  3300 | 2887 |  1100 |   10 |    60 |    0 |    30 |    1 |    60 |
| X0Y5              |    7 |    12 |    0 |     4 |    0 |     2 |    0 |     4 |    0 |     1 |    0 |     1 |    0 |     0 |    0 |     0 |    0 |    50 |    0 |    50 |  8405 |  4000 | 3130 |  1150 |   30 |    60 |    0 |    30 |    0 |    60 |
| X1Y5              |    2 |    12 |    0 |     0 |    0 |     0 |    0 |     0 |    0 |     0 |    0 |     0 |    0 |     4 |    0 |     0 |    0 |     0 |    0 |     0 |  9510 |  3300 | 3197 |  1100 |   10 |    60 |    0 |    30 |    0 |    60 |
| X0Y6              |    1 |    12 |    0 |     4 |    0 |     2 |    0 |     4 |    0 |     1 |    0 |     1 |    0 |     0 |    0 |     0 |    0 |    50 |    0 |    50 |  3142 |  4000 | 1297 |  1150 |   22 |    60 |    0 |    30 |    0 |    60 |
| X1Y6              |    1 |    12 |    0 |     0 |    0 |     0 |    0 |     0 |    0 |     0 |    0 |     0 |    0 |     4 |    0 |     0 |    0 |     0 |    0 |     0 |  2077 |  3300 |  710 |  1100 |    5 |    60 |    0 |    30 |    0 |    60 |
+-------------------+------+-------+------+-------+------+-------+------+-------+------+-------+------+-------+------+-------+------+-------+------+-------+------+-------+-------+-------+------+-------+------+-------+------+-------+------+-------+
* Global Clock column represents track count; while other columns represents cell counts


6. Clock Regions : Global Clock Summary
---------------------------------------

All Modules
+----+----+----+
|    | X0 | X1 |
+----+----+----+
| Y6 |  1 |  1 |
| Y5 |  7 |  2 |
| Y4 |  3 |  2 |
| Y3 |  3 |  2 |
| Y2 |  3 |  5 |
| Y1 |  2 |  6 |
| Y0 |  1 |  1 |
+----+----+----+


7. Device Cell Placement Summary for Global Clock g0
----------------------------------------------------

+-----------+-----------------+-------------------+----------------------+-------------+----------------+-------------+----------+----------------+----------+-----------------------+
| Global Id | Driver Type/Pin | Driver Region (D) | Clock                | Period (ns) | Waveform (ns)  | Slice Loads | IO Loads | Clocking Loads | GT Loads | Net                   |
+-----------+-----------------+-------------------+----------------------+-------------+----------------+-------------+----------+----------------+----------+-----------------------+
| g0        | BUFG/O          | n/a               | clk_out1_clk_divider |      20.000 | {0.000 10.000} |       79442 |        0 |              0 |        0 | clk_div/inst/clk_out1 |
+-----------+-----------------+-------------------+----------------------+-------------+----------------+-------------+----------+----------------+----------+-----------------------+
* Logic Loads column represents load cell count of all cell types other than IO, GT and clock resources
** IO Loads column represents load cell count of IO types
*** Clocking Loads column represents load cell count that are clock resources (global clock buffer, MMCM, PLL, etc)
**** GT Loads column represents load cell count of GT types


+----+--------+-------+
|    | X0     | X1    |
+----+--------+-------+
| Y6 |   3425 |  2088 |
| Y5 |   7928 |  9560 |
| Y4 |  11677 |  8174 |
| Y3 |   9564 |  7787 |
| Y2 |   5489 |  3635 |
| Y1 |   3372 |  3050 |
| Y0 |   1725 |  1968 |
+----+--------+-------+


8. Device Cell Placement Summary for Global Clock g1
----------------------------------------------------

+-----------+-----------------+-------------------+-----------+-------------+---------------+-------------+----------+----------------+----------+---------------------------------------------------+
| Global Id | Driver Type/Pin | Driver Region (D) | Clock     | Period (ns) | Waveform (ns) | Slice Loads | IO Loads | Clocking Loads | GT Loads | Net                                               |
+-----------+-----------------+-------------------+-----------+-------------+---------------+-------------+----------+----------------+----------+---------------------------------------------------+
| g1        | BUFG/O          | n/a               | clk_pll_i |       8.000 | {0.000 4.000} |        9033 |        0 |              1 |        0 | mig_ddr3/u_mig_ddr3_mig/u_ddr3_infrastructure/CLK |
+-----------+-----------------+-------------------+-----------+-------------+---------------+-------------+----------+----------------+----------+---------------------------------------------------+
* Logic Loads column represents load cell count of all cell types other than IO, GT and clock resources
** IO Loads column represents load cell count of IO types
*** Clocking Loads column represents load cell count that are clock resources (global clock buffer, MMCM, PLL, etc)
**** GT Loads column represents load cell count of GT types


+----+------+-------+
|    | X0   | X1    |
+----+------+-------+
| Y6 |    0 |     0 |
| Y5 |    0 |     0 |
| Y4 |    0 |     0 |
| Y3 |  105 |     4 |
| Y2 |  340 |  6033 |
| Y1 |  153 |  2399 |
| Y0 |    0 |     0 |
+----+------+-------+


9. Device Cell Placement Summary for Global Clock g2
----------------------------------------------------

+-----------+-----------------+-------------------+----------------------+-------------+----------------+-------------+----------+----------------+----------+-------------------------------------------------------------+
| Global Id | Driver Type/Pin | Driver Region (D) | Clock                | Period (ns) | Waveform (ns)  | Slice Loads | IO Loads | Clocking Loads | GT Loads | Net                                                         |
+-----------+-----------------+-------------------+----------------------+-------------+----------------+-------------+----------+----------------+----------+-------------------------------------------------------------+
| g2        | BUFG/O          | n/a               | clk_out1_clk_divider |      20.000 | {0.000 10.000} |         906 |        0 |              0 |        0 | soc/pwm_cluster/pwm0/pwm_clk_divider_clock_selector_CLK_OUT |
+-----------+-----------------+-------------------+----------------------+-------------+----------------+-------------+----------+----------------+----------+-------------------------------------------------------------+
* Logic Loads column represents load cell count of all cell types other than IO, GT and clock resources
** IO Loads column represents load cell count of IO types
*** Clocking Loads column represents load cell count that are clock resources (global clock buffer, MMCM, PLL, etc)
**** GT Loads column represents load cell count of GT types


+----+----+------+
|    | X0 | X1   |
+----+----+------+
| Y6 |  0 |    0 |
| Y5 |  0 |   10 |
| Y4 |  0 |  896 |
| Y3 |  0 |    0 |
| Y2 |  0 |    0 |
| Y1 |  0 |    0 |
| Y0 |  0 |    0 |
+----+----+------+


10. Device Cell Placement Summary for Global Clock g3
-----------------------------------------------------

+-----------+-----------------+-------------------+-------+-------------+---------------+-------------+----------+----------------+----------+-------------------+
| Global Id | Driver Type/Pin | Driver Region (D) | Clock | Period (ns) | Waveform (ns) | Slice Loads | IO Loads | Clocking Loads | GT Loads | Net               |
+-----------+-----------------+-------------------+-------+-------------+---------------+-------------+----------+----------------+----------+-------------------+
| g3        | BUFG/O          | n/a               |       |             |               |         310 |        0 |              0 |        0 | wire_tck_clk_BUFG |
+-----------+-----------------+-------------------+-------+-------------+---------------+-------------+----------+----------------+----------+-------------------+
* Logic Loads column represents load cell count of all cell types other than IO, GT and clock resources
** IO Loads column represents load cell count of IO types
*** Clocking Loads column represents load cell count that are clock resources (global clock buffer, MMCM, PLL, etc)
**** GT Loads column represents load cell count of GT types


+----+------+----+
|    | X0   | X1 |
+----+------+----+
| Y6 |    0 |  0 |
| Y5 |    0 |  0 |
| Y4 |    0 |  0 |
| Y3 |    0 |  0 |
| Y2 |  310 |  0 |
| Y1 |    0 |  0 |
| Y0 |    0 |  0 |
+----+------+----+


11. Device Cell Placement Summary for Global Clock g4
-----------------------------------------------------

+-----------+-----------------+-------------------+----------------------+-------------+----------------+-------------+----------+----------------+----------+-----------------------------------------------------------------------+
| Global Id | Driver Type/Pin | Driver Region (D) | Clock                | Period (ns) | Waveform (ns)  | Slice Loads | IO Loads | Clocking Loads | GT Loads | Net                                                                   |
+-----------+-----------------+-------------------+----------------------+-------------+----------------+-------------+----------+----------------+----------+-----------------------------------------------------------------------+
| g4        | BUFG/O          | n/a               | clk_out1_clk_divider |      20.000 | {0.000 10.000} |         243 |        0 |              0 |        0 | soc/mixed_cluster/gptimer0/gptimer_clk_divider_clock_selector_CLK_OUT |
+-----------+-----------------+-------------------+----------------------+-------------+----------------+-------------+----------+----------------+----------+-----------------------------------------------------------------------+
* Logic Loads column represents load cell count of all cell types other than IO, GT and clock resources
** IO Loads column represents load cell count of IO types
*** Clocking Loads column represents load cell count that are clock resources (global clock buffer, MMCM, PLL, etc)
**** GT Loads column represents load cell count of GT types


+----+------+----+
|    | X0   | X1 |
+----+------+----+
| Y6 |    0 |  0 |
| Y5 |  243 |  0 |
| Y4 |    0 |  0 |
| Y3 |    0 |  0 |
| Y2 |    0 |  0 |
| Y1 |    0 |  0 |
| Y0 |    0 |  0 |
+----+------+----+


12. Device Cell Placement Summary for Global Clock g5
-----------------------------------------------------

+-----------+-----------------+-------------------+----------------------+-------------+----------------+-------------+----------+----------------+----------+-----------------------------------------------------------------------+
| Global Id | Driver Type/Pin | Driver Region (D) | Clock                | Period (ns) | Waveform (ns)  | Slice Loads | IO Loads | Clocking Loads | GT Loads | Net                                                                   |
+-----------+-----------------+-------------------+----------------------+-------------+----------------+-------------+----------+----------------+----------+-----------------------------------------------------------------------+
| g5        | BUFG/O          | n/a               | clk_out1_clk_divider |      20.000 | {0.000 10.000} |         243 |        0 |              0 |        0 | soc/mixed_cluster/gptimer1/gptimer_clk_divider_clock_selector_CLK_OUT |
+-----------+-----------------+-------------------+----------------------+-------------+----------------+-------------+----------+----------------+----------+-----------------------------------------------------------------------+
* Logic Loads column represents load cell count of all cell types other than IO, GT and clock resources
** IO Loads column represents load cell count of IO types
*** Clocking Loads column represents load cell count that are clock resources (global clock buffer, MMCM, PLL, etc)
**** GT Loads column represents load cell count of GT types


+----+------+----+
|    | X0   | X1 |
+----+------+----+
| Y6 |    0 |  0 |
| Y5 |  243 |  0 |
| Y4 |    0 |  0 |
| Y3 |    0 |  0 |
| Y2 |    0 |  0 |
| Y1 |    0 |  0 |
| Y0 |    0 |  0 |
+----+------+----+


13. Device Cell Placement Summary for Global Clock g6
-----------------------------------------------------

+-----------+-----------------+-------------------+----------------------+-------------+----------------+-------------+----------+----------------+----------+-----------------------------------------------------------------------+
| Global Id | Driver Type/Pin | Driver Region (D) | Clock                | Period (ns) | Waveform (ns)  | Slice Loads | IO Loads | Clocking Loads | GT Loads | Net                                                                   |
+-----------+-----------------+-------------------+----------------------+-------------+----------------+-------------+----------+----------------+----------+-----------------------------------------------------------------------+
| g6        | BUFG/O          | n/a               | clk_out1_clk_divider |      20.000 | {0.000 10.000} |         243 |        0 |              0 |        0 | soc/mixed_cluster/gptimer2/gptimer_clk_divider_clock_selector_CLK_OUT |
+-----------+-----------------+-------------------+----------------------+-------------+----------------+-------------+----------+----------------+----------+-----------------------------------------------------------------------+
* Logic Loads column represents load cell count of all cell types other than IO, GT and clock resources
** IO Loads column represents load cell count of IO types
*** Clocking Loads column represents load cell count that are clock resources (global clock buffer, MMCM, PLL, etc)
**** GT Loads column represents load cell count of GT types


+----+------+----+
|    | X0   | X1 |
+----+------+----+
| Y6 |    0 |  0 |
| Y5 |  243 |  0 |
| Y4 |    0 |  0 |
| Y3 |    0 |  0 |
| Y2 |    0 |  0 |
| Y1 |    0 |  0 |
| Y0 |    0 |  0 |
+----+------+----+


14. Device Cell Placement Summary for Global Clock g7
-----------------------------------------------------

+-----------+-----------------+-------------------+----------------------+-------------+----------------+-------------+----------+----------------+----------+-----------------------------------------------------------------------+
| Global Id | Driver Type/Pin | Driver Region (D) | Clock                | Period (ns) | Waveform (ns)  | Slice Loads | IO Loads | Clocking Loads | GT Loads | Net                                                                   |
+-----------+-----------------+-------------------+----------------------+-------------+----------------+-------------+----------+----------------+----------+-----------------------------------------------------------------------+
| g7        | BUFG/O          | n/a               | clk_out1_clk_divider |      20.000 | {0.000 10.000} |         243 |        0 |              0 |        0 | soc/mixed_cluster/gptimer3/gptimer_clk_divider_clock_selector_CLK_OUT |
+-----------+-----------------+-------------------+----------------------+-------------+----------------+-------------+----------+----------------+----------+-----------------------------------------------------------------------+
* Logic Loads column represents load cell count of all cell types other than IO, GT and clock resources
** IO Loads column represents load cell count of IO types
*** Clocking Loads column represents load cell count that are clock resources (global clock buffer, MMCM, PLL, etc)
**** GT Loads column represents load cell count of GT types


+----+------+----+
|    | X0   | X1 |
+----+------+----+
| Y6 |    0 |  0 |
| Y5 |    0 |  0 |
| Y4 |  243 |  0 |
| Y3 |    0 |  0 |
| Y2 |    0 |  0 |
| Y1 |    0 |  0 |
| Y0 |    0 |  0 |
+----+------+----+


15. Device Cell Placement Summary for Global Clock g8
-----------------------------------------------------

+-----------+-----------------+-------------------+----------------------+-------------+---------------+-------------+----------+----------------+----------+-----------------------+
| Global Id | Driver Type/Pin | Driver Region (D) | Clock                | Period (ns) | Waveform (ns) | Slice Loads | IO Loads | Clocking Loads | GT Loads | Net                   |
+-----------+-----------------+-------------------+----------------------+-------------+---------------+-------------+----------+----------------+----------+-----------------------+
| g8        | BUFG/O          | n/a               | clk_out3_clk_divider |       5.000 | {0.000 2.500} |          62 |        0 |              0 |        0 | clk_div/inst/clk_out3 |
+-----------+-----------------+-------------------+----------------------+-------------+---------------+-------------+----------+----------------+----------+-----------------------+
* Logic Loads column represents load cell count of all cell types other than IO, GT and clock resources
** IO Loads column represents load cell count of IO types
*** Clocking Loads column represents load cell count that are clock resources (global clock buffer, MMCM, PLL, etc)
**** GT Loads column represents load cell count of GT types


+----+-----+-----+
|    | X0  | X1  |
+----+-----+-----+
| Y6 |   0 |   0 |
| Y5 |   0 |   0 |
| Y4 |   0 |   0 |
| Y3 |  46 |   0 |
| Y2 |   0 |   1 |
| Y1 |   0 |  15 |
| Y0 |   0 |   0 |
+----+-----+-----+


16. Device Cell Placement Summary for Global Clock g9
-----------------------------------------------------

+-----------+-----------------+-------------------+----------------------+-------------+----------------+-------------+----------+----------------+----------+-----------------------------+
| Global Id | Driver Type/Pin | Driver Region (D) | Clock                | Period (ns) | Waveform (ns)  | Slice Loads | IO Loads | Clocking Loads | GT Loads | Net                         |
+-----------+-----------------+-------------------+----------------------+-------------+----------------+-------------+----------+----------------+----------+-----------------------------+
| g9        | BUFG/O          | n/a               | clk_out1_clk_divider |      20.000 | {0.000 10.000} |          54 |        0 |              0 |        0 | mixed_clustern_0_64197_BUFG |
+-----------+-----------------+-------------------+----------------------+-------------+----------------+-------------+----------+----------------+----------+-----------------------------+
* Logic Loads column represents load cell count of all cell types other than IO, GT and clock resources
** IO Loads column represents load cell count of IO types
*** Clocking Loads column represents load cell count that are clock resources (global clock buffer, MMCM, PLL, etc)
**** GT Loads column represents load cell count of GT types


+----+-----+----+
|    | X0  | X1 |
+----+-----+----+
| Y6 |   0 |  0 |
| Y5 |  54 |  0 |
| Y4 |   0 |  0 |
| Y3 |   0 |  0 |
| Y2 |   0 |  0 |
| Y1 |   0 |  0 |
| Y0 |   0 |  0 |
+----+-----+----+


17. Device Cell Placement Summary for Global Clock g10
------------------------------------------------------

+-----------+-----------------+-------------------+----------------------+-------------+----------------+-------------+----------+----------------+----------+-----------------------------+
| Global Id | Driver Type/Pin | Driver Region (D) | Clock                | Period (ns) | Waveform (ns)  | Slice Loads | IO Loads | Clocking Loads | GT Loads | Net                         |
+-----------+-----------------+-------------------+----------------------+-------------+----------------+-------------+----------+----------------+----------+-----------------------------+
| g10       | BUFG/O          | n/a               | clk_out1_clk_divider |      20.000 | {0.000 10.000} |          54 |        0 |              0 |        0 | mixed_clustern_0_64200_BUFG |
+-----------+-----------------+-------------------+----------------------+-------------+----------------+-------------+----------+----------------+----------+-----------------------------+
* Logic Loads column represents load cell count of all cell types other than IO, GT and clock resources
** IO Loads column represents load cell count of IO types
*** Clocking Loads column represents load cell count that are clock resources (global clock buffer, MMCM, PLL, etc)
**** GT Loads column represents load cell count of GT types


+----+-----+----+
|    | X0  | X1 |
+----+-----+----+
| Y6 |   0 |  0 |
| Y5 |  54 |  0 |
| Y4 |   0 |  0 |
| Y3 |   0 |  0 |
| Y2 |   0 |  0 |
| Y1 |   0 |  0 |
| Y0 |   0 |  0 |
+----+-----+----+


18. Device Cell Placement Summary for Global Clock g11
------------------------------------------------------

+-----------+-----------------+-------------------+----------------------+-------------+----------------+-------------+----------+----------------+----------+-----------------------------+
| Global Id | Driver Type/Pin | Driver Region (D) | Clock                | Period (ns) | Waveform (ns)  | Slice Loads | IO Loads | Clocking Loads | GT Loads | Net                         |
+-----------+-----------------+-------------------+----------------------+-------------+----------------+-------------+----------+----------------+----------+-----------------------------+
| g11       | BUFG/O          | n/a               | clk_out1_clk_divider |      20.000 | {0.000 10.000} |          54 |        0 |              0 |        0 | mixed_clustern_0_64203_BUFG |
+-----------+-----------------+-------------------+----------------------+-------------+----------------+-------------+----------+----------------+----------+-----------------------------+
* Logic Loads column represents load cell count of all cell types other than IO, GT and clock resources
** IO Loads column represents load cell count of IO types
*** Clocking Loads column represents load cell count that are clock resources (global clock buffer, MMCM, PLL, etc)
**** GT Loads column represents load cell count of GT types


+----+-----+----+
|    | X0  | X1 |
+----+-----+----+
| Y6 |   0 |  0 |
| Y5 |   0 |  0 |
| Y4 |  54 |  0 |
| Y3 |   0 |  0 |
| Y2 |   0 |  0 |
| Y1 |   0 |  0 |
| Y0 |   0 |  0 |
+----+-----+----+


19. Device Cell Placement Summary for Global Clock g12
------------------------------------------------------

+-----------+-----------------+-------------------+----------------------+-------------+----------------+-------------+----------+----------------+----------+-----------------------------+
| Global Id | Driver Type/Pin | Driver Region (D) | Clock                | Period (ns) | Waveform (ns)  | Slice Loads | IO Loads | Clocking Loads | GT Loads | Net                         |
+-----------+-----------------+-------------------+----------------------+-------------+----------------+-------------+----------+----------------+----------+-----------------------------+
| g12       | BUFG/O          | n/a               | clk_out1_clk_divider |      20.000 | {0.000 10.000} |          54 |        0 |              0 |        0 | mixed_clustern_0_68762_BUFG |
+-----------+-----------------+-------------------+----------------------+-------------+----------------+-------------+----------+----------------+----------+-----------------------------+
* Logic Loads column represents load cell count of all cell types other than IO, GT and clock resources
** IO Loads column represents load cell count of IO types
*** Clocking Loads column represents load cell count that are clock resources (global clock buffer, MMCM, PLL, etc)
**** GT Loads column represents load cell count of GT types


+----+-----+----+
|    | X0  | X1 |
+----+-----+----+
| Y6 |   0 |  0 |
| Y5 |  54 |  0 |
| Y4 |   0 |  0 |
| Y3 |   0 |  0 |
| Y2 |   0 |  0 |
| Y1 |   0 |  0 |
| Y0 |   0 |  0 |
+----+-----+----+


20. Device Cell Placement Summary for Global Clock g13
------------------------------------------------------

+-----------+-----------------+-------------------+---------------------+-------------+---------------+-------------+----------+----------------+----------+-----------------------------------------------------------+
| Global Id | Driver Type/Pin | Driver Region (D) | Clock               | Period (ns) | Waveform (ns) | Slice Loads | IO Loads | Clocking Loads | GT Loads | Net                                                       |
+-----------+-----------------+-------------------+---------------------+-------------+---------------+-------------+----------+----------------+----------+-----------------------------------------------------------+
| g13       | BUFG/O          | n/a               | mmcm_ps_clk_bufg_in |      16.000 | {0.000 8.000} |          18 |        0 |              0 |        0 | mig_ddr3/u_mig_ddr3_mig/u_ddr3_infrastructure/mmcm_ps_clk |
+-----------+-----------------+-------------------+---------------------+-------------+---------------+-------------+----------+----------------+----------+-----------------------------------------------------------+
* Logic Loads column represents load cell count of all cell types other than IO, GT and clock resources
** IO Loads column represents load cell count of IO types
*** Clocking Loads column represents load cell count that are clock resources (global clock buffer, MMCM, PLL, etc)
**** GT Loads column represents load cell count of GT types


+----+----+-----+
|    | X0 | X1  |
+----+----+-----+
| Y6 |  0 |   0 |
| Y5 |  0 |   0 |
| Y4 |  0 |   0 |
| Y3 |  0 |   0 |
| Y2 |  0 |  17 |
| Y1 |  0 |   1 |
| Y0 |  0 |   0 |
+----+----+-----+


21. Device Cell Placement Summary for Global Clock g14
------------------------------------------------------

+-----------+-----------------+-------------------+----------------------+-------------+---------------+-------------+----------+----------------+----------+-----------------------+
| Global Id | Driver Type/Pin | Driver Region (D) | Clock                | Period (ns) | Waveform (ns) | Slice Loads | IO Loads | Clocking Loads | GT Loads | Net                   |
+-----------+-----------------+-------------------+----------------------+-------------+---------------+-------------+----------+----------------+----------+-----------------------+
| g14       | BUFG/O          | n/a               | clk_out2_clk_divider |       5.000 | {0.000 2.500} |           0 |        0 |              1 |        0 | clk_div/inst/clk_out2 |
+-----------+-----------------+-------------------+----------------------+-------------+---------------+-------------+----------+----------------+----------+-----------------------+
* Logic Loads column represents load cell count of all cell types other than IO, GT and clock resources
** IO Loads column represents load cell count of IO types
*** Clocking Loads column represents load cell count that are clock resources (global clock buffer, MMCM, PLL, etc)
**** GT Loads column represents load cell count of GT types


+----+----+----+
|    | X0 | X1 |
+----+----+----+
| Y6 |  0 |  0 |
| Y5 |  0 |  0 |
| Y4 |  0 |  0 |
| Y3 |  0 |  0 |
| Y2 |  0 |  0 |
| Y1 |  0 |  1 |
| Y0 |  0 |  0 |
+----+----+----+


22. Device Cell Placement Summary for Global Clock g15
------------------------------------------------------

+-----------+-----------------+-------------------+----------------------+-------------+---------------+-------------+----------+----------------+----------+---------------------------------------+
| Global Id | Driver Type/Pin | Driver Region (D) | Clock                | Period (ns) | Waveform (ns) | Slice Loads | IO Loads | Clocking Loads | GT Loads | Net                                   |
+-----------+-----------------+-------------------+----------------------+-------------+---------------+-------------+----------+----------------+----------+---------------------------------------+
| g15       | BUFG/O          | n/a               | clkfbout_clk_divider |       5.000 | {0.000 2.500} |           0 |        0 |              1 |        0 | clk_div/inst/clkfbout_buf_clk_divider |
+-----------+-----------------+-------------------+----------------------+-------------+---------------+-------------+----------+----------------+----------+---------------------------------------+
* Logic Loads column represents load cell count of all cell types other than IO, GT and clock resources
** IO Loads column represents load cell count of IO types
*** Clocking Loads column represents load cell count that are clock resources (global clock buffer, MMCM, PLL, etc)
**** GT Loads column represents load cell count of GT types


+----+----+----+
|    | X0 | X1 |
+----+----+----+
| Y6 |  0 |  0 |
| Y5 |  0 |  0 |
| Y4 |  0 |  0 |
| Y3 |  0 |  0 |
| Y2 |  0 |  1 |
| Y1 |  0 |  0 |
| Y0 |  0 |  0 |
+----+----+----+


23. Device Cell Placement Summary for Global Clock g16
------------------------------------------------------

+-----------+-----------------+-------------------+--------------+-------------+---------------+-------------+----------+----------------+----------+--------------------------------------------------------+
| Global Id | Driver Type/Pin | Driver Region (D) | Clock        | Period (ns) | Waveform (ns) | Slice Loads | IO Loads | Clocking Loads | GT Loads | Net                                                    |
+-----------+-----------------+-------------------+--------------+-------------+---------------+-------------+----------+----------------+----------+--------------------------------------------------------+
| g16       | BUFH/O          | X1Y1              | pll_clk3_out |       8.000 | {0.000 4.000} |           0 |        0 |              1 |        0 | mig_ddr3/u_mig_ddr3_mig/u_ddr3_infrastructure/pll_clk3 |
+-----------+-----------------+-------------------+--------------+-------------+---------------+-------------+----------+----------------+----------+--------------------------------------------------------+
* Logic Loads column represents load cell count of all cell types other than IO, GT and clock resources
** IO Loads column represents load cell count of IO types
*** Clocking Loads column represents load cell count that are clock resources (global clock buffer, MMCM, PLL, etc)
**** GT Loads column represents load cell count of GT types


+----+----+--------+
|    | X0 | X1     |
+----+----+--------+
| Y6 |  0 |      0 |
| Y5 |  0 |      0 |
| Y4 |  0 |      0 |
| Y3 |  0 |      0 |
| Y2 |  0 |      0 |
| Y1 |  0 |  (D) 1 |
| Y0 |  0 |      0 |
+----+----+--------+


24. Clock Region Cell Placement per Global Clock: Region X0Y0
-------------------------------------------------------------

+-----------+-------+-----------------+------------+-------------+-----------------+------+--------+------+-----+----+------+-----+---------+-----------------------+
| Global Id | Track | Driver Type/Pin | Constraint | Clock Loads | Non-Clock Loads | FF   | LUTRAM | RAMB | DSP | GT | MMCM | PLL | Hard IP | Net                   |
+-----------+-------+-----------------+------------+-------------+-----------------+------+--------+------+-----+----+------+-----+---------+-----------------------+
| g0        | n/a   | BUFG/O          | None       |        1725 |               0 | 1540 |    128 |   29 |   0 |  0 |    0 |   0 |       0 | clk_div/inst/clk_out1 |
+-----------+-------+-----------------+------------+-------------+-----------------+------+--------+------+-----+----+------+-----+---------+-----------------------+
* Clock Loads column represents the clock pin loads (pin count)
** Non-Clock Loads column represents the non-clock pin loads (pin count)
*** Columns FF, LUTRAM, RAMB through 'Hard IP' represents load cell counts


25. Clock Region Cell Placement per Global Clock: Region X1Y0
-------------------------------------------------------------

+-----------+-------+-----------------+------------+-------------+-----------------+------+--------+------+-----+----+------+-----+---------+-----------------------+
| Global Id | Track | Driver Type/Pin | Constraint | Clock Loads | Non-Clock Loads | FF   | LUTRAM | RAMB | DSP | GT | MMCM | PLL | Hard IP | Net                   |
+-----------+-------+-----------------+------------+-------------+-----------------+------+--------+------+-----+----+------+-----+---------+-----------------------+
| g0        | n/a   | BUFG/O          | None       |        1968 |               0 | 1758 |    152 |   31 |   0 |  0 |    0 |   0 |       0 | clk_div/inst/clk_out1 |
+-----------+-------+-----------------+------------+-------------+-----------------+------+--------+------+-----+----+------+-----+---------+-----------------------+
* Clock Loads column represents the clock pin loads (pin count)
** Non-Clock Loads column represents the non-clock pin loads (pin count)
*** Columns FF, LUTRAM, RAMB through 'Hard IP' represents load cell counts


26. Clock Region Cell Placement per Global Clock: Region X0Y1
-------------------------------------------------------------

+-----------+-------+-----------------+------------+-------------+-----------------+------+--------+------+-----+----+------+-----+---------+---------------------------------------------------+
| Global Id | Track | Driver Type/Pin | Constraint | Clock Loads | Non-Clock Loads | FF   | LUTRAM | RAMB | DSP | GT | MMCM | PLL | Hard IP | Net                                               |
+-----------+-------+-----------------+------------+-------------+-----------------+------+--------+------+-----+----+------+-----+---------+---------------------------------------------------+
| g0        | n/a   | BUFG/O          | None       |        3372 |               0 | 3064 |    248 |   30 |   0 |  0 |    0 |   0 |       0 | clk_div/inst/clk_out1                             |
| g1        | n/a   | BUFG/O          | None       |         153 |               0 |  151 |      2 |    0 |   0 |  0 |    0 |   0 |       0 | mig_ddr3/u_mig_ddr3_mig/u_ddr3_infrastructure/CLK |
+-----------+-------+-----------------+------------+-------------+-----------------+------+--------+------+-----+----+------+-----+---------+---------------------------------------------------+
* Clock Loads column represents the clock pin loads (pin count)
** Non-Clock Loads column represents the non-clock pin loads (pin count)
*** Columns FF, LUTRAM, RAMB through 'Hard IP' represents load cell counts


27. Clock Region Cell Placement per Global Clock: Region X1Y1
-------------------------------------------------------------

+-----------+-------+-----------------+------------+-------------+-----------------+------+--------+------+-----+----+------+-----+---------+-----------------------------------------------------------+
| Global Id | Track | Driver Type/Pin | Constraint | Clock Loads | Non-Clock Loads | FF   | LUTRAM | RAMB | DSP | GT | MMCM | PLL | Hard IP | Net                                                       |
+-----------+-------+-----------------+------------+-------------+-----------------+------+--------+------+-----+----+------+-----+---------+-----------------------------------------------------------+
| g0        | n/a   | BUFG/O          | None       |        3050 |               0 | 2777 |    200 |   37 |   0 |  0 |    0 |   0 |       0 | clk_div/inst/clk_out1                                     |
| g1        | n/a   | BUFG/O          | None       |        2399 |               0 | 2305 |     84 |    0 |   0 |  0 |    1 |   0 |       0 | mig_ddr3/u_mig_ddr3_mig/u_ddr3_infrastructure/CLK         |
| g8        | n/a   | BUFG/O          | None       |          15 |               0 |   15 |      0 |    0 |   0 |  0 |    0 |   0 |       0 | clk_div/inst/clk_out3                                     |
| g13       | n/a   | BUFG/O          | None       |           1 |               0 |    1 |      0 |    0 |   0 |  0 |    0 |   0 |       0 | mig_ddr3/u_mig_ddr3_mig/u_ddr3_infrastructure/mmcm_ps_clk |
| g14       | n/a   | BUFG/O          | None       |           1 |               0 |    0 |      0 |    0 |   0 |  0 |    0 |   1 |       0 | clk_div/inst/clk_out2                                     |
| g16       | n/a   | BUFH/O          | None       |           1 |               0 |    0 |      0 |    0 |   0 |  0 |    1 |   0 |       0 | mig_ddr3/u_mig_ddr3_mig/u_ddr3_infrastructure/pll_clk3    |
+-----------+-------+-----------------+------------+-------------+-----------------+------+--------+------+-----+----+------+-----+---------+-----------------------------------------------------------+
* Clock Loads column represents the clock pin loads (pin count)
** Non-Clock Loads column represents the non-clock pin loads (pin count)
*** Columns FF, LUTRAM, RAMB through 'Hard IP' represents load cell counts


28. Clock Region Cell Placement per Global Clock: Region X0Y2
-------------------------------------------------------------

+-----------+-------+-----------------+------------+-------------+-----------------+------+--------+------+-----+----+------+-----+---------+---------------------------------------------------+
| Global Id | Track | Driver Type/Pin | Constraint | Clock Loads | Non-Clock Loads | FF   | LUTRAM | RAMB | DSP | GT | MMCM | PLL | Hard IP | Net                                               |
+-----------+-------+-----------------+------------+-------------+-----------------+------+--------+------+-----+----+------+-----+---------+---------------------------------------------------+
| g0        | n/a   | BUFG/O          | None       |        5489 |               0 | 5155 |    274 |   30 |   0 |  0 |    0 |   0 |       0 | clk_div/inst/clk_out1                             |
| g1        | n/a   | BUFG/O          | None       |         340 |               0 |  340 |      0 |    0 |   0 |  0 |    0 |   0 |       0 | mig_ddr3/u_mig_ddr3_mig/u_ddr3_infrastructure/CLK |
| g3        | n/a   | BUFG/O          | None       |         310 |               0 |  310 |      0 |    0 |   0 |  0 |    0 |   0 |       0 | wire_tck_clk_BUFG                                 |
+-----------+-------+-----------------+------------+-------------+-----------------+------+--------+------+-----+----+------+-----+---------+---------------------------------------------------+
* Clock Loads column represents the clock pin loads (pin count)
** Non-Clock Loads column represents the non-clock pin loads (pin count)
*** Columns FF, LUTRAM, RAMB through 'Hard IP' represents load cell counts


29. Clock Region Cell Placement per Global Clock: Region X1Y2
-------------------------------------------------------------

+-----------+-------+-----------------+------------+-------------+-----------------+------+--------+------+-----+----+------+-----+---------+-----------------------------------------------------------+
| Global Id | Track | Driver Type/Pin | Constraint | Clock Loads | Non-Clock Loads | FF   | LUTRAM | RAMB | DSP | GT | MMCM | PLL | Hard IP | Net                                                       |
+-----------+-------+-----------------+------------+-------------+-----------------+------+--------+------+-----+----+------+-----+---------+-----------------------------------------------------------+
| g0        | n/a   | BUFG/O          | None       |        3635 |               0 | 3424 |    144 |   33 |   0 |  0 |    0 |   0 |       0 | clk_div/inst/clk_out1                                     |
| g1        | n/a   | BUFG/O          | None       |        6033 |               0 | 5712 |    272 |    0 |   0 |  0 |    0 |   0 |       0 | mig_ddr3/u_mig_ddr3_mig/u_ddr3_infrastructure/CLK         |
| g8        | n/a   | BUFG/O          | None       |           1 |               0 |    0 |      0 |    0 |   0 |  0 |    0 |   0 |       0 | clk_div/inst/clk_out3                                     |
| g13       | n/a   | BUFG/O          | None       |          17 |               0 |   13 |      0 |    0 |   0 |  0 |    0 |   0 |       0 | mig_ddr3/u_mig_ddr3_mig/u_ddr3_infrastructure/mmcm_ps_clk |
| g15       | n/a   | BUFG/O          | None       |           1 |               0 |    0 |      0 |    0 |   0 |  0 |    1 |   0 |       0 | clk_div/inst/clkfbout_buf_clk_divider                     |
+-----------+-------+-----------------+------------+-------------+-----------------+------+--------+------+-----+----+------+-----+---------+-----------------------------------------------------------+
* Clock Loads column represents the clock pin loads (pin count)
** Non-Clock Loads column represents the non-clock pin loads (pin count)
*** Columns FF, LUTRAM, RAMB through 'Hard IP' represents load cell counts


30. Clock Region Cell Placement per Global Clock: Region X0Y3
-------------------------------------------------------------

+-----------+-------+-----------------+------------+-------------+-----------------+------+--------+------+-----+----+------+-----+---------+---------------------------------------------------+
| Global Id | Track | Driver Type/Pin | Constraint | Clock Loads | Non-Clock Loads | FF   | LUTRAM | RAMB | DSP | GT | MMCM | PLL | Hard IP | Net                                               |
+-----------+-------+-----------------+------------+-------------+-----------------+------+--------+------+-----+----+------+-----+---------+---------------------------------------------------+
| g0        | n/a   | BUFG/O          | None       |        9556 |               8 | 9151 |    346 |   25 |   9 |  0 |    0 |   0 |       0 | clk_div/inst/clk_out1                             |
| g1        | n/a   | BUFG/O          | None       |         105 |               0 |  105 |      0 |    0 |   0 |  0 |    0 |   0 |       0 | mig_ddr3/u_mig_ddr3_mig/u_ddr3_infrastructure/CLK |
| g8        | n/a   | BUFG/O          | None       |          46 |               0 |   45 |      0 |    0 |   0 |  0 |    0 |   0 |       0 | clk_div/inst/clk_out3                             |
+-----------+-------+-----------------+------------+-------------+-----------------+------+--------+------+-----+----+------+-----+---------+---------------------------------------------------+
* Clock Loads column represents the clock pin loads (pin count)
** Non-Clock Loads column represents the non-clock pin loads (pin count)
*** Columns FF, LUTRAM, RAMB through 'Hard IP' represents load cell counts


31. Clock Region Cell Placement per Global Clock: Region X1Y3
-------------------------------------------------------------

+-----------+-------+-----------------+------------+-------------+-----------------+------+--------+------+-----+----+------+-----+---------+---------------------------------------------------+
| Global Id | Track | Driver Type/Pin | Constraint | Clock Loads | Non-Clock Loads | FF   | LUTRAM | RAMB | DSP | GT | MMCM | PLL | Hard IP | Net                                               |
+-----------+-------+-----------------+------------+-------------+-----------------+------+--------+------+-----+----+------+-----+---------+---------------------------------------------------+
| g0        | n/a   | BUFG/O          | None       |        7786 |               1 | 7720 |     40 |   11 |   4 |  0 |    0 |   0 |       0 | clk_div/inst/clk_out1                             |
| g1        | n/a   | BUFG/O          | None       |           4 |               0 |    4 |      0 |    0 |   0 |  0 |    0 |   0 |       0 | mig_ddr3/u_mig_ddr3_mig/u_ddr3_infrastructure/CLK |
+-----------+-------+-----------------+------------+-------------+-----------------+------+--------+------+-----+----+------+-----+---------+---------------------------------------------------+
* Clock Loads column represents the clock pin loads (pin count)
** Non-Clock Loads column represents the non-clock pin loads (pin count)
*** Columns FF, LUTRAM, RAMB through 'Hard IP' represents load cell counts


32. Clock Region Cell Placement per Global Clock: Region X0Y4
-------------------------------------------------------------

+-----------+-------+-----------------+------------+-------------+-----------------+-------+--------+------+-----+----+------+-----+---------+-----------------------------------------------------------------------+
| Global Id | Track | Driver Type/Pin | Constraint | Clock Loads | Non-Clock Loads | FF    | LUTRAM | RAMB | DSP | GT | MMCM | PLL | Hard IP | Net                                                                   |
+-----------+-------+-----------------+------------+-------------+-----------------+-------+--------+------+-----+----+------+-----+---------+-----------------------------------------------------------------------+
| g0        | n/a   | BUFG/O          | None       |       11677 |               0 | 11457 |    167 |   20 |   9 |  0 |    0 |   0 |       0 | clk_div/inst/clk_out1                                                 |
| g7        | n/a   | BUFG/O          | None       |         243 |               0 |   243 |      0 |    0 |   0 |  0 |    0 |   0 |       0 | soc/mixed_cluster/gptimer3/gptimer_clk_divider_clock_selector_CLK_OUT |
| g11       | n/a   | BUFG/O          | None       |          54 |               0 |    54 |      0 |    0 |   0 |  0 |    0 |   0 |       0 | mixed_clustern_0_64203_BUFG                                           |
+-----------+-------+-----------------+------------+-------------+-----------------+-------+--------+------+-----+----+------+-----+---------+-----------------------------------------------------------------------+
* Clock Loads column represents the clock pin loads (pin count)
** Non-Clock Loads column represents the non-clock pin loads (pin count)
*** Columns FF, LUTRAM, RAMB through 'Hard IP' represents load cell counts


33. Clock Region Cell Placement per Global Clock: Region X1Y4
-------------------------------------------------------------

+-----------+-------+-----------------+------------+-------------+-----------------+------+--------+------+-----+----+------+-----+---------+-------------------------------------------------------------+
| Global Id | Track | Driver Type/Pin | Constraint | Clock Loads | Non-Clock Loads | FF   | LUTRAM | RAMB | DSP | GT | MMCM | PLL | Hard IP | Net                                                         |
+-----------+-------+-----------------+------------+-------------+-----------------+------+--------+------+-----+----+------+-----+---------+-------------------------------------------------------------+
| g0        | n/a   | BUFG/O          | None       |        8174 |               0 | 8154 |      0 |   10 |   1 |  0 |    0 |   0 |       0 | clk_div/inst/clk_out1                                       |
| g2        | n/a   | BUFG/O          | None       |         896 |               0 |  896 |      0 |    0 |   0 |  0 |    0 |   0 |       0 | soc/pwm_cluster/pwm0/pwm_clk_divider_clock_selector_CLK_OUT |
+-----------+-------+-----------------+------------+-------------+-----------------+------+--------+------+-----+----+------+-----+---------+-------------------------------------------------------------+
* Clock Loads column represents the clock pin loads (pin count)
** Non-Clock Loads column represents the non-clock pin loads (pin count)
*** Columns FF, LUTRAM, RAMB through 'Hard IP' represents load cell counts


34. Clock Region Cell Placement per Global Clock: Region X0Y5
-------------------------------------------------------------

+-----------+-------+-----------------+------------+-------------+-----------------+------+--------+------+-----+----+------+-----+---------+-----------------------------------------------------------------------+
| Global Id | Track | Driver Type/Pin | Constraint | Clock Loads | Non-Clock Loads | FF   | LUTRAM | RAMB | DSP | GT | MMCM | PLL | Hard IP | Net                                                                   |
+-----------+-------+-----------------+------------+-------------+-----------------+------+--------+------+-----+----+------+-----+---------+-----------------------------------------------------------------------+
| g0        | n/a   | BUFG/O          | None       |        7928 |               0 | 7514 |    354 |   30 |   0 |  0 |    0 |   0 |       0 | clk_div/inst/clk_out1                                                 |
| g4        | n/a   | BUFG/O          | None       |         243 |               0 |  243 |      0 |    0 |   0 |  0 |    0 |   0 |       0 | soc/mixed_cluster/gptimer0/gptimer_clk_divider_clock_selector_CLK_OUT |
| g5        | n/a   | BUFG/O          | None       |         243 |               0 |  243 |      0 |    0 |   0 |  0 |    0 |   0 |       0 | soc/mixed_cluster/gptimer1/gptimer_clk_divider_clock_selector_CLK_OUT |
| g6        | n/a   | BUFG/O          | None       |         243 |               0 |  243 |      0 |    0 |   0 |  0 |    0 |   0 |       0 | soc/mixed_cluster/gptimer2/gptimer_clk_divider_clock_selector_CLK_OUT |
| g9        | n/a   | BUFG/O          | None       |          54 |               0 |   54 |      0 |    0 |   0 |  0 |    0 |   0 |       0 | mixed_clustern_0_64197_BUFG                                           |
| g10       | n/a   | BUFG/O          | None       |          54 |               0 |   54 |      0 |    0 |   0 |  0 |    0 |   0 |       0 | mixed_clustern_0_64200_BUFG                                           |
| g12       | n/a   | BUFG/O          | None       |          54 |               0 |   54 |      0 |    0 |   0 |  0 |    0 |   0 |       0 | mixed_clustern_0_68762_BUFG                                           |
+-----------+-------+-----------------+------------+-------------+-----------------+------+--------+------+-----+----+------+-----+---------+-----------------------------------------------------------------------+
* Clock Loads column represents the clock pin loads (pin count)
** Non-Clock Loads column represents the non-clock pin loads (pin count)
*** Columns FF, LUTRAM, RAMB through 'Hard IP' represents load cell counts


35. Clock Region Cell Placement per Global Clock: Region X1Y5
-------------------------------------------------------------

+-----------+-------+-----------------+------------+-------------+-----------------+------+--------+------+-----+----+------+-----+---------+-------------------------------------------------------------+
| Global Id | Track | Driver Type/Pin | Constraint | Clock Loads | Non-Clock Loads | FF   | LUTRAM | RAMB | DSP | GT | MMCM | PLL | Hard IP | Net                                                         |
+-----------+-------+-----------------+------------+-------------+-----------------+------+--------+------+-----+----+------+-----+---------+-------------------------------------------------------------+
| g0        | n/a   | BUFG/O          | None       |        9560 |               0 | 9500 |     40 |   10 |   0 |  0 |    0 |   0 |       0 | clk_div/inst/clk_out1                                       |
| g2        | n/a   | BUFG/O          | None       |          10 |               0 |   10 |      0 |    0 |   0 |  0 |    0 |   0 |       0 | soc/pwm_cluster/pwm0/pwm_clk_divider_clock_selector_CLK_OUT |
+-----------+-------+-----------------+------------+-------------+-----------------+------+--------+------+-----+----+------+-----+---------+-------------------------------------------------------------+
* Clock Loads column represents the clock pin loads (pin count)
** Non-Clock Loads column represents the non-clock pin loads (pin count)
*** Columns FF, LUTRAM, RAMB through 'Hard IP' represents load cell counts


36. Clock Region Cell Placement per Global Clock: Region X0Y6
-------------------------------------------------------------

+-----------+-------+-----------------+------------+-------------+-----------------+------+--------+------+-----+----+------+-----+---------+-----------------------+
| Global Id | Track | Driver Type/Pin | Constraint | Clock Loads | Non-Clock Loads | FF   | LUTRAM | RAMB | DSP | GT | MMCM | PLL | Hard IP | Net                   |
+-----------+-------+-----------------+------------+-------------+-----------------+------+--------+------+-----+----+------+-----+---------+-----------------------+
| g0        | n/a   | BUFG/O          | None       |        3425 |               0 | 3142 |    240 |   22 |   0 |  0 |    0 |   0 |       0 | clk_div/inst/clk_out1 |
+-----------+-------+-----------------+------------+-------------+-----------------+------+--------+------+-----+----+------+-----+---------+-----------------------+
* Clock Loads column represents the clock pin loads (pin count)
** Non-Clock Loads column represents the non-clock pin loads (pin count)
*** Columns FF, LUTRAM, RAMB through 'Hard IP' represents load cell counts


37. Clock Region Cell Placement per Global Clock: Region X1Y6
-------------------------------------------------------------

+-----------+-------+-----------------+------------+-------------+-----------------+------+--------+------+-----+----+------+-----+---------+-----------------------+
| Global Id | Track | Driver Type/Pin | Constraint | Clock Loads | Non-Clock Loads | FF   | LUTRAM | RAMB | DSP | GT | MMCM | PLL | Hard IP | Net                   |
+-----------+-------+-----------------+------------+-------------+-----------------+------+--------+------+-----+----+------+-----+---------+-----------------------+
| g0        | n/a   | BUFG/O          | None       |        2088 |               0 | 2077 |      0 |    5 |   0 |  0 |    0 |   0 |       0 | clk_div/inst/clk_out1 |
+-----------+-------+-----------------+------------+-------------+-----------------+------+--------+------+-----+----+------+-----+---------+-----------------------+
* Clock Loads column represents the clock pin loads (pin count)
** Non-Clock Loads column represents the non-clock pin loads (pin count)
*** Columns FF, LUTRAM, RAMB through 'Hard IP' represents load cell counts



# Location of BUFG Primitives 
set_property LOC BUFGCTRL_X0Y6 [get_cells wire_tck_clk_BUFG_inst]
set_property LOC BUFGCTRL_X0Y5 [get_cells dSyncReg1_reg_i_1]
set_property LOC BUFGCTRL_X0Y9 [get_cells dSyncReg1_reg_i_1__2]
set_property LOC BUFGCTRL_X0Y8 [get_cells dSyncReg1_reg_i_1__1]
set_property LOC BUFGCTRL_X0Y7 [get_cells dSyncReg1_reg_i_1__0]
set_property LOC BUFGCTRL_X0Y10 [get_cells dSyncReg1_reg_i_1__3]
set_property LOC BUFGCTRL_X0Y14 [get_cells mixed_clustern_0_68762_BUFG_inst]
set_property LOC BUFGCTRL_X0Y13 [get_cells mixed_clustern_0_64203_BUFG_inst]
set_property LOC BUFGCTRL_X0Y12 [get_cells mixed_clustern_0_64200_BUFG_inst]
set_property LOC BUFGCTRL_X0Y11 [get_cells mixed_clustern_0_64197_BUFG_inst]
set_property LOC BUFGCTRL_X0Y2 [get_cells mig_ddr3/u_mig_ddr3_mig/u_ddr3_infrastructure/gen_mmcm.u_bufg_mmcm_ps_clk]
set_property LOC BUFGCTRL_X0Y0 [get_cells mig_ddr3/u_mig_ddr3_mig/u_ddr3_infrastructure/u_bufg_clkdiv0]
set_property LOC BUFGCTRL_X0Y15 [get_cells clk_div/inst/clkf_buf]
set_property LOC BUFGCTRL_X0Y1 [get_cells clk_div/inst/clkout3_buf]
set_property LOC BUFGCTRL_X0Y3 [get_cells clk_div/inst/clkout2_buf]
set_property LOC BUFGCTRL_X0Y4 [get_cells clk_div/inst/clkout1_buf]

# Location of BUFH Primitives 
set_property LOC BUFHCE_X1Y12 [get_cells mig_ddr3/u_mig_ddr3_mig/u_ddr3_infrastructure/u_bufh_pll_clk3]

# Location of IO Primitives which is load of clock spine

# Location of clock ports
set_property LOC IOB_X1Y75 [get_ports sys_clk_n]
set_property LOC IOB_X1Y76 [get_ports sys_clk_p]

# Clock net "wire_tck_clk_BUFG" driven by instance "wire_tck_clk_BUFG_inst" located at site "BUFGCTRL_X0Y6"
#startgroup
create_pblock {CLKAG_wire_tck_clk_BUFG}
add_cells_to_pblock [get_pblocks  {CLKAG_wire_tck_clk_BUFG}] [get_cells -filter { PRIMITIVE_GROUP != I/O && IS_PRIMITIVE==1 && PRIMITIVE_LEVEL !=INTERNAL } -of_object [get_pins -filter {DIRECTION==IN} -of_objects [get_nets -hierarchical -filter {PARENT=="wire_tck_clk_BUFG"}]]]
resize_pblock [get_pblocks {CLKAG_wire_tck_clk_BUFG}] -add {CLOCKREGION_X0Y2:CLOCKREGION_X0Y2}
#endgroup

# Clock net "soc/pwm_cluster/pwm0/pwm_clk_divider_clock_selector_CLK_OUT" driven by instance "dSyncReg1_reg_i_1" located at site "BUFGCTRL_X0Y5"
#startgroup
create_pblock {CLKAG_soc/pwm_cluster/pwm0/pwm_clk_divider_clock_selector_CLK_OUT}
add_cells_to_pblock [get_pblocks  {CLKAG_soc/pwm_cluster/pwm0/pwm_clk_divider_clock_selector_CLK_OUT}] [get_cells -filter { PRIMITIVE_GROUP != I/O && IS_PRIMITIVE==1 && PRIMITIVE_LEVEL !=INTERNAL } -of_object [get_pins -filter {DIRECTION==IN} -of_objects [get_nets -hierarchical -filter {PARENT=="soc/pwm_cluster/pwm0/pwm_clk_divider_clock_selector_CLK_OUT"}]]]
resize_pblock [get_pblocks {CLKAG_soc/pwm_cluster/pwm0/pwm_clk_divider_clock_selector_CLK_OUT}] -add {CLOCKREGION_X1Y4:CLOCKREGION_X1Y4 CLOCKREGION_X1Y5:CLOCKREGION_X1Y5}
#endgroup

# Clock net "soc/mixed_cluster/gptimer3/gptimer_clk_divider_clock_selector_CLK_OUT" driven by instance "dSyncReg1_reg_i_1__2" located at site "BUFGCTRL_X0Y9"
#startgroup
create_pblock {CLKAG_soc/mixed_cluster/gptimer3/gptimer_clk_divider_clock_selector_CLK_OUT}
add_cells_to_pblock [get_pblocks  {CLKAG_soc/mixed_cluster/gptimer3/gptimer_clk_divider_clock_selector_CLK_OUT}] [get_cells -filter { PRIMITIVE_GROUP != I/O && IS_PRIMITIVE==1 && PRIMITIVE_LEVEL !=INTERNAL } -of_object [get_pins -filter {DIRECTION==IN} -of_objects [get_nets -hierarchical -filter {PARENT=="soc/mixed_cluster/gptimer3/gptimer_clk_divider_clock_selector_CLK_OUT"}]]]
resize_pblock [get_pblocks {CLKAG_soc/mixed_cluster/gptimer3/gptimer_clk_divider_clock_selector_CLK_OUT}] -add {CLOCKREGION_X0Y4:CLOCKREGION_X0Y4}
#endgroup

# Clock net "soc/mixed_cluster/gptimer2/gptimer_clk_divider_clock_selector_CLK_OUT" driven by instance "dSyncReg1_reg_i_1__1" located at site "BUFGCTRL_X0Y8"
#startgroup
create_pblock {CLKAG_soc/mixed_cluster/gptimer2/gptimer_clk_divider_clock_selector_CLK_OUT}
add_cells_to_pblock [get_pblocks  {CLKAG_soc/mixed_cluster/gptimer2/gptimer_clk_divider_clock_selector_CLK_OUT}] [get_cells -filter { PRIMITIVE_GROUP != I/O && IS_PRIMITIVE==1 && PRIMITIVE_LEVEL !=INTERNAL } -of_object [get_pins -filter {DIRECTION==IN} -of_objects [get_nets -hierarchical -filter {PARENT=="soc/mixed_cluster/gptimer2/gptimer_clk_divider_clock_selector_CLK_OUT"}]]]
resize_pblock [get_pblocks {CLKAG_soc/mixed_cluster/gptimer2/gptimer_clk_divider_clock_selector_CLK_OUT}] -add {CLOCKREGION_X0Y5:CLOCKREGION_X0Y5}
#endgroup

# Clock net "soc/mixed_cluster/gptimer1/gptimer_clk_divider_clock_selector_CLK_OUT" driven by instance "dSyncReg1_reg_i_1__0" located at site "BUFGCTRL_X0Y7"
#startgroup
create_pblock {CLKAG_soc/mixed_cluster/gptimer1/gptimer_clk_divider_clock_selector_CLK_OUT}
add_cells_to_pblock [get_pblocks  {CLKAG_soc/mixed_cluster/gptimer1/gptimer_clk_divider_clock_selector_CLK_OUT}] [get_cells -filter { PRIMITIVE_GROUP != I/O && IS_PRIMITIVE==1 && PRIMITIVE_LEVEL !=INTERNAL } -of_object [get_pins -filter {DIRECTION==IN} -of_objects [get_nets -hierarchical -filter {PARENT=="soc/mixed_cluster/gptimer1/gptimer_clk_divider_clock_selector_CLK_OUT"}]]]
resize_pblock [get_pblocks {CLKAG_soc/mixed_cluster/gptimer1/gptimer_clk_divider_clock_selector_CLK_OUT}] -add {CLOCKREGION_X0Y5:CLOCKREGION_X0Y5}
#endgroup

# Clock net "soc/mixed_cluster/gptimer0/gptimer_clk_divider_clock_selector_CLK_OUT" driven by instance "dSyncReg1_reg_i_1__3" located at site "BUFGCTRL_X0Y10"
#startgroup
create_pblock {CLKAG_soc/mixed_cluster/gptimer0/gptimer_clk_divider_clock_selector_CLK_OUT}
add_cells_to_pblock [get_pblocks  {CLKAG_soc/mixed_cluster/gptimer0/gptimer_clk_divider_clock_selector_CLK_OUT}] [get_cells -filter { PRIMITIVE_GROUP != I/O && IS_PRIMITIVE==1 && PRIMITIVE_LEVEL !=INTERNAL } -of_object [get_pins -filter {DIRECTION==IN} -of_objects [get_nets -hierarchical -filter {PARENT=="soc/mixed_cluster/gptimer0/gptimer_clk_divider_clock_selector_CLK_OUT"}]]]
resize_pblock [get_pblocks {CLKAG_soc/mixed_cluster/gptimer0/gptimer_clk_divider_clock_selector_CLK_OUT}] -add {CLOCKREGION_X0Y5:CLOCKREGION_X0Y5}
#endgroup

# Clock net "mixed_clustern_0_68762_BUFG" driven by instance "mixed_clustern_0_68762_BUFG_inst" located at site "BUFGCTRL_X0Y14"
#startgroup
create_pblock {CLKAG_mixed_clustern_0_68762_BUFG}
add_cells_to_pblock [get_pblocks  {CLKAG_mixed_clustern_0_68762_BUFG}] [get_cells -filter { PRIMITIVE_GROUP != I/O && IS_PRIMITIVE==1 && PRIMITIVE_LEVEL !=INTERNAL } -of_object [get_pins -filter {DIRECTION==IN} -of_objects [get_nets -hierarchical -filter {PARENT=="mixed_clustern_0_68762_BUFG"}]]]
resize_pblock [get_pblocks {CLKAG_mixed_clustern_0_68762_BUFG}] -add {CLOCKREGION_X0Y5:CLOCKREGION_X0Y5}
#endgroup

# Clock net "mixed_clustern_0_64203_BUFG" driven by instance "mixed_clustern_0_64203_BUFG_inst" located at site "BUFGCTRL_X0Y13"
#startgroup
create_pblock {CLKAG_mixed_clustern_0_64203_BUFG}
add_cells_to_pblock [get_pblocks  {CLKAG_mixed_clustern_0_64203_BUFG}] [get_cells -filter { PRIMITIVE_GROUP != I/O && IS_PRIMITIVE==1 && PRIMITIVE_LEVEL !=INTERNAL } -of_object [get_pins -filter {DIRECTION==IN} -of_objects [get_nets -hierarchical -filter {PARENT=="mixed_clustern_0_64203_BUFG"}]]]
resize_pblock [get_pblocks {CLKAG_mixed_clustern_0_64203_BUFG}] -add {CLOCKREGION_X0Y4:CLOCKREGION_X0Y4}
#endgroup

# Clock net "mixed_clustern_0_64200_BUFG" driven by instance "mixed_clustern_0_64200_BUFG_inst" located at site "BUFGCTRL_X0Y12"
#startgroup
create_pblock {CLKAG_mixed_clustern_0_64200_BUFG}
add_cells_to_pblock [get_pblocks  {CLKAG_mixed_clustern_0_64200_BUFG}] [get_cells -filter { PRIMITIVE_GROUP != I/O && IS_PRIMITIVE==1 && PRIMITIVE_LEVEL !=INTERNAL } -of_object [get_pins -filter {DIRECTION==IN} -of_objects [get_nets -hierarchical -filter {PARENT=="mixed_clustern_0_64200_BUFG"}]]]
resize_pblock [get_pblocks {CLKAG_mixed_clustern_0_64200_BUFG}] -add {CLOCKREGION_X0Y5:CLOCKREGION_X0Y5}
#endgroup

# Clock net "mixed_clustern_0_64197_BUFG" driven by instance "mixed_clustern_0_64197_BUFG_inst" located at site "BUFGCTRL_X0Y11"
#startgroup
create_pblock {CLKAG_mixed_clustern_0_64197_BUFG}
add_cells_to_pblock [get_pblocks  {CLKAG_mixed_clustern_0_64197_BUFG}] [get_cells -filter { PRIMITIVE_GROUP != I/O && IS_PRIMITIVE==1 && PRIMITIVE_LEVEL !=INTERNAL } -of_object [get_pins -filter {DIRECTION==IN} -of_objects [get_nets -hierarchical -filter {PARENT=="mixed_clustern_0_64197_BUFG"}]]]
resize_pblock [get_pblocks {CLKAG_mixed_clustern_0_64197_BUFG}] -add {CLOCKREGION_X0Y5:CLOCKREGION_X0Y5}
#endgroup

# Clock net "mig_ddr3/u_mig_ddr3_mig/u_ddr3_infrastructure/mmcm_ps_clk" driven by instance "mig_ddr3/u_mig_ddr3_mig/u_ddr3_infrastructure/gen_mmcm.u_bufg_mmcm_ps_clk" located at site "BUFGCTRL_X0Y2"
#startgroup
create_pblock {CLKAG_mig_ddr3/u_mig_ddr3_mig/u_ddr3_infrastructure/mmcm_ps_clk}
add_cells_to_pblock [get_pblocks  {CLKAG_mig_ddr3/u_mig_ddr3_mig/u_ddr3_infrastructure/mmcm_ps_clk}] [get_cells -filter { PRIMITIVE_GROUP != I/O && IS_PRIMITIVE==1 && PRIMITIVE_LEVEL !=INTERNAL } -of_object [get_pins -filter {DIRECTION==IN} -of_objects [get_nets -hierarchical -filter {PARENT=="mig_ddr3/u_mig_ddr3_mig/u_ddr3_infrastructure/mmcm_ps_clk"}]]]
resize_pblock [get_pblocks {CLKAG_mig_ddr3/u_mig_ddr3_mig/u_ddr3_infrastructure/mmcm_ps_clk}] -add {CLOCKREGION_X1Y1:CLOCKREGION_X1Y1 CLOCKREGION_X1Y2:CLOCKREGION_X1Y2}
#endgroup

# Clock net "mig_ddr3/u_mig_ddr3_mig/u_ddr3_infrastructure/CLK" driven by instance "mig_ddr3/u_mig_ddr3_mig/u_ddr3_infrastructure/u_bufg_clkdiv0" located at site "BUFGCTRL_X0Y0"
#startgroup
create_pblock {CLKAG_mig_ddr3/u_mig_ddr3_mig/u_ddr3_infrastructure/CLK}
add_cells_to_pblock [get_pblocks  {CLKAG_mig_ddr3/u_mig_ddr3_mig/u_ddr3_infrastructure/CLK}] [get_cells -filter { PRIMITIVE_GROUP != I/O && IS_PRIMITIVE==1 && PRIMITIVE_LEVEL !=INTERNAL && NAME!=mig_ddr3/u_mig_ddr3_mig/u_ddr3_infrastructure/gen_mmcm.mmcm_i} -of_object [get_pins -filter {DIRECTION==IN} -of_objects [get_nets -hierarchical -filter {PARENT=="mig_ddr3/u_mig_ddr3_mig/u_ddr3_infrastructure/CLK"}]]]
resize_pblock [get_pblocks {CLKAG_mig_ddr3/u_mig_ddr3_mig/u_ddr3_infrastructure/CLK}] -add {CLOCKREGION_X0Y1:CLOCKREGION_X0Y1 CLOCKREGION_X0Y2:CLOCKREGION_X0Y2 CLOCKREGION_X0Y3:CLOCKREGION_X0Y3 CLOCKREGION_X1Y1:CLOCKREGION_X1Y1 CLOCKREGION_X1Y2:CLOCKREGION_X1Y2 CLOCKREGION_X1Y3:CLOCKREGION_X1Y3}
#endgroup

# Clock net "clk_div/inst/clk_out3" driven by instance "clk_div/inst/clkout3_buf" located at site "BUFGCTRL_X0Y1"
#startgroup
create_pblock {CLKAG_clk_div/inst/clk_out3}
add_cells_to_pblock [get_pblocks  {CLKAG_clk_div/inst/clk_out3}] [get_cells -filter { PRIMITIVE_GROUP != I/O && IS_PRIMITIVE==1 && PRIMITIVE_LEVEL !=INTERNAL } -of_object [get_pins -filter {DIRECTION==IN} -of_objects [get_nets -hierarchical -filter {PARENT=="clk_div/inst/clk_out3"}]]]
resize_pblock [get_pblocks {CLKAG_clk_div/inst/clk_out3}] -add {CLOCKREGION_X0Y3:CLOCKREGION_X0Y3 CLOCKREGION_X1Y1:CLOCKREGION_X1Y1 CLOCKREGION_X1Y2:CLOCKREGION_X1Y2}
#endgroup

# Clock net "clk_div/inst/clk_out1" driven by instance "clk_div/inst/clkout1_buf" located at site "BUFGCTRL_X0Y4"
#startgroup
create_pblock {CLKAG_clk_div/inst/clk_out1}
add_cells_to_pblock [get_pblocks  {CLKAG_clk_div/inst/clk_out1}] [get_cells -filter { PRIMITIVE_GROUP != I/O && IS_PRIMITIVE==1 && PRIMITIVE_LEVEL !=INTERNAL } -of_object [get_pins -filter {DIRECTION==IN} -of_objects [get_nets -hierarchical -filter {PARENT=="clk_div/inst/clk_out1"}]]]
resize_pblock [get_pblocks {CLKAG_clk_div/inst/clk_out1}] -add {CLOCKREGION_X0Y0:CLOCKREGION_X0Y0 CLOCKREGION_X0Y1:CLOCKREGION_X0Y1 CLOCKREGION_X0Y2:CLOCKREGION_X0Y2 CLOCKREGION_X0Y3:CLOCKREGION_X0Y3 CLOCKREGION_X0Y4:CLOCKREGION_X0Y4 CLOCKREGION_X0Y5:CLOCKREGION_X0Y5 CLOCKREGION_X0Y6:CLOCKREGION_X0Y6 CLOCKREGION_X1Y0:CLOCKREGION_X1Y0 CLOCKREGION_X1Y1:CLOCKREGION_X1Y1 CLOCKREGION_X1Y2:CLOCKREGION_X1Y2 CLOCKREGION_X1Y3:CLOCKREGION_X1Y3 CLOCKREGION_X1Y4:CLOCKREGION_X1Y4 CLOCKREGION_X1Y5:CLOCKREGION_X1Y5 CLOCKREGION_X1Y6:CLOCKREGION_X1Y6}
#endgroup
