Copyright 1986-2018 Xilinx, Inc. All Rights Reserved.
---------------------------------------------------------------------------------------------------------------
| Tool Version : Vivado v.2018.3 (lin64) Build 2405991 Thu Dec  6 23:36:41 MST 2018
| Date         : Mon Apr 27 13:29:31 2026
| Host         : jarvis running 64-bit Ubuntu 24.04.4 LTS
| Command      : report_drc -file fpga_top_drc_opted.rpt -pb fpga_top_drc_opted.pb -rpx fpga_top_drc_opted.rpx
| Design       : fpga_top
| Device       : xc7a200tsbg484-1
| Speed File   : -1
| Design State : Synthesized
---------------------------------------------------------------------------------------------------------------

Report DRC

Table of Contents
-----------------
1. REPORT SUMMARY
2. REPORT DETAILS

1. REPORT SUMMARY
-----------------
            Netlist: netlist
          Floorplan: checkpoint_fpga_top
      Design limits: <entire design considered>
           Ruledeck: default
             Max violations: <unlimited>
             Violations found: 62
+-----------+----------+-----------------------------------------------------+------------+
| Rule      | Severity | Description                                         | Violations |
+-----------+----------+-----------------------------------------------------+------------+
| BUFC-1    | Warning  | Input Buffer Connections                            | 2          |
| CFGBVS-1  | Warning  | Missing CFGBVS and CONFIG_VOLTAGE Design Properties | 1          |
| CHECK-3   | Warning  | Report rule limit reached                           | 2          |
| DPOP-1    | Warning  | PREG Output pipelining                              | 6          |
| DPOP-2    | Warning  | MREG Output pipelining                              | 10         |
| REQP-1709 | Warning  | Clock output buffering                              | 1          |
| REQP-1839 | Warning  | RAMB36 async control check                          | 20         |
| REQP-1840 | Warning  | RAMB18 async control check                          | 20         |
+-----------+----------+-----------------------------------------------------+------------+

2. REPORT DETAILS
-----------------
BUFC-1#1 Warning
Input Buffer Connections  
Input buffer mig_ddr3/u_mig_ddr3_mig/u_memc_ui_top_axi/mem_intfc0/ddr_phy_top0/u_ddr_mc_phy_wrapper/gen_dqs_iobuf_HR.gen_dqs_iobuf[0].gen_dqs_diff.u_iobuf_dqs/IBUFDS_0 (in mig_ddr3/u_mig_ddr3_mig/u_memc_ui_top_axi/mem_intfc0/ddr_phy_top0/u_ddr_mc_phy_wrapper/gen_dqs_iobuf_HR.gen_dqs_iobuf[0].gen_dqs_diff.u_iobuf_dqs macro) has no loads. It is recommended to have an input buffer drive an internal load.
Related violations: <none>

BUFC-1#2 Warning
Input Buffer Connections  
Input buffer mig_ddr3/u_mig_ddr3_mig/u_memc_ui_top_axi/mem_intfc0/ddr_phy_top0/u_ddr_mc_phy_wrapper/gen_dqs_iobuf_HR.gen_dqs_iobuf[1].gen_dqs_diff.u_iobuf_dqs/IBUFDS_0 (in mig_ddr3/u_mig_ddr3_mig/u_memc_ui_top_axi/mem_intfc0/ddr_phy_top0/u_ddr_mc_phy_wrapper/gen_dqs_iobuf_HR.gen_dqs_iobuf[1].gen_dqs_diff.u_iobuf_dqs macro) has no loads. It is recommended to have an input buffer drive an internal load.
Related violations: <none>

CFGBVS-1#1 Warning
Missing CFGBVS and CONFIG_VOLTAGE Design Properties  
Neither the CFGBVS nor CONFIG_VOLTAGE voltage property is set in the current_design.  Configuration bank voltage select (CFGBVS) must be set to VCCO or GND, and CONFIG_VOLTAGE must be set to the correct configuration voltage, in order to determine the I/O voltage support for the pins in bank 0.  It is suggested to specify these either using the 'Edit Device Properties' function in the GUI or directly in the XDC file using the following syntax:

 set_property CFGBVS value1 [current_design]
 #where value1 is either VCCO or GND

 set_property CONFIG_VOLTAGE value2 [current_design]
 #where value2 is the voltage provided to configuration bank 0

Refer to the device configuration user guide for more information.
Related violations: <none>

CHECK-3#1 Warning
Report rule limit reached  
REQP-1839 rule limit reached: 20 violations have been found.
Related violations: <none>

CHECK-3#2 Warning
Report rule limit reached  
REQP-1840 rule limit reached: 20 violations have been found.
Related violations: <none>

DPOP-1#1 Warning
PREG Output pipelining  
DSP cnn_inst/grp_cnn_accel_Pipeline_VITIS_LOOP_42_3_VITIS_LOOP_43_4_fu_235/mul_32ns_32s_62_2_1_U1/tmp_product__0 output cnn_inst/grp_cnn_accel_Pipeline_VITIS_LOOP_42_3_VITIS_LOOP_43_4_fu_235/mul_32ns_32s_62_2_1_U1/tmp_product__0/P[47:0] is not pipelined (PREG=0). Pipelining the DSP48 output will improve performance and often saves power so it is suggested whenever possible to fully pipeline this function.  If this DSP48 function was inferred, it is suggested to describe an additional register stage after this function.  If the DSP48 was instantiated in the design, it is suggested to set the PREG attribute to 1.
Related violations: <none>

DPOP-1#2 Warning
PREG Output pipelining  
DSP cnn_inst/grp_cnn_accel_Pipeline_VITIS_LOOP_83_8_VITIS_LOOP_84_9_fu_272/mul_28s_28s_28_3_1_U31/tmp_product output cnn_inst/grp_cnn_accel_Pipeline_VITIS_LOOP_83_8_VITIS_LOOP_84_9_fu_272/mul_28s_28s_28_3_1_U31/tmp_product/P[47:0] is not pipelined (PREG=0). Pipelining the DSP48 output will improve performance and often saves power so it is suggested whenever possible to fully pipeline this function.  If this DSP48 function was inferred, it is suggested to describe an additional register stage after this function.  If the DSP48 was instantiated in the design, it is suggested to set the PREG attribute to 1.
Related violations: <none>

DPOP-1#3 Warning
PREG Output pipelining  
DSP core/soc/ccore/riscv/mbox/mul_/signed_mul/c output core/soc/ccore/riscv/mbox/mul_/signed_mul/c/P[47:0] is not pipelined (PREG=0). Pipelining the DSP48 output will improve performance and often saves power so it is suggested whenever possible to fully pipeline this function.  If this DSP48 function was inferred, it is suggested to describe an additional register stage after this function.  If the DSP48 was instantiated in the design, it is suggested to set the PREG attribute to 1.
Related violations: <none>

DPOP-1#4 Warning
PREG Output pipelining  
DSP core/soc/ccore/riscv/mbox/mul_/signed_mul/c__0 output core/soc/ccore/riscv/mbox/mul_/signed_mul/c__0/P[47:0] is not pipelined (PREG=0). Pipelining the DSP48 output will improve performance and often saves power so it is suggested whenever possible to fully pipeline this function.  If this DSP48 function was inferred, it is suggested to describe an additional register stage after this function.  If the DSP48 was instantiated in the design, it is suggested to set the PREG attribute to 1.
Related violations: <none>

DPOP-1#5 Warning
PREG Output pipelining  
DSP core/soc/ccore/riscv/mbox/mul_/signed_mul/c__1 output core/soc/ccore/riscv/mbox/mul_/signed_mul/c__1/P[47:0] is not pipelined (PREG=0). Pipelining the DSP48 output will improve performance and often saves power so it is suggested whenever possible to fully pipeline this function.  If this DSP48 function was inferred, it is suggested to describe an additional register stage after this function.  If the DSP48 was instantiated in the design, it is suggested to set the PREG attribute to 1.
Related violations: <none>

DPOP-1#6 Warning
PREG Output pipelining  
DSP core/soc/ccore/riscv/mbox/mul_/signed_mul/c__2 output core/soc/ccore/riscv/mbox/mul_/signed_mul/c__2/P[47:0] is not pipelined (PREG=0). Pipelining the DSP48 output will improve performance and often saves power so it is suggested whenever possible to fully pipeline this function.  If this DSP48 function was inferred, it is suggested to describe an additional register stage after this function.  If the DSP48 was instantiated in the design, it is suggested to set the PREG attribute to 1.
Related violations: <none>

DPOP-2#1 Warning
MREG Output pipelining  
DSP cnn_inst/grp_cnn_accel_Pipeline_VITIS_LOOP_42_3_VITIS_LOOP_43_4_fu_235/mul_32ns_32s_62_2_1_U1/buff0_reg__0 multiplier stage cnn_inst/grp_cnn_accel_Pipeline_VITIS_LOOP_42_3_VITIS_LOOP_43_4_fu_235/mul_32ns_32s_62_2_1_U1/buff0_reg__0/P[47:0] is not pipelined (MREG=0). Pipelining the multiplier function will improve performance and will save significant power so it is suggested whenever possible to fully pipeline this function.  If this multiplier was inferred, it is suggested to describe an additional register stage after this function.  If there is no registered adder/accumulator following the multiply function, two pipeline stages are suggested to allow both the MREG and PREG registers to be used.  If the DSP48 was instantiated in the design, it is suggested to set both the MREG and PREG attributes to 1 when performing multiply functions.
Related violations: <none>

DPOP-2#2 Warning
MREG Output pipelining  
DSP cnn_inst/grp_cnn_accel_Pipeline_VITIS_LOOP_42_3_VITIS_LOOP_43_4_fu_235/mul_32ns_32s_62_2_1_U1/tmp_product multiplier stage cnn_inst/grp_cnn_accel_Pipeline_VITIS_LOOP_42_3_VITIS_LOOP_43_4_fu_235/mul_32ns_32s_62_2_1_U1/tmp_product/P[47:0] is not pipelined (MREG=0). Pipelining the multiplier function will improve performance and will save significant power so it is suggested whenever possible to fully pipeline this function.  If this multiplier was inferred, it is suggested to describe an additional register stage after this function.  If there is no registered adder/accumulator following the multiply function, two pipeline stages are suggested to allow both the MREG and PREG registers to be used.  If the DSP48 was instantiated in the design, it is suggested to set both the MREG and PREG attributes to 1 when performing multiply functions.
Related violations: <none>

DPOP-2#3 Warning
MREG Output pipelining  
DSP cnn_inst/grp_cnn_accel_Pipeline_VITIS_LOOP_42_3_VITIS_LOOP_43_4_fu_235/mul_32ns_32s_62_2_1_U1/tmp_product__0 multiplier stage cnn_inst/grp_cnn_accel_Pipeline_VITIS_LOOP_42_3_VITIS_LOOP_43_4_fu_235/mul_32ns_32s_62_2_1_U1/tmp_product__0/P[47:0] is not pipelined (MREG=0). Pipelining the multiplier function will improve performance and will save significant power so it is suggested whenever possible to fully pipeline this function.  If this multiplier was inferred, it is suggested to describe an additional register stage after this function.  If there is no registered adder/accumulator following the multiply function, two pipeline stages are suggested to allow both the MREG and PREG registers to be used.  If the DSP48 was instantiated in the design, it is suggested to set both the MREG and PREG attributes to 1 when performing multiply functions.
Related violations: <none>

DPOP-2#4 Warning
MREG Output pipelining  
DSP cnn_inst/grp_cnn_accel_Pipeline_VITIS_LOOP_83_8_VITIS_LOOP_84_9_fu_272/mul_28s_28s_28_3_1_U31/buff0_reg multiplier stage cnn_inst/grp_cnn_accel_Pipeline_VITIS_LOOP_83_8_VITIS_LOOP_84_9_fu_272/mul_28s_28s_28_3_1_U31/buff0_reg/P[47:0] is not pipelined (MREG=0). Pipelining the multiplier function will improve performance and will save significant power so it is suggested whenever possible to fully pipeline this function.  If this multiplier was inferred, it is suggested to describe an additional register stage after this function.  If there is no registered adder/accumulator following the multiply function, two pipeline stages are suggested to allow both the MREG and PREG registers to be used.  If the DSP48 was instantiated in the design, it is suggested to set both the MREG and PREG attributes to 1 when performing multiply functions.
Related violations: <none>

DPOP-2#5 Warning
MREG Output pipelining  
DSP cnn_inst/grp_cnn_accel_Pipeline_VITIS_LOOP_83_8_VITIS_LOOP_84_9_fu_272/mul_28s_28s_28_3_1_U31/buff0_reg__1 multiplier stage cnn_inst/grp_cnn_accel_Pipeline_VITIS_LOOP_83_8_VITIS_LOOP_84_9_fu_272/mul_28s_28s_28_3_1_U31/buff0_reg__1/P[47:0] is not pipelined (MREG=0). Pipelining the multiplier function will improve performance and will save significant power so it is suggested whenever possible to fully pipeline this function.  If this multiplier was inferred, it is suggested to describe an additional register stage after this function.  If there is no registered adder/accumulator following the multiply function, two pipeline stages are suggested to allow both the MREG and PREG registers to be used.  If the DSP48 was instantiated in the design, it is suggested to set both the MREG and PREG attributes to 1 when performing multiply functions.
Related violations: <none>

DPOP-2#6 Warning
MREG Output pipelining  
DSP cnn_inst/grp_cnn_accel_Pipeline_VITIS_LOOP_83_8_VITIS_LOOP_84_9_fu_272/mul_28s_28s_28_3_1_U31/tmp_product multiplier stage cnn_inst/grp_cnn_accel_Pipeline_VITIS_LOOP_83_8_VITIS_LOOP_84_9_fu_272/mul_28s_28s_28_3_1_U31/tmp_product/P[47:0] is not pipelined (MREG=0). Pipelining the multiplier function will improve performance and will save significant power so it is suggested whenever possible to fully pipeline this function.  If this multiplier was inferred, it is suggested to describe an additional register stage after this function.  If there is no registered adder/accumulator following the multiply function, two pipeline stages are suggested to allow both the MREG and PREG registers to be used.  If the DSP48 was instantiated in the design, it is suggested to set both the MREG and PREG attributes to 1 when performing multiply functions.
Related violations: <none>

DPOP-2#7 Warning
MREG Output pipelining  
DSP core/soc/ccore/riscv/mbox/mul_/signed_mul/c multiplier stage core/soc/ccore/riscv/mbox/mul_/signed_mul/c/P[47:0] is not pipelined (MREG=0). Pipelining the multiplier function will improve performance and will save significant power so it is suggested whenever possible to fully pipeline this function.  If this multiplier was inferred, it is suggested to describe an additional register stage after this function.  If there is no registered adder/accumulator following the multiply function, two pipeline stages are suggested to allow both the MREG and PREG registers to be used.  If the DSP48 was instantiated in the design, it is suggested to set both the MREG and PREG attributes to 1 when performing multiply functions.
Related violations: <none>

DPOP-2#8 Warning
MREG Output pipelining  
DSP core/soc/ccore/riscv/mbox/mul_/signed_mul/c__0 multiplier stage core/soc/ccore/riscv/mbox/mul_/signed_mul/c__0/P[47:0] is not pipelined (MREG=0). Pipelining the multiplier function will improve performance and will save significant power so it is suggested whenever possible to fully pipeline this function.  If this multiplier was inferred, it is suggested to describe an additional register stage after this function.  If there is no registered adder/accumulator following the multiply function, two pipeline stages are suggested to allow both the MREG and PREG registers to be used.  If the DSP48 was instantiated in the design, it is suggested to set both the MREG and PREG attributes to 1 when performing multiply functions.
Related violations: <none>

DPOP-2#9 Warning
MREG Output pipelining  
DSP core/soc/ccore/riscv/mbox/mul_/signed_mul/c__1 multiplier stage core/soc/ccore/riscv/mbox/mul_/signed_mul/c__1/P[47:0] is not pipelined (MREG=0). Pipelining the multiplier function will improve performance and will save significant power so it is suggested whenever possible to fully pipeline this function.  If this multiplier was inferred, it is suggested to describe an additional register stage after this function.  If there is no registered adder/accumulator following the multiply function, two pipeline stages are suggested to allow both the MREG and PREG registers to be used.  If the DSP48 was instantiated in the design, it is suggested to set both the MREG and PREG attributes to 1 when performing multiply functions.
Related violations: <none>

DPOP-2#10 Warning
MREG Output pipelining  
DSP core/soc/ccore/riscv/mbox/mul_/signed_mul/c__2 multiplier stage core/soc/ccore/riscv/mbox/mul_/signed_mul/c__2/P[47:0] is not pipelined (MREG=0). Pipelining the multiplier function will improve performance and will save significant power so it is suggested whenever possible to fully pipeline this function.  If this multiplier was inferred, it is suggested to describe an additional register stage after this function.  If there is no registered adder/accumulator following the multiply function, two pipeline stages are suggested to allow both the MREG and PREG registers to be used.  If the DSP48 was instantiated in the design, it is suggested to set both the MREG and PREG attributes to 1 when performing multiply functions.
Related violations: <none>

REQP-1709#1 Warning
Clock output buffering  
PLLE2_ADV connectivity violation. The signal mig_ddr3/u_mig_ddr3_mig/u_ddr3_infrastructure/pll_clk3_out on the mig_ddr3/u_mig_ddr3_mig/u_ddr3_infrastructure/plle2_i/CLKOUT3 pin of mig_ddr3/u_mig_ddr3_mig/u_ddr3_infrastructure/plle2_i does not drive the same kind of BUFFER load as the other CLKOUT pins. Routing from the different buffer types will not be phase aligned.
Related violations: <none>

REQP-1839#1 Warning
RAMB36 async control check  
The RAMB36E1 core/soc/boot_dut_dmemMSB/portb_we[1].RAM_reg_0 has an input control pin core/soc/boot_dut_dmemMSB/portb_we[1].RAM_reg_0/ADDRARDADDR[13] (net: core/soc/boot_dut_dmemMSB/ADDRA[9]) which is driven by a register (core/soc/boot_dut_read_request_sent_reg) that has an active asychronous set or reset. This may cause corruption of the memory contents and/or read values when the set/reset is asserted and is not analyzed by the default static timing analysis. It is suggested to eliminate the use of a set/reset to registers driving this RAMB pin or else use a synchronous reset in which the assertion of the reset is timed by default.
Related violations: <none>

REQP-1839#2 Warning
RAMB36 async control check  
The RAMB36E1 core/soc/boot_dut_dmemMSB/portb_we[1].RAM_reg_0 has an input control pin core/soc/boot_dut_dmemMSB/portb_we[1].RAM_reg_0/ADDRARDADDR[13] (net: core/soc/boot_dut_dmemMSB/ADDRA[9]) which is driven by a register (core/soc/boot_read_state_reg) that has an active asychronous set or reset. This may cause corruption of the memory contents and/or read values when the set/reset is asserted and is not analyzed by the default static timing analysis. It is suggested to eliminate the use of a set/reset to registers driving this RAMB pin or else use a synchronous reset in which the assertion of the reset is timed by default.
Related violations: <none>

REQP-1839#3 Warning
RAMB36 async control check  
The RAMB36E1 core/soc/boot_dut_dmemMSB/portb_we[1].RAM_reg_0 has an input control pin core/soc/boot_dut_dmemMSB/portb_we[1].RAM_reg_0/ADDRARDADDR[13] (net: core/soc/boot_dut_dmemMSB/ADDRA[9]) which is driven by a register (core/soc/boot_rg_readburst_counter_reg[0]) that has an active asychronous set or reset. This may cause corruption of the memory contents and/or read values when the set/reset is asserted and is not analyzed by the default static timing analysis. It is suggested to eliminate the use of a set/reset to registers driving this RAMB pin or else use a synchronous reset in which the assertion of the reset is timed by default.
Related violations: <none>

REQP-1839#4 Warning
RAMB36 async control check  
The RAMB36E1 core/soc/boot_dut_dmemMSB/portb_we[1].RAM_reg_0 has an input control pin core/soc/boot_dut_dmemMSB/portb_we[1].RAM_reg_0/ADDRARDADDR[13] (net: core/soc/boot_dut_dmemMSB/ADDRA[9]) which is driven by a register (core/soc/boot_rg_readburst_counter_reg[1]) that has an active asychronous set or reset. This may cause corruption of the memory contents and/or read values when the set/reset is asserted and is not analyzed by the default static timing analysis. It is suggested to eliminate the use of a set/reset to registers driving this RAMB pin or else use a synchronous reset in which the assertion of the reset is timed by default.
Related violations: <none>

REQP-1839#5 Warning
RAMB36 async control check  
The RAMB36E1 core/soc/boot_dut_dmemMSB/portb_we[1].RAM_reg_0 has an input control pin core/soc/boot_dut_dmemMSB/portb_we[1].RAM_reg_0/ADDRARDADDR[13] (net: core/soc/boot_dut_dmemMSB/ADDRA[9]) which is driven by a register (core/soc/boot_rg_readburst_counter_reg[2]) that has an active asychronous set or reset. This may cause corruption of the memory contents and/or read values when the set/reset is asserted and is not analyzed by the default static timing analysis. It is suggested to eliminate the use of a set/reset to registers driving this RAMB pin or else use a synchronous reset in which the assertion of the reset is timed by default.
Related violations: <none>

REQP-1839#6 Warning
RAMB36 async control check  
The RAMB36E1 core/soc/boot_dut_dmemMSB/portb_we[1].RAM_reg_0 has an input control pin core/soc/boot_dut_dmemMSB/portb_we[1].RAM_reg_0/ADDRARDADDR[13] (net: core/soc/boot_dut_dmemMSB/ADDRA[9]) which is driven by a register (core/soc/boot_rg_readburst_counter_reg[3]) that has an active asychronous set or reset. This may cause corruption of the memory contents and/or read values when the set/reset is asserted and is not analyzed by the default static timing analysis. It is suggested to eliminate the use of a set/reset to registers driving this RAMB pin or else use a synchronous reset in which the assertion of the reset is timed by default.
Related violations: <none>

REQP-1839#7 Warning
RAMB36 async control check  
The RAMB36E1 core/soc/boot_dut_dmemMSB/portb_we[1].RAM_reg_0 has an input control pin core/soc/boot_dut_dmemMSB/portb_we[1].RAM_reg_0/ADDRARDADDR[13] (net: core/soc/boot_dut_dmemMSB/ADDRA[9]) which is driven by a register (core/soc/boot_s_xactor_f_rd_addr/data0_reg_reg[31]) that has an active asychronous set or reset. This may cause corruption of the memory contents and/or read values when the set/reset is asserted and is not analyzed by the default static timing analysis. It is suggested to eliminate the use of a set/reset to registers driving this RAMB pin or else use a synchronous reset in which the assertion of the reset is timed by default.
Related violations: <none>

REQP-1839#8 Warning
RAMB36 async control check  
The RAMB36E1 core/soc/boot_dut_dmemMSB/portb_we[1].RAM_reg_0 has an input control pin core/soc/boot_dut_dmemMSB/portb_we[1].RAM_reg_0/ADDRARDADDR[13] (net: core/soc/boot_dut_dmemMSB/ADDRA[9]) which is driven by a register (core/soc/boot_s_xactor_f_rd_data/full_reg_reg) that has an active asychronous set or reset. This may cause corruption of the memory contents and/or read values when the set/reset is asserted and is not analyzed by the default static timing analysis. It is suggested to eliminate the use of a set/reset to registers driving this RAMB pin or else use a synchronous reset in which the assertion of the reset is timed by default.
Related violations: <none>

REQP-1839#9 Warning
RAMB36 async control check  
The RAMB36E1 core/soc/boot_dut_dmemMSB/portb_we[1].RAM_reg_0 has an input control pin core/soc/boot_dut_dmemMSB/portb_we[1].RAM_reg_0/ADDRARDADDR[14] (net: core/soc/boot_dut_dmemMSB/ADDRA[10]) which is driven by a register (core/soc/boot_dut_read_request_sent_reg) that has an active asychronous set or reset. This may cause corruption of the memory contents and/or read values when the set/reset is asserted and is not analyzed by the default static timing analysis. It is suggested to eliminate the use of a set/reset to registers driving this RAMB pin or else use a synchronous reset in which the assertion of the reset is timed by default.
Related violations: <none>

REQP-1839#10 Warning
RAMB36 async control check  
The RAMB36E1 core/soc/boot_dut_dmemMSB/portb_we[1].RAM_reg_0 has an input control pin core/soc/boot_dut_dmemMSB/portb_we[1].RAM_reg_0/ADDRARDADDR[14] (net: core/soc/boot_dut_dmemMSB/ADDRA[10]) which is driven by a register (core/soc/boot_read_state_reg) that has an active asychronous set or reset. This may cause corruption of the memory contents and/or read values when the set/reset is asserted and is not analyzed by the default static timing analysis. It is suggested to eliminate the use of a set/reset to registers driving this RAMB pin or else use a synchronous reset in which the assertion of the reset is timed by default.
Related violations: <none>

REQP-1839#11 Warning
RAMB36 async control check  
The RAMB36E1 core/soc/boot_dut_dmemMSB/portb_we[1].RAM_reg_0 has an input control pin core/soc/boot_dut_dmemMSB/portb_we[1].RAM_reg_0/ADDRARDADDR[14] (net: core/soc/boot_dut_dmemMSB/ADDRA[10]) which is driven by a register (core/soc/boot_rg_readburst_counter_reg[0]) that has an active asychronous set or reset. This may cause corruption of the memory contents and/or read values when the set/reset is asserted and is not analyzed by the default static timing analysis. It is suggested to eliminate the use of a set/reset to registers driving this RAMB pin or else use a synchronous reset in which the assertion of the reset is timed by default.
Related violations: <none>

REQP-1839#12 Warning
RAMB36 async control check  
The RAMB36E1 core/soc/boot_dut_dmemMSB/portb_we[1].RAM_reg_0 has an input control pin core/soc/boot_dut_dmemMSB/portb_we[1].RAM_reg_0/ADDRARDADDR[14] (net: core/soc/boot_dut_dmemMSB/ADDRA[10]) which is driven by a register (core/soc/boot_rg_readburst_counter_reg[1]) that has an active asychronous set or reset. This may cause corruption of the memory contents and/or read values when the set/reset is asserted and is not analyzed by the default static timing analysis. It is suggested to eliminate the use of a set/reset to registers driving this RAMB pin or else use a synchronous reset in which the assertion of the reset is timed by default.
Related violations: <none>

REQP-1839#13 Warning
RAMB36 async control check  
The RAMB36E1 core/soc/boot_dut_dmemMSB/portb_we[1].RAM_reg_0 has an input control pin core/soc/boot_dut_dmemMSB/portb_we[1].RAM_reg_0/ADDRARDADDR[14] (net: core/soc/boot_dut_dmemMSB/ADDRA[10]) which is driven by a register (core/soc/boot_rg_readburst_counter_reg[2]) that has an active asychronous set or reset. This may cause corruption of the memory contents and/or read values when the set/reset is asserted and is not analyzed by the default static timing analysis. It is suggested to eliminate the use of a set/reset to registers driving this RAMB pin or else use a synchronous reset in which the assertion of the reset is timed by default.
Related violations: <none>

REQP-1839#14 Warning
RAMB36 async control check  
The RAMB36E1 core/soc/boot_dut_dmemMSB/portb_we[1].RAM_reg_0 has an input control pin core/soc/boot_dut_dmemMSB/portb_we[1].RAM_reg_0/ADDRARDADDR[14] (net: core/soc/boot_dut_dmemMSB/ADDRA[10]) which is driven by a register (core/soc/boot_rg_readburst_counter_reg[3]) that has an active asychronous set or reset. This may cause corruption of the memory contents and/or read values when the set/reset is asserted and is not analyzed by the default static timing analysis. It is suggested to eliminate the use of a set/reset to registers driving this RAMB pin or else use a synchronous reset in which the assertion of the reset is timed by default.
Related violations: <none>

REQP-1839#15 Warning
RAMB36 async control check  
The RAMB36E1 core/soc/boot_dut_dmemMSB/portb_we[1].RAM_reg_0 has an input control pin core/soc/boot_dut_dmemMSB/portb_we[1].RAM_reg_0/ADDRARDADDR[14] (net: core/soc/boot_dut_dmemMSB/ADDRA[10]) which is driven by a register (core/soc/boot_rg_readburst_counter_reg[4]) that has an active asychronous set or reset. This may cause corruption of the memory contents and/or read values when the set/reset is asserted and is not analyzed by the default static timing analysis. It is suggested to eliminate the use of a set/reset to registers driving this RAMB pin or else use a synchronous reset in which the assertion of the reset is timed by default.
Related violations: <none>

REQP-1839#16 Warning
RAMB36 async control check  
The RAMB36E1 core/soc/boot_dut_dmemMSB/portb_we[1].RAM_reg_0 has an input control pin core/soc/boot_dut_dmemMSB/portb_we[1].RAM_reg_0/ADDRARDADDR[14] (net: core/soc/boot_dut_dmemMSB/ADDRA[10]) which is driven by a register (core/soc/boot_rg_readburst_counter_reg[5]) that has an active asychronous set or reset. This may cause corruption of the memory contents and/or read values when the set/reset is asserted and is not analyzed by the default static timing analysis. It is suggested to eliminate the use of a set/reset to registers driving this RAMB pin or else use a synchronous reset in which the assertion of the reset is timed by default.
Related violations: <none>

REQP-1839#17 Warning
RAMB36 async control check  
The RAMB36E1 core/soc/boot_dut_dmemMSB/portb_we[1].RAM_reg_0 has an input control pin core/soc/boot_dut_dmemMSB/portb_we[1].RAM_reg_0/ADDRARDADDR[14] (net: core/soc/boot_dut_dmemMSB/ADDRA[10]) which is driven by a register (core/soc/boot_rg_readburst_counter_reg[6]) that has an active asychronous set or reset. This may cause corruption of the memory contents and/or read values when the set/reset is asserted and is not analyzed by the default static timing analysis. It is suggested to eliminate the use of a set/reset to registers driving this RAMB pin or else use a synchronous reset in which the assertion of the reset is timed by default.
Related violations: <none>

REQP-1839#18 Warning
RAMB36 async control check  
The RAMB36E1 core/soc/boot_dut_dmemMSB/portb_we[1].RAM_reg_0 has an input control pin core/soc/boot_dut_dmemMSB/portb_we[1].RAM_reg_0/ADDRARDADDR[14] (net: core/soc/boot_dut_dmemMSB/ADDRA[10]) which is driven by a register (core/soc/boot_rg_readburst_counter_reg[7]) that has an active asychronous set or reset. This may cause corruption of the memory contents and/or read values when the set/reset is asserted and is not analyzed by the default static timing analysis. It is suggested to eliminate the use of a set/reset to registers driving this RAMB pin or else use a synchronous reset in which the assertion of the reset is timed by default.
Related violations: <none>

REQP-1839#19 Warning
RAMB36 async control check  
The RAMB36E1 core/soc/boot_dut_dmemMSB/portb_we[1].RAM_reg_0 has an input control pin core/soc/boot_dut_dmemMSB/portb_we[1].RAM_reg_0/ADDRARDADDR[14] (net: core/soc/boot_dut_dmemMSB/ADDRA[10]) which is driven by a register (core/soc/boot_s_xactor_f_rd_addr/data0_reg_reg[32]) that has an active asychronous set or reset. This may cause corruption of the memory contents and/or read values when the set/reset is asserted and is not analyzed by the default static timing analysis. It is suggested to eliminate the use of a set/reset to registers driving this RAMB pin or else use a synchronous reset in which the assertion of the reset is timed by default.
Related violations: <none>

REQP-1839#20 Warning
RAMB36 async control check  
The RAMB36E1 core/soc/boot_dut_dmemMSB/portb_we[1].RAM_reg_0 has an input control pin core/soc/boot_dut_dmemMSB/portb_we[1].RAM_reg_0/ADDRARDADDR[14] (net: core/soc/boot_dut_dmemMSB/ADDRA[10]) which is driven by a register (core/soc/boot_s_xactor_f_rd_data/full_reg_reg) that has an active asychronous set or reset. This may cause corruption of the memory contents and/or read values when the set/reset is asserted and is not analyzed by the default static timing analysis. It is suggested to eliminate the use of a set/reset to registers driving this RAMB pin or else use a synchronous reset in which the assertion of the reset is timed by default.
Related violations: <none>

REQP-1840#1 Warning
RAMB18 async control check  
The RAMB18E1 core/soc/ccore/dmem/dcache/m_data/v_data_0_ram_single_0/ram_reg has an input control pin core/soc/ccore/dmem/dcache/m_data/v_data_0_ram_single_0/ram_reg/ADDRARDADDR[9] (net: core/soc/ccore/dmem/dcache/m_data/v_data_0_ram_single_0/ram_reg_0[5]) which is driven by a register (core/soc/ccore/dmem/dcache/ff_core_request/data0_reg_reg[41]) that has an active asychronous set or reset. This may cause corruption of the memory contents and/or read values when the set/reset is asserted and is not analyzed by the default static timing analysis. It is suggested to eliminate the use of a set/reset to registers driving this RAMB pin or else use a synchronous reset in which the assertion of the reset is timed by default.
Related violations: <none>

REQP-1840#2 Warning
RAMB18 async control check  
The RAMB18E1 core/soc/ccore/dmem/dcache/m_data/v_data_0_ram_single_0/ram_reg has an input control pin core/soc/ccore/dmem/dcache/m_data/v_data_0_ram_single_0/ram_reg/ADDRARDADDR[9] (net: core/soc/ccore/dmem/dcache/m_data/v_data_0_ram_single_0/ram_reg_0[5]) which is driven by a register (core/soc/ccore/dmem/dcache/ff_core_request/data0_reg_reg[42]) that has an active asychronous set or reset. This may cause corruption of the memory contents and/or read values when the set/reset is asserted and is not analyzed by the default static timing analysis. It is suggested to eliminate the use of a set/reset to registers driving this RAMB pin or else use a synchronous reset in which the assertion of the reset is timed by default.
Related violations: <none>

REQP-1840#3 Warning
RAMB18 async control check  
The RAMB18E1 core/soc/ccore/dmem/dcache/m_data/v_data_0_ram_single_0/ram_reg has an input control pin core/soc/ccore/dmem/dcache/m_data/v_data_0_ram_single_0/ram_reg/ADDRARDADDR[9] (net: core/soc/ccore/dmem/dcache/m_data/v_data_0_ram_single_0/ram_reg_0[5]) which is driven by a register (core/soc/ccore/dmem/dcache/ff_core_request/data0_reg_reg[44]) that has an active asychronous set or reset. This may cause corruption of the memory contents and/or read values when the set/reset is asserted and is not analyzed by the default static timing analysis. It is suggested to eliminate the use of a set/reset to registers driving this RAMB pin or else use a synchronous reset in which the assertion of the reset is timed by default.
Related violations: <none>

REQP-1840#4 Warning
RAMB18 async control check  
The RAMB18E1 core/soc/ccore/dmem/dcache/m_data/v_data_0_ram_single_0/ram_reg has an input control pin core/soc/ccore/dmem/dcache/m_data/v_data_0_ram_single_0/ram_reg/ADDRARDADDR[9] (net: core/soc/ccore/dmem/dcache/m_data/v_data_0_ram_single_0/ram_reg_0[5]) which is driven by a register (core/soc/ccore/dmem/dcache/ff_core_request/empty_reg_reg) that has an active asychronous set or reset. This may cause corruption of the memory contents and/or read values when the set/reset is asserted and is not analyzed by the default static timing analysis. It is suggested to eliminate the use of a set/reset to registers driving this RAMB pin or else use a synchronous reset in which the assertion of the reset is timed by default.
Related violations: <none>

REQP-1840#5 Warning
RAMB18 async control check  
The RAMB18E1 core/soc/ccore/dmem/dcache/m_data/v_data_0_ram_single_0/ram_reg has an input control pin core/soc/ccore/dmem/dcache/m_data/v_data_0_ram_single_0/ram_reg/ADDRARDADDR[9] (net: core/soc/ccore/dmem/dcache/m_data/v_data_0_ram_single_0/ram_reg_0[5]) which is driven by a register (core/soc/ccore/dmem/dcache/ff_core_request/full_reg_reg) that has an active asychronous set or reset. This may cause corruption of the memory contents and/or read values when the set/reset is asserted and is not analyzed by the default static timing analysis. It is suggested to eliminate the use of a set/reset to registers driving this RAMB pin or else use a synchronous reset in which the assertion of the reset is timed by default.
Related violations: <none>

REQP-1840#6 Warning
RAMB18 async control check  
The RAMB18E1 core/soc/ccore/dmem/dcache/m_data/v_data_0_ram_single_0/ram_reg has an input control pin core/soc/ccore/dmem/dcache/m_data/v_data_0_ram_single_0/ram_reg/ADDRARDADDR[9] (net: core/soc/ccore/dmem/dcache/m_data/v_data_0_ram_single_0/ram_reg_0[5]) which is driven by a register (core/soc/ccore/dmem/dtlb/ff_lookup_result/data0_reg_reg[100]) that has an active asychronous set or reset. This may cause corruption of the memory contents and/or read values when the set/reset is asserted and is not analyzed by the default static timing analysis. It is suggested to eliminate the use of a set/reset to registers driving this RAMB pin or else use a synchronous reset in which the assertion of the reset is timed by default.
Related violations: <none>

REQP-1840#7 Warning
RAMB18 async control check  
The RAMB18E1 core/soc/ccore/dmem/dcache/m_data/v_data_0_ram_single_0/ram_reg has an input control pin core/soc/ccore/dmem/dcache/m_data/v_data_0_ram_single_0/ram_reg/ADDRARDADDR[9] (net: core/soc/ccore/dmem/dcache/m_data/v_data_0_ram_single_0/ram_reg_0[5]) which is driven by a register (core/soc/ccore/dmem/dtlb/ff_lookup_result/data0_reg_reg[101]) that has an active asychronous set or reset. This may cause corruption of the memory contents and/or read values when the set/reset is asserted and is not analyzed by the default static timing analysis. It is suggested to eliminate the use of a set/reset to registers driving this RAMB pin or else use a synchronous reset in which the assertion of the reset is timed by default.
Related violations: <none>

REQP-1840#8 Warning
RAMB18 async control check  
The RAMB18E1 core/soc/ccore/dmem/dcache/m_data/v_data_0_ram_single_0/ram_reg has an input control pin core/soc/ccore/dmem/dcache/m_data/v_data_0_ram_single_0/ram_reg/ADDRARDADDR[9] (net: core/soc/ccore/dmem/dcache/m_data/v_data_0_ram_single_0/ram_reg_0[5]) which is driven by a register (core/soc/ccore/dmem/dtlb/ff_lookup_result/data0_reg_reg[102]) that has an active asychronous set or reset. This may cause corruption of the memory contents and/or read values when the set/reset is asserted and is not analyzed by the default static timing analysis. It is suggested to eliminate the use of a set/reset to registers driving this RAMB pin or else use a synchronous reset in which the assertion of the reset is timed by default.
Related violations: <none>

REQP-1840#9 Warning
RAMB18 async control check  
The RAMB18E1 core/soc/ccore/dmem/dcache/m_data/v_data_0_ram_single_0/ram_reg has an input control pin core/soc/ccore/dmem/dcache/m_data/v_data_0_ram_single_0/ram_reg/ADDRARDADDR[9] (net: core/soc/ccore/dmem/dcache/m_data/v_data_0_ram_single_0/ram_reg_0[5]) which is driven by a register (core/soc/ccore/dmem/dtlb/ff_lookup_result/data0_reg_reg[103]) that has an active asychronous set or reset. This may cause corruption of the memory contents and/or read values when the set/reset is asserted and is not analyzed by the default static timing analysis. It is suggested to eliminate the use of a set/reset to registers driving this RAMB pin or else use a synchronous reset in which the assertion of the reset is timed by default.
Related violations: <none>

REQP-1840#10 Warning
RAMB18 async control check  
The RAMB18E1 core/soc/ccore/dmem/dcache/m_data/v_data_0_ram_single_0/ram_reg has an input control pin core/soc/ccore/dmem/dcache/m_data/v_data_0_ram_single_0/ram_reg/ADDRARDADDR[9] (net: core/soc/ccore/dmem/dcache/m_data/v_data_0_ram_single_0/ram_reg_0[5]) which is driven by a register (core/soc/ccore/dmem/dtlb/ff_lookup_result/data0_reg_reg[10]) that has an active asychronous set or reset. This may cause corruption of the memory contents and/or read values when the set/reset is asserted and is not analyzed by the default static timing analysis. It is suggested to eliminate the use of a set/reset to registers driving this RAMB pin or else use a synchronous reset in which the assertion of the reset is timed by default.
Related violations: <none>

REQP-1840#11 Warning
RAMB18 async control check  
The RAMB18E1 core/soc/ccore/dmem/dcache/m_data/v_data_0_ram_single_0/ram_reg has an input control pin core/soc/ccore/dmem/dcache/m_data/v_data_0_ram_single_0/ram_reg/ADDRARDADDR[9] (net: core/soc/ccore/dmem/dcache/m_data/v_data_0_ram_single_0/ram_reg_0[5]) which is driven by a register (core/soc/ccore/dmem/dtlb/ff_lookup_result/data0_reg_reg[11]) that has an active asychronous set or reset. This may cause corruption of the memory contents and/or read values when the set/reset is asserted and is not analyzed by the default static timing analysis. It is suggested to eliminate the use of a set/reset to registers driving this RAMB pin or else use a synchronous reset in which the assertion of the reset is timed by default.
Related violations: <none>

REQP-1840#12 Warning
RAMB18 async control check  
The RAMB18E1 core/soc/ccore/dmem/dcache/m_data/v_data_0_ram_single_0/ram_reg has an input control pin core/soc/ccore/dmem/dcache/m_data/v_data_0_ram_single_0/ram_reg/ADDRARDADDR[9] (net: core/soc/ccore/dmem/dcache/m_data/v_data_0_ram_single_0/ram_reg_0[5]) which is driven by a register (core/soc/ccore/dmem/dtlb/ff_lookup_result/data0_reg_reg[12]) that has an active asychronous set or reset. This may cause corruption of the memory contents and/or read values when the set/reset is asserted and is not analyzed by the default static timing analysis. It is suggested to eliminate the use of a set/reset to registers driving this RAMB pin or else use a synchronous reset in which the assertion of the reset is timed by default.
Related violations: <none>

REQP-1840#13 Warning
RAMB18 async control check  
The RAMB18E1 core/soc/ccore/dmem/dcache/m_data/v_data_0_ram_single_0/ram_reg has an input control pin core/soc/ccore/dmem/dcache/m_data/v_data_0_ram_single_0/ram_reg/ADDRARDADDR[9] (net: core/soc/ccore/dmem/dcache/m_data/v_data_0_ram_single_0/ram_reg_0[5]) which is driven by a register (core/soc/ccore/dmem/dtlb/ff_lookup_result/data0_reg_reg[13]) that has an active asychronous set or reset. This may cause corruption of the memory contents and/or read values when the set/reset is asserted and is not analyzed by the default static timing analysis. It is suggested to eliminate the use of a set/reset to registers driving this RAMB pin or else use a synchronous reset in which the assertion of the reset is timed by default.
Related violations: <none>

REQP-1840#14 Warning
RAMB18 async control check  
The RAMB18E1 core/soc/ccore/dmem/dcache/m_data/v_data_0_ram_single_0/ram_reg has an input control pin core/soc/ccore/dmem/dcache/m_data/v_data_0_ram_single_0/ram_reg/ADDRARDADDR[9] (net: core/soc/ccore/dmem/dcache/m_data/v_data_0_ram_single_0/ram_reg_0[5]) which is driven by a register (core/soc/ccore/dmem/dtlb/ff_lookup_result/data0_reg_reg[14]) that has an active asychronous set or reset. This may cause corruption of the memory contents and/or read values when the set/reset is asserted and is not analyzed by the default static timing analysis. It is suggested to eliminate the use of a set/reset to registers driving this RAMB pin or else use a synchronous reset in which the assertion of the reset is timed by default.
Related violations: <none>

REQP-1840#15 Warning
RAMB18 async control check  
The RAMB18E1 core/soc/ccore/dmem/dcache/m_data/v_data_0_ram_single_0/ram_reg has an input control pin core/soc/ccore/dmem/dcache/m_data/v_data_0_ram_single_0/ram_reg/ADDRARDADDR[9] (net: core/soc/ccore/dmem/dcache/m_data/v_data_0_ram_single_0/ram_reg_0[5]) which is driven by a register (core/soc/ccore/dmem/dtlb/ff_lookup_result/data0_reg_reg[15]) that has an active asychronous set or reset. This may cause corruption of the memory contents and/or read values when the set/reset is asserted and is not analyzed by the default static timing analysis. It is suggested to eliminate the use of a set/reset to registers driving this RAMB pin or else use a synchronous reset in which the assertion of the reset is timed by default.
Related violations: <none>

REQP-1840#16 Warning
RAMB18 async control check  
The RAMB18E1 core/soc/ccore/dmem/dcache/m_data/v_data_0_ram_single_0/ram_reg has an input control pin core/soc/ccore/dmem/dcache/m_data/v_data_0_ram_single_0/ram_reg/ADDRARDADDR[9] (net: core/soc/ccore/dmem/dcache/m_data/v_data_0_ram_single_0/ram_reg_0[5]) which is driven by a register (core/soc/ccore/dmem/dtlb/ff_lookup_result/data0_reg_reg[16]) that has an active asychronous set or reset. This may cause corruption of the memory contents and/or read values when the set/reset is asserted and is not analyzed by the default static timing analysis. It is suggested to eliminate the use of a set/reset to registers driving this RAMB pin or else use a synchronous reset in which the assertion of the reset is timed by default.
Related violations: <none>

REQP-1840#17 Warning
RAMB18 async control check  
The RAMB18E1 core/soc/ccore/dmem/dcache/m_data/v_data_0_ram_single_0/ram_reg has an input control pin core/soc/ccore/dmem/dcache/m_data/v_data_0_ram_single_0/ram_reg/ADDRARDADDR[9] (net: core/soc/ccore/dmem/dcache/m_data/v_data_0_ram_single_0/ram_reg_0[5]) which is driven by a register (core/soc/ccore/dmem/dtlb/ff_lookup_result/data0_reg_reg[17]) that has an active asychronous set or reset. This may cause corruption of the memory contents and/or read values when the set/reset is asserted and is not analyzed by the default static timing analysis. It is suggested to eliminate the use of a set/reset to registers driving this RAMB pin or else use a synchronous reset in which the assertion of the reset is timed by default.
Related violations: <none>

REQP-1840#18 Warning
RAMB18 async control check  
The RAMB18E1 core/soc/ccore/dmem/dcache/m_data/v_data_0_ram_single_0/ram_reg has an input control pin core/soc/ccore/dmem/dcache/m_data/v_data_0_ram_single_0/ram_reg/ADDRARDADDR[9] (net: core/soc/ccore/dmem/dcache/m_data/v_data_0_ram_single_0/ram_reg_0[5]) which is driven by a register (core/soc/ccore/dmem/dtlb/ff_lookup_result/data0_reg_reg[18]) that has an active asychronous set or reset. This may cause corruption of the memory contents and/or read values when the set/reset is asserted and is not analyzed by the default static timing analysis. It is suggested to eliminate the use of a set/reset to registers driving this RAMB pin or else use a synchronous reset in which the assertion of the reset is timed by default.
Related violations: <none>

REQP-1840#19 Warning
RAMB18 async control check  
The RAMB18E1 core/soc/ccore/dmem/dcache/m_data/v_data_0_ram_single_0/ram_reg has an input control pin core/soc/ccore/dmem/dcache/m_data/v_data_0_ram_single_0/ram_reg/ADDRARDADDR[9] (net: core/soc/ccore/dmem/dcache/m_data/v_data_0_ram_single_0/ram_reg_0[5]) which is driven by a register (core/soc/ccore/dmem/dtlb/ff_lookup_result/data0_reg_reg[19]) that has an active asychronous set or reset. This may cause corruption of the memory contents and/or read values when the set/reset is asserted and is not analyzed by the default static timing analysis. It is suggested to eliminate the use of a set/reset to registers driving this RAMB pin or else use a synchronous reset in which the assertion of the reset is timed by default.
Related violations: <none>

REQP-1840#20 Warning
RAMB18 async control check  
The RAMB18E1 core/soc/ccore/dmem/dcache/m_data/v_data_0_ram_single_0/ram_reg has an input control pin core/soc/ccore/dmem/dcache/m_data/v_data_0_ram_single_0/ram_reg/ADDRARDADDR[9] (net: core/soc/ccore/dmem/dcache/m_data/v_data_0_ram_single_0/ram_reg_0[5]) which is driven by a register (core/soc/ccore/dmem/dtlb/ff_lookup_result/data0_reg_reg[20]) that has an active asychronous set or reset. This may cause corruption of the memory contents and/or read values when the set/reset is asserted and is not analyzed by the default static timing analysis. It is suggested to eliminate the use of a set/reset to registers driving this RAMB pin or else use a synchronous reset in which the assertion of the reset is timed by default.
Related violations: <none>


