Copyright 1986-2018 Xilinx, Inc. All Rights Reserved.
--------------------------------------------------------------------------------------------------------------------------------------------------------------
| Tool Version : Vivado v.2018.3 (lin64) Build 2405991 Thu Dec  6 23:36:41 MST 2018
| Date         : Tue Apr 21 12:50:36 2026
| Host         : jarvis running 64-bit Ubuntu 24.04.4 LTS
| Command      : report_methodology -file fpga_top_methodology_drc_routed.rpt -pb fpga_top_methodology_drc_routed.pb -rpx fpga_top_methodology_drc_routed.rpx
| Design       : fpga_top
| Device       : xc7a200tsbg484-1
| Speed File   : -1
| Design State : Fully Routed
--------------------------------------------------------------------------------------------------------------------------------------------------------------

Report Methodology

Table of Contents
-----------------
1. REPORT SUMMARY
2. REPORT DETAILS

1. REPORT SUMMARY
-----------------
            Netlist: netlist
          Floorplan: checkpoint_fpga_top
      Design limits: <entire design considered>
             Max violations: <unlimited>
             Violations found: 394
+-----------+----------+-----------------------------------------------------------+------------+
| Rule      | Severity | Description                                               | Violations |
+-----------+----------+-----------------------------------------------------------+------------+
| LUTAR-1   | Warning  | LUT drives async reset alert                              | 14         |
| PDRC-190  | Warning  | Suboptimally placed synchronized register chain           | 12         |
| SYNTH-5   | Warning  | Mapped onto distributed RAM because of timing constraints | 8          |
| SYNTH-6   | Warning  | Timing of a block RAM might be sub-optimal                | 13         |
| SYNTH-10  | Warning  | Wide multiplier                                           | 4          |
| SYNTH-15  | Warning  | Byte wide write enable not inferred                       | 13         |
| TIMING-14 | Warning  | LUT on the clock tree                                     | 1          |
| TIMING-17 | Warning  | Non-clocked sequential cell                               | 310        |
| TIMING-18 | Warning  | Missing input or output delay                             | 2          |
| XDCB-5    | Warning  | Runtime inefficient way to find pin objects               | 1          |
| REQP-1959 | Advisory | connects_SERDES_RST_driver_not_FF                         | 16         |
+-----------+----------+-----------------------------------------------------------+------------+

2. REPORT DETAILS
-----------------
LUTAR-1#1 Warning
LUT drives async reset alert  
LUT cell core/debug_module/dmactive_reset/data0_reg[43]_i_2__5, with 2 or more inputs, drives asynchronous preset/clear pin(s) core/debug_module/autoexecdata_reg[4]/CLR, core/debug_module/autoexecdata_reg[5]/CLR, core/debug_module/autoexecprogbuf_reg[10]/CLR, core/debug_module/autoexecprogbuf_reg[11]/CLR, core/debug_module/autoexecprogbuf_reg[12]/CLR, core/debug_module/autoexecprogbuf_reg[13]/CLR, core/debug_module/autoexecprogbuf_reg[14]/CLR, core/debug_module/autoexecprogbuf_reg[15]/CLR, core/debug_module/autoexecprogbuf_reg[8]/CLR, core/debug_module/autoexecprogbuf_reg[9]/CLR, core/debug_module/hartreset_reg/CLR, core/debug_module/sbaccess_reg[0]/CLR, core/debug_module/sbaccess_reg[2]/CLR, core/debug_module/sbaddress0_reg[0]/CLR, core/debug_module/sbaddress0_reg[16]/CLR (the first 15 of 126 listed). The LUT may glitch and trigger an unexpected reset, even if it is a properly timed path.
Related violations: <none>

LUTAR-1#2 Warning
LUT drives async reset alert  
LUT cell core/debug_module/dmactive_reset/data1_reg[18]_i_1__60, with 2 or more inputs, drives asynchronous preset/clear pin(s) core/debug_module/hahaltreq_reg/CLR, core/debug_module/v_data_reg_0_reg[2]/CLR, core/debug_module/v_data_reg_1_reg[2]/CLR, core/debug_module/v_data_reg_2_reg[2]/CLR, core/debug_module/v_hartinfo_reg_0_reg[10]/CLR, core/debug_module/v_hartinfo_reg_0_reg[13]/CLR, core/debug_module/v_hartinfo_reg_0_reg[14]/PRE, core/debug_module/master_xactor_f_wr_data/data0_reg_reg[0]/CLR, core/debug_module/master_xactor_f_wr_data/data0_reg_reg[10]/CLR, core/debug_module/master_xactor_f_wr_data/data0_reg_reg[11]/CLR, core/debug_module/master_xactor_f_wr_data/data0_reg_reg[12]/CLR, core/debug_module/master_xactor_f_wr_data/data0_reg_reg[13]/CLR, core/debug_module/master_xactor_f_wr_data/data0_reg_reg[14]/CLR, core/debug_module/master_xactor_f_wr_data/data0_reg_reg[15]/CLR, core/debug_module/master_xactor_f_wr_data/data0_reg_reg[16]/CLR (the first 15 of 87 listed). The LUT may glitch and trigger an unexpected reset, even if it is a properly timed path.
Related violations: <none>

LUTAR-1#3 Warning
LUT drives async reset alert  
LUT cell core/debug_module/dmactive_reset/data1_reg[43]_i_1__12, with 2 or more inputs, drives asynchronous preset/clear pin(s) core/debug_module/rg_sbread_en_reg/CLR, core/debug_module/rg_sbwrite_en_reg/CLR, core/debug_module/sbaddress0_reg[10]/CLR, core/debug_module/sbaddress0_reg[11]/CLR, core/debug_module/sbaddress0_reg[12]/CLR, core/debug_module/sbaddress0_reg[13]/CLR, core/debug_module/sbaddress0_reg[14]/CLR, core/debug_module/sbaddress0_reg[15]/CLR, core/debug_module/sbaddress0_reg[20]/CLR, core/debug_module/sbaddress0_reg[21]/CLR, core/debug_module/sbaddress0_reg[22]/CLR, core/debug_module/sbaddress0_reg[23]/CLR, core/debug_module/sbaddress0_reg[8]/CLR, core/debug_module/sbaddress0_reg[9]/CLR, core/debug_module/sbbusy_reg/CLR (the first 15 of 126 listed). The LUT may glitch and trigger an unexpected reset, even if it is a properly timed path.
Related violations: <none>

LUTAR-1#4 Warning
LUT drives async reset alert  
LUT cell core/debug_module/dmactive_reset/data1_reg[47]_i_1__13, with 2 or more inputs, drives asynchronous preset/clear pin(s) core/debug_module/autoexecdata_reg[6]/CLR, core/debug_module/autoexecdata_reg[7]/CLR, core/debug_module/autoexecprogbuf_reg[0]/CLR, core/debug_module/autoexecprogbuf_reg[1]/CLR, core/debug_module/autoexecprogbuf_reg[2]/CLR, core/debug_module/autoexecprogbuf_reg[3]/CLR, core/debug_module/autoexecprogbuf_reg[4]/CLR, core/debug_module/autoexecprogbuf_reg[5]/CLR, core/debug_module/autoexecprogbuf_reg[6]/CLR, core/debug_module/autoexecprogbuf_reg[7]/CLR, core/debug_module/sbaddress0_reg[24]/CLR, core/debug_module/sbaddress0_reg[25]/CLR, core/debug_module/sbaddress0_reg[26]/CLR, core/debug_module/sbaddress0_reg[27]/CLR, core/debug_module/sbaddress0_reg[4]/CLR (the first 15 of 126 listed). The LUT may glitch and trigger an unexpected reset, even if it is a properly timed path.
Related violations: <none>

LUTAR-1#5 Warning
LUT drives async reset alert  
LUT cell core/debug_module/dmactive_reset/data1_reg[51]_i_2__4, with 2 or more inputs, drives asynchronous preset/clear pin(s) core/debug_module/autoexecdata_reg[10]/CLR, core/debug_module/autoexecdata_reg[11]/CLR, core/debug_module/autoexecdata_reg[8]/CLR, core/debug_module/autoexecdata_reg[9]/CLR, core/debug_module/busy_reg/CLR, core/debug_module/cmderr_reg[0]/CLR, core/debug_module/cmderr_reg[1]/CLR, core/debug_module/cmderr_reg[2]/CLR, core/debug_module/cmdtype_reg[0]/CLR, core/debug_module/cmdtype_reg[1]/CLR, core/debug_module/cmdtype_reg[2]/CLR, core/debug_module/cmdtype_reg[3]/CLR, core/debug_module/cmdtype_reg[4]/CLR, core/debug_module/cmdtype_reg[5]/CLR, core/debug_module/cmdtype_reg[6]/CLR (the first 15 of 126 listed). The LUT may glitch and trigger an unexpected reset, even if it is a properly timed path.
Related violations: <none>

LUTAR-1#6 Warning
LUT drives async reset alert  
LUT cell core/debug_module/dmactive_reset/hahavereset_i_2, with 2 or more inputs, drives asynchronous preset/clear pin(s) core/debug_module/autoexecdata_reg[0]/CLR, core/debug_module/autoexecdata_reg[1]/CLR, core/debug_module/autoexecdata_reg[2]/CLR, core/debug_module/autoexecdata_reg[3]/CLR, core/debug_module/hahavereset_reg/CLR, core/debug_module/hamask_reg/CLR, core/debug_module/ndmreset_reg/CLR, core/debug_module/v_data_reg_0_reg[1]/CLR, core/debug_module/v_data_reg_0_reg[31]/CLR, core/debug_module/v_data_reg_0_reg[3]/CLR, core/debug_module/v_data_reg_0_reg[4]/CLR, core/debug_module/v_data_reg_10_reg[1]/CLR, core/debug_module/v_data_reg_10_reg[31]/CLR, core/debug_module/v_data_reg_10_reg[3]/CLR, core/debug_module/v_data_reg_10_reg[4]/CLR (the first 15 of 126 listed). The LUT may glitch and trigger an unexpected reset, even if it is a properly timed path.
Related violations: <none>

LUTAR-1#7 Warning
LUT drives async reset alert  
LUT cell core/debug_module/dmactive_reset/v_progbuf_reg_1[14]_i_2, with 2 or more inputs, drives asynchronous preset/clear pin(s) core/debug_module/v_data_reg_0_reg[10]/CLR, core/debug_module/v_data_reg_0_reg[11]/CLR, core/debug_module/v_data_reg_0_reg[12]/CLR, core/debug_module/v_data_reg_0_reg[13]/CLR, core/debug_module/v_data_reg_10_reg[10]/CLR, core/debug_module/v_data_reg_10_reg[11]/CLR, core/debug_module/v_data_reg_10_reg[12]/CLR, core/debug_module/v_data_reg_10_reg[13]/CLR, core/debug_module/v_data_reg_10_reg[14]/CLR, core/debug_module/v_data_reg_11_reg[10]/CLR, core/debug_module/v_data_reg_11_reg[11]/CLR, core/debug_module/v_data_reg_11_reg[12]/CLR, core/debug_module/v_data_reg_11_reg[13]/CLR, core/debug_module/v_data_reg_11_reg[14]/CLR, core/debug_module/v_data_reg_1_reg[10]/CLR (the first 15 of 126 listed). The LUT may glitch and trigger an unexpected reset, even if it is a properly timed path.
Related violations: <none>

LUTAR-1#8 Warning
LUT drives async reset alert  
LUT cell core/debug_module/dmactive_reset/v_progbuf_reg_1[15]_i_2, with 2 or more inputs, drives asynchronous preset/clear pin(s) core/debug_module/v_data_reg_0_reg[15]/CLR, core/debug_module/v_data_reg_10_reg[15]/CLR, core/debug_module/v_data_reg_11_reg[15]/CLR, core/debug_module/v_data_reg_1_reg[15]/CLR, core/debug_module/v_data_reg_2_reg[15]/CLR, core/debug_module/v_data_reg_3_reg[15]/CLR, core/debug_module/v_data_reg_4_reg[15]/CLR, core/debug_module/v_data_reg_5_reg[15]/CLR, core/debug_module/v_data_reg_6_reg[15]/CLR, core/debug_module/v_data_reg_7_reg[15]/CLR, core/debug_module/v_data_reg_8_reg[15]/CLR, core/debug_module/v_data_reg_9_reg[15]/CLR, core/debug_module/v_progbuf_reg_0_reg[15]/CLR, core/debug_module/v_progbuf_reg_10_reg[15]/CLR, core/debug_module/v_progbuf_reg_11_reg[15]/CLR (the first 15 of 29 listed). The LUT may glitch and trigger an unexpected reset, even if it is a properly timed path.
Related violations: <none>

LUTAR-1#9 Warning
LUT drives async reset alert  
LUT cell core/debug_module/dmactive_reset/v_progbuf_reg_1[19]_i_2, with 2 or more inputs, drives asynchronous preset/clear pin(s) core/debug_module/v_data_reg_0_reg[0]/CLR, core/debug_module/v_data_reg_0_reg[16]/CLR, core/debug_module/v_data_reg_0_reg[18]/CLR, core/debug_module/v_data_reg_0_reg[19]/CLR, core/debug_module/v_data_reg_10_reg[0]/CLR, core/debug_module/v_data_reg_10_reg[16]/CLR, core/debug_module/v_data_reg_10_reg[18]/CLR, core/debug_module/v_data_reg_10_reg[19]/CLR, core/debug_module/v_data_reg_11_reg[0]/CLR, core/debug_module/v_data_reg_11_reg[16]/CLR, core/debug_module/v_data_reg_11_reg[18]/CLR, core/debug_module/v_data_reg_11_reg[19]/CLR, core/debug_module/v_data_reg_1_reg[0]/CLR, core/debug_module/v_data_reg_1_reg[16]/CLR, core/debug_module/v_data_reg_1_reg[18]/CLR (the first 15 of 126 listed). The LUT may glitch and trigger an unexpected reset, even if it is a properly timed path.
Related violations: <none>

LUTAR-1#10 Warning
LUT drives async reset alert  
LUT cell core/debug_module/dmactive_reset/v_progbuf_reg_1[22]_i_2, with 2 or more inputs, drives asynchronous preset/clear pin(s) core/debug_module/v_data_reg_0_reg[14]/CLR, core/debug_module/v_data_reg_0_reg[17]/CLR, core/debug_module/v_data_reg_0_reg[20]/CLR, core/debug_module/v_data_reg_0_reg[21]/CLR, core/debug_module/v_data_reg_0_reg[22]/CLR, core/debug_module/v_data_reg_10_reg[17]/CLR, core/debug_module/v_data_reg_10_reg[20]/CLR, core/debug_module/v_data_reg_10_reg[21]/CLR, core/debug_module/v_data_reg_10_reg[22]/CLR, core/debug_module/v_data_reg_11_reg[17]/CLR, core/debug_module/v_data_reg_11_reg[20]/CLR, core/debug_module/v_data_reg_11_reg[21]/CLR, core/debug_module/v_data_reg_11_reg[22]/CLR, core/debug_module/v_data_reg_1_reg[14]/CLR, core/debug_module/v_data_reg_1_reg[17]/CLR (the first 15 of 126 listed). The LUT may glitch and trigger an unexpected reset, even if it is a properly timed path.
Related violations: <none>

LUTAR-1#11 Warning
LUT drives async reset alert  
LUT cell core/debug_module/dmactive_reset/v_progbuf_reg_1[27]_i_2, with 2 or more inputs, drives asynchronous preset/clear pin(s) core/debug_module/v_data_reg_0_reg[23]/CLR, core/debug_module/v_data_reg_0_reg[24]/CLR, core/debug_module/v_data_reg_0_reg[25]/CLR, core/debug_module/v_data_reg_0_reg[26]/CLR, core/debug_module/v_data_reg_10_reg[23]/CLR, core/debug_module/v_data_reg_10_reg[24]/CLR, core/debug_module/v_data_reg_10_reg[25]/CLR, core/debug_module/v_data_reg_10_reg[26]/CLR, core/debug_module/v_data_reg_10_reg[27]/CLR, core/debug_module/v_data_reg_11_reg[23]/CLR, core/debug_module/v_data_reg_11_reg[24]/CLR, core/debug_module/v_data_reg_11_reg[25]/CLR, core/debug_module/v_data_reg_11_reg[26]/CLR, core/debug_module/v_data_reg_11_reg[27]/CLR, core/debug_module/v_data_reg_1_reg[23]/CLR (the first 15 of 126 listed). The LUT may glitch and trigger an unexpected reset, even if it is a properly timed path.
Related violations: <none>

LUTAR-1#12 Warning
LUT drives async reset alert  
LUT cell core/debug_module/dmactive_reset/v_progbuf_reg_1[9]_i_2, with 2 or more inputs, drives asynchronous preset/clear pin(s) core/debug_module/v_data_reg_0_reg[5]/CLR, core/debug_module/v_data_reg_0_reg[6]/CLR, core/debug_module/v_data_reg_0_reg[7]/CLR, core/debug_module/v_data_reg_0_reg[8]/CLR, core/debug_module/v_data_reg_0_reg[9]/CLR, core/debug_module/v_data_reg_10_reg[6]/CLR, core/debug_module/v_data_reg_10_reg[7]/CLR, core/debug_module/v_data_reg_10_reg[8]/CLR, core/debug_module/v_data_reg_10_reg[9]/CLR, core/debug_module/v_data_reg_11_reg[6]/CLR, core/debug_module/v_data_reg_11_reg[7]/CLR, core/debug_module/v_data_reg_11_reg[8]/CLR, core/debug_module/v_data_reg_11_reg[9]/CLR, core/debug_module/v_data_reg_1_reg[5]/CLR, core/debug_module/v_data_reg_1_reg[6]/CLR (the first 15 of 126 listed). The LUT may glitch and trigger an unexpected reset, even if it is a properly timed path.
Related violations: <none>

LUTAR-1#13 Warning
LUT drives async reset alert  
LUT cell core/ndm_reset/i___175_i_1, with 2 or more inputs, drives asynchronous preset/clear pin(s) core/soc/boot_dut_read_request_sent_reg/CLR, core/soc/boot_read_state_reg/CLR, core/soc/boot_rg_readburst_counter_reg[0]/CLR, core/soc/boot_rg_readburst_counter_reg[1]/CLR, core/soc/boot_rg_readburst_counter_reg[2]/CLR, core/soc/boot_rg_readburst_counter_reg[3]/CLR, core/soc/boot_rg_readburst_counter_reg[4]/CLR, core/soc/boot_rg_readburst_counter_reg[5]/CLR, core/soc/boot_rg_readburst_counter_reg[6]/CLR, core/soc/boot_rg_readburst_counter_reg[7]/CLR, core/soc/boot_write_state_reg/CLR, core/soc/bridge_6_rg_accum_err_reg[0]/CLR, core/soc/bridge_6_rg_accum_err_reg[1]/CLR, core/soc/bridge_6_rg_rd_req_beat_reg[0]/CLR, core/soc/bridge_6_rg_rd_req_beat_reg[1]/CLR (the first 15 of 35725 listed). The LUT may glitch and trigger an unexpected reset, even if it is a properly timed path.
Related violations: <none>

LUTAR-1#14 Warning
LUT drives async reset alert  
LUT cell mig_ddr3/u_mig_ddr3_mig/u_iodelay_ctrl/rstdiv2_sync_r[11]_i_1, with 2 or more inputs, drives asynchronous preset/clear pin(s) mig_ddr3/u_mig_ddr3_mig/u_ddr3_infrastructure/rstdiv0_sync_r1_reg_rep/PRE, mig_ddr3/u_mig_ddr3_mig/u_ddr3_infrastructure/rstdiv0_sync_r1_reg_rep__0/PRE, mig_ddr3/u_mig_ddr3_mig/u_ddr3_infrastructure/rstdiv0_sync_r1_reg_rep__1/PRE, mig_ddr3/u_mig_ddr3_mig/u_ddr3_infrastructure/rstdiv0_sync_r1_reg_rep__10/PRE, mig_ddr3/u_mig_ddr3_mig/u_ddr3_infrastructure/rstdiv0_sync_r1_reg_rep__11/PRE, mig_ddr3/u_mig_ddr3_mig/u_ddr3_infrastructure/rstdiv0_sync_r1_reg_rep__12/PRE, mig_ddr3/u_mig_ddr3_mig/u_ddr3_infrastructure/rstdiv0_sync_r1_reg_rep__13/PRE, mig_ddr3/u_mig_ddr3_mig/u_ddr3_infrastructure/rstdiv0_sync_r1_reg_rep__14/PRE, mig_ddr3/u_mig_ddr3_mig/u_ddr3_infrastructure/rstdiv0_sync_r1_reg_rep__15/PRE, mig_ddr3/u_mig_ddr3_mig/u_ddr3_infrastructure/rstdiv0_sync_r1_reg_rep__16/PRE, mig_ddr3/u_mig_ddr3_mig/u_ddr3_infrastructure/rstdiv0_sync_r1_reg_rep__17/PRE, mig_ddr3/u_mig_ddr3_mig/u_ddr3_infrastructure/rstdiv0_sync_r1_reg_rep__18/PRE, mig_ddr3/u_mig_ddr3_mig/u_ddr3_infrastructure/rstdiv0_sync_r1_reg_rep__19/PRE, mig_ddr3/u_mig_ddr3_mig/u_ddr3_infrastructure/rstdiv0_sync_r1_reg_rep__2/PRE, mig_ddr3/u_mig_ddr3_mig/u_ddr3_infrastructure/rstdiv0_sync_r1_reg_rep__3/PRE (the first 15 of 33 listed). The LUT may glitch and trigger an unexpected reset, even if it is a properly timed path.
Related violations: <none>

PDRC-190#1 Warning
Suboptimally placed synchronized register chain  
The FDRE cell mig_ddr3/u_mig_ddr3_mig/temp_mon_enabled.u_tempmon/device_temp_sync_r5_reg[0] in site SLICE_X28Y209 is part of a synchronized register chain that is suboptimally placed as the load FDRE cell mig_ddr3/u_mig_ddr3_mig/temp_mon_enabled.u_tempmon/device_temp_r_reg[0] is not placed in the same (SLICE) site.
Related violations: <none>

PDRC-190#2 Warning
Suboptimally placed synchronized register chain  
The FDRE cell mig_ddr3/u_mig_ddr3_mig/temp_mon_enabled.u_tempmon/device_temp_sync_r5_reg[10] in site SLICE_X26Y207 is part of a synchronized register chain that is suboptimally placed as the load FDRE cell mig_ddr3/u_mig_ddr3_mig/temp_mon_enabled.u_tempmon/device_temp_r_reg[10] is not placed in the same (SLICE) site.
Related violations: <none>

PDRC-190#3 Warning
Suboptimally placed synchronized register chain  
The FDRE cell mig_ddr3/u_mig_ddr3_mig/temp_mon_enabled.u_tempmon/device_temp_sync_r5_reg[11] in site SLICE_X31Y209 is part of a synchronized register chain that is suboptimally placed as the load FDRE cell mig_ddr3/u_mig_ddr3_mig/temp_mon_enabled.u_tempmon/device_temp_r_reg[11] is not placed in the same (SLICE) site.
Related violations: <none>

PDRC-190#4 Warning
Suboptimally placed synchronized register chain  
The FDRE cell mig_ddr3/u_mig_ddr3_mig/temp_mon_enabled.u_tempmon/device_temp_sync_r5_reg[1] in site SLICE_X24Y211 is part of a synchronized register chain that is suboptimally placed as the load FDRE cell mig_ddr3/u_mig_ddr3_mig/temp_mon_enabled.u_tempmon/device_temp_r_reg[1] is not placed in the same (SLICE) site.
Related violations: <none>

PDRC-190#5 Warning
Suboptimally placed synchronized register chain  
The FDRE cell mig_ddr3/u_mig_ddr3_mig/temp_mon_enabled.u_tempmon/device_temp_sync_r5_reg[2] in site SLICE_X29Y209 is part of a synchronized register chain that is suboptimally placed as the load FDRE cell mig_ddr3/u_mig_ddr3_mig/temp_mon_enabled.u_tempmon/device_temp_r_reg[2] is not placed in the same (SLICE) site.
Related violations: <none>

PDRC-190#6 Warning
Suboptimally placed synchronized register chain  
The FDRE cell mig_ddr3/u_mig_ddr3_mig/temp_mon_enabled.u_tempmon/device_temp_sync_r5_reg[3] in site SLICE_X26Y209 is part of a synchronized register chain that is suboptimally placed as the load FDRE cell mig_ddr3/u_mig_ddr3_mig/temp_mon_enabled.u_tempmon/device_temp_r_reg[3] is not placed in the same (SLICE) site.
Related violations: <none>

PDRC-190#7 Warning
Suboptimally placed synchronized register chain  
The FDRE cell mig_ddr3/u_mig_ddr3_mig/temp_mon_enabled.u_tempmon/device_temp_sync_r5_reg[4] in site SLICE_X27Y212 is part of a synchronized register chain that is suboptimally placed as the load FDRE cell mig_ddr3/u_mig_ddr3_mig/temp_mon_enabled.u_tempmon/device_temp_r_reg[4] is not placed in the same (SLICE) site.
Related violations: <none>

PDRC-190#8 Warning
Suboptimally placed synchronized register chain  
The FDRE cell mig_ddr3/u_mig_ddr3_mig/temp_mon_enabled.u_tempmon/device_temp_sync_r5_reg[5] in site SLICE_X25Y211 is part of a synchronized register chain that is suboptimally placed as the load FDRE cell mig_ddr3/u_mig_ddr3_mig/temp_mon_enabled.u_tempmon/device_temp_r_reg[5] is not placed in the same (SLICE) site.
Related violations: <none>

PDRC-190#9 Warning
Suboptimally placed synchronized register chain  
The FDRE cell mig_ddr3/u_mig_ddr3_mig/temp_mon_enabled.u_tempmon/device_temp_sync_r5_reg[6] in site SLICE_X27Y207 is part of a synchronized register chain that is suboptimally placed as the load FDRE cell mig_ddr3/u_mig_ddr3_mig/temp_mon_enabled.u_tempmon/device_temp_r_reg[6] is not placed in the same (SLICE) site.
Related violations: <none>

PDRC-190#10 Warning
Suboptimally placed synchronized register chain  
The FDRE cell mig_ddr3/u_mig_ddr3_mig/temp_mon_enabled.u_tempmon/device_temp_sync_r5_reg[7] in site SLICE_X26Y211 is part of a synchronized register chain that is suboptimally placed as the load FDRE cell mig_ddr3/u_mig_ddr3_mig/temp_mon_enabled.u_tempmon/device_temp_r_reg[7] is not placed in the same (SLICE) site.
Related violations: <none>

PDRC-190#11 Warning
Suboptimally placed synchronized register chain  
The FDRE cell mig_ddr3/u_mig_ddr3_mig/temp_mon_enabled.u_tempmon/device_temp_sync_r5_reg[8] in site SLICE_X25Y208 is part of a synchronized register chain that is suboptimally placed as the load FDRE cell mig_ddr3/u_mig_ddr3_mig/temp_mon_enabled.u_tempmon/device_temp_r_reg[8] is not placed in the same (SLICE) site.
Related violations: <none>

PDRC-190#12 Warning
Suboptimally placed synchronized register chain  
The FDRE cell mig_ddr3/u_mig_ddr3_mig/temp_mon_enabled.u_tempmon/device_temp_sync_r5_reg[9] in site SLICE_X27Y210 is part of a synchronized register chain that is suboptimally placed as the load FDRE cell mig_ddr3/u_mig_ddr3_mig/temp_mon_enabled.u_tempmon/device_temp_r_reg[9] is not placed in the same (SLICE) site.
Related violations: <none>

SYNTH-5#1 Warning
Mapped onto distributed RAM because of timing constraints  
The instance core/soc/ccore/riscv/stage0/bpu/rg_bht_arr_0/arr_reg_0_127_0_0 is implemented as distributed LUT RAM for the following reason: The timing constraints suggest that the chosen mapping will yield a better timing.
Related violations: <none>

SYNTH-5#2 Warning
Mapped onto distributed RAM because of timing constraints  
The instance core/soc/ccore/riscv/stage0/bpu/rg_bht_arr_0/arr_reg_0_127_1_1 is implemented as distributed LUT RAM for the following reason: The timing constraints suggest that the chosen mapping will yield a better timing.
Related violations: <none>

SYNTH-5#3 Warning
Mapped onto distributed RAM because of timing constraints  
The instance core/soc/ccore/riscv/stage0/bpu/rg_bht_arr_0/arr_reg_128_255_0_0 is implemented as distributed LUT RAM for the following reason: The timing constraints suggest that the chosen mapping will yield a better timing.
Related violations: <none>

SYNTH-5#4 Warning
Mapped onto distributed RAM because of timing constraints  
The instance core/soc/ccore/riscv/stage0/bpu/rg_bht_arr_0/arr_reg_128_255_1_1 is implemented as distributed LUT RAM for the following reason: The timing constraints suggest that the chosen mapping will yield a better timing.
Related violations: <none>

SYNTH-5#5 Warning
Mapped onto distributed RAM because of timing constraints  
The instance core/soc/ccore/riscv/stage0/bpu/rg_bht_arr_1/arr_reg_0_127_0_0 is implemented as distributed LUT RAM for the following reason: The timing constraints suggest that the chosen mapping will yield a better timing.
Related violations: <none>

SYNTH-5#6 Warning
Mapped onto distributed RAM because of timing constraints  
The instance core/soc/ccore/riscv/stage0/bpu/rg_bht_arr_1/arr_reg_0_127_1_1 is implemented as distributed LUT RAM for the following reason: The timing constraints suggest that the chosen mapping will yield a better timing.
Related violations: <none>

SYNTH-5#7 Warning
Mapped onto distributed RAM because of timing constraints  
The instance core/soc/ccore/riscv/stage0/bpu/rg_bht_arr_1/arr_reg_128_255_0_0 is implemented as distributed LUT RAM for the following reason: The timing constraints suggest that the chosen mapping will yield a better timing.
Related violations: <none>

SYNTH-5#8 Warning
Mapped onto distributed RAM because of timing constraints  
The instance core/soc/ccore/riscv/stage0/bpu/rg_bht_arr_1/arr_reg_128_255_1_1 is implemented as distributed LUT RAM for the following reason: The timing constraints suggest that the chosen mapping will yield a better timing.
Related violations: <none>

SYNTH-6#1 Warning
Timing of a block RAM might be sub-optimal  
The timing for the instance wrapper_inst/output_mem_reg_0_3, implemented as a block RAM, might be sub-optimal as no output register was merged into the block
Related violations: <none>

SYNTH-6#2 Warning
Timing of a block RAM might be sub-optimal  
The timing for the instance wrapper_inst/output_mem_reg_1_0, implemented as a block RAM, might be sub-optimal as no output register was merged into the block
Related violations: <none>

SYNTH-6#3 Warning
Timing of a block RAM might be sub-optimal  
The timing for the instance wrapper_inst/output_mem_reg_1_1, implemented as a block RAM, might be sub-optimal as no output register was merged into the block
Related violations: <none>

SYNTH-6#4 Warning
Timing of a block RAM might be sub-optimal  
The timing for the instance wrapper_inst/output_mem_reg_1_2, implemented as a block RAM, might be sub-optimal as no output register was merged into the block
Related violations: <none>

SYNTH-6#5 Warning
Timing of a block RAM might be sub-optimal  
The timing for the instance wrapper_inst/output_mem_reg_1_3, implemented as a block RAM, might be sub-optimal as no output register was merged into the block
Related violations: <none>

SYNTH-6#6 Warning
Timing of a block RAM might be sub-optimal  
The timing for the instance wrapper_inst/output_mem_reg_2_0, implemented as a block RAM, might be sub-optimal as no output register was merged into the block
Related violations: <none>

SYNTH-6#7 Warning
Timing of a block RAM might be sub-optimal  
The timing for the instance wrapper_inst/output_mem_reg_2_1, implemented as a block RAM, might be sub-optimal as no output register was merged into the block
Related violations: <none>

SYNTH-6#8 Warning
Timing of a block RAM might be sub-optimal  
The timing for the instance wrapper_inst/output_mem_reg_2_2, implemented as a block RAM, might be sub-optimal as no output register was merged into the block
Related violations: <none>

SYNTH-6#9 Warning
Timing of a block RAM might be sub-optimal  
The timing for the instance wrapper_inst/output_mem_reg_2_3, implemented as a block RAM, might be sub-optimal as no output register was merged into the block
Related violations: <none>

SYNTH-6#10 Warning
Timing of a block RAM might be sub-optimal  
The timing for the instance wrapper_inst/output_mem_reg_3_0, implemented as a block RAM, might be sub-optimal as no output register was merged into the block
Related violations: <none>

SYNTH-6#11 Warning
Timing of a block RAM might be sub-optimal  
The timing for the instance wrapper_inst/output_mem_reg_3_1, implemented as a block RAM, might be sub-optimal as no output register was merged into the block
Related violations: <none>

SYNTH-6#12 Warning
Timing of a block RAM might be sub-optimal  
The timing for the instance wrapper_inst/output_mem_reg_3_2, implemented as a block RAM, might be sub-optimal as no output register was merged into the block
Related violations: <none>

SYNTH-6#13 Warning
Timing of a block RAM might be sub-optimal  
The timing for the instance wrapper_inst/output_mem_reg_3_3, implemented as a block RAM, might be sub-optimal as no output register was merged into the block
Related violations: <none>

SYNTH-10#1 Warning
Wide multiplier  
Detected multiplier at core/soc/ccore/riscv/mbox/mul_/signed_mul/c of size 16x18, it is decomposed from a wide multipler into 4 DSP blocks.
Related violations: <none>

SYNTH-10#2 Warning
Wide multiplier  
Detected multiplier at core/soc/ccore/riscv/mbox/mul_/signed_mul/c__0 of size 16x16, it is decomposed from a wide multipler into 4 DSP blocks.
Related violations: <none>

SYNTH-10#3 Warning
Wide multiplier  
Detected multiplier at core/soc/ccore/riscv/mbox/mul_/signed_mul/c__1 of size 18x18, it is decomposed from a wide multipler into 4 DSP blocks.
Related violations: <none>

SYNTH-10#4 Warning
Wide multiplier  
Detected multiplier at core/soc/ccore/riscv/mbox/mul_/signed_mul/c__2 of size 18x16, it is decomposed from a wide multipler into 4 DSP blocks.
Related violations: <none>

SYNTH-15#1 Warning
Byte wide write enable not inferred  
Byte wide write enable (BWWE) is not inferred for Block RAM wrapper_inst/output_mem_reg_0_3 because address width (14) is more than optimal threshold of 12. Implementing using BWWE will require more logic and timing would be suboptimal. Please use attribute "ram_decomp = power" if BWWE is desired..
Related violations: <none>

SYNTH-15#2 Warning
Byte wide write enable not inferred  
Byte wide write enable (BWWE) is not inferred for Block RAM wrapper_inst/output_mem_reg_1_0 because address width (14) is more than optimal threshold of 12. Implementing using BWWE will require more logic and timing would be suboptimal. Please use attribute "ram_decomp = power" if BWWE is desired..
Related violations: <none>

SYNTH-15#3 Warning
Byte wide write enable not inferred  
Byte wide write enable (BWWE) is not inferred for Block RAM wrapper_inst/output_mem_reg_1_1 because address width (14) is more than optimal threshold of 12. Implementing using BWWE will require more logic and timing would be suboptimal. Please use attribute "ram_decomp = power" if BWWE is desired..
Related violations: <none>

SYNTH-15#4 Warning
Byte wide write enable not inferred  
Byte wide write enable (BWWE) is not inferred for Block RAM wrapper_inst/output_mem_reg_1_2 because address width (14) is more than optimal threshold of 12. Implementing using BWWE will require more logic and timing would be suboptimal. Please use attribute "ram_decomp = power" if BWWE is desired..
Related violations: <none>

SYNTH-15#5 Warning
Byte wide write enable not inferred  
Byte wide write enable (BWWE) is not inferred for Block RAM wrapper_inst/output_mem_reg_1_3 because address width (14) is more than optimal threshold of 12. Implementing using BWWE will require more logic and timing would be suboptimal. Please use attribute "ram_decomp = power" if BWWE is desired..
Related violations: <none>

SYNTH-15#6 Warning
Byte wide write enable not inferred  
Byte wide write enable (BWWE) is not inferred for Block RAM wrapper_inst/output_mem_reg_2_0 because address width (14) is more than optimal threshold of 12. Implementing using BWWE will require more logic and timing would be suboptimal. Please use attribute "ram_decomp = power" if BWWE is desired..
Related violations: <none>

SYNTH-15#7 Warning
Byte wide write enable not inferred  
Byte wide write enable (BWWE) is not inferred for Block RAM wrapper_inst/output_mem_reg_2_1 because address width (14) is more than optimal threshold of 12. Implementing using BWWE will require more logic and timing would be suboptimal. Please use attribute "ram_decomp = power" if BWWE is desired..
Related violations: <none>

SYNTH-15#8 Warning
Byte wide write enable not inferred  
Byte wide write enable (BWWE) is not inferred for Block RAM wrapper_inst/output_mem_reg_2_2 because address width (14) is more than optimal threshold of 12. Implementing using BWWE will require more logic and timing would be suboptimal. Please use attribute "ram_decomp = power" if BWWE is desired..
Related violations: <none>

SYNTH-15#9 Warning
Byte wide write enable not inferred  
Byte wide write enable (BWWE) is not inferred for Block RAM wrapper_inst/output_mem_reg_2_3 because address width (14) is more than optimal threshold of 12. Implementing using BWWE will require more logic and timing would be suboptimal. Please use attribute "ram_decomp = power" if BWWE is desired..
Related violations: <none>

SYNTH-15#10 Warning
Byte wide write enable not inferred  
Byte wide write enable (BWWE) is not inferred for Block RAM wrapper_inst/output_mem_reg_3_0 because address width (14) is more than optimal threshold of 12. Implementing using BWWE will require more logic and timing would be suboptimal. Please use attribute "ram_decomp = power" if BWWE is desired..
Related violations: <none>

SYNTH-15#11 Warning
Byte wide write enable not inferred  
Byte wide write enable (BWWE) is not inferred for Block RAM wrapper_inst/output_mem_reg_3_1 because address width (14) is more than optimal threshold of 12. Implementing using BWWE will require more logic and timing would be suboptimal. Please use attribute "ram_decomp = power" if BWWE is desired..
Related violations: <none>

SYNTH-15#12 Warning
Byte wide write enable not inferred  
Byte wide write enable (BWWE) is not inferred for Block RAM wrapper_inst/output_mem_reg_3_2 because address width (14) is more than optimal threshold of 12. Implementing using BWWE will require more logic and timing would be suboptimal. Please use attribute "ram_decomp = power" if BWWE is desired..
Related violations: <none>

SYNTH-15#13 Warning
Byte wide write enable not inferred  
Byte wide write enable (BWWE) is not inferred for Block RAM wrapper_inst/output_mem_reg_3_3 because address width (14) is more than optimal threshold of 12. Implementing using BWWE will require more logic and timing would be suboptimal. Please use attribute "ram_decomp = power" if BWWE is desired..
Related violations: <none>

TIMING-14#1 Warning
LUT on the clock tree  
The LUT core/soc/pwm_cluster/pwm0/pwm_clk_divider_new_clock/dSyncReg1_i_2 has been found on the clock tree. Run opt_design to optimize the clock trees, then re-run report_methodology. If LUT(s) are still present in the clock trees, modify the RTL or the synthesis options accordingly to move the clock gating logic to dedicated clock enable resources. Keep in mind that post-opt_design database cannot be used for pin-planning tasks
Related violations: <none>

TIMING-17#1 Warning
Non-clocked sequential cell  
The clock pin core/jtag_tap/capture_repsonse_from_dm_reg/C is not reached by a timing clock
Related violations: <none>

TIMING-17#2 Warning
Non-clocked sequential cell  
The clock pin core/jtag_tap/dmistat_reg[0]/C is not reached by a timing clock
Related violations: <none>

TIMING-17#3 Warning
Non-clocked sequential cell  
The clock pin core/jtag_tap/dmistat_reg[1]/C is not reached by a timing clock
Related violations: <none>

TIMING-17#4 Warning
Non-clocked sequential cell  
The clock pin core/jtag_tap/request_to_DM/D_OUT_reg[0]/C is not reached by a timing clock
Related violations: <none>

TIMING-17#5 Warning
Non-clocked sequential cell  
The clock pin core/jtag_tap/request_to_DM/D_OUT_reg[10]/C is not reached by a timing clock
Related violations: <none>

TIMING-17#6 Warning
Non-clocked sequential cell  
The clock pin core/jtag_tap/request_to_DM/D_OUT_reg[11]/C is not reached by a timing clock
Related violations: <none>

TIMING-17#7 Warning
Non-clocked sequential cell  
The clock pin core/jtag_tap/request_to_DM/D_OUT_reg[12]/C is not reached by a timing clock
Related violations: <none>

TIMING-17#8 Warning
Non-clocked sequential cell  
The clock pin core/jtag_tap/request_to_DM/D_OUT_reg[13]/C is not reached by a timing clock
Related violations: <none>

TIMING-17#9 Warning
Non-clocked sequential cell  
The clock pin core/jtag_tap/request_to_DM/D_OUT_reg[14]/C is not reached by a timing clock
Related violations: <none>

TIMING-17#10 Warning
Non-clocked sequential cell  
The clock pin core/jtag_tap/request_to_DM/D_OUT_reg[15]/C is not reached by a timing clock
Related violations: <none>

TIMING-17#11 Warning
Non-clocked sequential cell  
The clock pin core/jtag_tap/request_to_DM/D_OUT_reg[16]/C is not reached by a timing clock
Related violations: <none>

TIMING-17#12 Warning
Non-clocked sequential cell  
The clock pin core/jtag_tap/request_to_DM/D_OUT_reg[17]/C is not reached by a timing clock
Related violations: <none>

TIMING-17#13 Warning
Non-clocked sequential cell  
The clock pin core/jtag_tap/request_to_DM/D_OUT_reg[18]/C is not reached by a timing clock
Related violations: <none>

TIMING-17#14 Warning
Non-clocked sequential cell  
The clock pin core/jtag_tap/request_to_DM/D_OUT_reg[19]/C is not reached by a timing clock
Related violations: <none>

TIMING-17#15 Warning
Non-clocked sequential cell  
The clock pin core/jtag_tap/request_to_DM/D_OUT_reg[1]/C is not reached by a timing clock
Related violations: <none>

TIMING-17#16 Warning
Non-clocked sequential cell  
The clock pin core/jtag_tap/request_to_DM/D_OUT_reg[20]/C is not reached by a timing clock
Related violations: <none>

TIMING-17#17 Warning
Non-clocked sequential cell  
The clock pin core/jtag_tap/request_to_DM/D_OUT_reg[21]/C is not reached by a timing clock
Related violations: <none>

TIMING-17#18 Warning
Non-clocked sequential cell  
The clock pin core/jtag_tap/request_to_DM/D_OUT_reg[22]/C is not reached by a timing clock
Related violations: <none>

TIMING-17#19 Warning
Non-clocked sequential cell  
The clock pin core/jtag_tap/request_to_DM/D_OUT_reg[23]/C is not reached by a timing clock
Related violations: <none>

TIMING-17#20 Warning
Non-clocked sequential cell  
The clock pin core/jtag_tap/request_to_DM/D_OUT_reg[24]/C is not reached by a timing clock
Related violations: <none>

TIMING-17#21 Warning
Non-clocked sequential cell  
The clock pin core/jtag_tap/request_to_DM/D_OUT_reg[25]/C is not reached by a timing clock
Related violations: <none>

TIMING-17#22 Warning
Non-clocked sequential cell  
The clock pin core/jtag_tap/request_to_DM/D_OUT_reg[26]/C is not reached by a timing clock
Related violations: <none>

TIMING-17#23 Warning
Non-clocked sequential cell  
The clock pin core/jtag_tap/request_to_DM/D_OUT_reg[27]/C is not reached by a timing clock
Related violations: <none>

TIMING-17#24 Warning
Non-clocked sequential cell  
The clock pin core/jtag_tap/request_to_DM/D_OUT_reg[28]/C is not reached by a timing clock
Related violations: <none>

TIMING-17#25 Warning
Non-clocked sequential cell  
The clock pin core/jtag_tap/request_to_DM/D_OUT_reg[29]/C is not reached by a timing clock
Related violations: <none>

TIMING-17#26 Warning
Non-clocked sequential cell  
The clock pin core/jtag_tap/request_to_DM/D_OUT_reg[2]/C is not reached by a timing clock
Related violations: <none>

TIMING-17#27 Warning
Non-clocked sequential cell  
The clock pin core/jtag_tap/request_to_DM/D_OUT_reg[30]/C is not reached by a timing clock
Related violations: <none>

TIMING-17#28 Warning
Non-clocked sequential cell  
The clock pin core/jtag_tap/request_to_DM/D_OUT_reg[31]/C is not reached by a timing clock
Related violations: <none>

TIMING-17#29 Warning
Non-clocked sequential cell  
The clock pin core/jtag_tap/request_to_DM/D_OUT_reg[32]/C is not reached by a timing clock
Related violations: <none>

TIMING-17#30 Warning
Non-clocked sequential cell  
The clock pin core/jtag_tap/request_to_DM/D_OUT_reg[33]/C is not reached by a timing clock
Related violations: <none>

TIMING-17#31 Warning
Non-clocked sequential cell  
The clock pin core/jtag_tap/request_to_DM/D_OUT_reg[34]/C is not reached by a timing clock
Related violations: <none>

TIMING-17#32 Warning
Non-clocked sequential cell  
The clock pin core/jtag_tap/request_to_DM/D_OUT_reg[35]/C is not reached by a timing clock
Related violations: <none>

TIMING-17#33 Warning
Non-clocked sequential cell  
The clock pin core/jtag_tap/request_to_DM/D_OUT_reg[36]/C is not reached by a timing clock
Related violations: <none>

TIMING-17#34 Warning
Non-clocked sequential cell  
The clock pin core/jtag_tap/request_to_DM/D_OUT_reg[37]/C is not reached by a timing clock
Related violations: <none>

TIMING-17#35 Warning
Non-clocked sequential cell  
The clock pin core/jtag_tap/request_to_DM/D_OUT_reg[38]/C is not reached by a timing clock
Related violations: <none>

TIMING-17#36 Warning
Non-clocked sequential cell  
The clock pin core/jtag_tap/request_to_DM/D_OUT_reg[39]/C is not reached by a timing clock
Related violations: <none>

TIMING-17#37 Warning
Non-clocked sequential cell  
The clock pin core/jtag_tap/request_to_DM/D_OUT_reg[3]/C is not reached by a timing clock
Related violations: <none>

TIMING-17#38 Warning
Non-clocked sequential cell  
The clock pin core/jtag_tap/request_to_DM/D_OUT_reg[4]/C is not reached by a timing clock
Related violations: <none>

TIMING-17#39 Warning
Non-clocked sequential cell  
The clock pin core/jtag_tap/request_to_DM/D_OUT_reg[5]/C is not reached by a timing clock
Related violations: <none>

TIMING-17#40 Warning
Non-clocked sequential cell  
The clock pin core/jtag_tap/request_to_DM/D_OUT_reg[6]/C is not reached by a timing clock
Related violations: <none>

TIMING-17#41 Warning
Non-clocked sequential cell  
The clock pin core/jtag_tap/request_to_DM/D_OUT_reg[7]/C is not reached by a timing clock
Related violations: <none>

TIMING-17#42 Warning
Non-clocked sequential cell  
The clock pin core/jtag_tap/request_to_DM/D_OUT_reg[8]/C is not reached by a timing clock
Related violations: <none>

TIMING-17#43 Warning
Non-clocked sequential cell  
The clock pin core/jtag_tap/request_to_DM/D_OUT_reg[9]/C is not reached by a timing clock
Related violations: <none>

TIMING-17#44 Warning
Non-clocked sequential cell  
The clock pin core/jtag_tap/request_to_DM/empty_reg_reg/C is not reached by a timing clock
Related violations: <none>

TIMING-17#45 Warning
Non-clocked sequential cell  
The clock pin core/jtag_tap/response_from_DM/D_OUT_reg[10]/C is not reached by a timing clock
Related violations: <none>

TIMING-17#46 Warning
Non-clocked sequential cell  
The clock pin core/jtag_tap/response_from_DM/D_OUT_reg[11]/C is not reached by a timing clock
Related violations: <none>

TIMING-17#47 Warning
Non-clocked sequential cell  
The clock pin core/jtag_tap/response_from_DM/D_OUT_reg[12]/C is not reached by a timing clock
Related violations: <none>

TIMING-17#48 Warning
Non-clocked sequential cell  
The clock pin core/jtag_tap/response_from_DM/D_OUT_reg[13]/C is not reached by a timing clock
Related violations: <none>

TIMING-17#49 Warning
Non-clocked sequential cell  
The clock pin core/jtag_tap/response_from_DM/D_OUT_reg[14]/C is not reached by a timing clock
Related violations: <none>

TIMING-17#50 Warning
Non-clocked sequential cell  
The clock pin core/jtag_tap/response_from_DM/D_OUT_reg[15]/C is not reached by a timing clock
Related violations: <none>

TIMING-17#51 Warning
Non-clocked sequential cell  
The clock pin core/jtag_tap/response_from_DM/D_OUT_reg[16]/C is not reached by a timing clock
Related violations: <none>

TIMING-17#52 Warning
Non-clocked sequential cell  
The clock pin core/jtag_tap/response_from_DM/D_OUT_reg[17]/C is not reached by a timing clock
Related violations: <none>

TIMING-17#53 Warning
Non-clocked sequential cell  
The clock pin core/jtag_tap/response_from_DM/D_OUT_reg[18]/C is not reached by a timing clock
Related violations: <none>

TIMING-17#54 Warning
Non-clocked sequential cell  
The clock pin core/jtag_tap/response_from_DM/D_OUT_reg[19]/C is not reached by a timing clock
Related violations: <none>

TIMING-17#55 Warning
Non-clocked sequential cell  
The clock pin core/jtag_tap/response_from_DM/D_OUT_reg[1]/C is not reached by a timing clock
Related violations: <none>

TIMING-17#56 Warning
Non-clocked sequential cell  
The clock pin core/jtag_tap/response_from_DM/D_OUT_reg[20]/C is not reached by a timing clock
Related violations: <none>

TIMING-17#57 Warning
Non-clocked sequential cell  
The clock pin core/jtag_tap/response_from_DM/D_OUT_reg[21]/C is not reached by a timing clock
Related violations: <none>

TIMING-17#58 Warning
Non-clocked sequential cell  
The clock pin core/jtag_tap/response_from_DM/D_OUT_reg[22]/C is not reached by a timing clock
Related violations: <none>

TIMING-17#59 Warning
Non-clocked sequential cell  
The clock pin core/jtag_tap/response_from_DM/D_OUT_reg[23]/C is not reached by a timing clock
Related violations: <none>

TIMING-17#60 Warning
Non-clocked sequential cell  
The clock pin core/jtag_tap/response_from_DM/D_OUT_reg[24]/C is not reached by a timing clock
Related violations: <none>

TIMING-17#61 Warning
Non-clocked sequential cell  
The clock pin core/jtag_tap/response_from_DM/D_OUT_reg[25]/C is not reached by a timing clock
Related violations: <none>

TIMING-17#62 Warning
Non-clocked sequential cell  
The clock pin core/jtag_tap/response_from_DM/D_OUT_reg[26]/C is not reached by a timing clock
Related violations: <none>

TIMING-17#63 Warning
Non-clocked sequential cell  
The clock pin core/jtag_tap/response_from_DM/D_OUT_reg[27]/C is not reached by a timing clock
Related violations: <none>

TIMING-17#64 Warning
Non-clocked sequential cell  
The clock pin core/jtag_tap/response_from_DM/D_OUT_reg[28]/C is not reached by a timing clock
Related violations: <none>

TIMING-17#65 Warning
Non-clocked sequential cell  
The clock pin core/jtag_tap/response_from_DM/D_OUT_reg[29]/C is not reached by a timing clock
Related violations: <none>

TIMING-17#66 Warning
Non-clocked sequential cell  
The clock pin core/jtag_tap/response_from_DM/D_OUT_reg[2]/C is not reached by a timing clock
Related violations: <none>

TIMING-17#67 Warning
Non-clocked sequential cell  
The clock pin core/jtag_tap/response_from_DM/D_OUT_reg[30]/C is not reached by a timing clock
Related violations: <none>

TIMING-17#68 Warning
Non-clocked sequential cell  
The clock pin core/jtag_tap/response_from_DM/D_OUT_reg[31]/C is not reached by a timing clock
Related violations: <none>

TIMING-17#69 Warning
Non-clocked sequential cell  
The clock pin core/jtag_tap/response_from_DM/D_OUT_reg[32]/C is not reached by a timing clock
Related violations: <none>

TIMING-17#70 Warning
Non-clocked sequential cell  
The clock pin core/jtag_tap/response_from_DM/D_OUT_reg[33]/C is not reached by a timing clock
Related violations: <none>

TIMING-17#71 Warning
Non-clocked sequential cell  
The clock pin core/jtag_tap/response_from_DM/D_OUT_reg[3]/C is not reached by a timing clock
Related violations: <none>

TIMING-17#72 Warning
Non-clocked sequential cell  
The clock pin core/jtag_tap/response_from_DM/D_OUT_reg[4]/C is not reached by a timing clock
Related violations: <none>

TIMING-17#73 Warning
Non-clocked sequential cell  
The clock pin core/jtag_tap/response_from_DM/D_OUT_reg[5]/C is not reached by a timing clock
Related violations: <none>

TIMING-17#74 Warning
Non-clocked sequential cell  
The clock pin core/jtag_tap/response_from_DM/D_OUT_reg[6]/C is not reached by a timing clock
Related violations: <none>

TIMING-17#75 Warning
Non-clocked sequential cell  
The clock pin core/jtag_tap/response_from_DM/D_OUT_reg[7]/C is not reached by a timing clock
Related violations: <none>

TIMING-17#76 Warning
Non-clocked sequential cell  
The clock pin core/jtag_tap/response_from_DM/D_OUT_reg[8]/C is not reached by a timing clock
Related violations: <none>

TIMING-17#77 Warning
Non-clocked sequential cell  
The clock pin core/jtag_tap/response_from_DM/D_OUT_reg[9]/C is not reached by a timing clock
Related violations: <none>

TIMING-17#78 Warning
Non-clocked sequential cell  
The clock pin core/jtag_tap/response_from_DM/empty_reg_reg/C is not reached by a timing clock
Related violations: <none>

TIMING-17#79 Warning
Non-clocked sequential cell  
The clock pin core/jtag_tap/response_status_reg[0]/C is not reached by a timing clock
Related violations: <none>

TIMING-17#80 Warning
Non-clocked sequential cell  
The clock pin core/jtag_tap/rg_packet_reg[10]/C is not reached by a timing clock
Related violations: <none>

TIMING-17#81 Warning
Non-clocked sequential cell  
The clock pin core/jtag_tap/rg_packet_reg[11]/C is not reached by a timing clock
Related violations: <none>

TIMING-17#82 Warning
Non-clocked sequential cell  
The clock pin core/jtag_tap/rg_packet_reg[12]/C is not reached by a timing clock
Related violations: <none>

TIMING-17#83 Warning
Non-clocked sequential cell  
The clock pin core/jtag_tap/rg_packet_reg[13]/C is not reached by a timing clock
Related violations: <none>

TIMING-17#84 Warning
Non-clocked sequential cell  
The clock pin core/jtag_tap/rg_packet_reg[14]/C is not reached by a timing clock
Related violations: <none>

TIMING-17#85 Warning
Non-clocked sequential cell  
The clock pin core/jtag_tap/rg_packet_reg[15]/C is not reached by a timing clock
Related violations: <none>

TIMING-17#86 Warning
Non-clocked sequential cell  
The clock pin core/jtag_tap/rg_packet_reg[16]/C is not reached by a timing clock
Related violations: <none>

TIMING-17#87 Warning
Non-clocked sequential cell  
The clock pin core/jtag_tap/rg_packet_reg[17]/C is not reached by a timing clock
Related violations: <none>

TIMING-17#88 Warning
Non-clocked sequential cell  
The clock pin core/jtag_tap/rg_packet_reg[18]/C is not reached by a timing clock
Related violations: <none>

TIMING-17#89 Warning
Non-clocked sequential cell  
The clock pin core/jtag_tap/rg_packet_reg[19]/C is not reached by a timing clock
Related violations: <none>

TIMING-17#90 Warning
Non-clocked sequential cell  
The clock pin core/jtag_tap/rg_packet_reg[20]/C is not reached by a timing clock
Related violations: <none>

TIMING-17#91 Warning
Non-clocked sequential cell  
The clock pin core/jtag_tap/rg_packet_reg[21]/C is not reached by a timing clock
Related violations: <none>

TIMING-17#92 Warning
Non-clocked sequential cell  
The clock pin core/jtag_tap/rg_packet_reg[22]/C is not reached by a timing clock
Related violations: <none>

TIMING-17#93 Warning
Non-clocked sequential cell  
The clock pin core/jtag_tap/rg_packet_reg[23]/C is not reached by a timing clock
Related violations: <none>

TIMING-17#94 Warning
Non-clocked sequential cell  
The clock pin core/jtag_tap/rg_packet_reg[24]/C is not reached by a timing clock
Related violations: <none>

TIMING-17#95 Warning
Non-clocked sequential cell  
The clock pin core/jtag_tap/rg_packet_reg[25]/C is not reached by a timing clock
Related violations: <none>

TIMING-17#96 Warning
Non-clocked sequential cell  
The clock pin core/jtag_tap/rg_packet_reg[26]/C is not reached by a timing clock
Related violations: <none>

TIMING-17#97 Warning
Non-clocked sequential cell  
The clock pin core/jtag_tap/rg_packet_reg[27]/C is not reached by a timing clock
Related violations: <none>

TIMING-17#98 Warning
Non-clocked sequential cell  
The clock pin core/jtag_tap/rg_packet_reg[28]/C is not reached by a timing clock
Related violations: <none>

TIMING-17#99 Warning
Non-clocked sequential cell  
The clock pin core/jtag_tap/rg_packet_reg[29]/C is not reached by a timing clock
Related violations: <none>

TIMING-17#100 Warning
Non-clocked sequential cell  
The clock pin core/jtag_tap/rg_packet_reg[2]/C is not reached by a timing clock
Related violations: <none>

TIMING-17#101 Warning
Non-clocked sequential cell  
The clock pin core/jtag_tap/rg_packet_reg[30]/C is not reached by a timing clock
Related violations: <none>

TIMING-17#102 Warning
Non-clocked sequential cell  
The clock pin core/jtag_tap/rg_packet_reg[31]/C is not reached by a timing clock
Related violations: <none>

TIMING-17#103 Warning
Non-clocked sequential cell  
The clock pin core/jtag_tap/rg_packet_reg[32]/C is not reached by a timing clock
Related violations: <none>

TIMING-17#104 Warning
Non-clocked sequential cell  
The clock pin core/jtag_tap/rg_packet_reg[33]/C is not reached by a timing clock
Related violations: <none>

TIMING-17#105 Warning
Non-clocked sequential cell  
The clock pin core/jtag_tap/rg_packet_reg[34]/C is not reached by a timing clock
Related violations: <none>

TIMING-17#106 Warning
Non-clocked sequential cell  
The clock pin core/jtag_tap/rg_packet_reg[35]/C is not reached by a timing clock
Related violations: <none>

TIMING-17#107 Warning
Non-clocked sequential cell  
The clock pin core/jtag_tap/rg_packet_reg[36]/C is not reached by a timing clock
Related violations: <none>

TIMING-17#108 Warning
Non-clocked sequential cell  
The clock pin core/jtag_tap/rg_packet_reg[37]/C is not reached by a timing clock
Related violations: <none>

TIMING-17#109 Warning
Non-clocked sequential cell  
The clock pin core/jtag_tap/rg_packet_reg[38]/C is not reached by a timing clock
Related violations: <none>

TIMING-17#110 Warning
Non-clocked sequential cell  
The clock pin core/jtag_tap/rg_packet_reg[39]/C is not reached by a timing clock
Related violations: <none>

TIMING-17#111 Warning
Non-clocked sequential cell  
The clock pin core/jtag_tap/rg_packet_reg[3]/C is not reached by a timing clock
Related violations: <none>

TIMING-17#112 Warning
Non-clocked sequential cell  
The clock pin core/jtag_tap/rg_packet_reg[40]/C is not reached by a timing clock
Related violations: <none>

TIMING-17#113 Warning
Non-clocked sequential cell  
The clock pin core/jtag_tap/rg_packet_reg[4]/C is not reached by a timing clock
Related violations: <none>

TIMING-17#114 Warning
Non-clocked sequential cell  
The clock pin core/jtag_tap/rg_packet_reg[5]/C is not reached by a timing clock
Related violations: <none>

TIMING-17#115 Warning
Non-clocked sequential cell  
The clock pin core/jtag_tap/rg_packet_reg[6]/C is not reached by a timing clock
Related violations: <none>

TIMING-17#116 Warning
Non-clocked sequential cell  
The clock pin core/jtag_tap/rg_packet_reg[7]/C is not reached by a timing clock
Related violations: <none>

TIMING-17#117 Warning
Non-clocked sequential cell  
The clock pin core/jtag_tap/rg_packet_reg[8]/C is not reached by a timing clock
Related violations: <none>

TIMING-17#118 Warning
Non-clocked sequential cell  
The clock pin core/jtag_tap/rg_packet_reg[9]/C is not reached by a timing clock
Related violations: <none>

TIMING-17#119 Warning
Non-clocked sequential cell  
The clock pin core/jtag_tap/rg_pseudo_ir_reg[0]/C is not reached by a timing clock
Related violations: <none>

TIMING-17#120 Warning
Non-clocked sequential cell  
The clock pin core/jtag_tap/rg_pseudo_ir_reg[1]/C is not reached by a timing clock
Related violations: <none>

TIMING-17#121 Warning
Non-clocked sequential cell  
The clock pin core/jtag_tap/rg_pseudo_ir_reg[2]/C is not reached by a timing clock
Related violations: <none>

TIMING-17#122 Warning
Non-clocked sequential cell  
The clock pin core/jtag_tap/rg_pseudo_ir_reg[3]/C is not reached by a timing clock
Related violations: <none>

TIMING-17#123 Warning
Non-clocked sequential cell  
The clock pin core/jtag_tap/rg_pseudo_ir_reg[4]/C is not reached by a timing clock
Related violations: <none>

TIMING-17#124 Warning
Non-clocked sequential cell  
The clock pin core/jtag_tap/rg_tdo_reg/C is not reached by a timing clock
Related violations: <none>

TIMING-17#125 Warning
Non-clocked sequential cell  
The clock pin core/jtag_tap/srg_mdr_reg[0]/C is not reached by a timing clock
Related violations: <none>

TIMING-17#126 Warning
Non-clocked sequential cell  
The clock pin core/jtag_tap/srg_mdr_reg[100]/C is not reached by a timing clock
Related violations: <none>

TIMING-17#127 Warning
Non-clocked sequential cell  
The clock pin core/jtag_tap/srg_mdr_reg[101]/C is not reached by a timing clock
Related violations: <none>

TIMING-17#128 Warning
Non-clocked sequential cell  
The clock pin core/jtag_tap/srg_mdr_reg[102]/C is not reached by a timing clock
Related violations: <none>

TIMING-17#129 Warning
Non-clocked sequential cell  
The clock pin core/jtag_tap/srg_mdr_reg[103]/C is not reached by a timing clock
Related violations: <none>

TIMING-17#130 Warning
Non-clocked sequential cell  
The clock pin core/jtag_tap/srg_mdr_reg[104]/C is not reached by a timing clock
Related violations: <none>

TIMING-17#131 Warning
Non-clocked sequential cell  
The clock pin core/jtag_tap/srg_mdr_reg[105]/C is not reached by a timing clock
Related violations: <none>

TIMING-17#132 Warning
Non-clocked sequential cell  
The clock pin core/jtag_tap/srg_mdr_reg[106]/C is not reached by a timing clock
Related violations: <none>

TIMING-17#133 Warning
Non-clocked sequential cell  
The clock pin core/jtag_tap/srg_mdr_reg[107]/C is not reached by a timing clock
Related violations: <none>

TIMING-17#134 Warning
Non-clocked sequential cell  
The clock pin core/jtag_tap/srg_mdr_reg[108]/C is not reached by a timing clock
Related violations: <none>

TIMING-17#135 Warning
Non-clocked sequential cell  
The clock pin core/jtag_tap/srg_mdr_reg[109]/C is not reached by a timing clock
Related violations: <none>

TIMING-17#136 Warning
Non-clocked sequential cell  
The clock pin core/jtag_tap/srg_mdr_reg[10]/C is not reached by a timing clock
Related violations: <none>

TIMING-17#137 Warning
Non-clocked sequential cell  
The clock pin core/jtag_tap/srg_mdr_reg[110]/C is not reached by a timing clock
Related violations: <none>

TIMING-17#138 Warning
Non-clocked sequential cell  
The clock pin core/jtag_tap/srg_mdr_reg[111]/C is not reached by a timing clock
Related violations: <none>

TIMING-17#139 Warning
Non-clocked sequential cell  
The clock pin core/jtag_tap/srg_mdr_reg[112]/C is not reached by a timing clock
Related violations: <none>

TIMING-17#140 Warning
Non-clocked sequential cell  
The clock pin core/jtag_tap/srg_mdr_reg[113]/C is not reached by a timing clock
Related violations: <none>

TIMING-17#141 Warning
Non-clocked sequential cell  
The clock pin core/jtag_tap/srg_mdr_reg[114]/C is not reached by a timing clock
Related violations: <none>

TIMING-17#142 Warning
Non-clocked sequential cell  
The clock pin core/jtag_tap/srg_mdr_reg[115]/C is not reached by a timing clock
Related violations: <none>

TIMING-17#143 Warning
Non-clocked sequential cell  
The clock pin core/jtag_tap/srg_mdr_reg[116]/C is not reached by a timing clock
Related violations: <none>

TIMING-17#144 Warning
Non-clocked sequential cell  
The clock pin core/jtag_tap/srg_mdr_reg[117]/C is not reached by a timing clock
Related violations: <none>

TIMING-17#145 Warning
Non-clocked sequential cell  
The clock pin core/jtag_tap/srg_mdr_reg[118]/C is not reached by a timing clock
Related violations: <none>

TIMING-17#146 Warning
Non-clocked sequential cell  
The clock pin core/jtag_tap/srg_mdr_reg[119]/C is not reached by a timing clock
Related violations: <none>

TIMING-17#147 Warning
Non-clocked sequential cell  
The clock pin core/jtag_tap/srg_mdr_reg[11]/C is not reached by a timing clock
Related violations: <none>

TIMING-17#148 Warning
Non-clocked sequential cell  
The clock pin core/jtag_tap/srg_mdr_reg[120]/C is not reached by a timing clock
Related violations: <none>

TIMING-17#149 Warning
Non-clocked sequential cell  
The clock pin core/jtag_tap/srg_mdr_reg[121]/C is not reached by a timing clock
Related violations: <none>

TIMING-17#150 Warning
Non-clocked sequential cell  
The clock pin core/jtag_tap/srg_mdr_reg[122]/C is not reached by a timing clock
Related violations: <none>

TIMING-17#151 Warning
Non-clocked sequential cell  
The clock pin core/jtag_tap/srg_mdr_reg[123]/C is not reached by a timing clock
Related violations: <none>

TIMING-17#152 Warning
Non-clocked sequential cell  
The clock pin core/jtag_tap/srg_mdr_reg[124]/C is not reached by a timing clock
Related violations: <none>

TIMING-17#153 Warning
Non-clocked sequential cell  
The clock pin core/jtag_tap/srg_mdr_reg[125]/C is not reached by a timing clock
Related violations: <none>

TIMING-17#154 Warning
Non-clocked sequential cell  
The clock pin core/jtag_tap/srg_mdr_reg[126]/C is not reached by a timing clock
Related violations: <none>

TIMING-17#155 Warning
Non-clocked sequential cell  
The clock pin core/jtag_tap/srg_mdr_reg[127]/C is not reached by a timing clock
Related violations: <none>

TIMING-17#156 Warning
Non-clocked sequential cell  
The clock pin core/jtag_tap/srg_mdr_reg[128]/C is not reached by a timing clock
Related violations: <none>

TIMING-17#157 Warning
Non-clocked sequential cell  
The clock pin core/jtag_tap/srg_mdr_reg[129]/C is not reached by a timing clock
Related violations: <none>

TIMING-17#158 Warning
Non-clocked sequential cell  
The clock pin core/jtag_tap/srg_mdr_reg[12]/C is not reached by a timing clock
Related violations: <none>

TIMING-17#159 Warning
Non-clocked sequential cell  
The clock pin core/jtag_tap/srg_mdr_reg[130]/C is not reached by a timing clock
Related violations: <none>

TIMING-17#160 Warning
Non-clocked sequential cell  
The clock pin core/jtag_tap/srg_mdr_reg[131]/C is not reached by a timing clock
Related violations: <none>

TIMING-17#161 Warning
Non-clocked sequential cell  
The clock pin core/jtag_tap/srg_mdr_reg[132]/C is not reached by a timing clock
Related violations: <none>

TIMING-17#162 Warning
Non-clocked sequential cell  
The clock pin core/jtag_tap/srg_mdr_reg[133]/C is not reached by a timing clock
Related violations: <none>

TIMING-17#163 Warning
Non-clocked sequential cell  
The clock pin core/jtag_tap/srg_mdr_reg[134]/C is not reached by a timing clock
Related violations: <none>

TIMING-17#164 Warning
Non-clocked sequential cell  
The clock pin core/jtag_tap/srg_mdr_reg[135]/C is not reached by a timing clock
Related violations: <none>

TIMING-17#165 Warning
Non-clocked sequential cell  
The clock pin core/jtag_tap/srg_mdr_reg[136]/C is not reached by a timing clock
Related violations: <none>

TIMING-17#166 Warning
Non-clocked sequential cell  
The clock pin core/jtag_tap/srg_mdr_reg[137]/C is not reached by a timing clock
Related violations: <none>

TIMING-17#167 Warning
Non-clocked sequential cell  
The clock pin core/jtag_tap/srg_mdr_reg[138]/C is not reached by a timing clock
Related violations: <none>

TIMING-17#168 Warning
Non-clocked sequential cell  
The clock pin core/jtag_tap/srg_mdr_reg[13]/C is not reached by a timing clock
Related violations: <none>

TIMING-17#169 Warning
Non-clocked sequential cell  
The clock pin core/jtag_tap/srg_mdr_reg[14]/C is not reached by a timing clock
Related violations: <none>

TIMING-17#170 Warning
Non-clocked sequential cell  
The clock pin core/jtag_tap/srg_mdr_reg[15]/C is not reached by a timing clock
Related violations: <none>

TIMING-17#171 Warning
Non-clocked sequential cell  
The clock pin core/jtag_tap/srg_mdr_reg[16]/C is not reached by a timing clock
Related violations: <none>

TIMING-17#172 Warning
Non-clocked sequential cell  
The clock pin core/jtag_tap/srg_mdr_reg[17]/C is not reached by a timing clock
Related violations: <none>

TIMING-17#173 Warning
Non-clocked sequential cell  
The clock pin core/jtag_tap/srg_mdr_reg[18]/C is not reached by a timing clock
Related violations: <none>

TIMING-17#174 Warning
Non-clocked sequential cell  
The clock pin core/jtag_tap/srg_mdr_reg[19]/C is not reached by a timing clock
Related violations: <none>

TIMING-17#175 Warning
Non-clocked sequential cell  
The clock pin core/jtag_tap/srg_mdr_reg[1]/C is not reached by a timing clock
Related violations: <none>

TIMING-17#176 Warning
Non-clocked sequential cell  
The clock pin core/jtag_tap/srg_mdr_reg[20]/C is not reached by a timing clock
Related violations: <none>

TIMING-17#177 Warning
Non-clocked sequential cell  
The clock pin core/jtag_tap/srg_mdr_reg[21]/C is not reached by a timing clock
Related violations: <none>

TIMING-17#178 Warning
Non-clocked sequential cell  
The clock pin core/jtag_tap/srg_mdr_reg[22]/C is not reached by a timing clock
Related violations: <none>

TIMING-17#179 Warning
Non-clocked sequential cell  
The clock pin core/jtag_tap/srg_mdr_reg[23]/C is not reached by a timing clock
Related violations: <none>

TIMING-17#180 Warning
Non-clocked sequential cell  
The clock pin core/jtag_tap/srg_mdr_reg[24]/C is not reached by a timing clock
Related violations: <none>

TIMING-17#181 Warning
Non-clocked sequential cell  
The clock pin core/jtag_tap/srg_mdr_reg[25]/C is not reached by a timing clock
Related violations: <none>

TIMING-17#182 Warning
Non-clocked sequential cell  
The clock pin core/jtag_tap/srg_mdr_reg[26]/C is not reached by a timing clock
Related violations: <none>

TIMING-17#183 Warning
Non-clocked sequential cell  
The clock pin core/jtag_tap/srg_mdr_reg[27]/C is not reached by a timing clock
Related violations: <none>

TIMING-17#184 Warning
Non-clocked sequential cell  
The clock pin core/jtag_tap/srg_mdr_reg[28]/C is not reached by a timing clock
Related violations: <none>

TIMING-17#185 Warning
Non-clocked sequential cell  
The clock pin core/jtag_tap/srg_mdr_reg[29]/C is not reached by a timing clock
Related violations: <none>

TIMING-17#186 Warning
Non-clocked sequential cell  
The clock pin core/jtag_tap/srg_mdr_reg[2]/C is not reached by a timing clock
Related violations: <none>

TIMING-17#187 Warning
Non-clocked sequential cell  
The clock pin core/jtag_tap/srg_mdr_reg[30]/C is not reached by a timing clock
Related violations: <none>

TIMING-17#188 Warning
Non-clocked sequential cell  
The clock pin core/jtag_tap/srg_mdr_reg[31]/C is not reached by a timing clock
Related violations: <none>

TIMING-17#189 Warning
Non-clocked sequential cell  
The clock pin core/jtag_tap/srg_mdr_reg[32]/C is not reached by a timing clock
Related violations: <none>

TIMING-17#190 Warning
Non-clocked sequential cell  
The clock pin core/jtag_tap/srg_mdr_reg[33]/C is not reached by a timing clock
Related violations: <none>

TIMING-17#191 Warning
Non-clocked sequential cell  
The clock pin core/jtag_tap/srg_mdr_reg[34]/C is not reached by a timing clock
Related violations: <none>

TIMING-17#192 Warning
Non-clocked sequential cell  
The clock pin core/jtag_tap/srg_mdr_reg[35]/C is not reached by a timing clock
Related violations: <none>

TIMING-17#193 Warning
Non-clocked sequential cell  
The clock pin core/jtag_tap/srg_mdr_reg[36]/C is not reached by a timing clock
Related violations: <none>

TIMING-17#194 Warning
Non-clocked sequential cell  
The clock pin core/jtag_tap/srg_mdr_reg[37]/C is not reached by a timing clock
Related violations: <none>

TIMING-17#195 Warning
Non-clocked sequential cell  
The clock pin core/jtag_tap/srg_mdr_reg[38]/C is not reached by a timing clock
Related violations: <none>

TIMING-17#196 Warning
Non-clocked sequential cell  
The clock pin core/jtag_tap/srg_mdr_reg[39]/C is not reached by a timing clock
Related violations: <none>

TIMING-17#197 Warning
Non-clocked sequential cell  
The clock pin core/jtag_tap/srg_mdr_reg[3]/C is not reached by a timing clock
Related violations: <none>

TIMING-17#198 Warning
Non-clocked sequential cell  
The clock pin core/jtag_tap/srg_mdr_reg[40]/C is not reached by a timing clock
Related violations: <none>

TIMING-17#199 Warning
Non-clocked sequential cell  
The clock pin core/jtag_tap/srg_mdr_reg[41]/C is not reached by a timing clock
Related violations: <none>

TIMING-17#200 Warning
Non-clocked sequential cell  
The clock pin core/jtag_tap/srg_mdr_reg[42]/C is not reached by a timing clock
Related violations: <none>

TIMING-17#201 Warning
Non-clocked sequential cell  
The clock pin core/jtag_tap/srg_mdr_reg[43]/C is not reached by a timing clock
Related violations: <none>

TIMING-17#202 Warning
Non-clocked sequential cell  
The clock pin core/jtag_tap/srg_mdr_reg[44]/C is not reached by a timing clock
Related violations: <none>

TIMING-17#203 Warning
Non-clocked sequential cell  
The clock pin core/jtag_tap/srg_mdr_reg[45]/C is not reached by a timing clock
Related violations: <none>

TIMING-17#204 Warning
Non-clocked sequential cell  
The clock pin core/jtag_tap/srg_mdr_reg[46]/C is not reached by a timing clock
Related violations: <none>

TIMING-17#205 Warning
Non-clocked sequential cell  
The clock pin core/jtag_tap/srg_mdr_reg[47]/C is not reached by a timing clock
Related violations: <none>

TIMING-17#206 Warning
Non-clocked sequential cell  
The clock pin core/jtag_tap/srg_mdr_reg[48]/C is not reached by a timing clock
Related violations: <none>

TIMING-17#207 Warning
Non-clocked sequential cell  
The clock pin core/jtag_tap/srg_mdr_reg[49]/C is not reached by a timing clock
Related violations: <none>

TIMING-17#208 Warning
Non-clocked sequential cell  
The clock pin core/jtag_tap/srg_mdr_reg[4]/C is not reached by a timing clock
Related violations: <none>

TIMING-17#209 Warning
Non-clocked sequential cell  
The clock pin core/jtag_tap/srg_mdr_reg[50]/C is not reached by a timing clock
Related violations: <none>

TIMING-17#210 Warning
Non-clocked sequential cell  
The clock pin core/jtag_tap/srg_mdr_reg[51]/C is not reached by a timing clock
Related violations: <none>

TIMING-17#211 Warning
Non-clocked sequential cell  
The clock pin core/jtag_tap/srg_mdr_reg[52]/C is not reached by a timing clock
Related violations: <none>

TIMING-17#212 Warning
Non-clocked sequential cell  
The clock pin core/jtag_tap/srg_mdr_reg[53]/C is not reached by a timing clock
Related violations: <none>

TIMING-17#213 Warning
Non-clocked sequential cell  
The clock pin core/jtag_tap/srg_mdr_reg[54]/C is not reached by a timing clock
Related violations: <none>

TIMING-17#214 Warning
Non-clocked sequential cell  
The clock pin core/jtag_tap/srg_mdr_reg[55]/C is not reached by a timing clock
Related violations: <none>

TIMING-17#215 Warning
Non-clocked sequential cell  
The clock pin core/jtag_tap/srg_mdr_reg[56]/C is not reached by a timing clock
Related violations: <none>

TIMING-17#216 Warning
Non-clocked sequential cell  
The clock pin core/jtag_tap/srg_mdr_reg[57]/C is not reached by a timing clock
Related violations: <none>

TIMING-17#217 Warning
Non-clocked sequential cell  
The clock pin core/jtag_tap/srg_mdr_reg[58]/C is not reached by a timing clock
Related violations: <none>

TIMING-17#218 Warning
Non-clocked sequential cell  
The clock pin core/jtag_tap/srg_mdr_reg[59]/C is not reached by a timing clock
Related violations: <none>

TIMING-17#219 Warning
Non-clocked sequential cell  
The clock pin core/jtag_tap/srg_mdr_reg[5]/C is not reached by a timing clock
Related violations: <none>

TIMING-17#220 Warning
Non-clocked sequential cell  
The clock pin core/jtag_tap/srg_mdr_reg[60]/C is not reached by a timing clock
Related violations: <none>

TIMING-17#221 Warning
Non-clocked sequential cell  
The clock pin core/jtag_tap/srg_mdr_reg[61]/C is not reached by a timing clock
Related violations: <none>

TIMING-17#222 Warning
Non-clocked sequential cell  
The clock pin core/jtag_tap/srg_mdr_reg[62]/C is not reached by a timing clock
Related violations: <none>

TIMING-17#223 Warning
Non-clocked sequential cell  
The clock pin core/jtag_tap/srg_mdr_reg[63]/C is not reached by a timing clock
Related violations: <none>

TIMING-17#224 Warning
Non-clocked sequential cell  
The clock pin core/jtag_tap/srg_mdr_reg[64]/C is not reached by a timing clock
Related violations: <none>

TIMING-17#225 Warning
Non-clocked sequential cell  
The clock pin core/jtag_tap/srg_mdr_reg[65]/C is not reached by a timing clock
Related violations: <none>

TIMING-17#226 Warning
Non-clocked sequential cell  
The clock pin core/jtag_tap/srg_mdr_reg[66]/C is not reached by a timing clock
Related violations: <none>

TIMING-17#227 Warning
Non-clocked sequential cell  
The clock pin core/jtag_tap/srg_mdr_reg[67]/C is not reached by a timing clock
Related violations: <none>

TIMING-17#228 Warning
Non-clocked sequential cell  
The clock pin core/jtag_tap/srg_mdr_reg[68]/C is not reached by a timing clock
Related violations: <none>

TIMING-17#229 Warning
Non-clocked sequential cell  
The clock pin core/jtag_tap/srg_mdr_reg[69]/C is not reached by a timing clock
Related violations: <none>

TIMING-17#230 Warning
Non-clocked sequential cell  
The clock pin core/jtag_tap/srg_mdr_reg[6]/C is not reached by a timing clock
Related violations: <none>

TIMING-17#231 Warning
Non-clocked sequential cell  
The clock pin core/jtag_tap/srg_mdr_reg[70]/C is not reached by a timing clock
Related violations: <none>

TIMING-17#232 Warning
Non-clocked sequential cell  
The clock pin core/jtag_tap/srg_mdr_reg[71]/C is not reached by a timing clock
Related violations: <none>

TIMING-17#233 Warning
Non-clocked sequential cell  
The clock pin core/jtag_tap/srg_mdr_reg[72]/C is not reached by a timing clock
Related violations: <none>

TIMING-17#234 Warning
Non-clocked sequential cell  
The clock pin core/jtag_tap/srg_mdr_reg[73]/C is not reached by a timing clock
Related violations: <none>

TIMING-17#235 Warning
Non-clocked sequential cell  
The clock pin core/jtag_tap/srg_mdr_reg[74]/C is not reached by a timing clock
Related violations: <none>

TIMING-17#236 Warning
Non-clocked sequential cell  
The clock pin core/jtag_tap/srg_mdr_reg[75]/C is not reached by a timing clock
Related violations: <none>

TIMING-17#237 Warning
Non-clocked sequential cell  
The clock pin core/jtag_tap/srg_mdr_reg[76]/C is not reached by a timing clock
Related violations: <none>

TIMING-17#238 Warning
Non-clocked sequential cell  
The clock pin core/jtag_tap/srg_mdr_reg[77]/C is not reached by a timing clock
Related violations: <none>

TIMING-17#239 Warning
Non-clocked sequential cell  
The clock pin core/jtag_tap/srg_mdr_reg[78]/C is not reached by a timing clock
Related violations: <none>

TIMING-17#240 Warning
Non-clocked sequential cell  
The clock pin core/jtag_tap/srg_mdr_reg[79]/C is not reached by a timing clock
Related violations: <none>

TIMING-17#241 Warning
Non-clocked sequential cell  
The clock pin core/jtag_tap/srg_mdr_reg[7]/C is not reached by a timing clock
Related violations: <none>

TIMING-17#242 Warning
Non-clocked sequential cell  
The clock pin core/jtag_tap/srg_mdr_reg[80]/C is not reached by a timing clock
Related violations: <none>

TIMING-17#243 Warning
Non-clocked sequential cell  
The clock pin core/jtag_tap/srg_mdr_reg[81]/C is not reached by a timing clock
Related violations: <none>

TIMING-17#244 Warning
Non-clocked sequential cell  
The clock pin core/jtag_tap/srg_mdr_reg[82]/C is not reached by a timing clock
Related violations: <none>

TIMING-17#245 Warning
Non-clocked sequential cell  
The clock pin core/jtag_tap/srg_mdr_reg[83]/C is not reached by a timing clock
Related violations: <none>

TIMING-17#246 Warning
Non-clocked sequential cell  
The clock pin core/jtag_tap/srg_mdr_reg[84]/C is not reached by a timing clock
Related violations: <none>

TIMING-17#247 Warning
Non-clocked sequential cell  
The clock pin core/jtag_tap/srg_mdr_reg[85]/C is not reached by a timing clock
Related violations: <none>

TIMING-17#248 Warning
Non-clocked sequential cell  
The clock pin core/jtag_tap/srg_mdr_reg[86]/C is not reached by a timing clock
Related violations: <none>

TIMING-17#249 Warning
Non-clocked sequential cell  
The clock pin core/jtag_tap/srg_mdr_reg[87]/C is not reached by a timing clock
Related violations: <none>

TIMING-17#250 Warning
Non-clocked sequential cell  
The clock pin core/jtag_tap/srg_mdr_reg[88]/C is not reached by a timing clock
Related violations: <none>

TIMING-17#251 Warning
Non-clocked sequential cell  
The clock pin core/jtag_tap/srg_mdr_reg[89]/C is not reached by a timing clock
Related violations: <none>

TIMING-17#252 Warning
Non-clocked sequential cell  
The clock pin core/jtag_tap/srg_mdr_reg[8]/C is not reached by a timing clock
Related violations: <none>

TIMING-17#253 Warning
Non-clocked sequential cell  
The clock pin core/jtag_tap/srg_mdr_reg[90]/C is not reached by a timing clock
Related violations: <none>

TIMING-17#254 Warning
Non-clocked sequential cell  
The clock pin core/jtag_tap/srg_mdr_reg[91]/C is not reached by a timing clock
Related violations: <none>

TIMING-17#255 Warning
Non-clocked sequential cell  
The clock pin core/jtag_tap/srg_mdr_reg[92]/C is not reached by a timing clock
Related violations: <none>

TIMING-17#256 Warning
Non-clocked sequential cell  
The clock pin core/jtag_tap/srg_mdr_reg[93]/C is not reached by a timing clock
Related violations: <none>

TIMING-17#257 Warning
Non-clocked sequential cell  
The clock pin core/jtag_tap/srg_mdr_reg[94]/C is not reached by a timing clock
Related violations: <none>

TIMING-17#258 Warning
Non-clocked sequential cell  
The clock pin core/jtag_tap/srg_mdr_reg[95]/C is not reached by a timing clock
Related violations: <none>

TIMING-17#259 Warning
Non-clocked sequential cell  
The clock pin core/jtag_tap/srg_mdr_reg[96]/C is not reached by a timing clock
Related violations: <none>

TIMING-17#260 Warning
Non-clocked sequential cell  
The clock pin core/jtag_tap/srg_mdr_reg[97]/C is not reached by a timing clock
Related violations: <none>

TIMING-17#261 Warning
Non-clocked sequential cell  
The clock pin core/jtag_tap/srg_mdr_reg[98]/C is not reached by a timing clock
Related violations: <none>

TIMING-17#262 Warning
Non-clocked sequential cell  
The clock pin core/jtag_tap/srg_mdr_reg[99]/C is not reached by a timing clock
Related violations: <none>

TIMING-17#263 Warning
Non-clocked sequential cell  
The clock pin core/jtag_tap/srg_mdr_reg[9]/C is not reached by a timing clock
Related violations: <none>

TIMING-17#264 Warning
Non-clocked sequential cell  
The clock pin core/sync_request_to_dm/sDeqToggle_reg/C is not reached by a timing clock
Related violations: <none>

TIMING-17#265 Warning
Non-clocked sequential cell  
The clock pin core/sync_request_to_dm/sEnqToggle_reg/C is not reached by a timing clock
Related violations: <none>

TIMING-17#266 Warning
Non-clocked sequential cell  
The clock pin core/sync_request_to_dm/sSyncReg1_reg/C is not reached by a timing clock
Related violations: <none>

TIMING-17#267 Warning
Non-clocked sequential cell  
The clock pin core/sync_request_to_dm/syncFIFO1Data_reg[0]/C is not reached by a timing clock
Related violations: <none>

TIMING-17#268 Warning
Non-clocked sequential cell  
The clock pin core/sync_request_to_dm/syncFIFO1Data_reg[10]/C is not reached by a timing clock
Related violations: <none>

TIMING-17#269 Warning
Non-clocked sequential cell  
The clock pin core/sync_request_to_dm/syncFIFO1Data_reg[11]/C is not reached by a timing clock
Related violations: <none>

TIMING-17#270 Warning
Non-clocked sequential cell  
The clock pin core/sync_request_to_dm/syncFIFO1Data_reg[12]/C is not reached by a timing clock
Related violations: <none>

TIMING-17#271 Warning
Non-clocked sequential cell  
The clock pin core/sync_request_to_dm/syncFIFO1Data_reg[13]/C is not reached by a timing clock
Related violations: <none>

TIMING-17#272 Warning
Non-clocked sequential cell  
The clock pin core/sync_request_to_dm/syncFIFO1Data_reg[14]/C is not reached by a timing clock
Related violations: <none>

TIMING-17#273 Warning
Non-clocked sequential cell  
The clock pin core/sync_request_to_dm/syncFIFO1Data_reg[15]/C is not reached by a timing clock
Related violations: <none>

TIMING-17#274 Warning
Non-clocked sequential cell  
The clock pin core/sync_request_to_dm/syncFIFO1Data_reg[16]/C is not reached by a timing clock
Related violations: <none>

TIMING-17#275 Warning
Non-clocked sequential cell  
The clock pin core/sync_request_to_dm/syncFIFO1Data_reg[17]/C is not reached by a timing clock
Related violations: <none>

TIMING-17#276 Warning
Non-clocked sequential cell  
The clock pin core/sync_request_to_dm/syncFIFO1Data_reg[18]/C is not reached by a timing clock
Related violations: <none>

TIMING-17#277 Warning
Non-clocked sequential cell  
The clock pin core/sync_request_to_dm/syncFIFO1Data_reg[19]/C is not reached by a timing clock
Related violations: <none>

TIMING-17#278 Warning
Non-clocked sequential cell  
The clock pin core/sync_request_to_dm/syncFIFO1Data_reg[1]/C is not reached by a timing clock
Related violations: <none>

TIMING-17#279 Warning
Non-clocked sequential cell  
The clock pin core/sync_request_to_dm/syncFIFO1Data_reg[20]/C is not reached by a timing clock
Related violations: <none>

TIMING-17#280 Warning
Non-clocked sequential cell  
The clock pin core/sync_request_to_dm/syncFIFO1Data_reg[21]/C is not reached by a timing clock
Related violations: <none>

TIMING-17#281 Warning
Non-clocked sequential cell  
The clock pin core/sync_request_to_dm/syncFIFO1Data_reg[22]/C is not reached by a timing clock
Related violations: <none>

TIMING-17#282 Warning
Non-clocked sequential cell  
The clock pin core/sync_request_to_dm/syncFIFO1Data_reg[23]/C is not reached by a timing clock
Related violations: <none>

TIMING-17#283 Warning
Non-clocked sequential cell  
The clock pin core/sync_request_to_dm/syncFIFO1Data_reg[24]/C is not reached by a timing clock
Related violations: <none>

TIMING-17#284 Warning
Non-clocked sequential cell  
The clock pin core/sync_request_to_dm/syncFIFO1Data_reg[25]/C is not reached by a timing clock
Related violations: <none>

TIMING-17#285 Warning
Non-clocked sequential cell  
The clock pin core/sync_request_to_dm/syncFIFO1Data_reg[26]/C is not reached by a timing clock
Related violations: <none>

TIMING-17#286 Warning
Non-clocked sequential cell  
The clock pin core/sync_request_to_dm/syncFIFO1Data_reg[27]/C is not reached by a timing clock
Related violations: <none>

TIMING-17#287 Warning
Non-clocked sequential cell  
The clock pin core/sync_request_to_dm/syncFIFO1Data_reg[28]/C is not reached by a timing clock
Related violations: <none>

TIMING-17#288 Warning
Non-clocked sequential cell  
The clock pin core/sync_request_to_dm/syncFIFO1Data_reg[29]/C is not reached by a timing clock
Related violations: <none>

TIMING-17#289 Warning
Non-clocked sequential cell  
The clock pin core/sync_request_to_dm/syncFIFO1Data_reg[2]/C is not reached by a timing clock
Related violations: <none>

TIMING-17#290 Warning
Non-clocked sequential cell  
The clock pin core/sync_request_to_dm/syncFIFO1Data_reg[30]/C is not reached by a timing clock
Related violations: <none>

TIMING-17#291 Warning
Non-clocked sequential cell  
The clock pin core/sync_request_to_dm/syncFIFO1Data_reg[31]/C is not reached by a timing clock
Related violations: <none>

TIMING-17#292 Warning
Non-clocked sequential cell  
The clock pin core/sync_request_to_dm/syncFIFO1Data_reg[32]/C is not reached by a timing clock
Related violations: <none>

TIMING-17#293 Warning
Non-clocked sequential cell  
The clock pin core/sync_request_to_dm/syncFIFO1Data_reg[33]/C is not reached by a timing clock
Related violations: <none>

TIMING-17#294 Warning
Non-clocked sequential cell  
The clock pin core/sync_request_to_dm/syncFIFO1Data_reg[34]/C is not reached by a timing clock
Related violations: <none>

TIMING-17#295 Warning
Non-clocked sequential cell  
The clock pin core/sync_request_to_dm/syncFIFO1Data_reg[35]/C is not reached by a timing clock
Related violations: <none>

TIMING-17#296 Warning
Non-clocked sequential cell  
The clock pin core/sync_request_to_dm/syncFIFO1Data_reg[36]/C is not reached by a timing clock
Related violations: <none>

TIMING-17#297 Warning
Non-clocked sequential cell  
The clock pin core/sync_request_to_dm/syncFIFO1Data_reg[37]/C is not reached by a timing clock
Related violations: <none>

TIMING-17#298 Warning
Non-clocked sequential cell  
The clock pin core/sync_request_to_dm/syncFIFO1Data_reg[38]/C is not reached by a timing clock
Related violations: <none>

TIMING-17#299 Warning
Non-clocked sequential cell  
The clock pin core/sync_request_to_dm/syncFIFO1Data_reg[39]/C is not reached by a timing clock
Related violations: <none>

TIMING-17#300 Warning
Non-clocked sequential cell  
The clock pin core/sync_request_to_dm/syncFIFO1Data_reg[3]/C is not reached by a timing clock
Related violations: <none>

TIMING-17#301 Warning
Non-clocked sequential cell  
The clock pin core/sync_request_to_dm/syncFIFO1Data_reg[4]/C is not reached by a timing clock
Related violations: <none>

TIMING-17#302 Warning
Non-clocked sequential cell  
The clock pin core/sync_request_to_dm/syncFIFO1Data_reg[5]/C is not reached by a timing clock
Related violations: <none>

TIMING-17#303 Warning
Non-clocked sequential cell  
The clock pin core/sync_request_to_dm/syncFIFO1Data_reg[6]/C is not reached by a timing clock
Related violations: <none>

TIMING-17#304 Warning
Non-clocked sequential cell  
The clock pin core/sync_request_to_dm/syncFIFO1Data_reg[7]/C is not reached by a timing clock
Related violations: <none>

TIMING-17#305 Warning
Non-clocked sequential cell  
The clock pin core/sync_request_to_dm/syncFIFO1Data_reg[8]/C is not reached by a timing clock
Related violations: <none>

TIMING-17#306 Warning
Non-clocked sequential cell  
The clock pin core/sync_request_to_dm/syncFIFO1Data_reg[9]/C is not reached by a timing clock
Related violations: <none>

TIMING-17#307 Warning
Non-clocked sequential cell  
The clock pin core/sync_response_from_dm/dDeqToggle_reg/C is not reached by a timing clock
Related violations: <none>

TIMING-17#308 Warning
Non-clocked sequential cell  
The clock pin core/sync_response_from_dm/dEnqToggle_reg/C is not reached by a timing clock
Related violations: <none>

TIMING-17#309 Warning
Non-clocked sequential cell  
The clock pin core/sync_response_from_dm/dSyncReg1_reg/C is not reached by a timing clock
Related violations: <none>

TIMING-17#310 Warning
Non-clocked sequential cell  
The clock pin core/tdo_reg/C is not reached by a timing clock
Related violations: <none>

TIMING-18#1 Warning
Missing input or output delay  
An input delay is missing on sys_rst relative to clock(s) sys_clk
Related violations: <none>

TIMING-18#2 Warning
Missing input or output delay  
An output delay is missing on ddr3_reset_n relative to clock(s) sys_clk
Related violations: <none>

XDCB-5#1 Warning
Runtime inefficient way to find pin objects  
The option '-to : [get_pins -hier -include_replicated_objects -filter {NAME =~ *temp_mon_enabled.u_tempmon/device_temp_sync_r1_reg[*]/D}]' of constraint 'set_max_delay' uses inefficient query to find pin objects (see constraint position '6' in the Timing Constraint window in Vivado IDE). To reduce runtime, it is recommended to get the pins through the cell objects. Please refer to Using Constraints Guide (Constraints Efficiency). An example of optimal query is: get_pins -filter {REF_PIN_NAME=~yy*} -of_objects [get_cells -hierarchical xx*].
Current XDC: /scratch1/iot/gc2025/hw/fpga_project/c-class/c-class.srcs/sources_1/ip/mig_ddr3/mig_ddr3/user_design/constraints/mig_ddr3.xdc (Line: 356)
Related violations: <none>

REQP-1959#1 Advisory
connects_SERDES_RST_driver_not_FF  
mig_ddr3/u_mig_ddr3_mig/u_memc_ui_top_axi/mem_intfc0/ddr_phy_top0/u_ddr_mc_phy_wrapper/u_ddr_mc_phy/ddr_phy_4lanes_0.u_ddr_phy_4lanes/ddr_byte_lane_C.ddr_byte_lane_C/ddr_byte_group_io/input_[1].iserdes_dq_.iserdesdq: The RST pin should only be driven by a Flip-flop.
Related violations: <none>

REQP-1959#2 Advisory
connects_SERDES_RST_driver_not_FF  
mig_ddr3/u_mig_ddr3_mig/u_memc_ui_top_axi/mem_intfc0/ddr_phy_top0/u_ddr_mc_phy_wrapper/u_ddr_mc_phy/ddr_phy_4lanes_0.u_ddr_phy_4lanes/ddr_byte_lane_C.ddr_byte_lane_C/ddr_byte_group_io/input_[3].iserdes_dq_.iserdesdq: The RST pin should only be driven by a Flip-flop.
Related violations: <none>

REQP-1959#3 Advisory
connects_SERDES_RST_driver_not_FF  
mig_ddr3/u_mig_ddr3_mig/u_memc_ui_top_axi/mem_intfc0/ddr_phy_top0/u_ddr_mc_phy_wrapper/u_ddr_mc_phy/ddr_phy_4lanes_0.u_ddr_phy_4lanes/ddr_byte_lane_C.ddr_byte_lane_C/ddr_byte_group_io/input_[4].iserdes_dq_.iserdesdq: The RST pin should only be driven by a Flip-flop.
Related violations: <none>

REQP-1959#4 Advisory
connects_SERDES_RST_driver_not_FF  
mig_ddr3/u_mig_ddr3_mig/u_memc_ui_top_axi/mem_intfc0/ddr_phy_top0/u_ddr_mc_phy_wrapper/u_ddr_mc_phy/ddr_phy_4lanes_0.u_ddr_phy_4lanes/ddr_byte_lane_C.ddr_byte_lane_C/ddr_byte_group_io/input_[5].iserdes_dq_.iserdesdq: The RST pin should only be driven by a Flip-flop.
Related violations: <none>

REQP-1959#5 Advisory
connects_SERDES_RST_driver_not_FF  
mig_ddr3/u_mig_ddr3_mig/u_memc_ui_top_axi/mem_intfc0/ddr_phy_top0/u_ddr_mc_phy_wrapper/u_ddr_mc_phy/ddr_phy_4lanes_0.u_ddr_phy_4lanes/ddr_byte_lane_C.ddr_byte_lane_C/ddr_byte_group_io/input_[6].iserdes_dq_.iserdesdq: The RST pin should only be driven by a Flip-flop.
Related violations: <none>

REQP-1959#6 Advisory
connects_SERDES_RST_driver_not_FF  
mig_ddr3/u_mig_ddr3_mig/u_memc_ui_top_axi/mem_intfc0/ddr_phy_top0/u_ddr_mc_phy_wrapper/u_ddr_mc_phy/ddr_phy_4lanes_0.u_ddr_phy_4lanes/ddr_byte_lane_C.ddr_byte_lane_C/ddr_byte_group_io/input_[7].iserdes_dq_.iserdesdq: The RST pin should only be driven by a Flip-flop.
Related violations: <none>

REQP-1959#7 Advisory
connects_SERDES_RST_driver_not_FF  
mig_ddr3/u_mig_ddr3_mig/u_memc_ui_top_axi/mem_intfc0/ddr_phy_top0/u_ddr_mc_phy_wrapper/u_ddr_mc_phy/ddr_phy_4lanes_0.u_ddr_phy_4lanes/ddr_byte_lane_C.ddr_byte_lane_C/ddr_byte_group_io/input_[8].iserdes_dq_.iserdesdq: The RST pin should only be driven by a Flip-flop.
Related violations: <none>

REQP-1959#8 Advisory
connects_SERDES_RST_driver_not_FF  
mig_ddr3/u_mig_ddr3_mig/u_memc_ui_top_axi/mem_intfc0/ddr_phy_top0/u_ddr_mc_phy_wrapper/u_ddr_mc_phy/ddr_phy_4lanes_0.u_ddr_phy_4lanes/ddr_byte_lane_C.ddr_byte_lane_C/ddr_byte_group_io/input_[9].iserdes_dq_.iserdesdq: The RST pin should only be driven by a Flip-flop.
Related violations: <none>

REQP-1959#9 Advisory
connects_SERDES_RST_driver_not_FF  
mig_ddr3/u_mig_ddr3_mig/u_memc_ui_top_axi/mem_intfc0/ddr_phy_top0/u_ddr_mc_phy_wrapper/u_ddr_mc_phy/ddr_phy_4lanes_0.u_ddr_phy_4lanes/ddr_byte_lane_D.ddr_byte_lane_D/ddr_byte_group_io/input_[0].iserdes_dq_.iserdesdq: The RST pin should only be driven by a Flip-flop.
Related violations: <none>

REQP-1959#10 Advisory
connects_SERDES_RST_driver_not_FF  
mig_ddr3/u_mig_ddr3_mig/u_memc_ui_top_axi/mem_intfc0/ddr_phy_top0/u_ddr_mc_phy_wrapper/u_ddr_mc_phy/ddr_phy_4lanes_0.u_ddr_phy_4lanes/ddr_byte_lane_D.ddr_byte_lane_D/ddr_byte_group_io/input_[1].iserdes_dq_.iserdesdq: The RST pin should only be driven by a Flip-flop.
Related violations: <none>

REQP-1959#11 Advisory
connects_SERDES_RST_driver_not_FF  
mig_ddr3/u_mig_ddr3_mig/u_memc_ui_top_axi/mem_intfc0/ddr_phy_top0/u_ddr_mc_phy_wrapper/u_ddr_mc_phy/ddr_phy_4lanes_0.u_ddr_phy_4lanes/ddr_byte_lane_D.ddr_byte_lane_D/ddr_byte_group_io/input_[4].iserdes_dq_.iserdesdq: The RST pin should only be driven by a Flip-flop.
Related violations: <none>

REQP-1959#12 Advisory
connects_SERDES_RST_driver_not_FF  
mig_ddr3/u_mig_ddr3_mig/u_memc_ui_top_axi/mem_intfc0/ddr_phy_top0/u_ddr_mc_phy_wrapper/u_ddr_mc_phy/ddr_phy_4lanes_0.u_ddr_phy_4lanes/ddr_byte_lane_D.ddr_byte_lane_D/ddr_byte_group_io/input_[5].iserdes_dq_.iserdesdq: The RST pin should only be driven by a Flip-flop.
Related violations: <none>

REQP-1959#13 Advisory
connects_SERDES_RST_driver_not_FF  
mig_ddr3/u_mig_ddr3_mig/u_memc_ui_top_axi/mem_intfc0/ddr_phy_top0/u_ddr_mc_phy_wrapper/u_ddr_mc_phy/ddr_phy_4lanes_0.u_ddr_phy_4lanes/ddr_byte_lane_D.ddr_byte_lane_D/ddr_byte_group_io/input_[6].iserdes_dq_.iserdesdq: The RST pin should only be driven by a Flip-flop.
Related violations: <none>

REQP-1959#14 Advisory
connects_SERDES_RST_driver_not_FF  
mig_ddr3/u_mig_ddr3_mig/u_memc_ui_top_axi/mem_intfc0/ddr_phy_top0/u_ddr_mc_phy_wrapper/u_ddr_mc_phy/ddr_phy_4lanes_0.u_ddr_phy_4lanes/ddr_byte_lane_D.ddr_byte_lane_D/ddr_byte_group_io/input_[7].iserdes_dq_.iserdesdq: The RST pin should only be driven by a Flip-flop.
Related violations: <none>

REQP-1959#15 Advisory
connects_SERDES_RST_driver_not_FF  
mig_ddr3/u_mig_ddr3_mig/u_memc_ui_top_axi/mem_intfc0/ddr_phy_top0/u_ddr_mc_phy_wrapper/u_ddr_mc_phy/ddr_phy_4lanes_0.u_ddr_phy_4lanes/ddr_byte_lane_D.ddr_byte_lane_D/ddr_byte_group_io/input_[8].iserdes_dq_.iserdesdq: The RST pin should only be driven by a Flip-flop.
Related violations: <none>

REQP-1959#16 Advisory
connects_SERDES_RST_driver_not_FF  
mig_ddr3/u_mig_ddr3_mig/u_memc_ui_top_axi/mem_intfc0/ddr_phy_top0/u_ddr_mc_phy_wrapper/u_ddr_mc_phy/ddr_phy_4lanes_0.u_ddr_phy_4lanes/ddr_byte_lane_D.ddr_byte_lane_D/ddr_byte_group_io/input_[9].iserdes_dq_.iserdesdq: The RST pin should only be driven by a Flip-flop.
Related violations: <none>


