

================================================================
== Vitis HLS Report for 'cnn_accel_Pipeline_VITIS_LOOP_49_5_VITIS_LOOP_50_6'
================================================================
* Date:           Tue Apr  7 22:25:42 2026

* Version:        2024.2 (Build 5238294 on Nov  8 2024)
* Project:        cnn_accel
* Solution:       solution1 (Vivado IP Flow Target)
* Product family: artix7
* Target device:  xc7a200t-sbg484-1


================================================================
== Performance Estimates
================================================================
+ Timing: 
    * Summary: 
    +--------+----------+----------+------------+
    |  Clock |  Target  | Estimated| Uncertainty|
    +--------+----------+----------+------------+
    |ap_clk  |  10.00 ns|  6.980 ns|     2.70 ns|
    +--------+----------+----------+------------+

+ Latency: 
    * Summary: 
    +---------+---------+-----------+-----------+------+------+------------------------------------------------+
    |  Latency (cycles) |   Latency (absolute)  |   Interval  |                    Pipeline                    |
    |   min   |   max   |    min    |    max    |  min |  max |                      Type                      |
    +---------+---------+-----------+-----------+------+------+------------------------------------------------+
    |     1029|     1029|  10.290 us|  10.290 us|  1025|  1025|  loop auto-rewind stp (delay=0 clock cycles(s))|
    +---------+---------+-----------+-----------+------+------+------------------------------------------------+

    + Detail: 
        * Instance: 
        N/A

        * Loop: 
        +-----------------------------------+---------+---------+----------+-----------+-----------+------+----------+
        |                                   |  Latency (cycles) | Iteration|  Initiation Interval  | Trip |          |
        |             Loop Name             |   min   |   max   |  Latency |  achieved |   target  | Count| Pipelined|
        +-----------------------------------+---------+---------+----------+-----------+-----------+------+----------+
        |- VITIS_LOOP_49_5_VITIS_LOOP_50_6  |     1027|     1027|         5|          1|          1|  1024|       yes|
        +-----------------------------------+---------+---------+----------+-----------+-----------+------+----------+

============================================================
+ Verbose Summary: Synthesis Manager
============================================================
InlineROM: 1
ExposeGlobal: 0
============================================================
+ Verbose Summary: CDFG Model
============================================================
IsTopModel: 0
ResetActiveHigh: 1
IsCombinational: 0
IsDatapathOnly: 0
HasWiredReturn: 1
HasMFsm: 2
HasVarLatency: 1
IsPipeline: 0
IsRtlPipelined: 0
IsInstanceOverlapped: 0
IsDontTouch: 0
HasImplIP: 0
IsGatedGlobalClock: 0

+ Individual pipeline summary: 
  * Pipeline-0: initiation interval (II) = 1, depth = 5


============================================================
+ Verbose Summary: Schedule
============================================================
* Number of FSM states : 5
* Pipeline : 1
  Pipeline-0 : II = 1, D = 5, States = { 1 2 3 4 5 }
* Dataflow Pipeline: 0

* FSM state transitions: 
1 --> 2 
2 --> 3 
3 --> 4 
4 --> 5 
5 --> 

* FSM state operations: 

State 1 <SV = 0> <Delay = 5.34>
ST_1 : Operation 8 [1/1] (0.00ns)   --->   "%x = alloca i32 1" [cnn_accel.cpp:50]   --->   Operation 8 'alloca' 'x' <Predicate = true> <Delay = 0.00>
ST_1 : Operation 9 [1/1] (0.00ns)   --->   "%y = alloca i32 1" [cnn_accel.cpp:49]   --->   Operation 9 'alloca' 'y' <Predicate = true> <Delay = 0.00>
ST_1 : Operation 10 [1/1] (0.00ns)   --->   "%indvar_flatten6 = alloca i32 1"   --->   Operation 10 'alloca' 'indvar_flatten6' <Predicate = true> <Delay = 0.00>
ST_1 : Operation 11 [1/1] (0.00ns)   --->   "%specmemcore_ln0 = specmemcore void @_ssdm_op_SpecMemCore, i8 %tile_out, i64 666, i64 30, i64 18446744073709551615"   --->   Operation 11 'specmemcore' 'specmemcore_ln0' <Predicate = true> <Delay = 0.00>
ST_1 : Operation 12 [1/1] (0.00ns)   --->   "%specmemcore_ln0 = specmemcore void @_ssdm_op_SpecMemCore, i8 %tile_out_1, i64 666, i64 30, i64 18446744073709551615"   --->   Operation 12 'specmemcore' 'specmemcore_ln0' <Predicate = true> <Delay = 0.00>
ST_1 : Operation 13 [1/1] (0.00ns)   --->   "%specmemcore_ln0 = specmemcore void @_ssdm_op_SpecMemCore, i8 %tile_out_2, i64 666, i64 30, i64 18446744073709551615"   --->   Operation 13 'specmemcore' 'specmemcore_ln0' <Predicate = true> <Delay = 0.00>
ST_1 : Operation 14 [1/1] (0.00ns)   --->   "%specmemcore_ln0 = specmemcore void @_ssdm_op_SpecMemCore, i8 %tile_out_3, i64 666, i64 30, i64 18446744073709551615"   --->   Operation 14 'specmemcore' 'specmemcore_ln0' <Predicate = true> <Delay = 0.00>
ST_1 : Operation 15 [1/1] (0.00ns)   --->   "%specmemcore_ln0 = specmemcore void @_ssdm_op_SpecMemCore, i8 %tile_out_4, i64 666, i64 30, i64 18446744073709551615"   --->   Operation 15 'specmemcore' 'specmemcore_ln0' <Predicate = true> <Delay = 0.00>
ST_1 : Operation 16 [1/1] (0.00ns)   --->   "%specmemcore_ln0 = specmemcore void @_ssdm_op_SpecMemCore, i8 %tile_out_5, i64 666, i64 30, i64 18446744073709551615"   --->   Operation 16 'specmemcore' 'specmemcore_ln0' <Predicate = true> <Delay = 0.00>
ST_1 : Operation 17 [1/1] (0.00ns)   --->   "%specmemcore_ln0 = specmemcore void @_ssdm_op_SpecMemCore, i8 %tile_out_6, i64 666, i64 30, i64 18446744073709551615"   --->   Operation 17 'specmemcore' 'specmemcore_ln0' <Predicate = true> <Delay = 0.00>
ST_1 : Operation 18 [1/1] (0.00ns)   --->   "%specmemcore_ln0 = specmemcore void @_ssdm_op_SpecMemCore, i8 %tile_out_7, i64 666, i64 30, i64 18446744073709551615"   --->   Operation 18 'specmemcore' 'specmemcore_ln0' <Predicate = true> <Delay = 0.00>
ST_1 : Operation 19 [1/1] (0.00ns)   --->   "%specmemcore_ln0 = specmemcore void @_ssdm_op_SpecMemCore, i8 %tile_out_8, i64 666, i64 30, i64 18446744073709551615"   --->   Operation 19 'specmemcore' 'specmemcore_ln0' <Predicate = true> <Delay = 0.00>
ST_1 : Operation 20 [1/1] (0.00ns)   --->   "%specmemcore_ln0 = specmemcore void @_ssdm_op_SpecMemCore, i8 %tile_out_9, i64 666, i64 30, i64 18446744073709551615"   --->   Operation 20 'specmemcore' 'specmemcore_ln0' <Predicate = true> <Delay = 0.00>
ST_1 : Operation 21 [1/1] (0.00ns)   --->   "%specmemcore_ln0 = specmemcore void @_ssdm_op_SpecMemCore, i8 %tile_out_10, i64 666, i64 30, i64 18446744073709551615"   --->   Operation 21 'specmemcore' 'specmemcore_ln0' <Predicate = true> <Delay = 0.00>
ST_1 : Operation 22 [1/1] (0.00ns)   --->   "%specmemcore_ln0 = specmemcore void @_ssdm_op_SpecMemCore, i8 %tile_out_11, i64 666, i64 30, i64 18446744073709551615"   --->   Operation 22 'specmemcore' 'specmemcore_ln0' <Predicate = true> <Delay = 0.00>
ST_1 : Operation 23 [1/1] (0.00ns)   --->   "%specmemcore_ln0 = specmemcore void @_ssdm_op_SpecMemCore, i8 %tile_out_12, i64 666, i64 30, i64 18446744073709551615"   --->   Operation 23 'specmemcore' 'specmemcore_ln0' <Predicate = true> <Delay = 0.00>
ST_1 : Operation 24 [1/1] (0.00ns)   --->   "%specmemcore_ln0 = specmemcore void @_ssdm_op_SpecMemCore, i8 %tile_out_13, i64 666, i64 30, i64 18446744073709551615"   --->   Operation 24 'specmemcore' 'specmemcore_ln0' <Predicate = true> <Delay = 0.00>
ST_1 : Operation 25 [1/1] (0.00ns)   --->   "%specmemcore_ln0 = specmemcore void @_ssdm_op_SpecMemCore, i8 %tile_out_14, i64 666, i64 30, i64 18446744073709551615"   --->   Operation 25 'specmemcore' 'specmemcore_ln0' <Predicate = true> <Delay = 0.00>
ST_1 : Operation 26 [1/1] (0.00ns)   --->   "%specmemcore_ln0 = specmemcore void @_ssdm_op_SpecMemCore, i8 %tile_out_15, i64 666, i64 30, i64 18446744073709551615"   --->   Operation 26 'specmemcore' 'specmemcore_ln0' <Predicate = true> <Delay = 0.00>
ST_1 : Operation 27 [1/1] (0.00ns)   --->   "%specmemcore_ln0 = specmemcore void @_ssdm_op_SpecMemCore, i8 %tile_in, i64 666, i64 30, i64 18446744073709551615"   --->   Operation 27 'specmemcore' 'specmemcore_ln0' <Predicate = true> <Delay = 0.00>
ST_1 : Operation 28 [1/1] (0.00ns)   --->   "%specmemcore_ln0 = specmemcore void @_ssdm_op_SpecMemCore, i8 %tile_in_1, i64 666, i64 30, i64 18446744073709551615"   --->   Operation 28 'specmemcore' 'specmemcore_ln0' <Predicate = true> <Delay = 0.00>
ST_1 : Operation 29 [1/1] (0.00ns)   --->   "%specmemcore_ln0 = specmemcore void @_ssdm_op_SpecMemCore, i8 %tile_in_2, i64 666, i64 30, i64 18446744073709551615"   --->   Operation 29 'specmemcore' 'specmemcore_ln0' <Predicate = true> <Delay = 0.00>
ST_1 : Operation 30 [1/1] (1.61ns)   --->   "%store_ln0 = store i11 0, i11 %indvar_flatten6"   --->   Operation 30 'store' 'store_ln0' <Predicate = true> <Delay = 1.61>
ST_1 : Operation 31 [1/1] (1.61ns)   --->   "%store_ln49 = store i6 0, i6 %y" [cnn_accel.cpp:49]   --->   Operation 31 'store' 'store_ln49' <Predicate = true> <Delay = 1.61>
ST_1 : Operation 32 [1/1] (1.61ns)   --->   "%store_ln50 = store i6 0, i6 %x" [cnn_accel.cpp:50]   --->   Operation 32 'store' 'store_ln50' <Predicate = true> <Delay = 1.61>
ST_1 : Operation 33 [1/1] (0.00ns)   --->   "%br_ln0 = br void %VITIS_LOOP_53_7"   --->   Operation 33 'br' 'br_ln0' <Predicate = true> <Delay = 0.00>
ST_1 : Operation 34 [1/1] (0.00ns)   --->   "%indvar_flatten6_load = load i11 %indvar_flatten6" [cnn_accel.cpp:49]   --->   Operation 34 'load' 'indvar_flatten6_load' <Predicate = true> <Delay = 0.00>
ST_1 : Operation 35 [1/1] (2.12ns)   --->   "%icmp_ln49 = icmp_eq  i11 %indvar_flatten6_load, i11 1024" [cnn_accel.cpp:49]   --->   Operation 35 'icmp' 'icmp_ln49' <Predicate = true> <Delay = 2.12> <CoreInst = "Cmp">   --->   Core 9 'Cmp' <Latency = 0> <II = 1> <Delay = 2.12> <FuncUnit> <Opcode : 'seteq' 'setne' 'setle' 'setge' 'setlt' 'setgt'> <InPorts = 2> <OutPorts = 1>
ST_1 : Operation 36 [1/1] (2.12ns)   --->   "%add_ln49_1 = add i11 %indvar_flatten6_load, i11 1" [cnn_accel.cpp:49]   --->   Operation 36 'add' 'add_ln49_1' <Predicate = true> <Delay = 2.12> <CoreInst = "Adder">   --->   Core 1 'Adder' <Latency = 0> <II = 1> <Delay = 2.12> <FuncUnit> <Opcode : 'add' 'sub'> <InPorts = 2> <OutPorts = 1>
ST_1 : Operation 37 [1/1] (0.00ns)   --->   "%br_ln49 = br i1 %icmp_ln49, void %for.inc90, void %VITIS_LOOP_67_8.exitStub" [cnn_accel.cpp:49]   --->   Operation 37 'br' 'br_ln49' <Predicate = true> <Delay = 0.00>
ST_1 : Operation 38 [1/1] (1.61ns)   --->   "%store_ln49 = store i11 %add_ln49_1, i11 %indvar_flatten6" [cnn_accel.cpp:49]   --->   Operation 38 'store' 'store_ln49' <Predicate = (!icmp_ln49)> <Delay = 1.61>

State 2 <SV = 1> <Delay = 6.17>
ST_2 : Operation 39 [1/1] (0.00ns)   --->   "%x_load = load i6 %x" [cnn_accel.cpp:50]   --->   Operation 39 'load' 'x_load' <Predicate = true> <Delay = 0.00>
ST_2 : Operation 40 [1/1] (0.00ns)   --->   "%y_load = load i6 %y" [cnn_accel.cpp:49]   --->   Operation 40 'load' 'y_load' <Predicate = true> <Delay = 0.00>
ST_2 : Operation 41 [1/1] (1.94ns)   --->   "%add_ln49 = add i6 %y_load, i6 1" [cnn_accel.cpp:49]   --->   Operation 41 'add' 'add_ln49' <Predicate = true> <Delay = 1.94> <CoreInst = "Adder">   --->   Core 1 'Adder' <Latency = 0> <II = 1> <Delay = 1.94> <FuncUnit> <Opcode : 'add' 'sub'> <InPorts = 2> <OutPorts = 1>
ST_2 : Operation 42 [1/1] (1.94ns)   --->   "%icmp_ln50 = icmp_eq  i6 %x_load, i6 32" [cnn_accel.cpp:50]   --->   Operation 42 'icmp' 'icmp_ln50' <Predicate = true> <Delay = 1.94> <CoreInst = "Cmp">   --->   Core 9 'Cmp' <Latency = 0> <II = 1> <Delay = 1.94> <FuncUnit> <Opcode : 'seteq' 'setne' 'setle' 'setge' 'setlt' 'setgt'> <InPorts = 2> <OutPorts = 1>
ST_2 : Operation 43 [1/1] (0.66ns)   --->   "%select_ln49 = select i1 %icmp_ln50, i6 0, i6 %x_load" [cnn_accel.cpp:49]   --->   Operation 43 'select' 'select_ln49' <Predicate = true> <Delay = 0.66> <CoreInst = "Sel">   --->   Core 73 'Sel' <Latency = 0> <II = 1> <Delay = 0.66> <FuncUnit> <Opcode : 'select'> <InPorts = 3> <OutPorts = 1>
ST_2 : Operation 44 [1/1] (0.66ns)   --->   "%select_ln49_1 = select i1 %icmp_ln50, i6 %add_ln49, i6 %y_load" [cnn_accel.cpp:49]   --->   Operation 44 'select' 'select_ln49_1' <Predicate = true> <Delay = 0.66> <CoreInst = "Sel">   --->   Core 73 'Sel' <Latency = 0> <II = 1> <Delay = 0.66> <FuncUnit> <Opcode : 'select'> <InPorts = 3> <OutPorts = 1>
ST_2 : Operation 45 [1/1] (0.00ns)   --->   "%empty = trunc i6 %select_ln49_1" [cnn_accel.cpp:49]   --->   Operation 45 'trunc' 'empty' <Predicate = true> <Delay = 0.00>
ST_2 : Operation 46 [1/1] (0.00ns)   --->   "%tmp_5 = bitconcatenate i10 @_ssdm_op_BitConcatenate.i10.i5.i5, i5 %empty, i5 0" [cnn_accel.cpp:49]   --->   Operation 46 'bitconcatenate' 'tmp_5' <Predicate = true> <Delay = 0.00>
ST_2 : Operation 47 [1/1] (0.00ns)   --->   "%select_ln49_cast = zext i6 %select_ln49" [cnn_accel.cpp:49]   --->   Operation 47 'zext' 'select_ln49_cast' <Predicate = true> <Delay = 0.00>
ST_2 : Operation 48 [1/1] (2.12ns)   --->   "%empty_25 = add i10 %tmp_5, i10 %select_ln49_cast" [cnn_accel.cpp:49]   --->   Operation 48 'add' 'empty_25' <Predicate = true> <Delay = 2.12> <CoreInst = "Adder">   --->   Core 1 'Adder' <Latency = 0> <II = 1> <Delay = 2.12> <FuncUnit> <Opcode : 'add' 'sub'> <InPorts = 2> <OutPorts = 1>
ST_2 : Operation 49 [1/1] (1.94ns)   --->   "%add_ln50 = add i6 %select_ln49, i6 1" [cnn_accel.cpp:50]   --->   Operation 49 'add' 'add_ln50' <Predicate = true> <Delay = 1.94> <CoreInst = "Adder">   --->   Core 1 'Adder' <Latency = 0> <II = 1> <Delay = 1.94> <FuncUnit> <Opcode : 'add' 'sub'> <InPorts = 2> <OutPorts = 1>
ST_2 : Operation 50 [1/1] (1.61ns)   --->   "%store_ln49 = store i6 %select_ln49_1, i6 %y" [cnn_accel.cpp:49]   --->   Operation 50 'store' 'store_ln49' <Predicate = true> <Delay = 1.61>
ST_2 : Operation 51 [1/1] (1.61ns)   --->   "%store_ln50 = store i6 %add_ln50, i6 %x" [cnn_accel.cpp:50]   --->   Operation 51 'store' 'store_ln50' <Predicate = true> <Delay = 1.61>

State 3 <SV = 2> <Delay = 3.25>
ST_3 : Operation 52 [1/1] (0.00ns)   --->   "%p_cast = zext i10 %empty_25" [cnn_accel.cpp:49]   --->   Operation 52 'zext' 'p_cast' <Predicate = true> <Delay = 0.00>
ST_3 : Operation 53 [1/1] (0.00ns)   --->   "%tile_in_addr = getelementptr i8 %tile_in, i64 0, i64 %p_cast" [cnn_accel.cpp:49]   --->   Operation 53 'getelementptr' 'tile_in_addr' <Predicate = true> <Delay = 0.00>
ST_3 : Operation 54 [1/1] (0.00ns)   --->   "%tile_in_1_addr = getelementptr i8 %tile_in_1, i64 0, i64 %p_cast" [cnn_accel.cpp:49]   --->   Operation 54 'getelementptr' 'tile_in_1_addr' <Predicate = true> <Delay = 0.00>
ST_3 : Operation 55 [1/1] (0.00ns)   --->   "%tile_in_2_addr = getelementptr i8 %tile_in_2, i64 0, i64 %p_cast" [cnn_accel.cpp:49]   --->   Operation 55 'getelementptr' 'tile_in_2_addr' <Predicate = true> <Delay = 0.00>
ST_3 : Operation 56 [2/2] (3.25ns)   --->   "%tile_in_load = load i10 %tile_in_addr" [cnn_accel.cpp:49]   --->   Operation 56 'load' 'tile_in_load' <Predicate = true> <Delay = 3.25> <CoreInst = "RAM_T2P_BRAM">   --->   Core 93 'RAM_T2P_BRAM' <Latency = 1> <II = 1> <Delay = 3.25> <Storage> <Opcode : 'load' 'store'> <Ports = 2> <Width = 8> <Depth = 1024> <RAM>
ST_3 : Operation 57 [2/2] (3.25ns)   --->   "%tile_in_1_load = load i10 %tile_in_1_addr" [cnn_accel.cpp:49]   --->   Operation 57 'load' 'tile_in_1_load' <Predicate = true> <Delay = 3.25> <CoreInst = "RAM_T2P_BRAM">   --->   Core 93 'RAM_T2P_BRAM' <Latency = 1> <II = 1> <Delay = 3.25> <Storage> <Opcode : 'load' 'store'> <Ports = 2> <Width = 8> <Depth = 1024> <RAM>
ST_3 : Operation 58 [2/2] (3.25ns)   --->   "%tile_in_2_load = load i10 %tile_in_2_addr" [cnn_accel.cpp:49]   --->   Operation 58 'load' 'tile_in_2_load' <Predicate = true> <Delay = 3.25> <CoreInst = "RAM_T2P_BRAM">   --->   Core 93 'RAM_T2P_BRAM' <Latency = 1> <II = 1> <Delay = 3.25> <Storage> <Opcode : 'load' 'store'> <Ports = 2> <Width = 8> <Depth = 1024> <RAM>

State 4 <SV = 3> <Delay = 6.97>
ST_4 : Operation 59 [1/2] ( I:3.25ns O:3.25ns )   --->   "%tile_in_load = load i10 %tile_in_addr" [cnn_accel.cpp:49]   --->   Operation 59 'load' 'tile_in_load' <Predicate = true> <Delay = 3.25> <CoreInst = "RAM_T2P_BRAM">   --->   Core 93 'RAM_T2P_BRAM' <Latency = 1> <II = 1> <Delay = 3.25> <Storage> <Opcode : 'load' 'store'> <Ports = 2> <Width = 8> <Depth = 1024> <RAM>
ST_4 : Operation 60 [1/1] (0.00ns)   --->   "%tile_in_load_cast = sext i8 %tile_in_load" [cnn_accel.cpp:49]   --->   Operation 60 'sext' 'tile_in_load_cast' <Predicate = true> <Delay = 0.00>
ST_4 : Operation 61 [1/2] ( I:3.25ns O:3.25ns )   --->   "%tile_in_1_load = load i10 %tile_in_1_addr" [cnn_accel.cpp:49]   --->   Operation 61 'load' 'tile_in_1_load' <Predicate = true> <Delay = 3.25> <CoreInst = "RAM_T2P_BRAM">   --->   Core 93 'RAM_T2P_BRAM' <Latency = 1> <II = 1> <Delay = 3.25> <Storage> <Opcode : 'load' 'store'> <Ports = 2> <Width = 8> <Depth = 1024> <RAM>
ST_4 : Operation 62 [1/1] (0.00ns)   --->   "%tile_in_1_load_cast = sext i8 %tile_in_1_load" [cnn_accel.cpp:49]   --->   Operation 62 'sext' 'tile_in_1_load_cast' <Predicate = true> <Delay = 0.00>
ST_4 : Operation 63 [1/2] ( I:3.25ns O:3.25ns )   --->   "%tile_in_2_load = load i10 %tile_in_2_addr" [cnn_accel.cpp:49]   --->   Operation 63 'load' 'tile_in_2_load' <Predicate = true> <Delay = 3.25> <CoreInst = "RAM_T2P_BRAM">   --->   Core 93 'RAM_T2P_BRAM' <Latency = 1> <II = 1> <Delay = 3.25> <Storage> <Opcode : 'load' 'store'> <Ports = 2> <Width = 8> <Depth = 1024> <RAM>
ST_4 : Operation 64 [1/1] (0.00ns)   --->   "%tile_in_2_load_cast = sext i8 %tile_in_2_load" [cnn_accel.cpp:49]   --->   Operation 64 'sext' 'tile_in_2_load_cast' <Predicate = true> <Delay = 0.00>
ST_4 : Operation 65 [1/1] (0.00ns) (grouped into TernaryAdder)   --->   "%tmp5 = add i9 %tile_in_load_cast, i9 %tile_in_2_load_cast" [cnn_accel.cpp:49]   --->   Operation 65 'add' 'tmp5' <Predicate = true> <Delay = 0.00> <CoreInst = "TAddSub">   --->   Core 10 'TAddSub' <Latency = 0> <II = 1> <Delay = 1.86> <IPBlock> <Opcode : '' 'add' 'sub'> <InPorts = 3> <OutPorts = 1> <Sync> <CReg>
ST_4 : Operation 66 [1/1] (3.72ns) (root node of TernaryAdder)   --->   "%sum = add i9 %tmp5, i9 %tile_in_1_load_cast" [cnn_accel.cpp:49]   --->   Operation 66 'add' 'sum' <Predicate = true> <Delay = 3.72> <CoreInst = "TAddSub">   --->   Core 10 'TAddSub' <Latency = 0> <II = 1> <Delay = 1.86> <IPBlock> <Opcode : '' 'add' 'sub'> <InPorts = 3> <OutPorts = 1> <Sync> <CReg>
ST_4 : Operation 67 [1/1] (0.00ns)   --->   "%conv = partselect i8 @_ssdm_op_PartSelect.i8.i9.i32.i32, i9 %sum, i32 1, i32 8" [cnn_accel.cpp:49]   --->   Operation 67 'partselect' 'conv' <Predicate = true> <Delay = 0.00>
ST_4 : Operation 104 [1/1] (1.61ns)   --->   "%ret_ln0 = ret"   --->   Operation 104 'ret' 'ret_ln0' <Predicate = (icmp_ln49)> <Delay = 1.61>

State 5 <SV = 4> <Delay = 3.25>
ST_5 : Operation 68 [1/1] (0.00ns)   --->   "%specloopname_ln0 = specloopname void @_ssdm_op_SpecLoopName, void @VITIS_LOOP_49_5_VITIS_LOOP_50_6_str"   --->   Operation 68 'specloopname' 'specloopname_ln0' <Predicate = true> <Delay = 0.00>
ST_5 : Operation 69 [1/1] (0.00ns)   --->   "%speclooptripcount_ln0 = speclooptripcount void @_ssdm_op_SpecLoopTripCount, i64 1024, i64 1024, i64 1024"   --->   Operation 69 'speclooptripcount' 'speclooptripcount_ln0' <Predicate = true> <Delay = 0.00>
ST_5 : Operation 70 [1/1] (0.00ns)   --->   "%tile_out_addr = getelementptr i8 %tile_out, i64 0, i64 %p_cast" [cnn_accel.cpp:61]   --->   Operation 70 'getelementptr' 'tile_out_addr' <Predicate = true> <Delay = 0.00>
ST_5 : Operation 71 [1/1] (0.00ns)   --->   "%tile_out_1_addr = getelementptr i8 %tile_out_1, i64 0, i64 %p_cast" [cnn_accel.cpp:61]   --->   Operation 71 'getelementptr' 'tile_out_1_addr' <Predicate = true> <Delay = 0.00>
ST_5 : Operation 72 [1/1] (0.00ns)   --->   "%tile_out_2_addr = getelementptr i8 %tile_out_2, i64 0, i64 %p_cast" [cnn_accel.cpp:61]   --->   Operation 72 'getelementptr' 'tile_out_2_addr' <Predicate = true> <Delay = 0.00>
ST_5 : Operation 73 [1/1] (0.00ns)   --->   "%tile_out_3_addr = getelementptr i8 %tile_out_3, i64 0, i64 %p_cast" [cnn_accel.cpp:61]   --->   Operation 73 'getelementptr' 'tile_out_3_addr' <Predicate = true> <Delay = 0.00>
ST_5 : Operation 74 [1/1] (0.00ns)   --->   "%tile_out_4_addr = getelementptr i8 %tile_out_4, i64 0, i64 %p_cast" [cnn_accel.cpp:61]   --->   Operation 74 'getelementptr' 'tile_out_4_addr' <Predicate = true> <Delay = 0.00>
ST_5 : Operation 75 [1/1] (0.00ns)   --->   "%tile_out_5_addr = getelementptr i8 %tile_out_5, i64 0, i64 %p_cast" [cnn_accel.cpp:61]   --->   Operation 75 'getelementptr' 'tile_out_5_addr' <Predicate = true> <Delay = 0.00>
ST_5 : Operation 76 [1/1] (0.00ns)   --->   "%tile_out_6_addr = getelementptr i8 %tile_out_6, i64 0, i64 %p_cast" [cnn_accel.cpp:61]   --->   Operation 76 'getelementptr' 'tile_out_6_addr' <Predicate = true> <Delay = 0.00>
ST_5 : Operation 77 [1/1] (0.00ns)   --->   "%tile_out_7_addr = getelementptr i8 %tile_out_7, i64 0, i64 %p_cast" [cnn_accel.cpp:61]   --->   Operation 77 'getelementptr' 'tile_out_7_addr' <Predicate = true> <Delay = 0.00>
ST_5 : Operation 78 [1/1] (0.00ns)   --->   "%tile_out_8_addr = getelementptr i8 %tile_out_8, i64 0, i64 %p_cast" [cnn_accel.cpp:61]   --->   Operation 78 'getelementptr' 'tile_out_8_addr' <Predicate = true> <Delay = 0.00>
ST_5 : Operation 79 [1/1] (0.00ns)   --->   "%tile_out_9_addr = getelementptr i8 %tile_out_9, i64 0, i64 %p_cast" [cnn_accel.cpp:61]   --->   Operation 79 'getelementptr' 'tile_out_9_addr' <Predicate = true> <Delay = 0.00>
ST_5 : Operation 80 [1/1] (0.00ns)   --->   "%tile_out_10_addr = getelementptr i8 %tile_out_10, i64 0, i64 %p_cast" [cnn_accel.cpp:61]   --->   Operation 80 'getelementptr' 'tile_out_10_addr' <Predicate = true> <Delay = 0.00>
ST_5 : Operation 81 [1/1] (0.00ns)   --->   "%tile_out_11_addr = getelementptr i8 %tile_out_11, i64 0, i64 %p_cast" [cnn_accel.cpp:61]   --->   Operation 81 'getelementptr' 'tile_out_11_addr' <Predicate = true> <Delay = 0.00>
ST_5 : Operation 82 [1/1] (0.00ns)   --->   "%tile_out_12_addr = getelementptr i8 %tile_out_12, i64 0, i64 %p_cast" [cnn_accel.cpp:61]   --->   Operation 82 'getelementptr' 'tile_out_12_addr' <Predicate = true> <Delay = 0.00>
ST_5 : Operation 83 [1/1] (0.00ns)   --->   "%tile_out_13_addr = getelementptr i8 %tile_out_13, i64 0, i64 %p_cast" [cnn_accel.cpp:61]   --->   Operation 83 'getelementptr' 'tile_out_13_addr' <Predicate = true> <Delay = 0.00>
ST_5 : Operation 84 [1/1] (0.00ns)   --->   "%tile_out_14_addr = getelementptr i8 %tile_out_14, i64 0, i64 %p_cast" [cnn_accel.cpp:61]   --->   Operation 84 'getelementptr' 'tile_out_14_addr' <Predicate = true> <Delay = 0.00>
ST_5 : Operation 85 [1/1] (0.00ns)   --->   "%tile_out_15_addr = getelementptr i8 %tile_out_15, i64 0, i64 %p_cast" [cnn_accel.cpp:61]   --->   Operation 85 'getelementptr' 'tile_out_15_addr' <Predicate = true> <Delay = 0.00>
ST_5 : Operation 86 [1/1] (0.00ns)   --->   "%specpipeline_ln51 = specpipeline void @_ssdm_op_SpecPipeline, i32 4294967295, i32 0, i32 0, i32 0, void @empty_1" [cnn_accel.cpp:51]   --->   Operation 86 'specpipeline' 'specpipeline_ln51' <Predicate = true> <Delay = 0.00>
ST_5 : Operation 87 [1/1] ( I:3.25ns O:3.25ns )   --->   "%store_ln61 = store i8 %conv, i10 %tile_out_addr" [cnn_accel.cpp:61]   --->   Operation 87 'store' 'store_ln61' <Predicate = true> <Delay = 3.25> <CoreInst = "RAM_T2P_BRAM">   --->   Core 93 'RAM_T2P_BRAM' <Latency = 1> <II = 1> <Delay = 3.25> <Storage> <Opcode : 'load' 'store'> <Ports = 2> <Width = 8> <Depth = 1024> <RAM>
ST_5 : Operation 88 [1/1] ( I:3.25ns O:3.25ns )   --->   "%store_ln61 = store i8 %conv, i10 %tile_out_1_addr" [cnn_accel.cpp:61]   --->   Operation 88 'store' 'store_ln61' <Predicate = true> <Delay = 3.25> <CoreInst = "RAM_T2P_BRAM">   --->   Core 93 'RAM_T2P_BRAM' <Latency = 1> <II = 1> <Delay = 3.25> <Storage> <Opcode : 'load' 'store'> <Ports = 2> <Width = 8> <Depth = 1024> <RAM>
ST_5 : Operation 89 [1/1] ( I:3.25ns O:3.25ns )   --->   "%store_ln61 = store i8 %conv, i10 %tile_out_2_addr" [cnn_accel.cpp:61]   --->   Operation 89 'store' 'store_ln61' <Predicate = true> <Delay = 3.25> <CoreInst = "RAM_T2P_BRAM">   --->   Core 93 'RAM_T2P_BRAM' <Latency = 1> <II = 1> <Delay = 3.25> <Storage> <Opcode : 'load' 'store'> <Ports = 2> <Width = 8> <Depth = 1024> <RAM>
ST_5 : Operation 90 [1/1] ( I:3.25ns O:3.25ns )   --->   "%store_ln61 = store i8 %conv, i10 %tile_out_3_addr" [cnn_accel.cpp:61]   --->   Operation 90 'store' 'store_ln61' <Predicate = true> <Delay = 3.25> <CoreInst = "RAM_T2P_BRAM">   --->   Core 93 'RAM_T2P_BRAM' <Latency = 1> <II = 1> <Delay = 3.25> <Storage> <Opcode : 'load' 'store'> <Ports = 2> <Width = 8> <Depth = 1024> <RAM>
ST_5 : Operation 91 [1/1] ( I:3.25ns O:3.25ns )   --->   "%store_ln61 = store i8 %conv, i10 %tile_out_4_addr" [cnn_accel.cpp:61]   --->   Operation 91 'store' 'store_ln61' <Predicate = true> <Delay = 3.25> <CoreInst = "RAM_T2P_BRAM">   --->   Core 93 'RAM_T2P_BRAM' <Latency = 1> <II = 1> <Delay = 3.25> <Storage> <Opcode : 'load' 'store'> <Ports = 2> <Width = 8> <Depth = 1024> <RAM>
ST_5 : Operation 92 [1/1] ( I:3.25ns O:3.25ns )   --->   "%store_ln61 = store i8 %conv, i10 %tile_out_5_addr" [cnn_accel.cpp:61]   --->   Operation 92 'store' 'store_ln61' <Predicate = true> <Delay = 3.25> <CoreInst = "RAM_T2P_BRAM">   --->   Core 93 'RAM_T2P_BRAM' <Latency = 1> <II = 1> <Delay = 3.25> <Storage> <Opcode : 'load' 'store'> <Ports = 2> <Width = 8> <Depth = 1024> <RAM>
ST_5 : Operation 93 [1/1] ( I:3.25ns O:3.25ns )   --->   "%store_ln61 = store i8 %conv, i10 %tile_out_6_addr" [cnn_accel.cpp:61]   --->   Operation 93 'store' 'store_ln61' <Predicate = true> <Delay = 3.25> <CoreInst = "RAM_T2P_BRAM">   --->   Core 93 'RAM_T2P_BRAM' <Latency = 1> <II = 1> <Delay = 3.25> <Storage> <Opcode : 'load' 'store'> <Ports = 2> <Width = 8> <Depth = 1024> <RAM>
ST_5 : Operation 94 [1/1] ( I:3.25ns O:3.25ns )   --->   "%store_ln61 = store i8 %conv, i10 %tile_out_7_addr" [cnn_accel.cpp:61]   --->   Operation 94 'store' 'store_ln61' <Predicate = true> <Delay = 3.25> <CoreInst = "RAM_T2P_BRAM">   --->   Core 93 'RAM_T2P_BRAM' <Latency = 1> <II = 1> <Delay = 3.25> <Storage> <Opcode : 'load' 'store'> <Ports = 2> <Width = 8> <Depth = 1024> <RAM>
ST_5 : Operation 95 [1/1] ( I:3.25ns O:3.25ns )   --->   "%store_ln61 = store i8 %conv, i10 %tile_out_8_addr" [cnn_accel.cpp:61]   --->   Operation 95 'store' 'store_ln61' <Predicate = true> <Delay = 3.25> <CoreInst = "RAM_T2P_BRAM">   --->   Core 93 'RAM_T2P_BRAM' <Latency = 1> <II = 1> <Delay = 3.25> <Storage> <Opcode : 'load' 'store'> <Ports = 2> <Width = 8> <Depth = 1024> <RAM>
ST_5 : Operation 96 [1/1] ( I:3.25ns O:3.25ns )   --->   "%store_ln61 = store i8 %conv, i10 %tile_out_9_addr" [cnn_accel.cpp:61]   --->   Operation 96 'store' 'store_ln61' <Predicate = true> <Delay = 3.25> <CoreInst = "RAM_T2P_BRAM">   --->   Core 93 'RAM_T2P_BRAM' <Latency = 1> <II = 1> <Delay = 3.25> <Storage> <Opcode : 'load' 'store'> <Ports = 2> <Width = 8> <Depth = 1024> <RAM>
ST_5 : Operation 97 [1/1] ( I:3.25ns O:3.25ns )   --->   "%store_ln61 = store i8 %conv, i10 %tile_out_10_addr" [cnn_accel.cpp:61]   --->   Operation 97 'store' 'store_ln61' <Predicate = true> <Delay = 3.25> <CoreInst = "RAM_T2P_BRAM">   --->   Core 93 'RAM_T2P_BRAM' <Latency = 1> <II = 1> <Delay = 3.25> <Storage> <Opcode : 'load' 'store'> <Ports = 2> <Width = 8> <Depth = 1024> <RAM>
ST_5 : Operation 98 [1/1] ( I:3.25ns O:3.25ns )   --->   "%store_ln61 = store i8 %conv, i10 %tile_out_11_addr" [cnn_accel.cpp:61]   --->   Operation 98 'store' 'store_ln61' <Predicate = true> <Delay = 3.25> <CoreInst = "RAM_T2P_BRAM">   --->   Core 93 'RAM_T2P_BRAM' <Latency = 1> <II = 1> <Delay = 3.25> <Storage> <Opcode : 'load' 'store'> <Ports = 2> <Width = 8> <Depth = 1024> <RAM>
ST_5 : Operation 99 [1/1] ( I:3.25ns O:3.25ns )   --->   "%store_ln61 = store i8 %conv, i10 %tile_out_12_addr" [cnn_accel.cpp:61]   --->   Operation 99 'store' 'store_ln61' <Predicate = true> <Delay = 3.25> <CoreInst = "RAM_T2P_BRAM">   --->   Core 93 'RAM_T2P_BRAM' <Latency = 1> <II = 1> <Delay = 3.25> <Storage> <Opcode : 'load' 'store'> <Ports = 2> <Width = 8> <Depth = 1024> <RAM>
ST_5 : Operation 100 [1/1] ( I:3.25ns O:3.25ns )   --->   "%store_ln61 = store i8 %conv, i10 %tile_out_13_addr" [cnn_accel.cpp:61]   --->   Operation 100 'store' 'store_ln61' <Predicate = true> <Delay = 3.25> <CoreInst = "RAM_T2P_BRAM">   --->   Core 93 'RAM_T2P_BRAM' <Latency = 1> <II = 1> <Delay = 3.25> <Storage> <Opcode : 'load' 'store'> <Ports = 2> <Width = 8> <Depth = 1024> <RAM>
ST_5 : Operation 101 [1/1] ( I:3.25ns O:3.25ns )   --->   "%store_ln61 = store i8 %conv, i10 %tile_out_14_addr" [cnn_accel.cpp:61]   --->   Operation 101 'store' 'store_ln61' <Predicate = true> <Delay = 3.25> <CoreInst = "RAM_T2P_BRAM">   --->   Core 93 'RAM_T2P_BRAM' <Latency = 1> <II = 1> <Delay = 3.25> <Storage> <Opcode : 'load' 'store'> <Ports = 2> <Width = 8> <Depth = 1024> <RAM>
ST_5 : Operation 102 [1/1] ( I:3.25ns O:3.25ns )   --->   "%store_ln61 = store i8 %conv, i10 %tile_out_15_addr" [cnn_accel.cpp:61]   --->   Operation 102 'store' 'store_ln61' <Predicate = true> <Delay = 3.25> <CoreInst = "RAM_T2P_BRAM">   --->   Core 93 'RAM_T2P_BRAM' <Latency = 1> <II = 1> <Delay = 3.25> <Storage> <Opcode : 'load' 'store'> <Ports = 2> <Width = 8> <Depth = 1024> <RAM>
ST_5 : Operation 103 [1/1] (0.00ns)   --->   "%br_ln50 = br void %VITIS_LOOP_53_7" [cnn_accel.cpp:50]   --->   Operation 103 'br' 'br_ln50' <Predicate = true> <Delay = 0.00>


============================================================
+ Verbose Summary: Binding
============================================================
STG Binding: 
---------------- STG Properties BEGIN ----------------
- Is combinational: 0
- Is one-state seq: 0
- Is datapath-only: 0
- Is pipelined: 0
- Is top level: 0
Port [ Return ] is wired: 1; IO mode=ap_ctrl_hs:ce=0
Port [ tile_in]:  wired=1; compound=1; hidden=0; nouse=0; global=0; static=0; extern=0; dir=0; type=1; pingpong=0; private_global=0; MemPort=[13]; IO mode=ap_memory:ce=0
Port [ tile_in_1]:  wired=1; compound=1; hidden=0; nouse=0; global=0; static=0; extern=0; dir=0; type=1; pingpong=0; private_global=0; MemPort=[13]; IO mode=ap_memory:ce=0
Port [ tile_in_2]:  wired=1; compound=1; hidden=0; nouse=0; global=0; static=0; extern=0; dir=0; type=1; pingpong=0; private_global=0; MemPort=[13]; IO mode=ap_memory:ce=0
Port [ tile_out]:  wired=1; compound=1; hidden=0; nouse=0; global=0; static=0; extern=0; dir=1; type=1; pingpong=0; private_global=0; MemPort=[03]; IO mode=ap_memory:ce=0
Port [ tile_out_1]:  wired=1; compound=1; hidden=0; nouse=0; global=0; static=0; extern=0; dir=1; type=1; pingpong=0; private_global=0; MemPort=[03]; IO mode=ap_memory:ce=0
Port [ tile_out_2]:  wired=1; compound=1; hidden=0; nouse=0; global=0; static=0; extern=0; dir=1; type=1; pingpong=0; private_global=0; MemPort=[03]; IO mode=ap_memory:ce=0
Port [ tile_out_3]:  wired=1; compound=1; hidden=0; nouse=0; global=0; static=0; extern=0; dir=1; type=1; pingpong=0; private_global=0; MemPort=[03]; IO mode=ap_memory:ce=0
Port [ tile_out_4]:  wired=1; compound=1; hidden=0; nouse=0; global=0; static=0; extern=0; dir=1; type=1; pingpong=0; private_global=0; MemPort=[03]; IO mode=ap_memory:ce=0
Port [ tile_out_5]:  wired=1; compound=1; hidden=0; nouse=0; global=0; static=0; extern=0; dir=1; type=1; pingpong=0; private_global=0; MemPort=[03]; IO mode=ap_memory:ce=0
Port [ tile_out_6]:  wired=1; compound=1; hidden=0; nouse=0; global=0; static=0; extern=0; dir=1; type=1; pingpong=0; private_global=0; MemPort=[03]; IO mode=ap_memory:ce=0
Port [ tile_out_7]:  wired=1; compound=1; hidden=0; nouse=0; global=0; static=0; extern=0; dir=1; type=1; pingpong=0; private_global=0; MemPort=[03]; IO mode=ap_memory:ce=0
Port [ tile_out_8]:  wired=1; compound=1; hidden=0; nouse=0; global=0; static=0; extern=0; dir=1; type=1; pingpong=0; private_global=0; MemPort=[03]; IO mode=ap_memory:ce=0
Port [ tile_out_9]:  wired=1; compound=1; hidden=0; nouse=0; global=0; static=0; extern=0; dir=1; type=1; pingpong=0; private_global=0; MemPort=[03]; IO mode=ap_memory:ce=0
Port [ tile_out_10]:  wired=1; compound=1; hidden=0; nouse=0; global=0; static=0; extern=0; dir=1; type=1; pingpong=0; private_global=0; MemPort=[03]; IO mode=ap_memory:ce=0
Port [ tile_out_11]:  wired=1; compound=1; hidden=0; nouse=0; global=0; static=0; extern=0; dir=1; type=1; pingpong=0; private_global=0; MemPort=[03]; IO mode=ap_memory:ce=0
Port [ tile_out_12]:  wired=1; compound=1; hidden=0; nouse=0; global=0; static=0; extern=0; dir=1; type=1; pingpong=0; private_global=0; MemPort=[03]; IO mode=ap_memory:ce=0
Port [ tile_out_13]:  wired=1; compound=1; hidden=0; nouse=0; global=0; static=0; extern=0; dir=1; type=1; pingpong=0; private_global=0; MemPort=[03]; IO mode=ap_memory:ce=0
Port [ tile_out_14]:  wired=1; compound=1; hidden=0; nouse=0; global=0; static=0; extern=0; dir=1; type=1; pingpong=0; private_global=0; MemPort=[03]; IO mode=ap_memory:ce=0
Port [ tile_out_15]:  wired=1; compound=1; hidden=0; nouse=0; global=0; static=0; extern=0; dir=1; type=1; pingpong=0; private_global=0; MemPort=[03]; IO mode=ap_memory:ce=0
---------------- STG Properties END ------------------

---------------- Datapath Model BEGIN ----------------

<LifeTime>
<method=bitvector/>
x                     (alloca           ) [ 011000]
y                     (alloca           ) [ 011000]
indvar_flatten6       (alloca           ) [ 010000]
specmemcore_ln0       (specmemcore      ) [ 000000]
specmemcore_ln0       (specmemcore      ) [ 000000]
specmemcore_ln0       (specmemcore      ) [ 000000]
specmemcore_ln0       (specmemcore      ) [ 000000]
specmemcore_ln0       (specmemcore      ) [ 000000]
specmemcore_ln0       (specmemcore      ) [ 000000]
specmemcore_ln0       (specmemcore      ) [ 000000]
specmemcore_ln0       (specmemcore      ) [ 000000]
specmemcore_ln0       (specmemcore      ) [ 000000]
specmemcore_ln0       (specmemcore      ) [ 000000]
specmemcore_ln0       (specmemcore      ) [ 000000]
specmemcore_ln0       (specmemcore      ) [ 000000]
specmemcore_ln0       (specmemcore      ) [ 000000]
specmemcore_ln0       (specmemcore      ) [ 000000]
specmemcore_ln0       (specmemcore      ) [ 000000]
specmemcore_ln0       (specmemcore      ) [ 000000]
specmemcore_ln0       (specmemcore      ) [ 000000]
specmemcore_ln0       (specmemcore      ) [ 000000]
specmemcore_ln0       (specmemcore      ) [ 000000]
store_ln0             (store            ) [ 000000]
store_ln49            (store            ) [ 000000]
store_ln50            (store            ) [ 000000]
br_ln0                (br               ) [ 000000]
indvar_flatten6_load  (load             ) [ 000000]
icmp_ln49             (icmp             ) [ 011110]
add_ln49_1            (add              ) [ 000000]
br_ln49               (br               ) [ 000000]
store_ln49            (store            ) [ 000000]
x_load                (load             ) [ 000000]
y_load                (load             ) [ 000000]
add_ln49              (add              ) [ 000000]
icmp_ln50             (icmp             ) [ 000000]
select_ln49           (select           ) [ 000000]
select_ln49_1         (select           ) [ 000000]
empty                 (trunc            ) [ 000000]
tmp_5                 (bitconcatenate   ) [ 000000]
select_ln49_cast      (zext             ) [ 000000]
empty_25              (add              ) [ 010100]
add_ln50              (add              ) [ 000000]
store_ln49            (store            ) [ 000000]
store_ln50            (store            ) [ 000000]
p_cast                (zext             ) [ 010011]
tile_in_addr          (getelementptr    ) [ 010010]
tile_in_1_addr        (getelementptr    ) [ 010010]
tile_in_2_addr        (getelementptr    ) [ 010010]
tile_in_load          (load             ) [ 000000]
tile_in_load_cast     (sext             ) [ 000000]
tile_in_1_load        (load             ) [ 000000]
tile_in_1_load_cast   (sext             ) [ 000000]
tile_in_2_load        (load             ) [ 000000]
tile_in_2_load_cast   (sext             ) [ 000000]
tmp5                  (add              ) [ 000000]
sum                   (add              ) [ 000000]
conv                  (partselect       ) [ 010001]
specloopname_ln0      (specloopname     ) [ 000000]
speclooptripcount_ln0 (speclooptripcount) [ 000000]
tile_out_addr         (getelementptr    ) [ 000000]
tile_out_1_addr       (getelementptr    ) [ 000000]
tile_out_2_addr       (getelementptr    ) [ 000000]
tile_out_3_addr       (getelementptr    ) [ 000000]
tile_out_4_addr       (getelementptr    ) [ 000000]
tile_out_5_addr       (getelementptr    ) [ 000000]
tile_out_6_addr       (getelementptr    ) [ 000000]
tile_out_7_addr       (getelementptr    ) [ 000000]
tile_out_8_addr       (getelementptr    ) [ 000000]
tile_out_9_addr       (getelementptr    ) [ 000000]
tile_out_10_addr      (getelementptr    ) [ 000000]
tile_out_11_addr      (getelementptr    ) [ 000000]
tile_out_12_addr      (getelementptr    ) [ 000000]
tile_out_13_addr      (getelementptr    ) [ 000000]
tile_out_14_addr      (getelementptr    ) [ 000000]
tile_out_15_addr      (getelementptr    ) [ 000000]
specpipeline_ln51     (specpipeline     ) [ 000000]
store_ln61            (store            ) [ 000000]
store_ln61            (store            ) [ 000000]
store_ln61            (store            ) [ 000000]
store_ln61            (store            ) [ 000000]
store_ln61            (store            ) [ 000000]
store_ln61            (store            ) [ 000000]
store_ln61            (store            ) [ 000000]
store_ln61            (store            ) [ 000000]
store_ln61            (store            ) [ 000000]
store_ln61            (store            ) [ 000000]
store_ln61            (store            ) [ 000000]
store_ln61            (store            ) [ 000000]
store_ln61            (store            ) [ 000000]
store_ln61            (store            ) [ 000000]
store_ln61            (store            ) [ 000000]
store_ln61            (store            ) [ 000000]
br_ln50               (br               ) [ 000000]
ret_ln0               (ret              ) [ 000000]
</LifeTime>

<model>

<comp_list>
<comp id="0" class="1000" name="tile_in">
<pin_list>
<pin id="1" dir="1" index="0" bw="1" slack="0"/>
</pin_list>
<bind>
<StgValue><ssdm name="tile_in"/><MemPortTyVec>1 3 </MemPortTyVec>
</StgValue>
</bind>
</comp>

<comp id="2" class="1000" name="tile_in_1">
<pin_list>
<pin id="3" dir="1" index="0" bw="1" slack="0"/>
</pin_list>
<bind>
<StgValue><ssdm name="tile_in_1"/><MemPortTyVec>1 3 </MemPortTyVec>
</StgValue>
</bind>
</comp>

<comp id="4" class="1000" name="tile_in_2">
<pin_list>
<pin id="5" dir="1" index="0" bw="1" slack="0"/>
</pin_list>
<bind>
<StgValue><ssdm name="tile_in_2"/><MemPortTyVec>1 3 </MemPortTyVec>
</StgValue>
</bind>
</comp>

<comp id="6" class="1000" name="tile_out">
<pin_list>
<pin id="7" dir="1" index="0" bw="1" slack="0"/>
</pin_list>
<bind>
<StgValue><ssdm name="tile_out"/><MemPortTyVec>0 3 </MemPortTyVec>
</StgValue>
</bind>
</comp>

<comp id="8" class="1000" name="tile_out_1">
<pin_list>
<pin id="9" dir="1" index="0" bw="1" slack="0"/>
</pin_list>
<bind>
<StgValue><ssdm name="tile_out_1"/><MemPortTyVec>0 3 </MemPortTyVec>
</StgValue>
</bind>
</comp>

<comp id="10" class="1000" name="tile_out_2">
<pin_list>
<pin id="11" dir="1" index="0" bw="1" slack="0"/>
</pin_list>
<bind>
<StgValue><ssdm name="tile_out_2"/><MemPortTyVec>0 3 </MemPortTyVec>
</StgValue>
</bind>
</comp>

<comp id="12" class="1000" name="tile_out_3">
<pin_list>
<pin id="13" dir="1" index="0" bw="1" slack="0"/>
</pin_list>
<bind>
<StgValue><ssdm name="tile_out_3"/><MemPortTyVec>0 3 </MemPortTyVec>
</StgValue>
</bind>
</comp>

<comp id="14" class="1000" name="tile_out_4">
<pin_list>
<pin id="15" dir="1" index="0" bw="1" slack="0"/>
</pin_list>
<bind>
<StgValue><ssdm name="tile_out_4"/><MemPortTyVec>0 3 </MemPortTyVec>
</StgValue>
</bind>
</comp>

<comp id="16" class="1000" name="tile_out_5">
<pin_list>
<pin id="17" dir="1" index="0" bw="1" slack="0"/>
</pin_list>
<bind>
<StgValue><ssdm name="tile_out_5"/><MemPortTyVec>0 3 </MemPortTyVec>
</StgValue>
</bind>
</comp>

<comp id="18" class="1000" name="tile_out_6">
<pin_list>
<pin id="19" dir="1" index="0" bw="1" slack="0"/>
</pin_list>
<bind>
<StgValue><ssdm name="tile_out_6"/><MemPortTyVec>0 3 </MemPortTyVec>
</StgValue>
</bind>
</comp>

<comp id="20" class="1000" name="tile_out_7">
<pin_list>
<pin id="21" dir="1" index="0" bw="1" slack="0"/>
</pin_list>
<bind>
<StgValue><ssdm name="tile_out_7"/><MemPortTyVec>0 3 </MemPortTyVec>
</StgValue>
</bind>
</comp>

<comp id="22" class="1000" name="tile_out_8">
<pin_list>
<pin id="23" dir="1" index="0" bw="1" slack="0"/>
</pin_list>
<bind>
<StgValue><ssdm name="tile_out_8"/><MemPortTyVec>0 3 </MemPortTyVec>
</StgValue>
</bind>
</comp>

<comp id="24" class="1000" name="tile_out_9">
<pin_list>
<pin id="25" dir="1" index="0" bw="1" slack="0"/>
</pin_list>
<bind>
<StgValue><ssdm name="tile_out_9"/><MemPortTyVec>0 3 </MemPortTyVec>
</StgValue>
</bind>
</comp>

<comp id="26" class="1000" name="tile_out_10">
<pin_list>
<pin id="27" dir="1" index="0" bw="1" slack="0"/>
</pin_list>
<bind>
<StgValue><ssdm name="tile_out_10"/><MemPortTyVec>0 3 </MemPortTyVec>
</StgValue>
</bind>
</comp>

<comp id="28" class="1000" name="tile_out_11">
<pin_list>
<pin id="29" dir="1" index="0" bw="1" slack="0"/>
</pin_list>
<bind>
<StgValue><ssdm name="tile_out_11"/><MemPortTyVec>0 3 </MemPortTyVec>
</StgValue>
</bind>
</comp>

<comp id="30" class="1000" name="tile_out_12">
<pin_list>
<pin id="31" dir="1" index="0" bw="1" slack="0"/>
</pin_list>
<bind>
<StgValue><ssdm name="tile_out_12"/><MemPortTyVec>0 3 </MemPortTyVec>
</StgValue>
</bind>
</comp>

<comp id="32" class="1000" name="tile_out_13">
<pin_list>
<pin id="33" dir="1" index="0" bw="1" slack="0"/>
</pin_list>
<bind>
<StgValue><ssdm name="tile_out_13"/><MemPortTyVec>0 3 </MemPortTyVec>
</StgValue>
</bind>
</comp>

<comp id="34" class="1000" name="tile_out_14">
<pin_list>
<pin id="35" dir="1" index="0" bw="1" slack="0"/>
</pin_list>
<bind>
<StgValue><ssdm name="tile_out_14"/><MemPortTyVec>0 3 </MemPortTyVec>
</StgValue>
</bind>
</comp>

<comp id="36" class="1000" name="tile_out_15">
<pin_list>
<pin id="37" dir="1" index="0" bw="1" slack="0"/>
</pin_list>
<bind>
<StgValue><ssdm name="tile_out_15"/><MemPortTyVec>0 3 </MemPortTyVec>
</StgValue>
</bind>
</comp>

<comp id="38" class="1001" name="const_38">
<pin_list>
<pin id="39" dir="1" index="0" bw="1" slack="0"/>
</pin_list>
<bind>
<StgValue><ssdm name=""/></StgValue>
</bind>
</comp>

<comp id="40" class="1001" name="const_40">
<pin_list>
<pin id="41" dir="1" index="0" bw="1" slack="2147483647"/>
</pin_list>
<bind>
<StgValue><ssdm name="_ssdm_op_SpecMemCore"/></StgValue>
</bind>
</comp>

<comp id="42" class="1001" name="const_42">
<pin_list>
<pin id="43" dir="1" index="0" bw="1" slack="2147483647"/>
</pin_list>
<bind>
<StgValue><ssdm name=""/></StgValue>
</bind>
</comp>

<comp id="44" class="1001" name="const_44">
<pin_list>
<pin id="45" dir="1" index="0" bw="1" slack="2147483647"/>
</pin_list>
<bind>
<StgValue><ssdm name=""/></StgValue>
</bind>
</comp>

<comp id="46" class="1001" name="const_46">
<pin_list>
<pin id="47" dir="1" index="0" bw="1" slack="2147483647"/>
</pin_list>
<bind>
<StgValue><ssdm name=""/></StgValue>
</bind>
</comp>

<comp id="48" class="1001" name="const_48">
<pin_list>
<pin id="49" dir="1" index="0" bw="1" slack="0"/>
</pin_list>
<bind>
<StgValue><ssdm name=""/></StgValue>
</bind>
</comp>

<comp id="50" class="1001" name="const_50">
<pin_list>
<pin id="51" dir="1" index="0" bw="1" slack="0"/>
</pin_list>
<bind>
<StgValue><ssdm name=""/></StgValue>
</bind>
</comp>

<comp id="52" class="1001" name="const_52">
<pin_list>
<pin id="53" dir="1" index="0" bw="1" slack="0"/>
</pin_list>
<bind>
<StgValue><ssdm name=""/></StgValue>
</bind>
</comp>

<comp id="54" class="1001" name="const_54">
<pin_list>
<pin id="55" dir="1" index="0" bw="1" slack="0"/>
</pin_list>
<bind>
<StgValue><ssdm name=""/></StgValue>
</bind>
</comp>

<comp id="56" class="1001" name="const_56">
<pin_list>
<pin id="57" dir="1" index="0" bw="1" slack="0"/>
</pin_list>
<bind>
<StgValue><ssdm name=""/></StgValue>
</bind>
</comp>

<comp id="58" class="1001" name="const_58">
<pin_list>
<pin id="59" dir="1" index="0" bw="1" slack="0"/>
</pin_list>
<bind>
<StgValue><ssdm name=""/></StgValue>
</bind>
</comp>

<comp id="60" class="1001" name="const_60">
<pin_list>
<pin id="61" dir="1" index="0" bw="1" slack="0"/>
</pin_list>
<bind>
<StgValue><ssdm name="_ssdm_op_BitConcatenate.i10.i5.i5"/></StgValue>
</bind>
</comp>

<comp id="62" class="1001" name="const_62">
<pin_list>
<pin id="63" dir="1" index="0" bw="1" slack="0"/>
</pin_list>
<bind>
<StgValue><ssdm name=""/></StgValue>
</bind>
</comp>

<comp id="64" class="1001" name="const_64">
<pin_list>
<pin id="65" dir="1" index="0" bw="1" slack="0"/>
</pin_list>
<bind>
<StgValue><ssdm name=""/></StgValue>
</bind>
</comp>

<comp id="66" class="1001" name="const_66">
<pin_list>
<pin id="67" dir="1" index="0" bw="1" slack="0"/>
</pin_list>
<bind>
<StgValue><ssdm name="_ssdm_op_PartSelect.i8.i9.i32.i32"/></StgValue>
</bind>
</comp>

<comp id="68" class="1001" name="const_68">
<pin_list>
<pin id="69" dir="1" index="0" bw="1" slack="0"/>
</pin_list>
<bind>
<StgValue><ssdm name=""/></StgValue>
</bind>
</comp>

<comp id="70" class="1001" name="const_70">
<pin_list>
<pin id="71" dir="1" index="0" bw="1" slack="2147483647"/>
</pin_list>
<bind>
<StgValue><ssdm name="_ssdm_op_SpecLoopName"/></StgValue>
</bind>
</comp>

<comp id="72" class="1001" name="const_72">
<pin_list>
<pin id="73" dir="1" index="0" bw="1" slack="2147483647"/>
</pin_list>
<bind>
<StgValue><ssdm name="VITIS_LOOP_49_5_VITIS_LOOP_50_6_str"/></StgValue>
</bind>
</comp>

<comp id="74" class="1001" name="const_74">
<pin_list>
<pin id="75" dir="1" index="0" bw="1" slack="2147483647"/>
</pin_list>
<bind>
<StgValue><ssdm name="_ssdm_op_SpecLoopTripCount"/></StgValue>
</bind>
</comp>

<comp id="76" class="1001" name="const_76">
<pin_list>
<pin id="77" dir="1" index="0" bw="1" slack="2147483647"/>
</pin_list>
<bind>
<StgValue><ssdm name=""/></StgValue>
</bind>
</comp>

<comp id="78" class="1001" name="const_78">
<pin_list>
<pin id="79" dir="1" index="0" bw="1" slack="2147483647"/>
</pin_list>
<bind>
<StgValue><ssdm name="_ssdm_op_SpecPipeline"/></StgValue>
</bind>
</comp>

<comp id="80" class="1001" name="const_80">
<pin_list>
<pin id="81" dir="1" index="0" bw="1" slack="2147483647"/>
</pin_list>
<bind>
<StgValue><ssdm name=""/></StgValue>
</bind>
</comp>

<comp id="82" class="1001" name="const_82">
<pin_list>
<pin id="83" dir="1" index="0" bw="1" slack="2147483647"/>
</pin_list>
<bind>
<StgValue><ssdm name=""/></StgValue>
</bind>
</comp>

<comp id="84" class="1001" name="const_84">
<pin_list>
<pin id="85" dir="1" index="0" bw="1" slack="2147483647"/>
</pin_list>
<bind>
<StgValue><ssdm name="empty_1"/></StgValue>
</bind>
</comp>

<comp id="86" class="1004" name="x_fu_86">
<pin_list>
<pin id="87" dir="0" index="0" bw="1" slack="0"/>
<pin id="88" dir="1" index="1" bw="6" slack="0"/>
</pin_list>
<bind>
<opcode="alloca(26) " fcode="alloca"/>
<opset="x/1 "/>
</bind>
</comp>

<comp id="90" class="1004" name="y_fu_90">
<pin_list>
<pin id="91" dir="0" index="0" bw="1" slack="0"/>
<pin id="92" dir="1" index="1" bw="6" slack="0"/>
</pin_list>
<bind>
<opcode="alloca(26) " fcode="alloca"/>
<opset="y/1 "/>
</bind>
</comp>

<comp id="94" class="1004" name="indvar_flatten6_fu_94">
<pin_list>
<pin id="95" dir="0" index="0" bw="1" slack="0"/>
<pin id="96" dir="1" index="1" bw="11" slack="0"/>
</pin_list>
<bind>
<opcode="alloca(26) " fcode="alloca"/>
<opset="indvar_flatten6/1 "/>
</bind>
</comp>

<comp id="98" class="1004" name="tile_in_addr_gep_fu_98">
<pin_list>
<pin id="99" dir="0" index="0" bw="8" slack="0"/>
<pin id="100" dir="0" index="1" bw="1" slack="0"/>
<pin id="101" dir="0" index="2" bw="10" slack="0"/>
<pin id="102" dir="1" index="3" bw="10" slack="0"/>
</pin_list>
<bind>
<opcode="getelementptr(29) " fcode="getelementptr"/>
<opset="tile_in_addr/3 "/>
</bind>
</comp>

<comp id="105" class="1004" name="tile_in_1_addr_gep_fu_105">
<pin_list>
<pin id="106" dir="0" index="0" bw="8" slack="0"/>
<pin id="107" dir="0" index="1" bw="1" slack="0"/>
<pin id="108" dir="0" index="2" bw="10" slack="0"/>
<pin id="109" dir="1" index="3" bw="10" slack="0"/>
</pin_list>
<bind>
<opcode="getelementptr(29) " fcode="getelementptr"/>
<opset="tile_in_1_addr/3 "/>
</bind>
</comp>

<comp id="112" class="1004" name="tile_in_2_addr_gep_fu_112">
<pin_list>
<pin id="113" dir="0" index="0" bw="8" slack="0"/>
<pin id="114" dir="0" index="1" bw="1" slack="0"/>
<pin id="115" dir="0" index="2" bw="10" slack="0"/>
<pin id="116" dir="1" index="3" bw="10" slack="0"/>
</pin_list>
<bind>
<opcode="getelementptr(29) " fcode="getelementptr"/>
<opset="tile_in_2_addr/3 "/>
</bind>
</comp>

<comp id="119" class="1004" name="grp_access_fu_119">
<pin_list>
<pin id="120" dir="0" index="0" bw="10" slack="0"/>
<pin id="121" dir="0" index="1" bw="8" slack="2147483647"/>
<pin id="122" dir="0" index="2" bw="0" slack="2147483647"/>
<pin id="123" dir="1" index="3" bw="8" slack="0"/>
</pin_list>
<bind>
<opcode="load(27) " fcode="load"/>
<opset="tile_in_load/3 "/>
</bind>
</comp>

<comp id="125" class="1004" name="grp_access_fu_125">
<pin_list>
<pin id="126" dir="0" index="0" bw="10" slack="0"/>
<pin id="127" dir="0" index="1" bw="8" slack="2147483647"/>
<pin id="128" dir="0" index="2" bw="0" slack="2147483647"/>
<pin id="129" dir="1" index="3" bw="8" slack="0"/>
</pin_list>
<bind>
<opcode="load(27) " fcode="load"/>
<opset="tile_in_1_load/3 "/>
</bind>
</comp>

<comp id="131" class="1004" name="grp_access_fu_131">
<pin_list>
<pin id="132" dir="0" index="0" bw="10" slack="0"/>
<pin id="133" dir="0" index="1" bw="8" slack="2147483647"/>
<pin id="134" dir="0" index="2" bw="0" slack="2147483647"/>
<pin id="135" dir="1" index="3" bw="8" slack="0"/>
</pin_list>
<bind>
<opcode="load(27) " fcode="load"/>
<opset="tile_in_2_load/3 "/>
</bind>
</comp>

<comp id="137" class="1004" name="tile_out_addr_gep_fu_137">
<pin_list>
<pin id="138" dir="0" index="0" bw="8" slack="0"/>
<pin id="139" dir="0" index="1" bw="1" slack="0"/>
<pin id="140" dir="0" index="2" bw="10" slack="2"/>
<pin id="141" dir="1" index="3" bw="10" slack="0"/>
</pin_list>
<bind>
<opcode="getelementptr(29) " fcode="getelementptr"/>
<opset="tile_out_addr/5 "/>
</bind>
</comp>

<comp id="144" class="1004" name="tile_out_1_addr_gep_fu_144">
<pin_list>
<pin id="145" dir="0" index="0" bw="8" slack="0"/>
<pin id="146" dir="0" index="1" bw="1" slack="0"/>
<pin id="147" dir="0" index="2" bw="10" slack="2"/>
<pin id="148" dir="1" index="3" bw="10" slack="0"/>
</pin_list>
<bind>
<opcode="getelementptr(29) " fcode="getelementptr"/>
<opset="tile_out_1_addr/5 "/>
</bind>
</comp>

<comp id="151" class="1004" name="tile_out_2_addr_gep_fu_151">
<pin_list>
<pin id="152" dir="0" index="0" bw="8" slack="0"/>
<pin id="153" dir="0" index="1" bw="1" slack="0"/>
<pin id="154" dir="0" index="2" bw="10" slack="2"/>
<pin id="155" dir="1" index="3" bw="10" slack="0"/>
</pin_list>
<bind>
<opcode="getelementptr(29) " fcode="getelementptr"/>
<opset="tile_out_2_addr/5 "/>
</bind>
</comp>

<comp id="158" class="1004" name="tile_out_3_addr_gep_fu_158">
<pin_list>
<pin id="159" dir="0" index="0" bw="8" slack="0"/>
<pin id="160" dir="0" index="1" bw="1" slack="0"/>
<pin id="161" dir="0" index="2" bw="10" slack="2"/>
<pin id="162" dir="1" index="3" bw="10" slack="0"/>
</pin_list>
<bind>
<opcode="getelementptr(29) " fcode="getelementptr"/>
<opset="tile_out_3_addr/5 "/>
</bind>
</comp>

<comp id="165" class="1004" name="tile_out_4_addr_gep_fu_165">
<pin_list>
<pin id="166" dir="0" index="0" bw="8" slack="0"/>
<pin id="167" dir="0" index="1" bw="1" slack="0"/>
<pin id="168" dir="0" index="2" bw="10" slack="2"/>
<pin id="169" dir="1" index="3" bw="10" slack="0"/>
</pin_list>
<bind>
<opcode="getelementptr(29) " fcode="getelementptr"/>
<opset="tile_out_4_addr/5 "/>
</bind>
</comp>

<comp id="172" class="1004" name="tile_out_5_addr_gep_fu_172">
<pin_list>
<pin id="173" dir="0" index="0" bw="8" slack="0"/>
<pin id="174" dir="0" index="1" bw="1" slack="0"/>
<pin id="175" dir="0" index="2" bw="10" slack="2"/>
<pin id="176" dir="1" index="3" bw="10" slack="0"/>
</pin_list>
<bind>
<opcode="getelementptr(29) " fcode="getelementptr"/>
<opset="tile_out_5_addr/5 "/>
</bind>
</comp>

<comp id="179" class="1004" name="tile_out_6_addr_gep_fu_179">
<pin_list>
<pin id="180" dir="0" index="0" bw="8" slack="0"/>
<pin id="181" dir="0" index="1" bw="1" slack="0"/>
<pin id="182" dir="0" index="2" bw="10" slack="2"/>
<pin id="183" dir="1" index="3" bw="10" slack="0"/>
</pin_list>
<bind>
<opcode="getelementptr(29) " fcode="getelementptr"/>
<opset="tile_out_6_addr/5 "/>
</bind>
</comp>

<comp id="186" class="1004" name="tile_out_7_addr_gep_fu_186">
<pin_list>
<pin id="187" dir="0" index="0" bw="8" slack="0"/>
<pin id="188" dir="0" index="1" bw="1" slack="0"/>
<pin id="189" dir="0" index="2" bw="10" slack="2"/>
<pin id="190" dir="1" index="3" bw="10" slack="0"/>
</pin_list>
<bind>
<opcode="getelementptr(29) " fcode="getelementptr"/>
<opset="tile_out_7_addr/5 "/>
</bind>
</comp>

<comp id="193" class="1004" name="tile_out_8_addr_gep_fu_193">
<pin_list>
<pin id="194" dir="0" index="0" bw="8" slack="0"/>
<pin id="195" dir="0" index="1" bw="1" slack="0"/>
<pin id="196" dir="0" index="2" bw="10" slack="2"/>
<pin id="197" dir="1" index="3" bw="10" slack="0"/>
</pin_list>
<bind>
<opcode="getelementptr(29) " fcode="getelementptr"/>
<opset="tile_out_8_addr/5 "/>
</bind>
</comp>

<comp id="200" class="1004" name="tile_out_9_addr_gep_fu_200">
<pin_list>
<pin id="201" dir="0" index="0" bw="8" slack="0"/>
<pin id="202" dir="0" index="1" bw="1" slack="0"/>
<pin id="203" dir="0" index="2" bw="10" slack="2"/>
<pin id="204" dir="1" index="3" bw="10" slack="0"/>
</pin_list>
<bind>
<opcode="getelementptr(29) " fcode="getelementptr"/>
<opset="tile_out_9_addr/5 "/>
</bind>
</comp>

<comp id="207" class="1004" name="tile_out_10_addr_gep_fu_207">
<pin_list>
<pin id="208" dir="0" index="0" bw="8" slack="0"/>
<pin id="209" dir="0" index="1" bw="1" slack="0"/>
<pin id="210" dir="0" index="2" bw="10" slack="2"/>
<pin id="211" dir="1" index="3" bw="10" slack="0"/>
</pin_list>
<bind>
<opcode="getelementptr(29) " fcode="getelementptr"/>
<opset="tile_out_10_addr/5 "/>
</bind>
</comp>

<comp id="214" class="1004" name="tile_out_11_addr_gep_fu_214">
<pin_list>
<pin id="215" dir="0" index="0" bw="8" slack="0"/>
<pin id="216" dir="0" index="1" bw="1" slack="0"/>
<pin id="217" dir="0" index="2" bw="10" slack="2"/>
<pin id="218" dir="1" index="3" bw="10" slack="0"/>
</pin_list>
<bind>
<opcode="getelementptr(29) " fcode="getelementptr"/>
<opset="tile_out_11_addr/5 "/>
</bind>
</comp>

<comp id="221" class="1004" name="tile_out_12_addr_gep_fu_221">
<pin_list>
<pin id="222" dir="0" index="0" bw="8" slack="0"/>
<pin id="223" dir="0" index="1" bw="1" slack="0"/>
<pin id="224" dir="0" index="2" bw="10" slack="2"/>
<pin id="225" dir="1" index="3" bw="10" slack="0"/>
</pin_list>
<bind>
<opcode="getelementptr(29) " fcode="getelementptr"/>
<opset="tile_out_12_addr/5 "/>
</bind>
</comp>

<comp id="228" class="1004" name="tile_out_13_addr_gep_fu_228">
<pin_list>
<pin id="229" dir="0" index="0" bw="8" slack="0"/>
<pin id="230" dir="0" index="1" bw="1" slack="0"/>
<pin id="231" dir="0" index="2" bw="10" slack="2"/>
<pin id="232" dir="1" index="3" bw="10" slack="0"/>
</pin_list>
<bind>
<opcode="getelementptr(29) " fcode="getelementptr"/>
<opset="tile_out_13_addr/5 "/>
</bind>
</comp>

<comp id="235" class="1004" name="tile_out_14_addr_gep_fu_235">
<pin_list>
<pin id="236" dir="0" index="0" bw="8" slack="0"/>
<pin id="237" dir="0" index="1" bw="1" slack="0"/>
<pin id="238" dir="0" index="2" bw="10" slack="2"/>
<pin id="239" dir="1" index="3" bw="10" slack="0"/>
</pin_list>
<bind>
<opcode="getelementptr(29) " fcode="getelementptr"/>
<opset="tile_out_14_addr/5 "/>
</bind>
</comp>

<comp id="242" class="1004" name="tile_out_15_addr_gep_fu_242">
<pin_list>
<pin id="243" dir="0" index="0" bw="8" slack="0"/>
<pin id="244" dir="0" index="1" bw="1" slack="0"/>
<pin id="245" dir="0" index="2" bw="10" slack="2"/>
<pin id="246" dir="1" index="3" bw="10" slack="0"/>
</pin_list>
<bind>
<opcode="getelementptr(29) " fcode="getelementptr"/>
<opset="tile_out_15_addr/5 "/>
</bind>
</comp>

<comp id="249" class="1004" name="store_ln61_access_fu_249">
<pin_list>
<pin id="250" dir="0" index="0" bw="10" slack="0"/>
<pin id="251" dir="0" index="1" bw="8" slack="1"/>
<pin id="252" dir="0" index="2" bw="0" slack="2147483647"/>
<pin id="253" dir="1" index="3" bw="8" slack="2147483647"/>
</pin_list>
<bind>
<opcode="store(28) " fcode="store"/>
<opset="store_ln61/5 "/>
</bind>
</comp>

<comp id="255" class="1004" name="store_ln61_access_fu_255">
<pin_list>
<pin id="256" dir="0" index="0" bw="10" slack="0"/>
<pin id="257" dir="0" index="1" bw="8" slack="1"/>
<pin id="258" dir="0" index="2" bw="0" slack="2147483647"/>
<pin id="259" dir="1" index="3" bw="8" slack="2147483647"/>
</pin_list>
<bind>
<opcode="store(28) " fcode="store"/>
<opset="store_ln61/5 "/>
</bind>
</comp>

<comp id="261" class="1004" name="store_ln61_access_fu_261">
<pin_list>
<pin id="262" dir="0" index="0" bw="10" slack="0"/>
<pin id="263" dir="0" index="1" bw="8" slack="1"/>
<pin id="264" dir="0" index="2" bw="0" slack="2147483647"/>
<pin id="265" dir="1" index="3" bw="8" slack="2147483647"/>
</pin_list>
<bind>
<opcode="store(28) " fcode="store"/>
<opset="store_ln61/5 "/>
</bind>
</comp>

<comp id="267" class="1004" name="store_ln61_access_fu_267">
<pin_list>
<pin id="268" dir="0" index="0" bw="10" slack="0"/>
<pin id="269" dir="0" index="1" bw="8" slack="1"/>
<pin id="270" dir="0" index="2" bw="0" slack="2147483647"/>
<pin id="271" dir="1" index="3" bw="8" slack="2147483647"/>
</pin_list>
<bind>
<opcode="store(28) " fcode="store"/>
<opset="store_ln61/5 "/>
</bind>
</comp>

<comp id="273" class="1004" name="store_ln61_access_fu_273">
<pin_list>
<pin id="274" dir="0" index="0" bw="10" slack="0"/>
<pin id="275" dir="0" index="1" bw="8" slack="1"/>
<pin id="276" dir="0" index="2" bw="0" slack="2147483647"/>
<pin id="277" dir="1" index="3" bw="8" slack="2147483647"/>
</pin_list>
<bind>
<opcode="store(28) " fcode="store"/>
<opset="store_ln61/5 "/>
</bind>
</comp>

<comp id="279" class="1004" name="store_ln61_access_fu_279">
<pin_list>
<pin id="280" dir="0" index="0" bw="10" slack="0"/>
<pin id="281" dir="0" index="1" bw="8" slack="1"/>
<pin id="282" dir="0" index="2" bw="0" slack="2147483647"/>
<pin id="283" dir="1" index="3" bw="8" slack="2147483647"/>
</pin_list>
<bind>
<opcode="store(28) " fcode="store"/>
<opset="store_ln61/5 "/>
</bind>
</comp>

<comp id="285" class="1004" name="store_ln61_access_fu_285">
<pin_list>
<pin id="286" dir="0" index="0" bw="10" slack="0"/>
<pin id="287" dir="0" index="1" bw="8" slack="1"/>
<pin id="288" dir="0" index="2" bw="0" slack="2147483647"/>
<pin id="289" dir="1" index="3" bw="8" slack="2147483647"/>
</pin_list>
<bind>
<opcode="store(28) " fcode="store"/>
<opset="store_ln61/5 "/>
</bind>
</comp>

<comp id="291" class="1004" name="store_ln61_access_fu_291">
<pin_list>
<pin id="292" dir="0" index="0" bw="10" slack="0"/>
<pin id="293" dir="0" index="1" bw="8" slack="1"/>
<pin id="294" dir="0" index="2" bw="0" slack="2147483647"/>
<pin id="295" dir="1" index="3" bw="8" slack="2147483647"/>
</pin_list>
<bind>
<opcode="store(28) " fcode="store"/>
<opset="store_ln61/5 "/>
</bind>
</comp>

<comp id="297" class="1004" name="store_ln61_access_fu_297">
<pin_list>
<pin id="298" dir="0" index="0" bw="10" slack="0"/>
<pin id="299" dir="0" index="1" bw="8" slack="1"/>
<pin id="300" dir="0" index="2" bw="0" slack="2147483647"/>
<pin id="301" dir="1" index="3" bw="8" slack="2147483647"/>
</pin_list>
<bind>
<opcode="store(28) " fcode="store"/>
<opset="store_ln61/5 "/>
</bind>
</comp>

<comp id="303" class="1004" name="store_ln61_access_fu_303">
<pin_list>
<pin id="304" dir="0" index="0" bw="10" slack="0"/>
<pin id="305" dir="0" index="1" bw="8" slack="1"/>
<pin id="306" dir="0" index="2" bw="0" slack="2147483647"/>
<pin id="307" dir="1" index="3" bw="8" slack="2147483647"/>
</pin_list>
<bind>
<opcode="store(28) " fcode="store"/>
<opset="store_ln61/5 "/>
</bind>
</comp>

<comp id="309" class="1004" name="store_ln61_access_fu_309">
<pin_list>
<pin id="310" dir="0" index="0" bw="10" slack="0"/>
<pin id="311" dir="0" index="1" bw="8" slack="1"/>
<pin id="312" dir="0" index="2" bw="0" slack="2147483647"/>
<pin id="313" dir="1" index="3" bw="8" slack="2147483647"/>
</pin_list>
<bind>
<opcode="store(28) " fcode="store"/>
<opset="store_ln61/5 "/>
</bind>
</comp>

<comp id="315" class="1004" name="store_ln61_access_fu_315">
<pin_list>
<pin id="316" dir="0" index="0" bw="10" slack="0"/>
<pin id="317" dir="0" index="1" bw="8" slack="1"/>
<pin id="318" dir="0" index="2" bw="0" slack="2147483647"/>
<pin id="319" dir="1" index="3" bw="8" slack="2147483647"/>
</pin_list>
<bind>
<opcode="store(28) " fcode="store"/>
<opset="store_ln61/5 "/>
</bind>
</comp>

<comp id="321" class="1004" name="store_ln61_access_fu_321">
<pin_list>
<pin id="322" dir="0" index="0" bw="10" slack="0"/>
<pin id="323" dir="0" index="1" bw="8" slack="1"/>
<pin id="324" dir="0" index="2" bw="0" slack="2147483647"/>
<pin id="325" dir="1" index="3" bw="8" slack="2147483647"/>
</pin_list>
<bind>
<opcode="store(28) " fcode="store"/>
<opset="store_ln61/5 "/>
</bind>
</comp>

<comp id="327" class="1004" name="store_ln61_access_fu_327">
<pin_list>
<pin id="328" dir="0" index="0" bw="10" slack="0"/>
<pin id="329" dir="0" index="1" bw="8" slack="1"/>
<pin id="330" dir="0" index="2" bw="0" slack="2147483647"/>
<pin id="331" dir="1" index="3" bw="8" slack="2147483647"/>
</pin_list>
<bind>
<opcode="store(28) " fcode="store"/>
<opset="store_ln61/5 "/>
</bind>
</comp>

<comp id="333" class="1004" name="store_ln61_access_fu_333">
<pin_list>
<pin id="334" dir="0" index="0" bw="10" slack="0"/>
<pin id="335" dir="0" index="1" bw="8" slack="1"/>
<pin id="336" dir="0" index="2" bw="0" slack="2147483647"/>
<pin id="337" dir="1" index="3" bw="8" slack="2147483647"/>
</pin_list>
<bind>
<opcode="store(28) " fcode="store"/>
<opset="store_ln61/5 "/>
</bind>
</comp>

<comp id="339" class="1004" name="store_ln61_access_fu_339">
<pin_list>
<pin id="340" dir="0" index="0" bw="10" slack="0"/>
<pin id="341" dir="0" index="1" bw="8" slack="1"/>
<pin id="342" dir="0" index="2" bw="0" slack="2147483647"/>
<pin id="343" dir="1" index="3" bw="8" slack="2147483647"/>
</pin_list>
<bind>
<opcode="store(28) " fcode="store"/>
<opset="store_ln61/5 "/>
</bind>
</comp>

<comp id="345" class="1004" name="store_ln0_store_fu_345">
<pin_list>
<pin id="346" dir="0" index="0" bw="1" slack="0"/>
<pin id="347" dir="0" index="1" bw="11" slack="0"/>
<pin id="348" dir="1" index="2" bw="0" slack="2147483647"/>
</pin_list>
<bind>
<opcode="store(28) " fcode="store"/>
<opset="store_ln0/1 "/>
</bind>
</comp>

<comp id="350" class="1004" name="store_ln49_store_fu_350">
<pin_list>
<pin id="351" dir="0" index="0" bw="1" slack="0"/>
<pin id="352" dir="0" index="1" bw="6" slack="0"/>
<pin id="353" dir="1" index="2" bw="0" slack="2147483647"/>
</pin_list>
<bind>
<opcode="store(28) " fcode="store"/>
<opset="store_ln49/1 "/>
</bind>
</comp>

<comp id="355" class="1004" name="store_ln50_store_fu_355">
<pin_list>
<pin id="356" dir="0" index="0" bw="1" slack="0"/>
<pin id="357" dir="0" index="1" bw="6" slack="0"/>
<pin id="358" dir="1" index="2" bw="0" slack="2147483647"/>
</pin_list>
<bind>
<opcode="store(28) " fcode="store"/>
<opset="store_ln50/1 "/>
</bind>
</comp>

<comp id="360" class="1004" name="indvar_flatten6_load_load_fu_360">
<pin_list>
<pin id="361" dir="0" index="0" bw="11" slack="0"/>
<pin id="362" dir="1" index="1" bw="11" slack="0"/>
</pin_list>
<bind>
<opcode="load(27) " fcode="load"/>
<opset="indvar_flatten6_load/1 "/>
</bind>
</comp>

<comp id="363" class="1004" name="icmp_ln49_fu_363">
<pin_list>
<pin id="364" dir="0" index="0" bw="11" slack="0"/>
<pin id="365" dir="0" index="1" bw="11" slack="0"/>
<pin id="366" dir="1" index="2" bw="1" slack="3"/>
</pin_list>
<bind>
<opcode="icmp(45) " fcode="icmp"/>
<opset="icmp_ln49/1 "/>
</bind>
</comp>

<comp id="369" class="1004" name="add_ln49_1_fu_369">
<pin_list>
<pin id="370" dir="0" index="0" bw="11" slack="0"/>
<pin id="371" dir="0" index="1" bw="1" slack="0"/>
<pin id="372" dir="1" index="2" bw="11" slack="0"/>
</pin_list>
<bind>
<opcode="add(8) " fcode="add"/>
<opset="add_ln49_1/1 "/>
</bind>
</comp>

<comp id="375" class="1004" name="store_ln49_store_fu_375">
<pin_list>
<pin id="376" dir="0" index="0" bw="11" slack="0"/>
<pin id="377" dir="0" index="1" bw="11" slack="0"/>
<pin id="378" dir="1" index="2" bw="0" slack="2147483647"/>
</pin_list>
<bind>
<opcode="store(28) " fcode="store"/>
<opset="store_ln49/1 "/>
</bind>
</comp>

<comp id="380" class="1004" name="x_load_load_fu_380">
<pin_list>
<pin id="381" dir="0" index="0" bw="6" slack="1"/>
<pin id="382" dir="1" index="1" bw="6" slack="0"/>
</pin_list>
<bind>
<opcode="load(27) " fcode="load"/>
<opset="x_load/2 "/>
</bind>
</comp>

<comp id="383" class="1004" name="y_load_load_fu_383">
<pin_list>
<pin id="384" dir="0" index="0" bw="6" slack="1"/>
<pin id="385" dir="1" index="1" bw="6" slack="0"/>
</pin_list>
<bind>
<opcode="load(27) " fcode="load"/>
<opset="y_load/2 "/>
</bind>
</comp>

<comp id="386" class="1004" name="add_ln49_fu_386">
<pin_list>
<pin id="387" dir="0" index="0" bw="6" slack="0"/>
<pin id="388" dir="0" index="1" bw="1" slack="0"/>
<pin id="389" dir="1" index="2" bw="6" slack="0"/>
</pin_list>
<bind>
<opcode="add(8) " fcode="add"/>
<opset="add_ln49/2 "/>
</bind>
</comp>

<comp id="392" class="1004" name="icmp_ln50_fu_392">
<pin_list>
<pin id="393" dir="0" index="0" bw="6" slack="0"/>
<pin id="394" dir="0" index="1" bw="6" slack="0"/>
<pin id="395" dir="1" index="2" bw="1" slack="0"/>
</pin_list>
<bind>
<opcode="icmp(45) " fcode="icmp"/>
<opset="icmp_ln50/2 "/>
</bind>
</comp>

<comp id="398" class="1004" name="select_ln49_fu_398">
<pin_list>
<pin id="399" dir="0" index="0" bw="1" slack="0"/>
<pin id="400" dir="0" index="1" bw="1" slack="0"/>
<pin id="401" dir="0" index="2" bw="6" slack="0"/>
<pin id="402" dir="1" index="3" bw="6" slack="0"/>
</pin_list>
<bind>
<opcode="select(49) " fcode="select"/>
<opset="select_ln49/2 "/>
</bind>
</comp>

<comp id="406" class="1004" name="select_ln49_1_fu_406">
<pin_list>
<pin id="407" dir="0" index="0" bw="1" slack="0"/>
<pin id="408" dir="0" index="1" bw="6" slack="0"/>
<pin id="409" dir="0" index="2" bw="6" slack="0"/>
<pin id="410" dir="1" index="3" bw="6" slack="0"/>
</pin_list>
<bind>
<opcode="select(49) " fcode="select"/>
<opset="select_ln49_1/2 "/>
</bind>
</comp>

<comp id="414" class="1004" name="empty_fu_414">
<pin_list>
<pin id="415" dir="0" index="0" bw="6" slack="0"/>
<pin id="416" dir="1" index="1" bw="5" slack="0"/>
</pin_list>
<bind>
<opcode="trunc(33) " fcode="trunc"/>
<opset="empty/2 "/>
</bind>
</comp>

<comp id="418" class="1004" name="tmp_5_fu_418">
<pin_list>
<pin id="419" dir="0" index="0" bw="10" slack="0"/>
<pin id="420" dir="0" index="1" bw="5" slack="0"/>
<pin id="421" dir="0" index="2" bw="1" slack="0"/>
<pin id="422" dir="1" index="3" bw="10" slack="0"/>
</pin_list>
<bind>
<opcode="bitconcatenate(1004) " fcode="bitconcatenate"/>
<opset="tmp_5/2 "/>
</bind>
</comp>

<comp id="426" class="1004" name="select_ln49_cast_fu_426">
<pin_list>
<pin id="427" dir="0" index="0" bw="6" slack="0"/>
<pin id="428" dir="1" index="1" bw="10" slack="0"/>
</pin_list>
<bind>
<opcode="zext(34) " fcode="zext"/>
<opset="select_ln49_cast/2 "/>
</bind>
</comp>

<comp id="430" class="1004" name="empty_25_fu_430">
<pin_list>
<pin id="431" dir="0" index="0" bw="10" slack="0"/>
<pin id="432" dir="0" index="1" bw="6" slack="0"/>
<pin id="433" dir="1" index="2" bw="10" slack="1"/>
</pin_list>
<bind>
<opcode="add(8) " fcode="add"/>
<opset="empty_25/2 "/>
</bind>
</comp>

<comp id="436" class="1004" name="add_ln50_fu_436">
<pin_list>
<pin id="437" dir="0" index="0" bw="6" slack="0"/>
<pin id="438" dir="0" index="1" bw="1" slack="0"/>
<pin id="439" dir="1" index="2" bw="6" slack="0"/>
</pin_list>
<bind>
<opcode="add(8) " fcode="add"/>
<opset="add_ln50/2 "/>
</bind>
</comp>

<comp id="442" class="1004" name="store_ln49_store_fu_442">
<pin_list>
<pin id="443" dir="0" index="0" bw="6" slack="0"/>
<pin id="444" dir="0" index="1" bw="6" slack="1"/>
<pin id="445" dir="1" index="2" bw="0" slack="2147483647"/>
</pin_list>
<bind>
<opcode="store(28) " fcode="store"/>
<opset="store_ln49/2 "/>
</bind>
</comp>

<comp id="447" class="1004" name="store_ln50_store_fu_447">
<pin_list>
<pin id="448" dir="0" index="0" bw="6" slack="0"/>
<pin id="449" dir="0" index="1" bw="6" slack="1"/>
<pin id="450" dir="1" index="2" bw="0" slack="2147483647"/>
</pin_list>
<bind>
<opcode="store(28) " fcode="store"/>
<opset="store_ln50/2 "/>
</bind>
</comp>

<comp id="452" class="1004" name="p_cast_fu_452">
<pin_list>
<pin id="453" dir="0" index="0" bw="10" slack="1"/>
<pin id="454" dir="1" index="1" bw="64" slack="0"/>
</pin_list>
<bind>
<opcode="zext(34) " fcode="zext"/>
<opset="p_cast/3 "/>
</bind>
</comp>

<comp id="458" class="1004" name="tile_in_load_cast_fu_458">
<pin_list>
<pin id="459" dir="0" index="0" bw="8" slack="0"/>
<pin id="460" dir="1" index="1" bw="9" slack="0"/>
</pin_list>
<bind>
<opcode="sext(35) " fcode="sext"/>
<opset="tile_in_load_cast/4 "/>
</bind>
</comp>

<comp id="462" class="1004" name="tile_in_1_load_cast_fu_462">
<pin_list>
<pin id="463" dir="0" index="0" bw="8" slack="0"/>
<pin id="464" dir="1" index="1" bw="9" slack="0"/>
</pin_list>
<bind>
<opcode="sext(35) " fcode="sext"/>
<opset="tile_in_1_load_cast/4 "/>
</bind>
</comp>

<comp id="466" class="1004" name="tile_in_2_load_cast_fu_466">
<pin_list>
<pin id="467" dir="0" index="0" bw="8" slack="0"/>
<pin id="468" dir="1" index="1" bw="9" slack="0"/>
</pin_list>
<bind>
<opcode="sext(35) " fcode="sext"/>
<opset="tile_in_2_load_cast/4 "/>
</bind>
</comp>

<comp id="470" class="1004" name="tmp5_fu_470">
<pin_list>
<pin id="471" dir="0" index="0" bw="8" slack="0"/>
<pin id="472" dir="0" index="1" bw="8" slack="0"/>
<pin id="473" dir="1" index="2" bw="9" slack="0"/>
</pin_list>
<bind>
<opcode="add(8) " fcode="add"/>
<opset="tmp5/4 "/>
</bind>
</comp>

<comp id="476" class="1004" name="sum_fu_476">
<pin_list>
<pin id="477" dir="0" index="0" bw="9" slack="0"/>
<pin id="478" dir="0" index="1" bw="8" slack="0"/>
<pin id="479" dir="1" index="2" bw="9" slack="0"/>
</pin_list>
<bind>
<opcode="add(8) " fcode="add"/>
<opset="sum/4 "/>
</bind>
</comp>

<comp id="482" class="1004" name="conv_fu_482">
<pin_list>
<pin id="483" dir="0" index="0" bw="8" slack="0"/>
<pin id="484" dir="0" index="1" bw="9" slack="0"/>
<pin id="485" dir="0" index="2" bw="1" slack="0"/>
<pin id="486" dir="0" index="3" bw="5" slack="0"/>
<pin id="487" dir="1" index="4" bw="8" slack="1"/>
</pin_list>
<bind>
<opcode="partselect(1002) " fcode="partselect"/>
<opset="conv/4 "/>
</bind>
</comp>

<comp id="492" class="1005" name="x_reg_492">
<pin_list>
<pin id="493" dir="0" index="0" bw="6" slack="0"/>
<pin id="494" dir="1" index="1" bw="6" slack="0"/>
</pin_list>
<bind>
<opset="x "/>
</bind>
</comp>

<comp id="499" class="1005" name="y_reg_499">
<pin_list>
<pin id="500" dir="0" index="0" bw="6" slack="0"/>
<pin id="501" dir="1" index="1" bw="6" slack="0"/>
</pin_list>
<bind>
<opset="y "/>
</bind>
</comp>

<comp id="506" class="1005" name="indvar_flatten6_reg_506">
<pin_list>
<pin id="507" dir="0" index="0" bw="11" slack="0"/>
<pin id="508" dir="1" index="1" bw="11" slack="0"/>
</pin_list>
<bind>
<opset="indvar_flatten6 "/>
</bind>
</comp>

<comp id="513" class="1005" name="icmp_ln49_reg_513">
<pin_list>
<pin id="514" dir="0" index="0" bw="1" slack="3"/>
<pin id="515" dir="1" index="1" bw="1" slack="2147483647"/>
</pin_list>
<bind>
<opset="icmp_ln49 "/>
</bind>
</comp>

<comp id="517" class="1005" name="empty_25_reg_517">
<pin_list>
<pin id="518" dir="0" index="0" bw="10" slack="1"/>
<pin id="519" dir="1" index="1" bw="10" slack="1"/>
</pin_list>
<bind>
<opset="empty_25 "/>
</bind>
</comp>

<comp id="522" class="1005" name="p_cast_reg_522">
<pin_list>
<pin id="523" dir="0" index="0" bw="64" slack="2"/>
<pin id="524" dir="1" index="1" bw="64" slack="2"/>
</pin_list>
<bind>
<opset="p_cast "/>
</bind>
</comp>

<comp id="542" class="1005" name="tile_in_addr_reg_542">
<pin_list>
<pin id="543" dir="0" index="0" bw="10" slack="1"/>
<pin id="544" dir="1" index="1" bw="10" slack="1"/>
</pin_list>
<bind>
<opset="tile_in_addr "/>
</bind>
</comp>

<comp id="547" class="1005" name="tile_in_1_addr_reg_547">
<pin_list>
<pin id="548" dir="0" index="0" bw="10" slack="1"/>
<pin id="549" dir="1" index="1" bw="10" slack="1"/>
</pin_list>
<bind>
<opset="tile_in_1_addr "/>
</bind>
</comp>

<comp id="552" class="1005" name="tile_in_2_addr_reg_552">
<pin_list>
<pin id="553" dir="0" index="0" bw="10" slack="1"/>
<pin id="554" dir="1" index="1" bw="10" slack="1"/>
</pin_list>
<bind>
<opset="tile_in_2_addr "/>
</bind>
</comp>

<comp id="557" class="1005" name="conv_reg_557">
<pin_list>
<pin id="558" dir="0" index="0" bw="8" slack="1"/>
<pin id="559" dir="1" index="1" bw="8" slack="1"/>
</pin_list>
<bind>
<opset="conv "/>
</bind>
</comp>

</comp_list>

<net_list>
<net id="89"><net_src comp="38" pin="0"/><net_sink comp="86" pin=0"/></net>

<net id="93"><net_src comp="38" pin="0"/><net_sink comp="90" pin=0"/></net>

<net id="97"><net_src comp="38" pin="0"/><net_sink comp="94" pin=0"/></net>

<net id="103"><net_src comp="0" pin="0"/><net_sink comp="98" pin=0"/></net>

<net id="104"><net_src comp="64" pin="0"/><net_sink comp="98" pin=1"/></net>

<net id="110"><net_src comp="2" pin="0"/><net_sink comp="105" pin=0"/></net>

<net id="111"><net_src comp="64" pin="0"/><net_sink comp="105" pin=1"/></net>

<net id="117"><net_src comp="4" pin="0"/><net_sink comp="112" pin=0"/></net>

<net id="118"><net_src comp="64" pin="0"/><net_sink comp="112" pin=1"/></net>

<net id="124"><net_src comp="98" pin="3"/><net_sink comp="119" pin=0"/></net>

<net id="130"><net_src comp="105" pin="3"/><net_sink comp="125" pin=0"/></net>

<net id="136"><net_src comp="112" pin="3"/><net_sink comp="131" pin=0"/></net>

<net id="142"><net_src comp="6" pin="0"/><net_sink comp="137" pin=0"/></net>

<net id="143"><net_src comp="64" pin="0"/><net_sink comp="137" pin=1"/></net>

<net id="149"><net_src comp="8" pin="0"/><net_sink comp="144" pin=0"/></net>

<net id="150"><net_src comp="64" pin="0"/><net_sink comp="144" pin=1"/></net>

<net id="156"><net_src comp="10" pin="0"/><net_sink comp="151" pin=0"/></net>

<net id="157"><net_src comp="64" pin="0"/><net_sink comp="151" pin=1"/></net>

<net id="163"><net_src comp="12" pin="0"/><net_sink comp="158" pin=0"/></net>

<net id="164"><net_src comp="64" pin="0"/><net_sink comp="158" pin=1"/></net>

<net id="170"><net_src comp="14" pin="0"/><net_sink comp="165" pin=0"/></net>

<net id="171"><net_src comp="64" pin="0"/><net_sink comp="165" pin=1"/></net>

<net id="177"><net_src comp="16" pin="0"/><net_sink comp="172" pin=0"/></net>

<net id="178"><net_src comp="64" pin="0"/><net_sink comp="172" pin=1"/></net>

<net id="184"><net_src comp="18" pin="0"/><net_sink comp="179" pin=0"/></net>

<net id="185"><net_src comp="64" pin="0"/><net_sink comp="179" pin=1"/></net>

<net id="191"><net_src comp="20" pin="0"/><net_sink comp="186" pin=0"/></net>

<net id="192"><net_src comp="64" pin="0"/><net_sink comp="186" pin=1"/></net>

<net id="198"><net_src comp="22" pin="0"/><net_sink comp="193" pin=0"/></net>

<net id="199"><net_src comp="64" pin="0"/><net_sink comp="193" pin=1"/></net>

<net id="205"><net_src comp="24" pin="0"/><net_sink comp="200" pin=0"/></net>

<net id="206"><net_src comp="64" pin="0"/><net_sink comp="200" pin=1"/></net>

<net id="212"><net_src comp="26" pin="0"/><net_sink comp="207" pin=0"/></net>

<net id="213"><net_src comp="64" pin="0"/><net_sink comp="207" pin=1"/></net>

<net id="219"><net_src comp="28" pin="0"/><net_sink comp="214" pin=0"/></net>

<net id="220"><net_src comp="64" pin="0"/><net_sink comp="214" pin=1"/></net>

<net id="226"><net_src comp="30" pin="0"/><net_sink comp="221" pin=0"/></net>

<net id="227"><net_src comp="64" pin="0"/><net_sink comp="221" pin=1"/></net>

<net id="233"><net_src comp="32" pin="0"/><net_sink comp="228" pin=0"/></net>

<net id="234"><net_src comp="64" pin="0"/><net_sink comp="228" pin=1"/></net>

<net id="240"><net_src comp="34" pin="0"/><net_sink comp="235" pin=0"/></net>

<net id="241"><net_src comp="64" pin="0"/><net_sink comp="235" pin=1"/></net>

<net id="247"><net_src comp="36" pin="0"/><net_sink comp="242" pin=0"/></net>

<net id="248"><net_src comp="64" pin="0"/><net_sink comp="242" pin=1"/></net>

<net id="254"><net_src comp="137" pin="3"/><net_sink comp="249" pin=0"/></net>

<net id="260"><net_src comp="144" pin="3"/><net_sink comp="255" pin=0"/></net>

<net id="266"><net_src comp="151" pin="3"/><net_sink comp="261" pin=0"/></net>

<net id="272"><net_src comp="158" pin="3"/><net_sink comp="267" pin=0"/></net>

<net id="278"><net_src comp="165" pin="3"/><net_sink comp="273" pin=0"/></net>

<net id="284"><net_src comp="172" pin="3"/><net_sink comp="279" pin=0"/></net>

<net id="290"><net_src comp="179" pin="3"/><net_sink comp="285" pin=0"/></net>

<net id="296"><net_src comp="186" pin="3"/><net_sink comp="291" pin=0"/></net>

<net id="302"><net_src comp="193" pin="3"/><net_sink comp="297" pin=0"/></net>

<net id="308"><net_src comp="200" pin="3"/><net_sink comp="303" pin=0"/></net>

<net id="314"><net_src comp="207" pin="3"/><net_sink comp="309" pin=0"/></net>

<net id="320"><net_src comp="214" pin="3"/><net_sink comp="315" pin=0"/></net>

<net id="326"><net_src comp="221" pin="3"/><net_sink comp="321" pin=0"/></net>

<net id="332"><net_src comp="228" pin="3"/><net_sink comp="327" pin=0"/></net>

<net id="338"><net_src comp="235" pin="3"/><net_sink comp="333" pin=0"/></net>

<net id="344"><net_src comp="242" pin="3"/><net_sink comp="339" pin=0"/></net>

<net id="349"><net_src comp="48" pin="0"/><net_sink comp="345" pin=0"/></net>

<net id="354"><net_src comp="50" pin="0"/><net_sink comp="350" pin=0"/></net>

<net id="359"><net_src comp="50" pin="0"/><net_sink comp="355" pin=0"/></net>

<net id="367"><net_src comp="360" pin="1"/><net_sink comp="363" pin=0"/></net>

<net id="368"><net_src comp="52" pin="0"/><net_sink comp="363" pin=1"/></net>

<net id="373"><net_src comp="360" pin="1"/><net_sink comp="369" pin=0"/></net>

<net id="374"><net_src comp="54" pin="0"/><net_sink comp="369" pin=1"/></net>

<net id="379"><net_src comp="369" pin="2"/><net_sink comp="375" pin=0"/></net>

<net id="390"><net_src comp="383" pin="1"/><net_sink comp="386" pin=0"/></net>

<net id="391"><net_src comp="56" pin="0"/><net_sink comp="386" pin=1"/></net>

<net id="396"><net_src comp="380" pin="1"/><net_sink comp="392" pin=0"/></net>

<net id="397"><net_src comp="58" pin="0"/><net_sink comp="392" pin=1"/></net>

<net id="403"><net_src comp="392" pin="2"/><net_sink comp="398" pin=0"/></net>

<net id="404"><net_src comp="50" pin="0"/><net_sink comp="398" pin=1"/></net>

<net id="405"><net_src comp="380" pin="1"/><net_sink comp="398" pin=2"/></net>

<net id="411"><net_src comp="392" pin="2"/><net_sink comp="406" pin=0"/></net>

<net id="412"><net_src comp="386" pin="2"/><net_sink comp="406" pin=1"/></net>

<net id="413"><net_src comp="383" pin="1"/><net_sink comp="406" pin=2"/></net>

<net id="417"><net_src comp="406" pin="3"/><net_sink comp="414" pin=0"/></net>

<net id="423"><net_src comp="60" pin="0"/><net_sink comp="418" pin=0"/></net>

<net id="424"><net_src comp="414" pin="1"/><net_sink comp="418" pin=1"/></net>

<net id="425"><net_src comp="62" pin="0"/><net_sink comp="418" pin=2"/></net>

<net id="429"><net_src comp="398" pin="3"/><net_sink comp="426" pin=0"/></net>

<net id="434"><net_src comp="418" pin="3"/><net_sink comp="430" pin=0"/></net>

<net id="435"><net_src comp="426" pin="1"/><net_sink comp="430" pin=1"/></net>

<net id="440"><net_src comp="398" pin="3"/><net_sink comp="436" pin=0"/></net>

<net id="441"><net_src comp="56" pin="0"/><net_sink comp="436" pin=1"/></net>

<net id="446"><net_src comp="406" pin="3"/><net_sink comp="442" pin=0"/></net>

<net id="451"><net_src comp="436" pin="2"/><net_sink comp="447" pin=0"/></net>

<net id="455"><net_src comp="452" pin="1"/><net_sink comp="98" pin=2"/></net>

<net id="456"><net_src comp="452" pin="1"/><net_sink comp="105" pin=2"/></net>

<net id="457"><net_src comp="452" pin="1"/><net_sink comp="112" pin=2"/></net>

<net id="461"><net_src comp="119" pin="3"/><net_sink comp="458" pin=0"/></net>

<net id="465"><net_src comp="125" pin="3"/><net_sink comp="462" pin=0"/></net>

<net id="469"><net_src comp="131" pin="3"/><net_sink comp="466" pin=0"/></net>

<net id="474"><net_src comp="458" pin="1"/><net_sink comp="470" pin=0"/></net>

<net id="475"><net_src comp="466" pin="1"/><net_sink comp="470" pin=1"/></net>

<net id="480"><net_src comp="470" pin="2"/><net_sink comp="476" pin=0"/></net>

<net id="481"><net_src comp="462" pin="1"/><net_sink comp="476" pin=1"/></net>

<net id="488"><net_src comp="66" pin="0"/><net_sink comp="482" pin=0"/></net>

<net id="489"><net_src comp="476" pin="2"/><net_sink comp="482" pin=1"/></net>

<net id="490"><net_src comp="38" pin="0"/><net_sink comp="482" pin=2"/></net>

<net id="491"><net_src comp="68" pin="0"/><net_sink comp="482" pin=3"/></net>

<net id="495"><net_src comp="86" pin="1"/><net_sink comp="492" pin=0"/></net>

<net id="496"><net_src comp="492" pin="1"/><net_sink comp="355" pin=1"/></net>

<net id="497"><net_src comp="492" pin="1"/><net_sink comp="380" pin=0"/></net>

<net id="498"><net_src comp="492" pin="1"/><net_sink comp="447" pin=1"/></net>

<net id="502"><net_src comp="90" pin="1"/><net_sink comp="499" pin=0"/></net>

<net id="503"><net_src comp="499" pin="1"/><net_sink comp="350" pin=1"/></net>

<net id="504"><net_src comp="499" pin="1"/><net_sink comp="383" pin=0"/></net>

<net id="505"><net_src comp="499" pin="1"/><net_sink comp="442" pin=1"/></net>

<net id="509"><net_src comp="94" pin="1"/><net_sink comp="506" pin=0"/></net>

<net id="510"><net_src comp="506" pin="1"/><net_sink comp="345" pin=1"/></net>

<net id="511"><net_src comp="506" pin="1"/><net_sink comp="360" pin=0"/></net>

<net id="512"><net_src comp="506" pin="1"/><net_sink comp="375" pin=1"/></net>

<net id="516"><net_src comp="363" pin="2"/><net_sink comp="513" pin=0"/></net>

<net id="520"><net_src comp="430" pin="2"/><net_sink comp="517" pin=0"/></net>

<net id="521"><net_src comp="517" pin="1"/><net_sink comp="452" pin=0"/></net>

<net id="525"><net_src comp="452" pin="1"/><net_sink comp="522" pin=0"/></net>

<net id="526"><net_src comp="522" pin="1"/><net_sink comp="137" pin=2"/></net>

<net id="527"><net_src comp="522" pin="1"/><net_sink comp="144" pin=2"/></net>

<net id="528"><net_src comp="522" pin="1"/><net_sink comp="151" pin=2"/></net>

<net id="529"><net_src comp="522" pin="1"/><net_sink comp="158" pin=2"/></net>

<net id="530"><net_src comp="522" pin="1"/><net_sink comp="165" pin=2"/></net>

<net id="531"><net_src comp="522" pin="1"/><net_sink comp="172" pin=2"/></net>

<net id="532"><net_src comp="522" pin="1"/><net_sink comp="179" pin=2"/></net>

<net id="533"><net_src comp="522" pin="1"/><net_sink comp="186" pin=2"/></net>

<net id="534"><net_src comp="522" pin="1"/><net_sink comp="193" pin=2"/></net>

<net id="535"><net_src comp="522" pin="1"/><net_sink comp="200" pin=2"/></net>

<net id="536"><net_src comp="522" pin="1"/><net_sink comp="207" pin=2"/></net>

<net id="537"><net_src comp="522" pin="1"/><net_sink comp="214" pin=2"/></net>

<net id="538"><net_src comp="522" pin="1"/><net_sink comp="221" pin=2"/></net>

<net id="539"><net_src comp="522" pin="1"/><net_sink comp="228" pin=2"/></net>

<net id="540"><net_src comp="522" pin="1"/><net_sink comp="235" pin=2"/></net>

<net id="541"><net_src comp="522" pin="1"/><net_sink comp="242" pin=2"/></net>

<net id="545"><net_src comp="98" pin="3"/><net_sink comp="542" pin=0"/></net>

<net id="546"><net_src comp="542" pin="1"/><net_sink comp="119" pin=0"/></net>

<net id="550"><net_src comp="105" pin="3"/><net_sink comp="547" pin=0"/></net>

<net id="551"><net_src comp="547" pin="1"/><net_sink comp="125" pin=0"/></net>

<net id="555"><net_src comp="112" pin="3"/><net_sink comp="552" pin=0"/></net>

<net id="556"><net_src comp="552" pin="1"/><net_sink comp="131" pin=0"/></net>

<net id="560"><net_src comp="482" pin="4"/><net_sink comp="557" pin=0"/></net>

<net id="561"><net_src comp="557" pin="1"/><net_sink comp="249" pin=1"/></net>

<net id="562"><net_src comp="557" pin="1"/><net_sink comp="255" pin=1"/></net>

<net id="563"><net_src comp="557" pin="1"/><net_sink comp="261" pin=1"/></net>

<net id="564"><net_src comp="557" pin="1"/><net_sink comp="267" pin=1"/></net>

<net id="565"><net_src comp="557" pin="1"/><net_sink comp="273" pin=1"/></net>

<net id="566"><net_src comp="557" pin="1"/><net_sink comp="279" pin=1"/></net>

<net id="567"><net_src comp="557" pin="1"/><net_sink comp="285" pin=1"/></net>

<net id="568"><net_src comp="557" pin="1"/><net_sink comp="291" pin=1"/></net>

<net id="569"><net_src comp="557" pin="1"/><net_sink comp="297" pin=1"/></net>

<net id="570"><net_src comp="557" pin="1"/><net_sink comp="303" pin=1"/></net>

<net id="571"><net_src comp="557" pin="1"/><net_sink comp="309" pin=1"/></net>

<net id="572"><net_src comp="557" pin="1"/><net_sink comp="315" pin=1"/></net>

<net id="573"><net_src comp="557" pin="1"/><net_sink comp="321" pin=1"/></net>

<net id="574"><net_src comp="557" pin="1"/><net_sink comp="327" pin=1"/></net>

<net id="575"><net_src comp="557" pin="1"/><net_sink comp="333" pin=1"/></net>

<net id="576"><net_src comp="557" pin="1"/><net_sink comp="339" pin=1"/></net>

</net_list>

</model> 
---------------- Datapath Model END ------------------

* FSMD analyzer results:
  - Output states:
	Port: tile_out | {5 }
	Port: tile_out_1 | {5 }
	Port: tile_out_2 | {5 }
	Port: tile_out_3 | {5 }
	Port: tile_out_4 | {5 }
	Port: tile_out_5 | {5 }
	Port: tile_out_6 | {5 }
	Port: tile_out_7 | {5 }
	Port: tile_out_8 | {5 }
	Port: tile_out_9 | {5 }
	Port: tile_out_10 | {5 }
	Port: tile_out_11 | {5 }
	Port: tile_out_12 | {5 }
	Port: tile_out_13 | {5 }
	Port: tile_out_14 | {5 }
	Port: tile_out_15 | {5 }
 - Input state : 
	Port: cnn_accel_Pipeline_VITIS_LOOP_49_5_VITIS_LOOP_50_6 : tile_in | {3 4 }
	Port: cnn_accel_Pipeline_VITIS_LOOP_49_5_VITIS_LOOP_50_6 : tile_in_1 | {3 4 }
	Port: cnn_accel_Pipeline_VITIS_LOOP_49_5_VITIS_LOOP_50_6 : tile_in_2 | {3 4 }
  - Chain level:
	State 1
		store_ln0 : 1
		store_ln49 : 1
		store_ln50 : 1
		indvar_flatten6_load : 1
		icmp_ln49 : 2
		add_ln49_1 : 2
		br_ln49 : 3
		store_ln49 : 3
	State 2
		add_ln49 : 1
		icmp_ln50 : 1
		select_ln49 : 2
		select_ln49_1 : 2
		empty : 3
		tmp_5 : 4
		select_ln49_cast : 3
		empty_25 : 5
		add_ln50 : 3
		store_ln49 : 3
		store_ln50 : 4
	State 3
		tile_in_addr : 1
		tile_in_1_addr : 1
		tile_in_2_addr : 1
		tile_in_load : 2
		tile_in_1_load : 2
		tile_in_2_load : 2
	State 4
		tile_in_load_cast : 1
		tile_in_1_load_cast : 1
		tile_in_2_load_cast : 1
		tmp5 : 2
		sum : 3
		conv : 4
	State 5
		store_ln61 : 1
		store_ln61 : 1
		store_ln61 : 1
		store_ln61 : 1
		store_ln61 : 1
		store_ln61 : 1
		store_ln61 : 1
		store_ln61 : 1
		store_ln61 : 1
		store_ln61 : 1
		store_ln61 : 1
		store_ln61 : 1
		store_ln61 : 1
		store_ln61 : 1
		store_ln61 : 1
		store_ln61 : 1


============================================================
+ Verbose Summary: Datapath Resource usage 
============================================================

* Functional unit list:
|----------|----------------------------|---------|---------|
| Operation|       Functional Unit      |    FF   |   LUT   |
|----------|----------------------------|---------|---------|
|          |      add_ln49_1_fu_369     |    0    |    18   |
|          |       add_ln49_fu_386      |    0    |    14   |
|    add   |       empty_25_fu_430      |    0    |    17   |
|          |       add_ln50_fu_436      |    0    |    14   |
|          |         tmp5_fu_470        |    0    |    8    |
|          |         sum_fu_476         |    0    |    9    |
|----------|----------------------------|---------|---------|
|   icmp   |      icmp_ln49_fu_363      |    0    |    18   |
|          |      icmp_ln50_fu_392      |    0    |    14   |
|----------|----------------------------|---------|---------|
|  select  |     select_ln49_fu_398     |    0    |    6    |
|          |    select_ln49_1_fu_406    |    0    |    6    |
|----------|----------------------------|---------|---------|
|   trunc  |        empty_fu_414        |    0    |    0    |
|----------|----------------------------|---------|---------|
|bitconcatenate|        tmp_5_fu_418        |    0    |    0    |
|----------|----------------------------|---------|---------|
|   zext   |   select_ln49_cast_fu_426  |    0    |    0    |
|          |        p_cast_fu_452       |    0    |    0    |
|----------|----------------------------|---------|---------|
|          |  tile_in_load_cast_fu_458  |    0    |    0    |
|   sext   | tile_in_1_load_cast_fu_462 |    0    |    0    |
|          | tile_in_2_load_cast_fu_466 |    0    |    0    |
|----------|----------------------------|---------|---------|
|partselect|         conv_fu_482        |    0    |    0    |
|----------|----------------------------|---------|---------|
|   Total  |                            |    0    |   124   |
|----------|----------------------------|---------|---------|

Memories:
N/A

* Register list:
+-----------------------+--------+
|                       |   FF   |
+-----------------------+--------+
|      conv_reg_557     |    8   |
|    empty_25_reg_517   |   10   |
|   icmp_ln49_reg_513   |    1   |
|indvar_flatten6_reg_506|   11   |
|     p_cast_reg_522    |   64   |
| tile_in_1_addr_reg_547|   10   |
| tile_in_2_addr_reg_552|   10   |
|  tile_in_addr_reg_542 |   10   |
|       x_reg_492       |    6   |
|       y_reg_499       |    6   |
+-----------------------+--------+
|         Total         |   136  |
+-----------------------+--------+

* Multiplexer (MUX) list: 
|-------------------|------|------|------|--------||---------||---------||---------|
|        Comp       |  Pin | Size |  BW  | S x BW ||  Delay  ||    FF   ||   LUT   |
|-------------------|------|------|------|--------||---------||---------||---------|
| grp_access_fu_119 |  p0  |   2  |  10  |   20   ||    0    ||    9    |
| grp_access_fu_125 |  p0  |   2  |  10  |   20   ||    0    ||    9    |
| grp_access_fu_131 |  p0  |   2  |  10  |   20   ||    0    ||    9    |
|-------------------|------|------|------|--------||---------||---------||---------|
|       Total       |      |      |      |   60   ||   4.83  ||    0    ||    27   |
|-------------------|------|------|------|--------||---------||---------||---------|



* Summary:
+-----------+--------+--------+--------+
|           |  Delay |   FF   |   LUT  |
+-----------+--------+--------+--------+
|  Function |    -   |    0   |   124  |
|   Memory  |    -   |    -   |    -   |
|Multiplexer|    4   |    0   |   27   |
|  Register |    -   |   136  |    -   |
+-----------+--------+--------+--------+
|   Total   |    4   |   136  |   151  |
+-----------+--------+--------+--------+
