

================================================================
== Vitis HLS Report for 'cnn_accel_Pipeline_VITIS_LOOP_34_3_VITIS_LOOP_35_4'
================================================================
* Date:           Thu Apr 16 14:46:56 2026

* Version:        2024.2 (Build 5238294 on Nov  8 2024)
* Project:        cnn_accel
* Solution:       solution1 (Vivado IP Flow Target)
* Product family: artix7
* Target device:  xc7a200t-sbg484-1


================================================================
== Performance Estimates
================================================================
+ Timing: 
    * Summary: 
    +--------+----------+----------+------------+
    |  Clock |  Target  | Estimated| Uncertainty|
    +--------+----------+----------+------------+
    |ap_clk  |  10.00 ns|  6.937 ns|     2.70 ns|
    +--------+----------+----------+------------+

+ Latency: 
    * Summary: 
    +---------+---------+-----------+-----------+------+------+------------------------------------------------+
    |  Latency (cycles) |   Latency (absolute)  |   Interval  |                    Pipeline                    |
    |   min   |   max   |    min    |    max    |  min |  max |                      Type                      |
    +---------+---------+-----------+-----------+------+------+------------------------------------------------+
    |     1027|     1027|  10.270 us|  10.270 us|  1025|  1025|  loop auto-rewind stp (delay=0 clock cycles(s))|
    +---------+---------+-----------+-----------+------+------+------------------------------------------------+

    + Detail: 
        * Instance: 
        N/A

        * Loop: 
        +-----------------------------------+---------+---------+----------+-----------+-----------+------+----------+
        |                                   |  Latency (cycles) | Iteration|  Initiation Interval  | Trip |          |
        |             Loop Name             |   min   |   max   |  Latency |  achieved |   target  | Count| Pipelined|
        +-----------------------------------+---------+---------+----------+-----------+-----------+------+----------+
        |- VITIS_LOOP_34_3_VITIS_LOOP_35_4  |     1025|     1025|         3|          1|          1|  1024|       yes|
        +-----------------------------------+---------+---------+----------+-----------+-----------+------+----------+

============================================================
+ Verbose Summary: Synthesis Manager
============================================================
InlineROM: 1
ExposeGlobal: 0
============================================================
+ Verbose Summary: CDFG Model
============================================================
IsTopModel: 0
ResetActiveHigh: 1
IsCombinational: 0
IsDatapathOnly: 0
HasWiredReturn: 1
HasMFsm: 2
HasVarLatency: 1
IsPipeline: 0
IsRtlPipelined: 0
IsInstanceOverlapped: 0
IsDontTouch: 0
HasImplIP: 0
IsGatedGlobalClock: 0

+ Individual pipeline summary: 
  * Pipeline-0: initiation interval (II) = 1, depth = 3


============================================================
+ Verbose Summary: Schedule
============================================================
* Number of FSM states : 3
* Pipeline : 1
  Pipeline-0 : II = 1, D = 3, States = { 1 2 3 }
* Dataflow Pipeline: 0

* FSM state transitions: 
1 --> 2 
2 --> 3 
3 --> 

* FSM state operations: 

State 1 <SV = 0> <Delay = 5.34>
ST_1 : Operation 6 [1/1] (0.00ns)   --->   "%x = alloca i32 1" [cnn_accel.cpp:35]   --->   Operation 6 'alloca' 'x' <Predicate = true> <Delay = 0.00>
ST_1 : Operation 7 [1/1] (0.00ns)   --->   "%y = alloca i32 1" [cnn_accel.cpp:34]   --->   Operation 7 'alloca' 'y' <Predicate = true> <Delay = 0.00>
ST_1 : Operation 8 [1/1] (0.00ns)   --->   "%indvar_flatten = alloca i32 1"   --->   Operation 8 'alloca' 'indvar_flatten' <Predicate = true> <Delay = 0.00>
ST_1 : Operation 9 [1/1] (0.00ns)   --->   "%input_r_load_read = read i8 @_ssdm_op_Read.ap_auto.i8, i8 %input_r_load"   --->   Operation 9 'read' 'input_r_load_read' <Predicate = true> <Delay = 0.00>
ST_1 : Operation 10 [1/1] (0.00ns)   --->   "%tx_read = read i31 @_ssdm_op_Read.ap_auto.i31, i31 %tx"   --->   Operation 10 'read' 'tx_read' <Predicate = true> <Delay = 0.00>
ST_1 : Operation 11 [1/1] (0.00ns)   --->   "%size_read = read i32 @_ssdm_op_Read.ap_auto.i32, i32 %size"   --->   Operation 11 'read' 'size_read' <Predicate = true> <Delay = 0.00>
ST_1 : Operation 12 [1/1] (0.00ns)   --->   "%ty_read = read i31 @_ssdm_op_Read.ap_auto.i31, i31 %ty"   --->   Operation 12 'read' 'ty_read' <Predicate = true> <Delay = 0.00>
ST_1 : Operation 13 [1/1] (0.00ns)   --->   "%tx_cast = zext i31 %tx_read"   --->   Operation 13 'zext' 'tx_cast' <Predicate = true> <Delay = 0.00>
ST_1 : Operation 14 [1/1] (0.00ns)   --->   "%ty_cast = zext i31 %ty_read"   --->   Operation 14 'zext' 'ty_cast' <Predicate = true> <Delay = 0.00>
ST_1 : Operation 15 [1/1] (0.00ns)   --->   "%specmemcore_ln0 = specmemcore void @_ssdm_op_SpecMemCore, i8 %tile_in, i64 666, i64 30, i64 18446744073709551615"   --->   Operation 15 'specmemcore' 'specmemcore_ln0' <Predicate = true> <Delay = 0.00>
ST_1 : Operation 16 [1/1] (0.00ns)   --->   "%specmemcore_ln0 = specmemcore void @_ssdm_op_SpecMemCore, i8 %tile_in_1, i64 666, i64 30, i64 18446744073709551615"   --->   Operation 16 'specmemcore' 'specmemcore_ln0' <Predicate = true> <Delay = 0.00>
ST_1 : Operation 17 [1/1] (0.00ns)   --->   "%specmemcore_ln0 = specmemcore void @_ssdm_op_SpecMemCore, i8 %tile_in_2, i64 666, i64 30, i64 18446744073709551615"   --->   Operation 17 'specmemcore' 'specmemcore_ln0' <Predicate = true> <Delay = 0.00>
ST_1 : Operation 18 [1/1] (1.61ns)   --->   "%store_ln0 = store i11 0, i11 %indvar_flatten"   --->   Operation 18 'store' 'store_ln0' <Predicate = true> <Delay = 1.61>
ST_1 : Operation 19 [1/1] (1.61ns)   --->   "%store_ln34 = store i6 0, i6 %y" [cnn_accel.cpp:34]   --->   Operation 19 'store' 'store_ln34' <Predicate = true> <Delay = 1.61>
ST_1 : Operation 20 [1/1] (1.61ns)   --->   "%store_ln35 = store i6 0, i6 %x" [cnn_accel.cpp:35]   --->   Operation 20 'store' 'store_ln35' <Predicate = true> <Delay = 1.61>
ST_1 : Operation 21 [1/1] (0.00ns)   --->   "%br_ln0 = br void %for.body12"   --->   Operation 21 'br' 'br_ln0' <Predicate = true> <Delay = 0.00>
ST_1 : Operation 22 [1/1] (0.00ns)   --->   "%indvar_flatten_load = load i11 %indvar_flatten" [cnn_accel.cpp:34]   --->   Operation 22 'load' 'indvar_flatten_load' <Predicate = true> <Delay = 0.00>
ST_1 : Operation 23 [1/1] (2.12ns)   --->   "%icmp_ln34 = icmp_eq  i11 %indvar_flatten_load, i11 1024" [cnn_accel.cpp:34]   --->   Operation 23 'icmp' 'icmp_ln34' <Predicate = true> <Delay = 2.12> <CoreInst = "Cmp">   --->   Core 9 'Cmp' <Latency = 0> <II = 1> <Delay = 2.12> <FuncUnit> <Opcode : 'seteq' 'setne' 'setle' 'setge' 'setlt' 'setgt'> <InPorts = 2> <OutPorts = 1>
ST_1 : Operation 24 [1/1] (2.12ns)   --->   "%add_ln34_1 = add i11 %indvar_flatten_load, i11 1" [cnn_accel.cpp:34]   --->   Operation 24 'add' 'add_ln34_1' <Predicate = true> <Delay = 2.12> <CoreInst = "Adder">   --->   Core 1 'Adder' <Latency = 0> <II = 1> <Delay = 2.12> <FuncUnit> <Opcode : 'add' 'sub'> <InPorts = 2> <OutPorts = 1>
ST_1 : Operation 25 [1/1] (0.00ns)   --->   "%br_ln34 = br i1 %icmp_ln34, void %for.inc40, void %VITIS_LOOP_56_7.preheader.exitStub" [cnn_accel.cpp:34]   --->   Operation 25 'br' 'br_ln34' <Predicate = true> <Delay = 0.00>
ST_1 : Operation 26 [1/1] (1.61ns)   --->   "%store_ln34 = store i11 %add_ln34_1, i11 %indvar_flatten" [cnn_accel.cpp:34]   --->   Operation 26 'store' 'store_ln34' <Predicate = (!icmp_ln34)> <Delay = 1.61>

State 2 <SV = 1> <Delay = 6.17>
ST_2 : Operation 27 [1/1] (0.00ns)   --->   "%x_load = load i6 %x" [cnn_accel.cpp:35]   --->   Operation 27 'load' 'x_load' <Predicate = true> <Delay = 0.00>
ST_2 : Operation 28 [1/1] (0.00ns)   --->   "%y_load = load i6 %y" [cnn_accel.cpp:34]   --->   Operation 28 'load' 'y_load' <Predicate = true> <Delay = 0.00>
ST_2 : Operation 29 [1/1] (1.94ns)   --->   "%add_ln34 = add i6 %y_load, i6 1" [cnn_accel.cpp:34]   --->   Operation 29 'add' 'add_ln34' <Predicate = true> <Delay = 1.94> <CoreInst = "Adder">   --->   Core 1 'Adder' <Latency = 0> <II = 1> <Delay = 1.94> <FuncUnit> <Opcode : 'add' 'sub'> <InPorts = 2> <OutPorts = 1>
ST_2 : Operation 30 [1/1] (1.94ns)   --->   "%icmp_ln35 = icmp_eq  i6 %x_load, i6 32" [cnn_accel.cpp:35]   --->   Operation 30 'icmp' 'icmp_ln35' <Predicate = true> <Delay = 1.94> <CoreInst = "Cmp">   --->   Core 9 'Cmp' <Latency = 0> <II = 1> <Delay = 1.94> <FuncUnit> <Opcode : 'seteq' 'setne' 'setle' 'setge' 'setlt' 'setgt'> <InPorts = 2> <OutPorts = 1>
ST_2 : Operation 31 [1/1] (0.66ns)   --->   "%select_ln34 = select i1 %icmp_ln35, i6 0, i6 %x_load" [cnn_accel.cpp:34]   --->   Operation 31 'select' 'select_ln34' <Predicate = true> <Delay = 0.66> <CoreInst = "Sel">   --->   Core 73 'Sel' <Latency = 0> <II = 1> <Delay = 0.66> <FuncUnit> <Opcode : 'select'> <InPorts = 3> <OutPorts = 1>
ST_2 : Operation 32 [1/1] (0.66ns)   --->   "%select_ln34_1 = select i1 %icmp_ln35, i6 %add_ln34, i6 %y_load" [cnn_accel.cpp:34]   --->   Operation 32 'select' 'select_ln34_1' <Predicate = true> <Delay = 0.66> <CoreInst = "Sel">   --->   Core 73 'Sel' <Latency = 0> <II = 1> <Delay = 0.66> <FuncUnit> <Opcode : 'select'> <InPorts = 3> <OutPorts = 1>
ST_2 : Operation 33 [1/1] (0.00ns)   --->   "%trunc_ln44 = trunc i6 %select_ln34_1" [cnn_accel.cpp:44]   --->   Operation 33 'trunc' 'trunc_ln44' <Predicate = true> <Delay = 0.00>
ST_2 : Operation 34 [1/1] (0.00ns)   --->   "%tmp_1 = bitconcatenate i10 @_ssdm_op_BitConcatenate.i10.i5.i5, i5 %trunc_ln44, i5 0" [cnn_accel.cpp:44]   --->   Operation 34 'bitconcatenate' 'tmp_1' <Predicate = true> <Delay = 0.00>
ST_2 : Operation 35 [1/1] (0.00ns)   --->   "%zext_ln34 = zext i6 %select_ln34_1" [cnn_accel.cpp:34]   --->   Operation 35 'zext' 'zext_ln34' <Predicate = true> <Delay = 0.00>
ST_2 : Operation 36 [1/1] (2.66ns)   --->   "%empty = add i32 %zext_ln34, i32 %ty_cast" [cnn_accel.cpp:34]   --->   Operation 36 'add' 'empty' <Predicate = true> <Delay = 2.66> <CoreInst = "Adder">   --->   Core 1 'Adder' <Latency = 0> <II = 1> <Delay = 2.66> <FuncUnit> <Opcode : 'add' 'sub'> <InPorts = 2> <OutPorts = 1>
ST_2 : Operation 37 [1/1] (0.00ns)   --->   "%zext_ln44 = zext i6 %select_ln34" [cnn_accel.cpp:44]   --->   Operation 37 'zext' 'zext_ln44' <Predicate = true> <Delay = 0.00>
ST_2 : Operation 38 [1/1] (2.12ns)   --->   "%add_ln44 = add i10 %tmp_1, i10 %zext_ln44" [cnn_accel.cpp:44]   --->   Operation 38 'add' 'add_ln44' <Predicate = true> <Delay = 2.12> <CoreInst = "Adder">   --->   Core 1 'Adder' <Latency = 0> <II = 1> <Delay = 2.12> <FuncUnit> <Opcode : 'add' 'sub'> <InPorts = 2> <OutPorts = 1>
ST_2 : Operation 39 [1/1] (0.00ns)   --->   "%zext_ln35 = zext i6 %select_ln34" [cnn_accel.cpp:35]   --->   Operation 39 'zext' 'zext_ln35' <Predicate = true> <Delay = 0.00>
ST_2 : Operation 40 [1/1] (2.66ns)   --->   "%add_ln39 = add i32 %zext_ln35, i32 %tx_cast" [cnn_accel.cpp:39]   --->   Operation 40 'add' 'add_ln39' <Predicate = true> <Delay = 2.66> <CoreInst = "Adder">   --->   Core 1 'Adder' <Latency = 0> <II = 1> <Delay = 2.66> <FuncUnit> <Opcode : 'add' 'sub'> <InPorts = 2> <OutPorts = 1>
ST_2 : Operation 41 [1/1] (1.94ns)   --->   "%add_ln35 = add i6 %select_ln34, i6 1" [cnn_accel.cpp:35]   --->   Operation 41 'add' 'add_ln35' <Predicate = true> <Delay = 1.94> <CoreInst = "Adder">   --->   Core 1 'Adder' <Latency = 0> <II = 1> <Delay = 1.94> <FuncUnit> <Opcode : 'add' 'sub'> <InPorts = 2> <OutPorts = 1>
ST_2 : Operation 42 [1/1] (1.61ns)   --->   "%store_ln34 = store i6 %select_ln34_1, i6 %y" [cnn_accel.cpp:34]   --->   Operation 42 'store' 'store_ln34' <Predicate = true> <Delay = 1.61>
ST_2 : Operation 43 [1/1] (1.61ns)   --->   "%store_ln35 = store i6 %add_ln35, i6 %x" [cnn_accel.cpp:35]   --->   Operation 43 'store' 'store_ln35' <Predicate = true> <Delay = 1.61>
ST_2 : Operation 44 [1/1] (0.00ns)   --->   "%br_ln35 = br void %for.body12" [cnn_accel.cpp:35]   --->   Operation 44 'br' 'br_ln35' <Predicate = true> <Delay = 0.00>
ST_2 : Operation 60 [1/1] (1.61ns)   --->   "%ret_ln0 = ret"   --->   Operation 60 'ret' 'ret_ln0' <Predicate = (icmp_ln34)> <Delay = 1.61>

State 3 <SV = 2> <Delay = 6.93>
ST_3 : Operation 45 [1/1] (0.00ns)   --->   "%specloopname_ln0 = specloopname void @_ssdm_op_SpecLoopName, void @VITIS_LOOP_34_3_VITIS_LOOP_35_4_str"   --->   Operation 45 'specloopname' 'specloopname_ln0' <Predicate = true> <Delay = 0.00>
ST_3 : Operation 46 [1/1] (0.00ns)   --->   "%speclooptripcount_ln0 = speclooptripcount void @_ssdm_op_SpecLoopTripCount, i64 1024, i64 1024, i64 1024"   --->   Operation 46 'speclooptripcount' 'speclooptripcount_ln0' <Predicate = true> <Delay = 0.00>
ST_3 : Operation 47 [1/1] (2.70ns)   --->   "%cmp14 = icmp_slt  i32 %empty, i32 %size_read" [cnn_accel.cpp:34]   --->   Operation 47 'icmp' 'cmp14' <Predicate = true> <Delay = 2.70> <CoreInst = "Cmp">   --->   Core 9 'Cmp' <Latency = 0> <II = 1> <Delay = 2.70> <FuncUnit> <Opcode : 'seteq' 'setne' 'setle' 'setge' 'setlt' 'setgt'> <InPorts = 2> <OutPorts = 1>
ST_3 : Operation 48 [1/1] (0.00ns)   --->   "%zext_ln44_1 = zext i10 %add_ln44" [cnn_accel.cpp:44]   --->   Operation 48 'zext' 'zext_ln44_1' <Predicate = true> <Delay = 0.00>
ST_3 : Operation 49 [1/1] (0.00ns)   --->   "%tile_in_addr = getelementptr i8 %tile_in, i64 0, i64 %zext_ln44_1" [cnn_accel.cpp:44]   --->   Operation 49 'getelementptr' 'tile_in_addr' <Predicate = true> <Delay = 0.00>
ST_3 : Operation 50 [1/1] (0.00ns)   --->   "%tile_in_1_addr = getelementptr i8 %tile_in_1, i64 0, i64 %zext_ln44_1" [cnn_accel.cpp:45]   --->   Operation 50 'getelementptr' 'tile_in_1_addr' <Predicate = true> <Delay = 0.00>
ST_3 : Operation 51 [1/1] (0.00ns)   --->   "%tile_in_2_addr = getelementptr i8 %tile_in_2, i64 0, i64 %zext_ln44_1" [cnn_accel.cpp:46]   --->   Operation 51 'getelementptr' 'tile_in_2_addr' <Predicate = true> <Delay = 0.00>
ST_3 : Operation 52 [1/1] (0.00ns)   --->   "%specpipeline_ln36 = specpipeline void @_ssdm_op_SpecPipeline, i32 1, i32 0, i32 0, i32 0, void @empty_2" [cnn_accel.cpp:36]   --->   Operation 52 'specpipeline' 'specpipeline_ln36' <Predicate = true> <Delay = 0.00>
ST_3 : Operation 53 [1/1] (2.70ns)   --->   "%icmp_ln41 = icmp_slt  i32 %add_ln39, i32 %size_read" [cnn_accel.cpp:41]   --->   Operation 53 'icmp' 'icmp_ln41' <Predicate = true> <Delay = 2.70> <CoreInst = "Cmp">   --->   Core 9 'Cmp' <Latency = 0> <II = 1> <Delay = 2.70> <FuncUnit> <Opcode : 'seteq' 'setne' 'setle' 'setge' 'setlt' 'setgt'> <InPorts = 2> <OutPorts = 1>
ST_3 : Operation 54 [1/1] (0.97ns)   --->   "%and_ln41 = and i1 %cmp14, i1 %icmp_ln41" [cnn_accel.cpp:41]   --->   Operation 54 'and' 'and_ln41' <Predicate = true> <Delay = 0.97> <CoreInst = "LogicGate">   --->   Core 74 'LogicGate' <Latency = 0> <II = 1> <Delay = 0.97> <FuncUnit> <Opcode : 'and' 'or' 'xor'> <InPorts = 2> <OutPorts = 1>
ST_3 : Operation 55 [1/1] (0.00ns)   --->   "%br_ln41 = br i1 %and_ln41, void %for.inc, void %if.then" [cnn_accel.cpp:41]   --->   Operation 55 'br' 'br_ln41' <Predicate = true> <Delay = 0.00>
ST_3 : Operation 56 [1/1] ( I:3.25ns O:3.25ns )   --->   "%store_ln44 = store i8 %input_r_load_read, i10 %tile_in_addr" [cnn_accel.cpp:44]   --->   Operation 56 'store' 'store_ln44' <Predicate = (and_ln41)> <Delay = 3.25> <CoreInst = "RAM_T2P_BRAM">   --->   Core 93 'RAM_T2P_BRAM' <Latency = 1> <II = 1> <Delay = 3.25> <Storage> <Opcode : 'load' 'store'> <Ports = 2> <Width = 8> <Depth = 1024> <RAM>
ST_3 : Operation 57 [1/1] ( I:3.25ns O:3.25ns )   --->   "%store_ln45 = store i8 %input_r_load_read, i10 %tile_in_1_addr" [cnn_accel.cpp:45]   --->   Operation 57 'store' 'store_ln45' <Predicate = (and_ln41)> <Delay = 3.25> <CoreInst = "RAM_T2P_BRAM">   --->   Core 93 'RAM_T2P_BRAM' <Latency = 1> <II = 1> <Delay = 3.25> <Storage> <Opcode : 'load' 'store'> <Ports = 2> <Width = 8> <Depth = 1024> <RAM>
ST_3 : Operation 58 [1/1] ( I:3.25ns O:3.25ns )   --->   "%store_ln46 = store i8 %input_r_load_read, i10 %tile_in_2_addr" [cnn_accel.cpp:46]   --->   Operation 58 'store' 'store_ln46' <Predicate = (and_ln41)> <Delay = 3.25> <CoreInst = "RAM_T2P_BRAM">   --->   Core 93 'RAM_T2P_BRAM' <Latency = 1> <II = 1> <Delay = 3.25> <Storage> <Opcode : 'load' 'store'> <Ports = 2> <Width = 8> <Depth = 1024> <RAM>
ST_3 : Operation 59 [1/1] (0.00ns)   --->   "%br_ln47 = br void %for.inc" [cnn_accel.cpp:47]   --->   Operation 59 'br' 'br_ln47' <Predicate = (and_ln41)> <Delay = 0.00>


============================================================
+ Verbose Summary: Timing violations
============================================================
Target clock period: 10.000ns, clock uncertainty: 2.700ns.

 <State 1>: 5.347ns
The critical path consists of the following:
	'store' operation 0 bit ('store_ln0') of constant 0 on local variable 'indvar_flatten' [20]  (1.610 ns)
	'load' operation 11 bit ('indvar_flatten_load', cnn_accel.cpp:34) on local variable 'indvar_flatten' [25]  (0.000 ns)
	'icmp' operation 1 bit ('icmp_ln34', cnn_accel.cpp:34) [26]  (2.127 ns)
	'store' operation 0 bit ('store_ln34', cnn_accel.cpp:34) of variable 'add_ln34_1', cnn_accel.cpp:34 on local variable 'indvar_flatten' [62]  (1.610 ns)

 <State 2>: 6.171ns
The critical path consists of the following:
	'load' operation 6 bit ('x_load', cnn_accel.cpp:35) on local variable 'x', cnn_accel.cpp:35 [30]  (0.000 ns)
	'icmp' operation 1 bit ('icmp_ln35', cnn_accel.cpp:35) [35]  (1.946 ns)
	'select' operation 6 bit ('select_ln34', cnn_accel.cpp:34) [36]  (0.669 ns)
	'add' operation 6 bit ('add_ln35', cnn_accel.cpp:35) [61]  (1.946 ns)
	'store' operation 0 bit ('store_ln35', cnn_accel.cpp:35) of variable 'add_ln35', cnn_accel.cpp:35 on local variable 'x', cnn_accel.cpp:35 [64]  (1.610 ns)

 <State 3>: 6.937ns
The critical path consists of the following:
	'icmp' operation 1 bit ('cmp14', cnn_accel.cpp:34) [42]  (2.702 ns)
	'and' operation 1 bit ('and_ln41', cnn_accel.cpp:41) [53]  (0.978 ns)
	'store' operation 0 bit ('store_ln44', cnn_accel.cpp:44) of variable 'input_r_load_read' on array 'tile_in' [56]  (3.257 ns)


============================================================
+ Verbose Summary: Binding
============================================================
N/A
* FSMD analyzer results:
  - Output states:
 - Input state : 
  - Chain level:
	State 1
	State 2
	State 3


============================================================
+ Verbose Summary: Datapath Resource usage 
============================================================
N/A
