

================================================================
== Vitis HLS Report for 'cnn_accel_Pipeline_VITIS_LOOP_41_3_VITIS_LOOP_42_4'
================================================================
* Date:           Wed Apr 29 12:03:46 2026

* Version:        2024.2 (Build 5238294 on Nov  8 2024)
* Project:        cnn_accel
* Solution:       solution1 (Vivado IP Flow Target)
* Product family: artix7
* Target device:  xc7a200t-sbg484-1


================================================================
== Performance Estimates
================================================================
+ Timing: 
    * Summary: 
    +--------+----------+----------+------------+
    |  Clock |  Target  | Estimated| Uncertainty|
    +--------+----------+----------+------------+
    |ap_clk  |  10.00 ns|  7.300 ns|     2.70 ns|
    +--------+----------+----------+------------+

+ Latency: 
    * Summary: 
    +---------+---------+----------+----------+-----+-----+------------------------------------------------+
    |  Latency (cycles) |  Latency (absolute) |  Interval |                    Pipeline                    |
    |   min   |   max   |    min   |    max   | min | max |                      Type                      |
    +---------+---------+----------+----------+-----+-----+------------------------------------------------+
    |      315|      315|  3.150 us|  3.150 us|  303|  303|  loop auto-rewind stp (delay=0 clock cycles(s))|
    +---------+---------+----------+----------+-----+-----+------------------------------------------------+

    + Detail: 
        * Instance: 
        N/A

        * Loop: 
        +-----------------------------------+---------+---------+----------+-----------+-----------+------+----------+
        |                                   |  Latency (cycles) | Iteration|  Initiation Interval  | Trip |          |
        |             Loop Name             |   min   |   max   |  Latency |  achieved |   target  | Count| Pipelined|
        +-----------------------------------+---------+---------+----------+-----------+-----------+------+----------+
        |- VITIS_LOOP_41_3_VITIS_LOOP_42_4  |      313|      313|        17|          3|          1|   100|       yes|
        +-----------------------------------+---------+---------+----------+-----------+-----------+------+----------+

============================================================
+ Verbose Summary: Synthesis Manager
============================================================
InlineROM: 1
ExposeGlobal: 0
============================================================
+ Verbose Summary: CDFG Model
============================================================
IsTopModel: 0
ResetActiveHigh: 1
IsCombinational: 0
IsDatapathOnly: 0
HasWiredReturn: 1
HasMFsm: 2
HasVarLatency: 1
IsPipeline: 0
IsRtlPipelined: 0
IsInstanceOverlapped: 0
IsDontTouch: 0
HasImplIP: 0
IsGatedGlobalClock: 0

+ Individual pipeline summary: 
  * Pipeline-0: initiation interval (II) = 3, depth = 17


============================================================
+ Verbose Summary: Schedule
============================================================
* Number of FSM states : 17
* Pipeline : 1
  Pipeline-0 : II = 3, D = 17, States = { 1 2 3 4 5 6 7 8 9 10 11 12 13 14 15 16 17 }
* Dataflow Pipeline: 0

* FSM state transitions: 
1 --> 2 
2 --> 3 
3 --> 4 
4 --> 5 
5 --> 6 
6 --> 7 
7 --> 8 
8 --> 9 
9 --> 10 
10 --> 11 
11 --> 12 
12 --> 13 
13 --> 14 
14 --> 15 
15 --> 16 
16 --> 17 
17 --> 

* FSM state operations: 

State 1 <SV = 0> <Delay = 6.74>
ST_1 : Operation 20 [1/1] (0.00ns)   --->   "%x = alloca i32 1" [cnn_accel.cpp:42]   --->   Operation 20 'alloca' 'x' <Predicate = true> <Delay = 0.00>
ST_1 : Operation 21 [1/1] (0.00ns)   --->   "%y = alloca i32 1" [cnn_accel.cpp:41]   --->   Operation 21 'alloca' 'y' <Predicate = true> <Delay = 0.00>
ST_1 : Operation 22 [1/1] (0.00ns)   --->   "%indvar_flatten = alloca i32 1"   --->   Operation 22 'alloca' 'indvar_flatten' <Predicate = true> <Delay = 0.00>
ST_1 : Operation 23 [1/1] (0.00ns)   --->   "%tx_read = read i31 @_ssdm_op_Read.ap_auto.i31, i31 %tx"   --->   Operation 23 'read' 'tx_read' <Predicate = true> <Delay = 0.00>
ST_1 : Operation 24 [1/1] (0.00ns)   --->   "%zext_ln37_2_read = read i33 @_ssdm_op_Read.ap_auto.i33, i33 %zext_ln37_2"   --->   Operation 24 'read' 'zext_ln37_2_read' <Predicate = true> <Delay = 0.00>
ST_1 : Operation 25 [1/1] (0.00ns)   --->   "%input_r_read = read i64 @_ssdm_op_Read.ap_auto.i64, i64 %input_r"   --->   Operation 25 'read' 'input_r_read' <Predicate = true> <Delay = 0.00>
ST_1 : Operation 26 [1/1] (0.00ns)   --->   "%phi_mul_read = read i59 @_ssdm_op_Read.ap_auto.i59, i59 %phi_mul"   --->   Operation 26 'read' 'phi_mul_read' <Predicate = true> <Delay = 0.00>
ST_1 : Operation 27 [1/1] (0.00ns)   --->   "%zext_ln38_read = read i28 @_ssdm_op_Read.ap_auto.i28, i28 %zext_ln38"   --->   Operation 27 'read' 'zext_ln38_read' <Predicate = true> <Delay = 0.00>
ST_1 : Operation 28 [1/1] (0.00ns)   --->   "%size_read = read i31 @_ssdm_op_Read.ap_auto.i31, i31 %size"   --->   Operation 28 'read' 'size_read' <Predicate = true> <Delay = 0.00>
ST_1 : Operation 29 [1/1] (0.00ns)   --->   "%ty_read = read i31 @_ssdm_op_Read.ap_auto.i31, i31 %ty"   --->   Operation 29 'read' 'ty_read' <Predicate = true> <Delay = 0.00>
ST_1 : Operation 30 [1/1] (0.00ns)   --->   "%mul_ln37_cast_read = read i33 @_ssdm_op_Read.ap_auto.i33, i33 %mul_ln37_cast"   --->   Operation 30 'read' 'mul_ln37_cast_read' <Predicate = true> <Delay = 0.00>
ST_1 : Operation 31 [1/1] (0.00ns)   --->   "%tx_cast = zext i31 %tx_read"   --->   Operation 31 'zext' 'tx_cast' <Predicate = true> <Delay = 0.00>
ST_1 : Operation 32 [1/1] (0.00ns)   --->   "%zext_ln37_2_cast = zext i33 %zext_ln37_2_read"   --->   Operation 32 'zext' 'zext_ln37_2_cast' <Predicate = true> <Delay = 0.00>
ST_1 : Operation 33 [1/1] (0.00ns)   --->   "%zext_ln38_cast = zext i28 %zext_ln38_read"   --->   Operation 33 'zext' 'zext_ln38_cast' <Predicate = true> <Delay = 0.00>
ST_1 : Operation 34 [1/1] (0.00ns)   --->   "%size_cast = zext i31 %size_read"   --->   Operation 34 'zext' 'size_cast' <Predicate = true> <Delay = 0.00>
ST_1 : Operation 35 [1/1] (0.00ns)   --->   "%ty_cast = zext i31 %ty_read"   --->   Operation 35 'zext' 'ty_cast' <Predicate = true> <Delay = 0.00>
ST_1 : Operation 36 [1/1] (0.00ns)   --->   "%mul_ln37_cast_cast = zext i33 %mul_ln37_cast_read"   --->   Operation 36 'zext' 'mul_ln37_cast_cast' <Predicate = true> <Delay = 0.00>
ST_1 : Operation 37 [1/1] (0.00ns)   --->   "%specmemcore_ln0 = specmemcore void @_ssdm_op_SpecMemCore, i8 %tile_in, i64 666, i64 30, i64 18446744073709551615"   --->   Operation 37 'specmemcore' 'specmemcore_ln0' <Predicate = true> <Delay = 0.00>
ST_1 : Operation 38 [1/1] (0.00ns)   --->   "%specmemcore_ln0 = specmemcore void @_ssdm_op_SpecMemCore, i8 %tile_in_1, i64 666, i64 30, i64 18446744073709551615"   --->   Operation 38 'specmemcore' 'specmemcore_ln0' <Predicate = true> <Delay = 0.00>
ST_1 : Operation 39 [1/1] (0.00ns)   --->   "%specmemcore_ln0 = specmemcore void @_ssdm_op_SpecMemCore, i8 %tile_in_2, i64 666, i64 30, i64 18446744073709551615"   --->   Operation 39 'specmemcore' 'specmemcore_ln0' <Predicate = true> <Delay = 0.00>
ST_1 : Operation 40 [1/1] (0.00ns)   --->   "%specmemcore_ln0 = specmemcore void @_ssdm_op_SpecMemCore, i8 %tile_in_3, i64 666, i64 30, i64 18446744073709551615"   --->   Operation 40 'specmemcore' 'specmemcore_ln0' <Predicate = true> <Delay = 0.00>
ST_1 : Operation 41 [1/1] (0.00ns)   --->   "%specmemcore_ln0 = specmemcore void @_ssdm_op_SpecMemCore, i8 %tile_in_4, i64 666, i64 30, i64 18446744073709551615"   --->   Operation 41 'specmemcore' 'specmemcore_ln0' <Predicate = true> <Delay = 0.00>
ST_1 : Operation 42 [1/1] (0.00ns)   --->   "%specmemcore_ln0 = specmemcore void @_ssdm_op_SpecMemCore, i8 %tile_in_5, i64 666, i64 30, i64 18446744073709551615"   --->   Operation 42 'specmemcore' 'specmemcore_ln0' <Predicate = true> <Delay = 0.00>
ST_1 : Operation 43 [1/1] (0.00ns)   --->   "%specmemcore_ln0 = specmemcore void @_ssdm_op_SpecMemCore, i8 %tile_in_6, i64 666, i64 30, i64 18446744073709551615"   --->   Operation 43 'specmemcore' 'specmemcore_ln0' <Predicate = true> <Delay = 0.00>
ST_1 : Operation 44 [1/1] (0.00ns)   --->   "%specmemcore_ln0 = specmemcore void @_ssdm_op_SpecMemCore, i8 %tile_in_7, i64 666, i64 30, i64 18446744073709551615"   --->   Operation 44 'specmemcore' 'specmemcore_ln0' <Predicate = true> <Delay = 0.00>
ST_1 : Operation 45 [1/1] (0.00ns)   --->   "%specmemcore_ln0 = specmemcore void @_ssdm_op_SpecMemCore, i8 %tile_in_8, i64 666, i64 30, i64 18446744073709551615"   --->   Operation 45 'specmemcore' 'specmemcore_ln0' <Predicate = true> <Delay = 0.00>
ST_1 : Operation 46 [1/1] (0.00ns)   --->   "%specmemcore_ln0 = specmemcore void @_ssdm_op_SpecMemCore, i8 %tile_in_9, i64 666, i64 30, i64 18446744073709551615"   --->   Operation 46 'specmemcore' 'specmemcore_ln0' <Predicate = true> <Delay = 0.00>
ST_1 : Operation 47 [1/1] (0.00ns)   --->   "%specmemcore_ln0 = specmemcore void @_ssdm_op_SpecMemCore, i8 %tile_in_10, i64 666, i64 30, i64 18446744073709551615"   --->   Operation 47 'specmemcore' 'specmemcore_ln0' <Predicate = true> <Delay = 0.00>
ST_1 : Operation 48 [1/1] (0.00ns)   --->   "%specmemcore_ln0 = specmemcore void @_ssdm_op_SpecMemCore, i8 %tile_in_11, i64 666, i64 30, i64 18446744073709551615"   --->   Operation 48 'specmemcore' 'specmemcore_ln0' <Predicate = true> <Delay = 0.00>
ST_1 : Operation 49 [1/1] (0.00ns)   --->   "%specmemcore_ln0 = specmemcore void @_ssdm_op_SpecMemCore, i8 %tile_in_12, i64 666, i64 30, i64 18446744073709551615"   --->   Operation 49 'specmemcore' 'specmemcore_ln0' <Predicate = true> <Delay = 0.00>
ST_1 : Operation 50 [1/1] (0.00ns)   --->   "%specmemcore_ln0 = specmemcore void @_ssdm_op_SpecMemCore, i8 %tile_in_13, i64 666, i64 30, i64 18446744073709551615"   --->   Operation 50 'specmemcore' 'specmemcore_ln0' <Predicate = true> <Delay = 0.00>
ST_1 : Operation 51 [1/1] (0.00ns)   --->   "%specmemcore_ln0 = specmemcore void @_ssdm_op_SpecMemCore, i8 %tile_in_14, i64 666, i64 30, i64 18446744073709551615"   --->   Operation 51 'specmemcore' 'specmemcore_ln0' <Predicate = true> <Delay = 0.00>
ST_1 : Operation 52 [1/1] (0.00ns)   --->   "%specmemcore_ln0 = specmemcore void @_ssdm_op_SpecMemCore, i8 %tile_in_15, i64 666, i64 30, i64 18446744073709551615"   --->   Operation 52 'specmemcore' 'specmemcore_ln0' <Predicate = true> <Delay = 0.00>
ST_1 : Operation 53 [1/1] (0.00ns)   --->   "%specmemcore_ln0 = specmemcore void @_ssdm_op_SpecMemCore, i8 %tile_in_16, i64 666, i64 30, i64 18446744073709551615"   --->   Operation 53 'specmemcore' 'specmemcore_ln0' <Predicate = true> <Delay = 0.00>
ST_1 : Operation 54 [1/1] (0.00ns)   --->   "%specmemcore_ln0 = specmemcore void @_ssdm_op_SpecMemCore, i8 %tile_in_17, i64 666, i64 30, i64 18446744073709551615"   --->   Operation 54 'specmemcore' 'specmemcore_ln0' <Predicate = true> <Delay = 0.00>
ST_1 : Operation 55 [1/1] (0.00ns)   --->   "%specmemcore_ln0 = specmemcore void @_ssdm_op_SpecMemCore, i8 %tile_in_18, i64 666, i64 30, i64 18446744073709551615"   --->   Operation 55 'specmemcore' 'specmemcore_ln0' <Predicate = true> <Delay = 0.00>
ST_1 : Operation 56 [1/1] (0.00ns)   --->   "%specmemcore_ln0 = specmemcore void @_ssdm_op_SpecMemCore, i8 %tile_in_19, i64 666, i64 30, i64 18446744073709551615"   --->   Operation 56 'specmemcore' 'specmemcore_ln0' <Predicate = true> <Delay = 0.00>
ST_1 : Operation 57 [1/1] (0.00ns)   --->   "%specmemcore_ln0 = specmemcore void @_ssdm_op_SpecMemCore, i8 %tile_in_20, i64 666, i64 30, i64 18446744073709551615"   --->   Operation 57 'specmemcore' 'specmemcore_ln0' <Predicate = true> <Delay = 0.00>
ST_1 : Operation 58 [1/1] (0.00ns)   --->   "%specmemcore_ln0 = specmemcore void @_ssdm_op_SpecMemCore, i8 %tile_in_21, i64 666, i64 30, i64 18446744073709551615"   --->   Operation 58 'specmemcore' 'specmemcore_ln0' <Predicate = true> <Delay = 0.00>
ST_1 : Operation 59 [1/1] (0.00ns)   --->   "%specmemcore_ln0 = specmemcore void @_ssdm_op_SpecMemCore, i8 %tile_in_22, i64 666, i64 30, i64 18446744073709551615"   --->   Operation 59 'specmemcore' 'specmemcore_ln0' <Predicate = true> <Delay = 0.00>
ST_1 : Operation 60 [1/1] (0.00ns)   --->   "%specmemcore_ln0 = specmemcore void @_ssdm_op_SpecMemCore, i8 %tile_in_23, i64 666, i64 30, i64 18446744073709551615"   --->   Operation 60 'specmemcore' 'specmemcore_ln0' <Predicate = true> <Delay = 0.00>
ST_1 : Operation 61 [1/1] (0.00ns)   --->   "%specmemcore_ln0 = specmemcore void @_ssdm_op_SpecMemCore, i8 %tile_in_24, i64 666, i64 30, i64 18446744073709551615"   --->   Operation 61 'specmemcore' 'specmemcore_ln0' <Predicate = true> <Delay = 0.00>
ST_1 : Operation 62 [1/1] (0.00ns)   --->   "%specmemcore_ln0 = specmemcore void @_ssdm_op_SpecMemCore, i8 %tile_in_25, i64 666, i64 30, i64 18446744073709551615"   --->   Operation 62 'specmemcore' 'specmemcore_ln0' <Predicate = true> <Delay = 0.00>
ST_1 : Operation 63 [1/1] (0.00ns)   --->   "%specmemcore_ln0 = specmemcore void @_ssdm_op_SpecMemCore, i8 %tile_in_26, i64 666, i64 30, i64 18446744073709551615"   --->   Operation 63 'specmemcore' 'specmemcore_ln0' <Predicate = true> <Delay = 0.00>
ST_1 : Operation 64 [1/1] (0.00ns)   --->   "%specinterface_ln0 = specinterface void @_ssdm_op_SpecInterface, i8 %gmem, void @empty_2, i32 0, i32 0, void @empty_13, i32 0, i32 0, void @empty, void @empty_0, void @empty_13, i32 16, i32 16, i32 16, i32 16, void @empty_13, void @empty_13, i32 4294967295, i32 0, i32 0"   --->   Operation 64 'specinterface' 'specinterface_ln0' <Predicate = true> <Delay = 0.00>
ST_1 : Operation 65 [1/1] (1.61ns)   --->   "%store_ln0 = store i7 0, i7 %indvar_flatten"   --->   Operation 65 'store' 'store_ln0' <Predicate = true> <Delay = 1.61>
ST_1 : Operation 66 [1/1] (1.61ns)   --->   "%store_ln41 = store i4 0, i4 %y" [cnn_accel.cpp:41]   --->   Operation 66 'store' 'store_ln41' <Predicate = true> <Delay = 1.61>
ST_1 : Operation 67 [1/1] (1.61ns)   --->   "%store_ln42 = store i4 0, i4 %x" [cnn_accel.cpp:42]   --->   Operation 67 'store' 'store_ln42' <Predicate = true> <Delay = 1.61>
ST_1 : Operation 68 [1/1] (0.00ns)   --->   "%br_ln0 = br void %for.body12"   --->   Operation 68 'br' 'br_ln0' <Predicate = true> <Delay = 0.00>
ST_1 : Operation 69 [1/1] (0.00ns)   --->   "%indvar_flatten_load = load i7 %indvar_flatten" [cnn_accel.cpp:41]   --->   Operation 69 'load' 'indvar_flatten_load' <Predicate = true> <Delay = 0.00>
ST_1 : Operation 70 [1/1] (0.00ns)   --->   "%specbitsmap_ln0 = specbitsmap void @_ssdm_op_SpecBitsMap, i8 %gmem"   --->   Operation 70 'specbitsmap' 'specbitsmap_ln0' <Predicate = true> <Delay = 0.00>
ST_1 : Operation 71 [1/1] (2.03ns)   --->   "%icmp_ln41 = icmp_eq  i7 %indvar_flatten_load, i7 100" [cnn_accel.cpp:41]   --->   Operation 71 'icmp' 'icmp_ln41' <Predicate = true> <Delay = 2.03> <CoreInst = "Cmp">   --->   Core 9 'Cmp' <Latency = 0> <II = 1> <Delay = 2.03> <FuncUnit> <Opcode : 'seteq' 'setne' 'setle' 'setge' 'setlt' 'setgt'> <InPorts = 2> <OutPorts = 1>
ST_1 : Operation 72 [1/1] (2.03ns)   --->   "%add_ln41_1 = add i7 %indvar_flatten_load, i7 1" [cnn_accel.cpp:41]   --->   Operation 72 'add' 'add_ln41_1' <Predicate = true> <Delay = 2.03> <CoreInst = "Adder">   --->   Core 1 'Adder' <Latency = 0> <II = 1> <Delay = 2.03> <FuncUnit> <Opcode : 'add' 'sub'> <InPorts = 2> <OutPorts = 1>
ST_1 : Operation 73 [1/1] (0.00ns)   --->   "%br_ln41 = br i1 %icmp_ln41, void %for.inc64, void %VITIS_LOOP_71_8.preheader.exitStub" [cnn_accel.cpp:41]   --->   Operation 73 'br' 'br_ln41' <Predicate = true> <Delay = 0.00>
ST_1 : Operation 74 [1/1] (0.00ns)   --->   "%x_load = load i4 %x" [cnn_accel.cpp:42]   --->   Operation 74 'load' 'x_load' <Predicate = (!icmp_ln41)> <Delay = 0.00>
ST_1 : Operation 75 [1/1] (0.00ns)   --->   "%y_load = load i4 %y" [cnn_accel.cpp:41]   --->   Operation 75 'load' 'y_load' <Predicate = (!icmp_ln41)> <Delay = 0.00>
ST_1 : Operation 76 [1/1] (1.77ns)   --->   "%add_ln41 = add i4 %y_load, i4 1" [cnn_accel.cpp:41]   --->   Operation 76 'add' 'add_ln41' <Predicate = (!icmp_ln41)> <Delay = 1.77> <CoreInst = "Adder">   --->   Core 1 'Adder' <Latency = 0> <II = 1> <Delay = 1.77> <FuncUnit> <Opcode : 'add' 'sub'> <InPorts = 2> <OutPorts = 1>
ST_1 : Operation 77 [1/1] (1.77ns)   --->   "%icmp_ln42 = icmp_eq  i4 %x_load, i4 10" [cnn_accel.cpp:42]   --->   Operation 77 'icmp' 'icmp_ln42' <Predicate = (!icmp_ln41)> <Delay = 1.77> <CoreInst = "Cmp">   --->   Core 9 'Cmp' <Latency = 0> <II = 1> <Delay = 1.77> <FuncUnit> <Opcode : 'seteq' 'setne' 'setle' 'setge' 'setlt' 'setgt'> <InPorts = 2> <OutPorts = 1>
ST_1 : Operation 78 [1/1] (0.99ns)   --->   "%select_ln41 = select i1 %icmp_ln42, i4 0, i4 %x_load" [cnn_accel.cpp:41]   --->   Operation 78 'select' 'select_ln41' <Predicate = (!icmp_ln41)> <Delay = 0.99> <CoreInst = "Sel">   --->   Core 73 'Sel' <Latency = 0> <II = 1> <Delay = 0.99> <FuncUnit> <Opcode : 'select'> <InPorts = 3> <OutPorts = 1>
ST_1 : Operation 79 [1/1] (0.99ns)   --->   "%select_ln41_1 = select i1 %icmp_ln42, i4 %add_ln41, i4 %y_load" [cnn_accel.cpp:41]   --->   Operation 79 'select' 'select_ln41_1' <Predicate = (!icmp_ln41)> <Delay = 0.99> <CoreInst = "Sel">   --->   Core 73 'Sel' <Latency = 0> <II = 1> <Delay = 0.99> <FuncUnit> <Opcode : 'select'> <InPorts = 3> <OutPorts = 1>
ST_1 : Operation 80 [8/8] (2.36ns)   --->   "%urem_ln41 = urem i4 %select_ln41_1, i4 3" [cnn_accel.cpp:41]   --->   Operation 80 'urem' 'urem_ln41' <Predicate = (!icmp_ln41)> <Delay = 2.36> <CoreInst = "Divider">   --->   Core 6 'Divider' <Latency = 7> <II = 1> <Delay = 2.36> <FuncUnit> <Opcode : 'udiv' 'sdiv' 'urem' 'srem'> <InPorts = 2> <OutPorts = 1>
ST_1 : Operation 81 [1/1] (1.61ns)   --->   "%store_ln41 = store i7 %add_ln41_1, i7 %indvar_flatten" [cnn_accel.cpp:41]   --->   Operation 81 'store' 'store_ln41' <Predicate = (!icmp_ln41)> <Delay = 1.61>
ST_1 : Operation 82 [1/1] (1.61ns)   --->   "%store_ln41 = store i4 %select_ln41_1, i4 %y" [cnn_accel.cpp:41]   --->   Operation 82 'store' 'store_ln41' <Predicate = (!icmp_ln41)> <Delay = 1.61>

State 2 <SV = 1> <Delay = 6.86>
ST_2 : Operation 83 [1/1] (0.00ns)   --->   "%zext_ln41 = zext i4 %select_ln41_1" [cnn_accel.cpp:41]   --->   Operation 83 'zext' 'zext_ln41' <Predicate = (!icmp_ln41)> <Delay = 0.00>
ST_2 : Operation 84 [1/1] (0.00ns)   --->   "%y_cast = zext i4 %select_ln41_1" [cnn_accel.cpp:41]   --->   Operation 84 'zext' 'y_cast' <Predicate = (!icmp_ln41)> <Delay = 0.00>
ST_2 : Operation 85 [7/8] (2.36ns)   --->   "%urem_ln41 = urem i4 %select_ln41_1, i4 3" [cnn_accel.cpp:41]   --->   Operation 85 'urem' 'urem_ln41' <Predicate = (!icmp_ln41)> <Delay = 2.36> <CoreInst = "Divider">   --->   Core 6 'Divider' <Latency = 7> <II = 1> <Delay = 2.36> <FuncUnit> <Opcode : 'udiv' 'sdiv' 'urem' 'srem'> <InPorts = 2> <OutPorts = 1>
ST_2 : Operation 86 [2/2] (6.86ns)   --->   "%empty_35 = mul i36 %y_cast, i36 %mul_ln37_cast_cast" [cnn_accel.cpp:41]   --->   Operation 86 'mul' 'empty_35' <Predicate = (!icmp_ln41)> <Delay = 6.86> <CoreInst = "Multiplier">   --->   Core 3 'Multiplier' <Latency = 1> <II = 1> <Delay = 6.86> <FuncUnit> <Opcode : 'mul'> <InPorts = 2> <OutPorts = 1>
ST_2 : Operation 87 [1/1] (2.66ns)   --->   "%empty_36 = add i32 %zext_ln41, i32 %ty_cast" [cnn_accel.cpp:41]   --->   Operation 87 'add' 'empty_36' <Predicate = (!icmp_ln41)> <Delay = 2.66> <CoreInst = "Adder">   --->   Core 1 'Adder' <Latency = 0> <II = 1> <Delay = 2.66> <FuncUnit> <Opcode : 'add' 'sub'> <InPorts = 2> <OutPorts = 1>
ST_2 : Operation 88 [1/1] (2.70ns)   --->   "%cmp15 = icmp_ne  i32 %empty_36, i32 0" [cnn_accel.cpp:41]   --->   Operation 88 'icmp' 'cmp15' <Predicate = (!icmp_ln41)> <Delay = 2.70> <CoreInst = "Cmp">   --->   Core 9 'Cmp' <Latency = 0> <II = 1> <Delay = 2.70> <FuncUnit> <Opcode : 'seteq' 'setne' 'setle' 'setge' 'setlt' 'setgt'> <InPorts = 2> <OutPorts = 1>
ST_2 : Operation 89 [1/1] (2.70ns)   --->   "%ult = icmp_ult  i32 %size_cast, i32 %empty_36" [cnn_accel.cpp:41]   --->   Operation 89 'icmp' 'ult' <Predicate = (!icmp_ln41)> <Delay = 2.70> <CoreInst = "Cmp">   --->   Core 9 'Cmp' <Latency = 0> <II = 1> <Delay = 2.70> <FuncUnit> <Opcode : 'seteq' 'setne' 'setle' 'setge' 'setlt' 'setgt'> <InPorts = 2> <OutPorts = 1>
ST_2 : Operation 90 [1/1] (0.00ns) (grouped into LUT with out node and_ln48_1)   --->   "%rev = xor i1 %ult, i1 1" [cnn_accel.cpp:41]   --->   Operation 90 'xor' 'rev' <Predicate = (!icmp_ln41)> <Delay = 0.00> <CoreInst = "LogicGate">   --->   Core 74 'LogicGate' <Latency = 0> <II = 1> <Delay = 0.97> <FuncUnit> <Opcode : 'and' 'or' 'xor'> <InPorts = 2> <OutPorts = 1>
ST_2 : Operation 91 [1/1] (0.00ns)   --->   "%zext_ln42 = zext i4 %select_ln41" [cnn_accel.cpp:42]   --->   Operation 91 'zext' 'zext_ln42' <Predicate = (!icmp_ln41)> <Delay = 0.00>
ST_2 : Operation 92 [8/8] (2.36ns)   --->   "%urem_ln42 = urem i4 %select_ln41, i4 3" [cnn_accel.cpp:42]   --->   Operation 92 'urem' 'urem_ln42' <Predicate = (!icmp_ln41)> <Delay = 2.36> <CoreInst = "Divider">   --->   Core 6 'Divider' <Latency = 7> <II = 1> <Delay = 2.36> <FuncUnit> <Opcode : 'udiv' 'sdiv' 'urem' 'srem'> <InPorts = 2> <OutPorts = 1>
ST_2 : Operation 93 [1/1] (2.66ns)   --->   "%add_ln46_2 = add i32 %zext_ln42, i32 %tx_cast" [cnn_accel.cpp:46]   --->   Operation 93 'add' 'add_ln46_2' <Predicate = (!icmp_ln41)> <Delay = 2.66> <CoreInst = "Adder">   --->   Core 1 'Adder' <Latency = 0> <II = 1> <Delay = 2.66> <FuncUnit> <Opcode : 'add' 'sub'> <InPorts = 2> <OutPorts = 1>
ST_2 : Operation 94 [1/1] (2.70ns)   --->   "%icmp_ln48 = icmp_ne  i32 %add_ln46_2, i32 0" [cnn_accel.cpp:48]   --->   Operation 94 'icmp' 'icmp_ln48' <Predicate = (!icmp_ln41)> <Delay = 2.70> <CoreInst = "Cmp">   --->   Core 9 'Cmp' <Latency = 0> <II = 1> <Delay = 2.70> <FuncUnit> <Opcode : 'seteq' 'setne' 'setle' 'setge' 'setlt' 'setgt'> <InPorts = 2> <OutPorts = 1>
ST_2 : Operation 95 [1/1] (2.70ns)   --->   "%icmp_ln48_1 = icmp_ult  i32 %size_cast, i32 %add_ln46_2" [cnn_accel.cpp:48]   --->   Operation 95 'icmp' 'icmp_ln48_1' <Predicate = (!icmp_ln41)> <Delay = 2.70> <CoreInst = "Cmp">   --->   Core 9 'Cmp' <Latency = 0> <II = 1> <Delay = 2.70> <FuncUnit> <Opcode : 'seteq' 'setne' 'setle' 'setge' 'setlt' 'setgt'> <InPorts = 2> <OutPorts = 1>
ST_2 : Operation 96 [1/1] (0.00ns) (grouped into LUT with out node and_ln48_1)   --->   "%xor_ln48 = xor i1 %icmp_ln48_1, i1 1" [cnn_accel.cpp:48]   --->   Operation 96 'xor' 'xor_ln48' <Predicate = (!icmp_ln41)> <Delay = 0.00> <CoreInst = "LogicGate">   --->   Core 74 'LogicGate' <Latency = 0> <II = 1> <Delay = 0.97> <FuncUnit> <Opcode : 'and' 'or' 'xor'> <InPorts = 2> <OutPorts = 1>
ST_2 : Operation 97 [1/1] (0.00ns) (grouped into LUT with out node and_ln48_1)   --->   "%and_ln48 = and i1 %rev, i1 %cmp15" [cnn_accel.cpp:48]   --->   Operation 97 'and' 'and_ln48' <Predicate = (!icmp_ln41)> <Delay = 0.00> <CoreInst = "LogicGate">   --->   Core 74 'LogicGate' <Latency = 0> <II = 1> <Delay = 0.97> <FuncUnit> <Opcode : 'and' 'or' 'xor'> <InPorts = 2> <OutPorts = 1>
ST_2 : Operation 98 [1/1] (0.00ns) (grouped into LUT with out node and_ln48_1)   --->   "%and_ln48_2 = and i1 %icmp_ln48, i1 %xor_ln48" [cnn_accel.cpp:48]   --->   Operation 98 'and' 'and_ln48_2' <Predicate = (!icmp_ln41)> <Delay = 0.00> <CoreInst = "LogicGate">   --->   Core 74 'LogicGate' <Latency = 0> <II = 1> <Delay = 0.97> <FuncUnit> <Opcode : 'and' 'or' 'xor'> <InPorts = 2> <OutPorts = 1>
ST_2 : Operation 99 [1/1] (0.97ns) (out node of the LUT)   --->   "%and_ln48_1 = and i1 %and_ln48_2, i1 %and_ln48" [cnn_accel.cpp:48]   --->   Operation 99 'and' 'and_ln48_1' <Predicate = (!icmp_ln41)> <Delay = 0.97> <CoreInst = "LogicGate">   --->   Core 74 'LogicGate' <Latency = 0> <II = 1> <Delay = 0.97> <FuncUnit> <Opcode : 'and' 'or' 'xor'> <InPorts = 2> <OutPorts = 1>
ST_2 : Operation 100 [1/1] (0.00ns)   --->   "%br_ln48 = br i1 %and_ln48_1, void %if.else, void %if.then" [cnn_accel.cpp:48]   --->   Operation 100 'br' 'br_ln48' <Predicate = (!icmp_ln41)> <Delay = 0.00>
ST_2 : Operation 101 [1/1] (0.00ns)   --->   "%br_ln0 = br void %for.inc"   --->   Operation 101 'br' 'br_ln0' <Predicate = (!icmp_ln41 & !and_ln48_1)> <Delay = 0.00>
ST_2 : Operation 102 [1/1] (0.00ns)   --->   "%br_ln54 = br void %for.inc" [cnn_accel.cpp:54]   --->   Operation 102 'br' 'br_ln54' <Predicate = (!icmp_ln41 & and_ln48_1)> <Delay = 0.00>
ST_2 : Operation 103 [1/1] (1.77ns)   --->   "%add_ln42 = add i4 %select_ln41, i4 1" [cnn_accel.cpp:42]   --->   Operation 103 'add' 'add_ln42' <Predicate = (!icmp_ln41)> <Delay = 1.77> <CoreInst = "Adder">   --->   Core 1 'Adder' <Latency = 0> <II = 1> <Delay = 1.77> <FuncUnit> <Opcode : 'add' 'sub'> <InPorts = 2> <OutPorts = 1>
ST_2 : Operation 104 [1/1] (1.61ns)   --->   "%store_ln42 = store i4 %add_ln42, i4 %x" [cnn_accel.cpp:42]   --->   Operation 104 'store' 'store_ln42' <Predicate = (!icmp_ln41)> <Delay = 1.61>
ST_2 : Operation 105 [1/1] (0.00ns)   --->   "%br_ln42 = br void %for.body12" [cnn_accel.cpp:42]   --->   Operation 105 'br' 'br_ln42' <Predicate = (!icmp_ln41)> <Delay = 0.00>

State 3 <SV = 2> <Delay = 6.86>
ST_3 : Operation 106 [6/8] (2.36ns)   --->   "%urem_ln41 = urem i4 %select_ln41_1, i4 3" [cnn_accel.cpp:41]   --->   Operation 106 'urem' 'urem_ln41' <Predicate = (!icmp_ln41)> <Delay = 2.36> <CoreInst = "Divider">   --->   Core 6 'Divider' <Latency = 7> <II = 1> <Delay = 2.36> <FuncUnit> <Opcode : 'udiv' 'sdiv' 'urem' 'srem'> <InPorts = 2> <OutPorts = 1>
ST_3 : Operation 107 [1/2] (6.86ns)   --->   "%empty_35 = mul i36 %y_cast, i36 %mul_ln37_cast_cast" [cnn_accel.cpp:41]   --->   Operation 107 'mul' 'empty_35' <Predicate = (!icmp_ln41)> <Delay = 6.86> <CoreInst = "Multiplier">   --->   Core 3 'Multiplier' <Latency = 1> <II = 1> <Delay = 6.86> <FuncUnit> <Opcode : 'mul'> <InPorts = 2> <OutPorts = 1>
ST_3 : Operation 108 [7/8] (2.36ns)   --->   "%urem_ln42 = urem i4 %select_ln41, i4 3" [cnn_accel.cpp:42]   --->   Operation 108 'urem' 'urem_ln42' <Predicate = (!icmp_ln41)> <Delay = 2.36> <CoreInst = "Divider">   --->   Core 6 'Divider' <Latency = 7> <II = 1> <Delay = 2.36> <FuncUnit> <Opcode : 'udiv' 'sdiv' 'urem' 'srem'> <InPorts = 2> <OutPorts = 1>

State 4 <SV = 3> <Delay = 6.98>
ST_4 : Operation 109 [5/8] (2.36ns)   --->   "%urem_ln41 = urem i4 %select_ln41_1, i4 3" [cnn_accel.cpp:41]   --->   Operation 109 'urem' 'urem_ln41' <Predicate = true> <Delay = 2.36> <CoreInst = "Divider">   --->   Core 6 'Divider' <Latency = 7> <II = 1> <Delay = 2.36> <FuncUnit> <Opcode : 'udiv' 'sdiv' 'urem' 'srem'> <InPorts = 2> <OutPorts = 1>
ST_4 : Operation 110 [1/1] (0.00ns)   --->   "%zext_ln42_1 = zext i4 %select_ln41" [cnn_accel.cpp:42]   --->   Operation 110 'zext' 'zext_ln42_1' <Predicate = true> <Delay = 0.00>
ST_4 : Operation 111 [6/8] (2.36ns)   --->   "%urem_ln42 = urem i4 %select_ln41, i4 3" [cnn_accel.cpp:42]   --->   Operation 111 'urem' 'urem_ln42' <Predicate = true> <Delay = 2.36> <CoreInst = "Divider">   --->   Core 6 'Divider' <Latency = 7> <II = 1> <Delay = 2.36> <FuncUnit> <Opcode : 'udiv' 'sdiv' 'urem' 'srem'> <InPorts = 2> <OutPorts = 1>
ST_4 : Operation 112 [1/1] (0.00ns)   --->   "%p_shl1 = bitconcatenate i6 @_ssdm_op_BitConcatenate.i6.i4.i2, i4 %select_ln41, i2 0" [cnn_accel.cpp:46]   --->   Operation 112 'bitconcatenate' 'p_shl1' <Predicate = true> <Delay = 0.00>
ST_4 : Operation 113 [1/1] (1.94ns)   --->   "%sub_ln46 = sub i6 %p_shl1, i6 %zext_ln42_1" [cnn_accel.cpp:46]   --->   Operation 113 'sub' 'sub_ln46' <Predicate = true> <Delay = 1.94> <CoreInst = "Adder">   --->   Core 1 'Adder' <Latency = 0> <II = 1> <Delay = 1.94> <FuncUnit> <Opcode : 'add' 'sub'> <InPorts = 2> <OutPorts = 1>
ST_4 : Operation 114 [1/1] (0.00ns)   --->   "%mul_ln46_cast = zext i6 %sub_ln46" [cnn_accel.cpp:46]   --->   Operation 114 'zext' 'mul_ln46_cast' <Predicate = true> <Delay = 0.00>
ST_4 : Operation 115 [1/1] (3.42ns)   --->   "%tmp = add i59 %zext_ln38_cast, i59 %phi_mul_read"   --->   Operation 115 'add' 'tmp' <Predicate = true> <Delay = 3.42> <CoreInst = "Adder">   --->   Core 1 'Adder' <Latency = 0> <II = 1> <Delay = 3.42> <FuncUnit> <Opcode : 'add' 'sub'> <InPorts = 2> <OutPorts = 1>
ST_4 : Operation 116 [1/1] (0.00ns)   --->   "%p_shl = bitconcatenate i64 @_ssdm_op_BitConcatenate.i64.i59.i5, i59 %tmp, i5 0"   --->   Operation 116 'bitconcatenate' 'p_shl' <Predicate = true> <Delay = 0.00>
ST_4 : Operation 117 [1/1] (0.00ns)   --->   "%tmp_90 = bitconcatenate i62 @_ssdm_op_BitConcatenate.i62.i59.i3, i59 %tmp, i3 0"   --->   Operation 117 'bitconcatenate' 'tmp_90' <Predicate = true> <Delay = 0.00>
ST_4 : Operation 118 [1/1] (0.00ns)   --->   "%p_shl35 = zext i62 %tmp_90"   --->   Operation 118 'zext' 'p_shl35' <Predicate = true> <Delay = 0.00>
ST_4 : Operation 119 [1/1] (3.56ns)   --->   "%tmp21 = sub i64 %p_shl, i64 %p_shl35"   --->   Operation 119 'sub' 'tmp21' <Predicate = true> <Delay = 3.56> <CoreInst = "Adder">   --->   Core 1 'Adder' <Latency = 0> <II = 1> <Delay = 3.56> <FuncUnit> <Opcode : 'add' 'sub'> <InPorts = 2> <OutPorts = 1>
ST_4 : Operation 120 [1/1] (0.00ns) (grouped into TernaryAdder)   --->   "%add_ln38 = add i64 %input_r_read, i64 18446744073709551613" [cnn_accel.cpp:38]   --->   Operation 120 'add' 'add_ln38' <Predicate = true> <Delay = 0.00> <CoreInst = "TAddSub">   --->   Core 10 'TAddSub' <Latency = 0> <II = 1> <Delay = 2.72> <IPBlock> <Opcode : '' 'add' 'sub'> <InPorts = 3> <OutPorts = 1> <Sync> <CReg>
ST_4 : Operation 121 [1/1] (5.44ns) (root node of TernaryAdder)   --->   "%sub_ln41 = sub i64 %add_ln38, i64 %zext_ln37_2_cast" [cnn_accel.cpp:41]   --->   Operation 121 'sub' 'sub_ln41' <Predicate = true> <Delay = 5.44> <CoreInst = "TAddSub">   --->   Core 10 'TAddSub' <Latency = 0> <II = 1> <Delay = 2.72> <IPBlock> <Opcode : '' 'add' 'sub'> <InPorts = 3> <OutPorts = 1> <Sync> <CReg>
ST_4 : Operation 122 [1/1] (2.79ns)   --->   "%add_ln46_3 = add i36 %empty_35, i36 %mul_ln46_cast" [cnn_accel.cpp:46]   --->   Operation 122 'add' 'add_ln46_3' <Predicate = true> <Delay = 2.79> <CoreInst = "Adder">   --->   Core 1 'Adder' <Latency = 0> <II = 1> <Delay = 2.79> <FuncUnit> <Opcode : 'add' 'sub'> <InPorts = 2> <OutPorts = 1>

State 5 <SV = 4> <Delay = 5.44>
ST_5 : Operation 123 [4/8] (2.36ns)   --->   "%urem_ln41 = urem i4 %select_ln41_1, i4 3" [cnn_accel.cpp:41]   --->   Operation 123 'urem' 'urem_ln41' <Predicate = true> <Delay = 2.36> <CoreInst = "Divider">   --->   Core 6 'Divider' <Latency = 7> <II = 1> <Delay = 2.36> <FuncUnit> <Opcode : 'udiv' 'sdiv' 'urem' 'srem'> <InPorts = 2> <OutPorts = 1>
ST_5 : Operation 124 [5/8] (2.36ns)   --->   "%urem_ln42 = urem i4 %select_ln41, i4 3" [cnn_accel.cpp:42]   --->   Operation 124 'urem' 'urem_ln42' <Predicate = true> <Delay = 2.36> <CoreInst = "Divider">   --->   Core 6 'Divider' <Latency = 7> <II = 1> <Delay = 2.36> <FuncUnit> <Opcode : 'udiv' 'sdiv' 'urem' 'srem'> <InPorts = 2> <OutPorts = 1>
ST_5 : Operation 125 [1/1] (0.00ns) (grouped into TernaryAdder)   --->   "%add_ln46 = add i64 %sub_ln41, i64 %tmp21" [cnn_accel.cpp:46]   --->   Operation 125 'add' 'add_ln46' <Predicate = true> <Delay = 0.00> <CoreInst = "TAddSub">   --->   Core 10 'TAddSub' <Latency = 0> <II = 1> <Delay = 2.72> <IPBlock> <Opcode : '' 'add' 'sub'> <InPorts = 3> <OutPorts = 1> <Sync> <CReg>
ST_5 : Operation 126 [1/1] (0.00ns)   --->   "%zext_ln46 = zext i36 %add_ln46_3" [cnn_accel.cpp:46]   --->   Operation 126 'zext' 'zext_ln46' <Predicate = true> <Delay = 0.00>
ST_5 : Operation 127 [1/1] (5.44ns) (root node of TernaryAdder)   --->   "%add_ln46_1 = add i64 %zext_ln46, i64 %add_ln46" [cnn_accel.cpp:46]   --->   Operation 127 'add' 'add_ln46_1' <Predicate = true> <Delay = 5.44> <CoreInst = "TAddSub">   --->   Core 10 'TAddSub' <Latency = 0> <II = 1> <Delay = 2.72> <IPBlock> <Opcode : '' 'add' 'sub'> <InPorts = 3> <OutPorts = 1> <Sync> <CReg>
ST_5 : Operation 128 [1/1] (0.00ns)   --->   "%gmem_addr = getelementptr i8 %gmem, i64 %add_ln46_1" [cnn_accel.cpp:51]   --->   Operation 128 'getelementptr' 'gmem_addr' <Predicate = (and_ln48_1)> <Delay = 0.00>

State 6 <SV = 5> <Delay = 7.30>
ST_6 : Operation 129 [1/1] (0.00ns)   --->   "%zext_ln41_1 = zext i4 %select_ln41_1" [cnn_accel.cpp:41]   --->   Operation 129 'zext' 'zext_ln41_1' <Predicate = true> <Delay = 0.00>
ST_6 : Operation 130 [1/1] (3.83ns)   --->   "%mul_ln41 = mul i9 %zext_ln41_1, i9 22" [cnn_accel.cpp:41]   --->   Operation 130 'mul' 'mul_ln41' <Predicate = true> <Delay = 3.83> <CoreInst = "Multiplier">   --->   Core 3 'Multiplier' <Latency = 0> <II = 1> <Delay = 3.83> <FuncUnit> <Opcode : 'mul'> <InPorts = 2> <OutPorts = 1>
ST_6 : Operation 131 [1/1] (0.00ns)   --->   "%tmp_82_cast = partselect i2 @_ssdm_op_PartSelect.i2.i9.i32.i32, i9 %mul_ln41, i32 6, i32 7" [cnn_accel.cpp:51]   --->   Operation 131 'partselect' 'tmp_82_cast' <Predicate = true> <Delay = 0.00>
ST_6 : Operation 132 [3/8] (2.36ns)   --->   "%urem_ln41 = urem i4 %select_ln41_1, i4 3" [cnn_accel.cpp:41]   --->   Operation 132 'urem' 'urem_ln41' <Predicate = true> <Delay = 2.36> <CoreInst = "Divider">   --->   Core 6 'Divider' <Latency = 7> <II = 1> <Delay = 2.36> <FuncUnit> <Opcode : 'udiv' 'sdiv' 'urem' 'srem'> <InPorts = 2> <OutPorts = 1>
ST_6 : Operation 133 [4/8] (2.36ns)   --->   "%urem_ln42 = urem i4 %select_ln41, i4 3" [cnn_accel.cpp:42]   --->   Operation 133 'urem' 'urem_ln42' <Predicate = true> <Delay = 2.36> <CoreInst = "Divider">   --->   Core 6 'Divider' <Latency = 7> <II = 1> <Delay = 2.36> <FuncUnit> <Opcode : 'udiv' 'sdiv' 'urem' 'srem'> <InPorts = 2> <OutPorts = 1>
ST_6 : Operation 134 [8/8] (7.30ns)   --->   "%empty = readreq i1 @_ssdm_op_ReadReq.m_axi.p1i8, i8 %gmem_addr, i64 3" [cnn_accel.cpp:51]   --->   Operation 134 'readreq' 'empty' <Predicate = (and_ln48_1)> <Delay = 7.30> <CoreInst = "m_axi">   --->   Core 111 'm_axi' <Latency = 6> <II = 1> <Delay = 1.00> <Adapter> <Opcode : 'read' 'write' 'readreq' 'writereq' 'writeresp'>

State 7 <SV = 6> <Delay = 7.30>
ST_7 : Operation 135 [1/1] (0.00ns)   --->   "%tmp_83 = bitconcatenate i4 @_ssdm_op_BitConcatenate.i4.i2.i2, i2 %tmp_82_cast, i2 0" [cnn_accel.cpp:51]   --->   Operation 135 'bitconcatenate' 'tmp_83' <Predicate = true> <Delay = 0.00>
ST_7 : Operation 136 [2/8] (2.36ns)   --->   "%urem_ln41 = urem i4 %select_ln41_1, i4 3" [cnn_accel.cpp:41]   --->   Operation 136 'urem' 'urem_ln41' <Predicate = true> <Delay = 2.36> <CoreInst = "Divider">   --->   Core 6 'Divider' <Latency = 7> <II = 1> <Delay = 2.36> <FuncUnit> <Opcode : 'udiv' 'sdiv' 'urem' 'srem'> <InPorts = 2> <OutPorts = 1>
ST_7 : Operation 137 [1/1] (0.00ns)   --->   "%zext_ln42_2 = zext i4 %select_ln41" [cnn_accel.cpp:42]   --->   Operation 137 'zext' 'zext_ln42_2' <Predicate = true> <Delay = 0.00>
ST_7 : Operation 138 [1/1] (3.83ns)   --->   "%mul_ln42 = mul i9 %zext_ln42_2, i9 22" [cnn_accel.cpp:42]   --->   Operation 138 'mul' 'mul_ln42' <Predicate = true> <Delay = 3.83> <CoreInst = "Multiplier">   --->   Core 3 'Multiplier' <Latency = 0> <II = 1> <Delay = 3.83> <FuncUnit> <Opcode : 'mul'> <InPorts = 2> <OutPorts = 1>
ST_7 : Operation 139 [1/1] (0.00ns)   --->   "%tmp_89 = partselect i3 @_ssdm_op_PartSelect.i3.i9.i32.i32, i9 %mul_ln42, i32 6, i32 8" [cnn_accel.cpp:42]   --->   Operation 139 'partselect' 'tmp_89' <Predicate = true> <Delay = 0.00>
ST_7 : Operation 140 [1/1] (0.00ns)   --->   "%zext_ln42_3 = zext i3 %tmp_89" [cnn_accel.cpp:42]   --->   Operation 140 'zext' 'zext_ln42_3' <Predicate = true> <Delay = 0.00>
ST_7 : Operation 141 [1/1] (1.77ns)   --->   "%add_ln51 = add i4 %tmp_83, i4 %zext_ln42_3" [cnn_accel.cpp:51]   --->   Operation 141 'add' 'add_ln51' <Predicate = true> <Delay = 1.77> <CoreInst = "Adder">   --->   Core 1 'Adder' <Latency = 0> <II = 1> <Delay = 1.77> <FuncUnit> <Opcode : 'add' 'sub'> <InPorts = 2> <OutPorts = 1>
ST_7 : Operation 142 [3/8] (2.36ns)   --->   "%urem_ln42 = urem i4 %select_ln41, i4 3" [cnn_accel.cpp:42]   --->   Operation 142 'urem' 'urem_ln42' <Predicate = true> <Delay = 2.36> <CoreInst = "Divider">   --->   Core 6 'Divider' <Latency = 7> <II = 1> <Delay = 2.36> <FuncUnit> <Opcode : 'udiv' 'sdiv' 'urem' 'srem'> <InPorts = 2> <OutPorts = 1>
ST_7 : Operation 143 [7/8] (7.30ns)   --->   "%empty = readreq i1 @_ssdm_op_ReadReq.m_axi.p1i8, i8 %gmem_addr, i64 3" [cnn_accel.cpp:51]   --->   Operation 143 'readreq' 'empty' <Predicate = (and_ln48_1)> <Delay = 7.30> <CoreInst = "m_axi">   --->   Core 111 'm_axi' <Latency = 6> <II = 1> <Delay = 1.00> <Adapter> <Opcode : 'read' 'write' 'readreq' 'writereq' 'writeresp'>

State 8 <SV = 7> <Delay = 7.30>
ST_8 : Operation 144 [1/8] (2.36ns)   --->   "%urem_ln41 = urem i4 %select_ln41_1, i4 3" [cnn_accel.cpp:41]   --->   Operation 144 'urem' 'urem_ln41' <Predicate = true> <Delay = 2.36> <CoreInst = "Divider">   --->   Core 6 'Divider' <Latency = 7> <II = 1> <Delay = 2.36> <FuncUnit> <Opcode : 'udiv' 'sdiv' 'urem' 'srem'> <InPorts = 2> <OutPorts = 1>
ST_8 : Operation 145 [1/1] (0.00ns)   --->   "%trunc_ln41 = trunc i2 %urem_ln41" [cnn_accel.cpp:41]   --->   Operation 145 'trunc' 'trunc_ln41' <Predicate = true> <Delay = 0.00>
ST_8 : Operation 146 [2/8] (2.36ns)   --->   "%urem_ln42 = urem i4 %select_ln41, i4 3" [cnn_accel.cpp:42]   --->   Operation 146 'urem' 'urem_ln42' <Predicate = true> <Delay = 2.36> <CoreInst = "Divider">   --->   Core 6 'Divider' <Latency = 7> <II = 1> <Delay = 2.36> <FuncUnit> <Opcode : 'udiv' 'sdiv' 'urem' 'srem'> <InPorts = 2> <OutPorts = 1>
ST_8 : Operation 147 [1/1] (1.58ns)   --->   "%switch_ln55 = switch i2 %trunc_ln41, void %arrayidx518.case.2, i2 0, void %arrayidx518.case.0, i2 1, void %arrayidx518.case.1" [cnn_accel.cpp:55]   --->   Operation 147 'switch' 'switch_ln55' <Predicate = (!and_ln48_1)> <Delay = 1.58>
ST_8 : Operation 148 [1/1] (0.00ns)   --->   "%br_ln57 = br void %arrayidx6312.exit" [cnn_accel.cpp:57]   --->   Operation 148 'br' 'br_ln57' <Predicate = (!and_ln48_1 & trunc_ln41 == 1)> <Delay = 0.00>
ST_8 : Operation 149 [1/1] (0.00ns)   --->   "%br_ln57 = br void %arrayidx6312.exit" [cnn_accel.cpp:57]   --->   Operation 149 'br' 'br_ln57' <Predicate = (!and_ln48_1 & trunc_ln41 == 0)> <Delay = 0.00>
ST_8 : Operation 150 [1/1] (0.00ns)   --->   "%br_ln57 = br void %arrayidx6312.exit" [cnn_accel.cpp:57]   --->   Operation 150 'br' 'br_ln57' <Predicate = (!and_ln48_1 & trunc_ln41 != 0 & trunc_ln41 != 1)> <Delay = 0.00>
ST_8 : Operation 151 [6/8] (7.30ns)   --->   "%empty = readreq i1 @_ssdm_op_ReadReq.m_axi.p1i8, i8 %gmem_addr, i64 3" [cnn_accel.cpp:51]   --->   Operation 151 'readreq' 'empty' <Predicate = (and_ln48_1)> <Delay = 7.30> <CoreInst = "m_axi">   --->   Core 111 'm_axi' <Latency = 6> <II = 1> <Delay = 1.00> <Adapter> <Opcode : 'read' 'write' 'readreq' 'writereq' 'writeresp'>
ST_8 : Operation 152 [1/1] (1.58ns)   --->   "%switch_ln51 = switch i2 %trunc_ln41, void %V22.i76.case.2, i2 0, void %V22.i76.case.0, i2 1, void %V22.i76.case.1" [cnn_accel.cpp:51]   --->   Operation 152 'switch' 'switch_ln51' <Predicate = (and_ln48_1)> <Delay = 1.58>
ST_8 : Operation 153 [1/1] (0.00ns)   --->   "%br_ln53 = br void %V22.i5880.exit" [cnn_accel.cpp:53]   --->   Operation 153 'br' 'br_ln53' <Predicate = (and_ln48_1 & trunc_ln41 == 1)> <Delay = 0.00>
ST_8 : Operation 154 [1/1] (0.00ns)   --->   "%br_ln53 = br void %V22.i5880.exit" [cnn_accel.cpp:53]   --->   Operation 154 'br' 'br_ln53' <Predicate = (and_ln48_1 & trunc_ln41 == 0)> <Delay = 0.00>
ST_8 : Operation 155 [1/1] (0.00ns)   --->   "%br_ln53 = br void %V22.i5880.exit" [cnn_accel.cpp:53]   --->   Operation 155 'br' 'br_ln53' <Predicate = (and_ln48_1 & trunc_ln41 != 0 & trunc_ln41 != 1)> <Delay = 0.00>

State 9 <SV = 8> <Delay = 7.30>
ST_9 : Operation 156 [1/1] (0.00ns)   --->   "%specloopname_ln0 = specloopname void @_ssdm_op_SpecLoopName, void @VITIS_LOOP_41_3_VITIS_LOOP_42_4_str"   --->   Operation 156 'specloopname' 'specloopname_ln0' <Predicate = true> <Delay = 0.00>
ST_9 : Operation 157 [1/1] (0.00ns)   --->   "%speclooptripcount_ln0 = speclooptripcount void @_ssdm_op_SpecLoopTripCount, i64 100, i64 100, i64 100"   --->   Operation 157 'speclooptripcount' 'speclooptripcount_ln0' <Predicate = true> <Delay = 0.00>
ST_9 : Operation 158 [1/1] (0.00ns)   --->   "%specpipeline_ln43 = specpipeline void @_ssdm_op_SpecPipeline, i32 1, i32 0, i32 0, i32 0, void @empty_13" [cnn_accel.cpp:43]   --->   Operation 158 'specpipeline' 'specpipeline_ln43' <Predicate = true> <Delay = 0.00>
ST_9 : Operation 159 [1/1] (0.00ns)   --->   "%zext_ln51 = zext i4 %add_ln51" [cnn_accel.cpp:51]   --->   Operation 159 'zext' 'zext_ln51' <Predicate = true> <Delay = 0.00>
ST_9 : Operation 160 [1/1] (0.00ns)   --->   "%tile_in_addr = getelementptr i8 %tile_in, i64 0, i64 %zext_ln51" [cnn_accel.cpp:51]   --->   Operation 160 'getelementptr' 'tile_in_addr' <Predicate = true> <Delay = 0.00>
ST_9 : Operation 161 [1/1] (0.00ns)   --->   "%tile_in_1_addr = getelementptr i8 %tile_in_1, i64 0, i64 %zext_ln51" [cnn_accel.cpp:52]   --->   Operation 161 'getelementptr' 'tile_in_1_addr' <Predicate = true> <Delay = 0.00>
ST_9 : Operation 162 [1/1] (0.00ns)   --->   "%tile_in_2_addr = getelementptr i8 %tile_in_2, i64 0, i64 %zext_ln51" [cnn_accel.cpp:53]   --->   Operation 162 'getelementptr' 'tile_in_2_addr' <Predicate = true> <Delay = 0.00>
ST_9 : Operation 163 [1/1] (0.00ns)   --->   "%tile_in_3_addr = getelementptr i8 %tile_in_3, i64 0, i64 %zext_ln51" [cnn_accel.cpp:51]   --->   Operation 163 'getelementptr' 'tile_in_3_addr' <Predicate = true> <Delay = 0.00>
ST_9 : Operation 164 [1/1] (0.00ns)   --->   "%tile_in_4_addr = getelementptr i8 %tile_in_4, i64 0, i64 %zext_ln51" [cnn_accel.cpp:52]   --->   Operation 164 'getelementptr' 'tile_in_4_addr' <Predicate = true> <Delay = 0.00>
ST_9 : Operation 165 [1/1] (0.00ns)   --->   "%tile_in_5_addr = getelementptr i8 %tile_in_5, i64 0, i64 %zext_ln51" [cnn_accel.cpp:53]   --->   Operation 165 'getelementptr' 'tile_in_5_addr' <Predicate = true> <Delay = 0.00>
ST_9 : Operation 166 [1/1] (0.00ns)   --->   "%tile_in_6_addr = getelementptr i8 %tile_in_6, i64 0, i64 %zext_ln51" [cnn_accel.cpp:51]   --->   Operation 166 'getelementptr' 'tile_in_6_addr' <Predicate = true> <Delay = 0.00>
ST_9 : Operation 167 [1/1] (0.00ns)   --->   "%tile_in_7_addr = getelementptr i8 %tile_in_7, i64 0, i64 %zext_ln51" [cnn_accel.cpp:52]   --->   Operation 167 'getelementptr' 'tile_in_7_addr' <Predicate = true> <Delay = 0.00>
ST_9 : Operation 168 [1/1] (0.00ns)   --->   "%tile_in_8_addr = getelementptr i8 %tile_in_8, i64 0, i64 %zext_ln51" [cnn_accel.cpp:53]   --->   Operation 168 'getelementptr' 'tile_in_8_addr' <Predicate = true> <Delay = 0.00>
ST_9 : Operation 169 [1/1] (0.00ns)   --->   "%tile_in_9_addr = getelementptr i8 %tile_in_9, i64 0, i64 %zext_ln51" [cnn_accel.cpp:51]   --->   Operation 169 'getelementptr' 'tile_in_9_addr' <Predicate = true> <Delay = 0.00>
ST_9 : Operation 170 [1/1] (0.00ns)   --->   "%tile_in_10_addr = getelementptr i8 %tile_in_10, i64 0, i64 %zext_ln51" [cnn_accel.cpp:52]   --->   Operation 170 'getelementptr' 'tile_in_10_addr' <Predicate = true> <Delay = 0.00>
ST_9 : Operation 171 [1/1] (0.00ns)   --->   "%tile_in_11_addr = getelementptr i8 %tile_in_11, i64 0, i64 %zext_ln51" [cnn_accel.cpp:53]   --->   Operation 171 'getelementptr' 'tile_in_11_addr' <Predicate = true> <Delay = 0.00>
ST_9 : Operation 172 [1/1] (0.00ns)   --->   "%tile_in_12_addr = getelementptr i8 %tile_in_12, i64 0, i64 %zext_ln51" [cnn_accel.cpp:51]   --->   Operation 172 'getelementptr' 'tile_in_12_addr' <Predicate = true> <Delay = 0.00>
ST_9 : Operation 173 [1/1] (0.00ns)   --->   "%tile_in_13_addr = getelementptr i8 %tile_in_13, i64 0, i64 %zext_ln51" [cnn_accel.cpp:52]   --->   Operation 173 'getelementptr' 'tile_in_13_addr' <Predicate = true> <Delay = 0.00>
ST_9 : Operation 174 [1/1] (0.00ns)   --->   "%tile_in_14_addr = getelementptr i8 %tile_in_14, i64 0, i64 %zext_ln51" [cnn_accel.cpp:53]   --->   Operation 174 'getelementptr' 'tile_in_14_addr' <Predicate = true> <Delay = 0.00>
ST_9 : Operation 175 [1/1] (0.00ns)   --->   "%tile_in_15_addr = getelementptr i8 %tile_in_15, i64 0, i64 %zext_ln51" [cnn_accel.cpp:51]   --->   Operation 175 'getelementptr' 'tile_in_15_addr' <Predicate = true> <Delay = 0.00>
ST_9 : Operation 176 [1/1] (0.00ns)   --->   "%tile_in_16_addr = getelementptr i8 %tile_in_16, i64 0, i64 %zext_ln51" [cnn_accel.cpp:52]   --->   Operation 176 'getelementptr' 'tile_in_16_addr' <Predicate = true> <Delay = 0.00>
ST_9 : Operation 177 [1/1] (0.00ns)   --->   "%tile_in_17_addr = getelementptr i8 %tile_in_17, i64 0, i64 %zext_ln51" [cnn_accel.cpp:53]   --->   Operation 177 'getelementptr' 'tile_in_17_addr' <Predicate = true> <Delay = 0.00>
ST_9 : Operation 178 [1/1] (0.00ns)   --->   "%tile_in_18_addr = getelementptr i8 %tile_in_18, i64 0, i64 %zext_ln51" [cnn_accel.cpp:51]   --->   Operation 178 'getelementptr' 'tile_in_18_addr' <Predicate = true> <Delay = 0.00>
ST_9 : Operation 179 [1/1] (0.00ns)   --->   "%tile_in_19_addr = getelementptr i8 %tile_in_19, i64 0, i64 %zext_ln51" [cnn_accel.cpp:52]   --->   Operation 179 'getelementptr' 'tile_in_19_addr' <Predicate = true> <Delay = 0.00>
ST_9 : Operation 180 [1/1] (0.00ns)   --->   "%tile_in_20_addr = getelementptr i8 %tile_in_20, i64 0, i64 %zext_ln51" [cnn_accel.cpp:53]   --->   Operation 180 'getelementptr' 'tile_in_20_addr' <Predicate = true> <Delay = 0.00>
ST_9 : Operation 181 [1/1] (0.00ns)   --->   "%tile_in_21_addr = getelementptr i8 %tile_in_21, i64 0, i64 %zext_ln51" [cnn_accel.cpp:51]   --->   Operation 181 'getelementptr' 'tile_in_21_addr' <Predicate = true> <Delay = 0.00>
ST_9 : Operation 182 [1/1] (0.00ns)   --->   "%tile_in_22_addr = getelementptr i8 %tile_in_22, i64 0, i64 %zext_ln51" [cnn_accel.cpp:52]   --->   Operation 182 'getelementptr' 'tile_in_22_addr' <Predicate = true> <Delay = 0.00>
ST_9 : Operation 183 [1/1] (0.00ns)   --->   "%tile_in_23_addr = getelementptr i8 %tile_in_23, i64 0, i64 %zext_ln51" [cnn_accel.cpp:53]   --->   Operation 183 'getelementptr' 'tile_in_23_addr' <Predicate = true> <Delay = 0.00>
ST_9 : Operation 184 [1/1] (0.00ns)   --->   "%tile_in_24_addr = getelementptr i8 %tile_in_24, i64 0, i64 %zext_ln51" [cnn_accel.cpp:51]   --->   Operation 184 'getelementptr' 'tile_in_24_addr' <Predicate = true> <Delay = 0.00>
ST_9 : Operation 185 [1/1] (0.00ns)   --->   "%tile_in_25_addr = getelementptr i8 %tile_in_25, i64 0, i64 %zext_ln51" [cnn_accel.cpp:52]   --->   Operation 185 'getelementptr' 'tile_in_25_addr' <Predicate = true> <Delay = 0.00>
ST_9 : Operation 186 [1/1] (0.00ns)   --->   "%tile_in_26_addr = getelementptr i8 %tile_in_26, i64 0, i64 %zext_ln51" [cnn_accel.cpp:53]   --->   Operation 186 'getelementptr' 'tile_in_26_addr' <Predicate = true> <Delay = 0.00>
ST_9 : Operation 187 [1/8] (2.36ns)   --->   "%urem_ln42 = urem i4 %select_ln41, i4 3" [cnn_accel.cpp:42]   --->   Operation 187 'urem' 'urem_ln42' <Predicate = true> <Delay = 2.36> <CoreInst = "Divider">   --->   Core 6 'Divider' <Latency = 7> <II = 1> <Delay = 2.36> <FuncUnit> <Opcode : 'udiv' 'sdiv' 'urem' 'srem'> <InPorts = 2> <OutPorts = 1>
ST_9 : Operation 188 [1/1] (0.00ns)   --->   "%trunc_ln42 = trunc i2 %urem_ln42" [cnn_accel.cpp:42]   --->   Operation 188 'trunc' 'trunc_ln42' <Predicate = true> <Delay = 0.00>
ST_9 : Operation 189 [1/1] (1.58ns)   --->   "%switch_ln55 = switch i2 %trunc_ln42, void %arrayidx6312.case.2579, i2 0, void %arrayidx6312.case.0577, i2 1, void %arrayidx6312.case.1578" [cnn_accel.cpp:55]   --->   Operation 189 'switch' 'switch_ln55' <Predicate = (!and_ln48_1 & trunc_ln41 == 1)> <Delay = 1.58>
ST_9 : Operation 190 [1/1] ( I:3.25ns O:3.25ns )   --->   "%store_ln55 = store i8 0, i4 %tile_in_12_addr" [cnn_accel.cpp:55]   --->   Operation 190 'store' 'store_ln55' <Predicate = (!and_ln48_1 & trunc_ln41 == 1 & trunc_ln42 == 1)> <Delay = 3.25> <CoreInst = "RAM_T2P_BRAM">   --->   Core 93 'RAM_T2P_BRAM' <Latency = 1> <II = 1> <Delay = 3.25> <Storage> <Opcode : 'load' 'store'> <Ports = 2> <Width = 8> <Depth = 16> <RAM>
ST_9 : Operation 191 [1/1] ( I:3.25ns O:3.25ns )   --->   "%store_ln56 = store i8 0, i4 %tile_in_13_addr" [cnn_accel.cpp:56]   --->   Operation 191 'store' 'store_ln56' <Predicate = (!and_ln48_1 & trunc_ln41 == 1 & trunc_ln42 == 1)> <Delay = 3.25> <CoreInst = "RAM_T2P_BRAM">   --->   Core 93 'RAM_T2P_BRAM' <Latency = 1> <II = 1> <Delay = 3.25> <Storage> <Opcode : 'load' 'store'> <Ports = 2> <Width = 8> <Depth = 16> <RAM>
ST_9 : Operation 192 [1/1] ( I:3.25ns O:3.25ns )   --->   "%store_ln57 = store i8 0, i4 %tile_in_14_addr" [cnn_accel.cpp:57]   --->   Operation 192 'store' 'store_ln57' <Predicate = (!and_ln48_1 & trunc_ln41 == 1 & trunc_ln42 == 1)> <Delay = 3.25> <CoreInst = "RAM_T2P_BRAM">   --->   Core 93 'RAM_T2P_BRAM' <Latency = 1> <II = 1> <Delay = 3.25> <Storage> <Opcode : 'load' 'store'> <Ports = 2> <Width = 8> <Depth = 16> <RAM>
ST_9 : Operation 193 [1/1] (0.00ns)   --->   "%br_ln57 = br void %arrayidx6312.exit576" [cnn_accel.cpp:57]   --->   Operation 193 'br' 'br_ln57' <Predicate = (!and_ln48_1 & trunc_ln41 == 1 & trunc_ln42 == 1)> <Delay = 0.00>
ST_9 : Operation 194 [1/1] ( I:3.25ns O:3.25ns )   --->   "%store_ln55 = store i8 0, i4 %tile_in_9_addr" [cnn_accel.cpp:55]   --->   Operation 194 'store' 'store_ln55' <Predicate = (!and_ln48_1 & trunc_ln41 == 1 & trunc_ln42 == 0)> <Delay = 3.25> <CoreInst = "RAM_T2P_BRAM">   --->   Core 93 'RAM_T2P_BRAM' <Latency = 1> <II = 1> <Delay = 3.25> <Storage> <Opcode : 'load' 'store'> <Ports = 2> <Width = 8> <Depth = 16> <RAM>
ST_9 : Operation 195 [1/1] ( I:3.25ns O:3.25ns )   --->   "%store_ln56 = store i8 0, i4 %tile_in_10_addr" [cnn_accel.cpp:56]   --->   Operation 195 'store' 'store_ln56' <Predicate = (!and_ln48_1 & trunc_ln41 == 1 & trunc_ln42 == 0)> <Delay = 3.25> <CoreInst = "RAM_T2P_BRAM">   --->   Core 93 'RAM_T2P_BRAM' <Latency = 1> <II = 1> <Delay = 3.25> <Storage> <Opcode : 'load' 'store'> <Ports = 2> <Width = 8> <Depth = 16> <RAM>
ST_9 : Operation 196 [1/1] ( I:3.25ns O:3.25ns )   --->   "%store_ln57 = store i8 0, i4 %tile_in_11_addr" [cnn_accel.cpp:57]   --->   Operation 196 'store' 'store_ln57' <Predicate = (!and_ln48_1 & trunc_ln41 == 1 & trunc_ln42 == 0)> <Delay = 3.25> <CoreInst = "RAM_T2P_BRAM">   --->   Core 93 'RAM_T2P_BRAM' <Latency = 1> <II = 1> <Delay = 3.25> <Storage> <Opcode : 'load' 'store'> <Ports = 2> <Width = 8> <Depth = 16> <RAM>
ST_9 : Operation 197 [1/1] (0.00ns)   --->   "%br_ln57 = br void %arrayidx6312.exit576" [cnn_accel.cpp:57]   --->   Operation 197 'br' 'br_ln57' <Predicate = (!and_ln48_1 & trunc_ln41 == 1 & trunc_ln42 == 0)> <Delay = 0.00>
ST_9 : Operation 198 [1/1] ( I:3.25ns O:3.25ns )   --->   "%store_ln55 = store i8 0, i4 %tile_in_15_addr" [cnn_accel.cpp:55]   --->   Operation 198 'store' 'store_ln55' <Predicate = (!and_ln48_1 & trunc_ln41 == 1 & trunc_ln42 != 0 & trunc_ln42 != 1)> <Delay = 3.25> <CoreInst = "RAM_T2P_BRAM">   --->   Core 93 'RAM_T2P_BRAM' <Latency = 1> <II = 1> <Delay = 3.25> <Storage> <Opcode : 'load' 'store'> <Ports = 2> <Width = 8> <Depth = 16> <RAM>
ST_9 : Operation 199 [1/1] ( I:3.25ns O:3.25ns )   --->   "%store_ln56 = store i8 0, i4 %tile_in_16_addr" [cnn_accel.cpp:56]   --->   Operation 199 'store' 'store_ln56' <Predicate = (!and_ln48_1 & trunc_ln41 == 1 & trunc_ln42 != 0 & trunc_ln42 != 1)> <Delay = 3.25> <CoreInst = "RAM_T2P_BRAM">   --->   Core 93 'RAM_T2P_BRAM' <Latency = 1> <II = 1> <Delay = 3.25> <Storage> <Opcode : 'load' 'store'> <Ports = 2> <Width = 8> <Depth = 16> <RAM>
ST_9 : Operation 200 [1/1] ( I:3.25ns O:3.25ns )   --->   "%store_ln57 = store i8 0, i4 %tile_in_17_addr" [cnn_accel.cpp:57]   --->   Operation 200 'store' 'store_ln57' <Predicate = (!and_ln48_1 & trunc_ln41 == 1 & trunc_ln42 != 0 & trunc_ln42 != 1)> <Delay = 3.25> <CoreInst = "RAM_T2P_BRAM">   --->   Core 93 'RAM_T2P_BRAM' <Latency = 1> <II = 1> <Delay = 3.25> <Storage> <Opcode : 'load' 'store'> <Ports = 2> <Width = 8> <Depth = 16> <RAM>
ST_9 : Operation 201 [1/1] (0.00ns)   --->   "%br_ln57 = br void %arrayidx6312.exit576" [cnn_accel.cpp:57]   --->   Operation 201 'br' 'br_ln57' <Predicate = (!and_ln48_1 & trunc_ln41 == 1 & trunc_ln42 != 0 & trunc_ln42 != 1)> <Delay = 0.00>
ST_9 : Operation 202 [1/1] (1.58ns)   --->   "%switch_ln55 = switch i2 %trunc_ln42, void %arrayidx6312.case.2574, i2 0, void %arrayidx6312.case.0572, i2 1, void %arrayidx6312.case.1573" [cnn_accel.cpp:55]   --->   Operation 202 'switch' 'switch_ln55' <Predicate = (!and_ln48_1 & trunc_ln41 == 0)> <Delay = 1.58>
ST_9 : Operation 203 [1/1] ( I:3.25ns O:3.25ns )   --->   "%store_ln55 = store i8 0, i4 %tile_in_3_addr" [cnn_accel.cpp:55]   --->   Operation 203 'store' 'store_ln55' <Predicate = (!and_ln48_1 & trunc_ln41 == 0 & trunc_ln42 == 1)> <Delay = 3.25> <CoreInst = "RAM_T2P_BRAM">   --->   Core 93 'RAM_T2P_BRAM' <Latency = 1> <II = 1> <Delay = 3.25> <Storage> <Opcode : 'load' 'store'> <Ports = 2> <Width = 8> <Depth = 16> <RAM>
ST_9 : Operation 204 [1/1] ( I:3.25ns O:3.25ns )   --->   "%store_ln56 = store i8 0, i4 %tile_in_4_addr" [cnn_accel.cpp:56]   --->   Operation 204 'store' 'store_ln56' <Predicate = (!and_ln48_1 & trunc_ln41 == 0 & trunc_ln42 == 1)> <Delay = 3.25> <CoreInst = "RAM_T2P_BRAM">   --->   Core 93 'RAM_T2P_BRAM' <Latency = 1> <II = 1> <Delay = 3.25> <Storage> <Opcode : 'load' 'store'> <Ports = 2> <Width = 8> <Depth = 16> <RAM>
ST_9 : Operation 205 [1/1] ( I:3.25ns O:3.25ns )   --->   "%store_ln57 = store i8 0, i4 %tile_in_5_addr" [cnn_accel.cpp:57]   --->   Operation 205 'store' 'store_ln57' <Predicate = (!and_ln48_1 & trunc_ln41 == 0 & trunc_ln42 == 1)> <Delay = 3.25> <CoreInst = "RAM_T2P_BRAM">   --->   Core 93 'RAM_T2P_BRAM' <Latency = 1> <II = 1> <Delay = 3.25> <Storage> <Opcode : 'load' 'store'> <Ports = 2> <Width = 8> <Depth = 16> <RAM>
ST_9 : Operation 206 [1/1] (0.00ns)   --->   "%br_ln57 = br void %arrayidx6312.exit571" [cnn_accel.cpp:57]   --->   Operation 206 'br' 'br_ln57' <Predicate = (!and_ln48_1 & trunc_ln41 == 0 & trunc_ln42 == 1)> <Delay = 0.00>
ST_9 : Operation 207 [1/1] ( I:3.25ns O:3.25ns )   --->   "%store_ln55 = store i8 0, i4 %tile_in_addr" [cnn_accel.cpp:55]   --->   Operation 207 'store' 'store_ln55' <Predicate = (!and_ln48_1 & trunc_ln41 == 0 & trunc_ln42 == 0)> <Delay = 3.25> <CoreInst = "RAM_T2P_BRAM">   --->   Core 93 'RAM_T2P_BRAM' <Latency = 1> <II = 1> <Delay = 3.25> <Storage> <Opcode : 'load' 'store'> <Ports = 2> <Width = 8> <Depth = 16> <RAM>
ST_9 : Operation 208 [1/1] ( I:3.25ns O:3.25ns )   --->   "%store_ln56 = store i8 0, i4 %tile_in_1_addr" [cnn_accel.cpp:56]   --->   Operation 208 'store' 'store_ln56' <Predicate = (!and_ln48_1 & trunc_ln41 == 0 & trunc_ln42 == 0)> <Delay = 3.25> <CoreInst = "RAM_T2P_BRAM">   --->   Core 93 'RAM_T2P_BRAM' <Latency = 1> <II = 1> <Delay = 3.25> <Storage> <Opcode : 'load' 'store'> <Ports = 2> <Width = 8> <Depth = 16> <RAM>
ST_9 : Operation 209 [1/1] ( I:3.25ns O:3.25ns )   --->   "%store_ln57 = store i8 0, i4 %tile_in_2_addr" [cnn_accel.cpp:57]   --->   Operation 209 'store' 'store_ln57' <Predicate = (!and_ln48_1 & trunc_ln41 == 0 & trunc_ln42 == 0)> <Delay = 3.25> <CoreInst = "RAM_T2P_BRAM">   --->   Core 93 'RAM_T2P_BRAM' <Latency = 1> <II = 1> <Delay = 3.25> <Storage> <Opcode : 'load' 'store'> <Ports = 2> <Width = 8> <Depth = 16> <RAM>
ST_9 : Operation 210 [1/1] (0.00ns)   --->   "%br_ln57 = br void %arrayidx6312.exit571" [cnn_accel.cpp:57]   --->   Operation 210 'br' 'br_ln57' <Predicate = (!and_ln48_1 & trunc_ln41 == 0 & trunc_ln42 == 0)> <Delay = 0.00>
ST_9 : Operation 211 [1/1] ( I:3.25ns O:3.25ns )   --->   "%store_ln55 = store i8 0, i4 %tile_in_6_addr" [cnn_accel.cpp:55]   --->   Operation 211 'store' 'store_ln55' <Predicate = (!and_ln48_1 & trunc_ln41 == 0 & trunc_ln42 != 0 & trunc_ln42 != 1)> <Delay = 3.25> <CoreInst = "RAM_T2P_BRAM">   --->   Core 93 'RAM_T2P_BRAM' <Latency = 1> <II = 1> <Delay = 3.25> <Storage> <Opcode : 'load' 'store'> <Ports = 2> <Width = 8> <Depth = 16> <RAM>
ST_9 : Operation 212 [1/1] ( I:3.25ns O:3.25ns )   --->   "%store_ln56 = store i8 0, i4 %tile_in_7_addr" [cnn_accel.cpp:56]   --->   Operation 212 'store' 'store_ln56' <Predicate = (!and_ln48_1 & trunc_ln41 == 0 & trunc_ln42 != 0 & trunc_ln42 != 1)> <Delay = 3.25> <CoreInst = "RAM_T2P_BRAM">   --->   Core 93 'RAM_T2P_BRAM' <Latency = 1> <II = 1> <Delay = 3.25> <Storage> <Opcode : 'load' 'store'> <Ports = 2> <Width = 8> <Depth = 16> <RAM>
ST_9 : Operation 213 [1/1] ( I:3.25ns O:3.25ns )   --->   "%store_ln57 = store i8 0, i4 %tile_in_8_addr" [cnn_accel.cpp:57]   --->   Operation 213 'store' 'store_ln57' <Predicate = (!and_ln48_1 & trunc_ln41 == 0 & trunc_ln42 != 0 & trunc_ln42 != 1)> <Delay = 3.25> <CoreInst = "RAM_T2P_BRAM">   --->   Core 93 'RAM_T2P_BRAM' <Latency = 1> <II = 1> <Delay = 3.25> <Storage> <Opcode : 'load' 'store'> <Ports = 2> <Width = 8> <Depth = 16> <RAM>
ST_9 : Operation 214 [1/1] (0.00ns)   --->   "%br_ln57 = br void %arrayidx6312.exit571" [cnn_accel.cpp:57]   --->   Operation 214 'br' 'br_ln57' <Predicate = (!and_ln48_1 & trunc_ln41 == 0 & trunc_ln42 != 0 & trunc_ln42 != 1)> <Delay = 0.00>
ST_9 : Operation 215 [1/1] (1.58ns)   --->   "%switch_ln55 = switch i2 %trunc_ln42, void %arrayidx6312.case.2584, i2 0, void %arrayidx6312.case.0582, i2 1, void %arrayidx6312.case.1583" [cnn_accel.cpp:55]   --->   Operation 215 'switch' 'switch_ln55' <Predicate = (!and_ln48_1 & trunc_ln41 != 0 & trunc_ln41 != 1)> <Delay = 1.58>
ST_9 : Operation 216 [1/1] ( I:3.25ns O:3.25ns )   --->   "%store_ln55 = store i8 0, i4 %tile_in_21_addr" [cnn_accel.cpp:55]   --->   Operation 216 'store' 'store_ln55' <Predicate = (!and_ln48_1 & trunc_ln41 != 0 & trunc_ln41 != 1 & trunc_ln42 == 1)> <Delay = 3.25> <CoreInst = "RAM_T2P_BRAM">   --->   Core 93 'RAM_T2P_BRAM' <Latency = 1> <II = 1> <Delay = 3.25> <Storage> <Opcode : 'load' 'store'> <Ports = 2> <Width = 8> <Depth = 16> <RAM>
ST_9 : Operation 217 [1/1] ( I:3.25ns O:3.25ns )   --->   "%store_ln56 = store i8 0, i4 %tile_in_22_addr" [cnn_accel.cpp:56]   --->   Operation 217 'store' 'store_ln56' <Predicate = (!and_ln48_1 & trunc_ln41 != 0 & trunc_ln41 != 1 & trunc_ln42 == 1)> <Delay = 3.25> <CoreInst = "RAM_T2P_BRAM">   --->   Core 93 'RAM_T2P_BRAM' <Latency = 1> <II = 1> <Delay = 3.25> <Storage> <Opcode : 'load' 'store'> <Ports = 2> <Width = 8> <Depth = 16> <RAM>
ST_9 : Operation 218 [1/1] ( I:3.25ns O:3.25ns )   --->   "%store_ln57 = store i8 0, i4 %tile_in_23_addr" [cnn_accel.cpp:57]   --->   Operation 218 'store' 'store_ln57' <Predicate = (!and_ln48_1 & trunc_ln41 != 0 & trunc_ln41 != 1 & trunc_ln42 == 1)> <Delay = 3.25> <CoreInst = "RAM_T2P_BRAM">   --->   Core 93 'RAM_T2P_BRAM' <Latency = 1> <II = 1> <Delay = 3.25> <Storage> <Opcode : 'load' 'store'> <Ports = 2> <Width = 8> <Depth = 16> <RAM>
ST_9 : Operation 219 [1/1] (0.00ns)   --->   "%br_ln57 = br void %arrayidx6312.exit581" [cnn_accel.cpp:57]   --->   Operation 219 'br' 'br_ln57' <Predicate = (!and_ln48_1 & trunc_ln41 != 0 & trunc_ln41 != 1 & trunc_ln42 == 1)> <Delay = 0.00>
ST_9 : Operation 220 [1/1] ( I:3.25ns O:3.25ns )   --->   "%store_ln55 = store i8 0, i4 %tile_in_18_addr" [cnn_accel.cpp:55]   --->   Operation 220 'store' 'store_ln55' <Predicate = (!and_ln48_1 & trunc_ln41 != 0 & trunc_ln41 != 1 & trunc_ln42 == 0)> <Delay = 3.25> <CoreInst = "RAM_T2P_BRAM">   --->   Core 93 'RAM_T2P_BRAM' <Latency = 1> <II = 1> <Delay = 3.25> <Storage> <Opcode : 'load' 'store'> <Ports = 2> <Width = 8> <Depth = 16> <RAM>
ST_9 : Operation 221 [1/1] ( I:3.25ns O:3.25ns )   --->   "%store_ln56 = store i8 0, i4 %tile_in_19_addr" [cnn_accel.cpp:56]   --->   Operation 221 'store' 'store_ln56' <Predicate = (!and_ln48_1 & trunc_ln41 != 0 & trunc_ln41 != 1 & trunc_ln42 == 0)> <Delay = 3.25> <CoreInst = "RAM_T2P_BRAM">   --->   Core 93 'RAM_T2P_BRAM' <Latency = 1> <II = 1> <Delay = 3.25> <Storage> <Opcode : 'load' 'store'> <Ports = 2> <Width = 8> <Depth = 16> <RAM>
ST_9 : Operation 222 [1/1] ( I:3.25ns O:3.25ns )   --->   "%store_ln57 = store i8 0, i4 %tile_in_20_addr" [cnn_accel.cpp:57]   --->   Operation 222 'store' 'store_ln57' <Predicate = (!and_ln48_1 & trunc_ln41 != 0 & trunc_ln41 != 1 & trunc_ln42 == 0)> <Delay = 3.25> <CoreInst = "RAM_T2P_BRAM">   --->   Core 93 'RAM_T2P_BRAM' <Latency = 1> <II = 1> <Delay = 3.25> <Storage> <Opcode : 'load' 'store'> <Ports = 2> <Width = 8> <Depth = 16> <RAM>
ST_9 : Operation 223 [1/1] (0.00ns)   --->   "%br_ln57 = br void %arrayidx6312.exit581" [cnn_accel.cpp:57]   --->   Operation 223 'br' 'br_ln57' <Predicate = (!and_ln48_1 & trunc_ln41 != 0 & trunc_ln41 != 1 & trunc_ln42 == 0)> <Delay = 0.00>
ST_9 : Operation 224 [1/1] ( I:3.25ns O:3.25ns )   --->   "%store_ln55 = store i8 0, i4 %tile_in_24_addr" [cnn_accel.cpp:55]   --->   Operation 224 'store' 'store_ln55' <Predicate = (!and_ln48_1 & trunc_ln41 != 0 & trunc_ln41 != 1 & trunc_ln42 != 0 & trunc_ln42 != 1)> <Delay = 3.25> <CoreInst = "RAM_T2P_BRAM">   --->   Core 93 'RAM_T2P_BRAM' <Latency = 1> <II = 1> <Delay = 3.25> <Storage> <Opcode : 'load' 'store'> <Ports = 2> <Width = 8> <Depth = 16> <RAM>
ST_9 : Operation 225 [1/1] ( I:3.25ns O:3.25ns )   --->   "%store_ln56 = store i8 0, i4 %tile_in_25_addr" [cnn_accel.cpp:56]   --->   Operation 225 'store' 'store_ln56' <Predicate = (!and_ln48_1 & trunc_ln41 != 0 & trunc_ln41 != 1 & trunc_ln42 != 0 & trunc_ln42 != 1)> <Delay = 3.25> <CoreInst = "RAM_T2P_BRAM">   --->   Core 93 'RAM_T2P_BRAM' <Latency = 1> <II = 1> <Delay = 3.25> <Storage> <Opcode : 'load' 'store'> <Ports = 2> <Width = 8> <Depth = 16> <RAM>
ST_9 : Operation 226 [1/1] ( I:3.25ns O:3.25ns )   --->   "%store_ln57 = store i8 0, i4 %tile_in_26_addr" [cnn_accel.cpp:57]   --->   Operation 226 'store' 'store_ln57' <Predicate = (!and_ln48_1 & trunc_ln41 != 0 & trunc_ln41 != 1 & trunc_ln42 != 0 & trunc_ln42 != 1)> <Delay = 3.25> <CoreInst = "RAM_T2P_BRAM">   --->   Core 93 'RAM_T2P_BRAM' <Latency = 1> <II = 1> <Delay = 3.25> <Storage> <Opcode : 'load' 'store'> <Ports = 2> <Width = 8> <Depth = 16> <RAM>
ST_9 : Operation 227 [1/1] (0.00ns)   --->   "%br_ln57 = br void %arrayidx6312.exit581" [cnn_accel.cpp:57]   --->   Operation 227 'br' 'br_ln57' <Predicate = (!and_ln48_1 & trunc_ln41 != 0 & trunc_ln41 != 1 & trunc_ln42 != 0 & trunc_ln42 != 1)> <Delay = 0.00>
ST_9 : Operation 228 [5/8] (7.30ns)   --->   "%empty = readreq i1 @_ssdm_op_ReadReq.m_axi.p1i8, i8 %gmem_addr, i64 3" [cnn_accel.cpp:51]   --->   Operation 228 'readreq' 'empty' <Predicate = (and_ln48_1)> <Delay = 7.30> <CoreInst = "m_axi">   --->   Core 111 'm_axi' <Latency = 6> <II = 1> <Delay = 1.00> <Adapter> <Opcode : 'read' 'write' 'readreq' 'writereq' 'writeresp'>
ST_9 : Operation 229 [1/1] (1.58ns)   --->   "%switch_ln51 = switch i2 %trunc_ln42, void %V22.i5880.case.2624, i2 0, void %V22.i5880.case.0622, i2 1, void %V22.i5880.case.1623" [cnn_accel.cpp:51]   --->   Operation 229 'switch' 'switch_ln51' <Predicate = (and_ln48_1 & trunc_ln41 == 1)> <Delay = 1.58>
ST_9 : Operation 230 [1/1] (1.58ns)   --->   "%switch_ln51 = switch i2 %trunc_ln42, void %V22.i5880.case.2619, i2 0, void %V22.i5880.case.0617, i2 1, void %V22.i5880.case.1618" [cnn_accel.cpp:51]   --->   Operation 230 'switch' 'switch_ln51' <Predicate = (and_ln48_1 & trunc_ln41 == 0)> <Delay = 1.58>
ST_9 : Operation 231 [1/1] (1.58ns)   --->   "%switch_ln51 = switch i2 %trunc_ln42, void %V22.i5880.case.2629, i2 0, void %V22.i5880.case.0627, i2 1, void %V22.i5880.case.1628" [cnn_accel.cpp:51]   --->   Operation 231 'switch' 'switch_ln51' <Predicate = (and_ln48_1 & trunc_ln41 != 0 & trunc_ln41 != 1)> <Delay = 1.58>

State 10 <SV = 9> <Delay = 7.30>
ST_10 : Operation 232 [4/8] (7.30ns)   --->   "%empty = readreq i1 @_ssdm_op_ReadReq.m_axi.p1i8, i8 %gmem_addr, i64 3" [cnn_accel.cpp:51]   --->   Operation 232 'readreq' 'empty' <Predicate = (and_ln48_1)> <Delay = 7.30> <CoreInst = "m_axi">   --->   Core 111 'm_axi' <Latency = 6> <II = 1> <Delay = 1.00> <Adapter> <Opcode : 'read' 'write' 'readreq' 'writereq' 'writeresp'>

State 11 <SV = 10> <Delay = 7.30>
ST_11 : Operation 233 [3/8] (7.30ns)   --->   "%empty = readreq i1 @_ssdm_op_ReadReq.m_axi.p1i8, i8 %gmem_addr, i64 3" [cnn_accel.cpp:51]   --->   Operation 233 'readreq' 'empty' <Predicate = (and_ln48_1)> <Delay = 7.30> <CoreInst = "m_axi">   --->   Core 111 'm_axi' <Latency = 6> <II = 1> <Delay = 1.00> <Adapter> <Opcode : 'read' 'write' 'readreq' 'writereq' 'writeresp'>

State 12 <SV = 11> <Delay = 7.30>
ST_12 : Operation 234 [2/8] (7.30ns)   --->   "%empty = readreq i1 @_ssdm_op_ReadReq.m_axi.p1i8, i8 %gmem_addr, i64 3" [cnn_accel.cpp:51]   --->   Operation 234 'readreq' 'empty' <Predicate = (and_ln48_1)> <Delay = 7.30> <CoreInst = "m_axi">   --->   Core 111 'm_axi' <Latency = 6> <II = 1> <Delay = 1.00> <Adapter> <Opcode : 'read' 'write' 'readreq' 'writereq' 'writeresp'>

State 13 <SV = 12> <Delay = 7.30>
ST_13 : Operation 235 [1/8] (7.30ns)   --->   "%empty = readreq i1 @_ssdm_op_ReadReq.m_axi.p1i8, i8 %gmem_addr, i64 3" [cnn_accel.cpp:51]   --->   Operation 235 'readreq' 'empty' <Predicate = (and_ln48_1)> <Delay = 7.30> <CoreInst = "m_axi">   --->   Core 111 'm_axi' <Latency = 6> <II = 1> <Delay = 1.00> <Adapter> <Opcode : 'read' 'write' 'readreq' 'writereq' 'writeresp'>

State 14 <SV = 13> <Delay = 7.30>
ST_14 : Operation 236 [1/1] (7.30ns)   --->   "%gmem_addr_read = read i8 @_ssdm_op_Read.m_axi.p1i8, i8 %gmem_addr" [cnn_accel.cpp:51]   --->   Operation 236 'read' 'gmem_addr_read' <Predicate = (and_ln48_1)> <Delay = 7.30> <CoreInst = "m_axi">   --->   Core 111 'm_axi' <Latency = 3> <II = 1> <Delay = 1.00> <Adapter> <Opcode : 'read' 'write' 'readreq' 'writereq' 'writeresp'>
ST_14 : Operation 275 [1/1] (1.61ns)   --->   "%ret_ln0 = ret"   --->   Operation 275 'ret' 'ret_ln0' <Predicate = (icmp_ln41)> <Delay = 1.61>

State 15 <SV = 14> <Delay = 7.30>
ST_15 : Operation 237 [1/1] (7.30ns)   --->   "%gmem_addr_read_1 = read i8 @_ssdm_op_Read.m_axi.p1i8, i8 %gmem_addr" [cnn_accel.cpp:51]   --->   Operation 237 'read' 'gmem_addr_read_1' <Predicate = (and_ln48_1)> <Delay = 7.30> <CoreInst = "m_axi">   --->   Core 111 'm_axi' <Latency = 3> <II = 1> <Delay = 1.00> <Adapter> <Opcode : 'read' 'write' 'readreq' 'writereq' 'writeresp'>
ST_15 : Operation 238 [1/1] ( I:3.25ns O:3.25ns )   --->   "%store_ln51 = store i8 %gmem_addr_read, i4 %tile_in_12_addr" [cnn_accel.cpp:51]   --->   Operation 238 'store' 'store_ln51' <Predicate = (and_ln48_1 & trunc_ln41 == 1 & trunc_ln42 == 1)> <Delay = 3.25> <CoreInst = "RAM_T2P_BRAM">   --->   Core 93 'RAM_T2P_BRAM' <Latency = 1> <II = 1> <Delay = 3.25> <Storage> <Opcode : 'load' 'store'> <Ports = 2> <Width = 8> <Depth = 16> <RAM>
ST_15 : Operation 239 [1/1] ( I:3.25ns O:3.25ns )   --->   "%store_ln51 = store i8 %gmem_addr_read, i4 %tile_in_9_addr" [cnn_accel.cpp:51]   --->   Operation 239 'store' 'store_ln51' <Predicate = (and_ln48_1 & trunc_ln41 == 1 & trunc_ln42 == 0)> <Delay = 3.25> <CoreInst = "RAM_T2P_BRAM">   --->   Core 93 'RAM_T2P_BRAM' <Latency = 1> <II = 1> <Delay = 3.25> <Storage> <Opcode : 'load' 'store'> <Ports = 2> <Width = 8> <Depth = 16> <RAM>
ST_15 : Operation 240 [1/1] ( I:3.25ns O:3.25ns )   --->   "%store_ln51 = store i8 %gmem_addr_read, i4 %tile_in_15_addr" [cnn_accel.cpp:51]   --->   Operation 240 'store' 'store_ln51' <Predicate = (and_ln48_1 & trunc_ln41 == 1 & trunc_ln42 != 0 & trunc_ln42 != 1)> <Delay = 3.25> <CoreInst = "RAM_T2P_BRAM">   --->   Core 93 'RAM_T2P_BRAM' <Latency = 1> <II = 1> <Delay = 3.25> <Storage> <Opcode : 'load' 'store'> <Ports = 2> <Width = 8> <Depth = 16> <RAM>
ST_15 : Operation 241 [1/1] ( I:3.25ns O:3.25ns )   --->   "%store_ln51 = store i8 %gmem_addr_read, i4 %tile_in_3_addr" [cnn_accel.cpp:51]   --->   Operation 241 'store' 'store_ln51' <Predicate = (and_ln48_1 & trunc_ln41 == 0 & trunc_ln42 == 1)> <Delay = 3.25> <CoreInst = "RAM_T2P_BRAM">   --->   Core 93 'RAM_T2P_BRAM' <Latency = 1> <II = 1> <Delay = 3.25> <Storage> <Opcode : 'load' 'store'> <Ports = 2> <Width = 8> <Depth = 16> <RAM>
ST_15 : Operation 242 [1/1] ( I:3.25ns O:3.25ns )   --->   "%store_ln51 = store i8 %gmem_addr_read, i4 %tile_in_addr" [cnn_accel.cpp:51]   --->   Operation 242 'store' 'store_ln51' <Predicate = (and_ln48_1 & trunc_ln41 == 0 & trunc_ln42 == 0)> <Delay = 3.25> <CoreInst = "RAM_T2P_BRAM">   --->   Core 93 'RAM_T2P_BRAM' <Latency = 1> <II = 1> <Delay = 3.25> <Storage> <Opcode : 'load' 'store'> <Ports = 2> <Width = 8> <Depth = 16> <RAM>
ST_15 : Operation 243 [1/1] ( I:3.25ns O:3.25ns )   --->   "%store_ln51 = store i8 %gmem_addr_read, i4 %tile_in_6_addr" [cnn_accel.cpp:51]   --->   Operation 243 'store' 'store_ln51' <Predicate = (and_ln48_1 & trunc_ln41 == 0 & trunc_ln42 != 0 & trunc_ln42 != 1)> <Delay = 3.25> <CoreInst = "RAM_T2P_BRAM">   --->   Core 93 'RAM_T2P_BRAM' <Latency = 1> <II = 1> <Delay = 3.25> <Storage> <Opcode : 'load' 'store'> <Ports = 2> <Width = 8> <Depth = 16> <RAM>
ST_15 : Operation 244 [1/1] ( I:3.25ns O:3.25ns )   --->   "%store_ln51 = store i8 %gmem_addr_read, i4 %tile_in_21_addr" [cnn_accel.cpp:51]   --->   Operation 244 'store' 'store_ln51' <Predicate = (and_ln48_1 & trunc_ln41 != 0 & trunc_ln41 != 1 & trunc_ln42 == 1)> <Delay = 3.25> <CoreInst = "RAM_T2P_BRAM">   --->   Core 93 'RAM_T2P_BRAM' <Latency = 1> <II = 1> <Delay = 3.25> <Storage> <Opcode : 'load' 'store'> <Ports = 2> <Width = 8> <Depth = 16> <RAM>
ST_15 : Operation 245 [1/1] ( I:3.25ns O:3.25ns )   --->   "%store_ln51 = store i8 %gmem_addr_read, i4 %tile_in_18_addr" [cnn_accel.cpp:51]   --->   Operation 245 'store' 'store_ln51' <Predicate = (and_ln48_1 & trunc_ln41 != 0 & trunc_ln41 != 1 & trunc_ln42 == 0)> <Delay = 3.25> <CoreInst = "RAM_T2P_BRAM">   --->   Core 93 'RAM_T2P_BRAM' <Latency = 1> <II = 1> <Delay = 3.25> <Storage> <Opcode : 'load' 'store'> <Ports = 2> <Width = 8> <Depth = 16> <RAM>
ST_15 : Operation 246 [1/1] ( I:3.25ns O:3.25ns )   --->   "%store_ln51 = store i8 %gmem_addr_read, i4 %tile_in_24_addr" [cnn_accel.cpp:51]   --->   Operation 246 'store' 'store_ln51' <Predicate = (and_ln48_1 & trunc_ln41 != 0 & trunc_ln41 != 1 & trunc_ln42 != 0 & trunc_ln42 != 1)> <Delay = 3.25> <CoreInst = "RAM_T2P_BRAM">   --->   Core 93 'RAM_T2P_BRAM' <Latency = 1> <II = 1> <Delay = 3.25> <Storage> <Opcode : 'load' 'store'> <Ports = 2> <Width = 8> <Depth = 16> <RAM>

State 16 <SV = 15> <Delay = 7.30>
ST_16 : Operation 247 [1/1] (7.30ns)   --->   "%gmem_addr_read_2 = read i8 @_ssdm_op_Read.m_axi.p1i8, i8 %gmem_addr" [cnn_accel.cpp:51]   --->   Operation 247 'read' 'gmem_addr_read_2' <Predicate = (and_ln48_1)> <Delay = 7.30> <CoreInst = "m_axi">   --->   Core 111 'm_axi' <Latency = 3> <II = 1> <Delay = 1.00> <Adapter> <Opcode : 'read' 'write' 'readreq' 'writereq' 'writeresp'>
ST_16 : Operation 248 [1/1] ( I:3.25ns O:3.25ns )   --->   "%store_ln52 = store i8 %gmem_addr_read_1, i4 %tile_in_13_addr" [cnn_accel.cpp:52]   --->   Operation 248 'store' 'store_ln52' <Predicate = (and_ln48_1 & trunc_ln41 == 1 & trunc_ln42 == 1)> <Delay = 3.25> <CoreInst = "RAM_T2P_BRAM">   --->   Core 93 'RAM_T2P_BRAM' <Latency = 1> <II = 1> <Delay = 3.25> <Storage> <Opcode : 'load' 'store'> <Ports = 2> <Width = 8> <Depth = 16> <RAM>
ST_16 : Operation 249 [1/1] ( I:3.25ns O:3.25ns )   --->   "%store_ln52 = store i8 %gmem_addr_read_1, i4 %tile_in_10_addr" [cnn_accel.cpp:52]   --->   Operation 249 'store' 'store_ln52' <Predicate = (and_ln48_1 & trunc_ln41 == 1 & trunc_ln42 == 0)> <Delay = 3.25> <CoreInst = "RAM_T2P_BRAM">   --->   Core 93 'RAM_T2P_BRAM' <Latency = 1> <II = 1> <Delay = 3.25> <Storage> <Opcode : 'load' 'store'> <Ports = 2> <Width = 8> <Depth = 16> <RAM>
ST_16 : Operation 250 [1/1] ( I:3.25ns O:3.25ns )   --->   "%store_ln52 = store i8 %gmem_addr_read_1, i4 %tile_in_16_addr" [cnn_accel.cpp:52]   --->   Operation 250 'store' 'store_ln52' <Predicate = (and_ln48_1 & trunc_ln41 == 1 & trunc_ln42 != 0 & trunc_ln42 != 1)> <Delay = 3.25> <CoreInst = "RAM_T2P_BRAM">   --->   Core 93 'RAM_T2P_BRAM' <Latency = 1> <II = 1> <Delay = 3.25> <Storage> <Opcode : 'load' 'store'> <Ports = 2> <Width = 8> <Depth = 16> <RAM>
ST_16 : Operation 251 [1/1] ( I:3.25ns O:3.25ns )   --->   "%store_ln52 = store i8 %gmem_addr_read_1, i4 %tile_in_4_addr" [cnn_accel.cpp:52]   --->   Operation 251 'store' 'store_ln52' <Predicate = (and_ln48_1 & trunc_ln41 == 0 & trunc_ln42 == 1)> <Delay = 3.25> <CoreInst = "RAM_T2P_BRAM">   --->   Core 93 'RAM_T2P_BRAM' <Latency = 1> <II = 1> <Delay = 3.25> <Storage> <Opcode : 'load' 'store'> <Ports = 2> <Width = 8> <Depth = 16> <RAM>
ST_16 : Operation 252 [1/1] ( I:3.25ns O:3.25ns )   --->   "%store_ln52 = store i8 %gmem_addr_read_1, i4 %tile_in_1_addr" [cnn_accel.cpp:52]   --->   Operation 252 'store' 'store_ln52' <Predicate = (and_ln48_1 & trunc_ln41 == 0 & trunc_ln42 == 0)> <Delay = 3.25> <CoreInst = "RAM_T2P_BRAM">   --->   Core 93 'RAM_T2P_BRAM' <Latency = 1> <II = 1> <Delay = 3.25> <Storage> <Opcode : 'load' 'store'> <Ports = 2> <Width = 8> <Depth = 16> <RAM>
ST_16 : Operation 253 [1/1] ( I:3.25ns O:3.25ns )   --->   "%store_ln52 = store i8 %gmem_addr_read_1, i4 %tile_in_7_addr" [cnn_accel.cpp:52]   --->   Operation 253 'store' 'store_ln52' <Predicate = (and_ln48_1 & trunc_ln41 == 0 & trunc_ln42 != 0 & trunc_ln42 != 1)> <Delay = 3.25> <CoreInst = "RAM_T2P_BRAM">   --->   Core 93 'RAM_T2P_BRAM' <Latency = 1> <II = 1> <Delay = 3.25> <Storage> <Opcode : 'load' 'store'> <Ports = 2> <Width = 8> <Depth = 16> <RAM>
ST_16 : Operation 254 [1/1] ( I:3.25ns O:3.25ns )   --->   "%store_ln52 = store i8 %gmem_addr_read_1, i4 %tile_in_22_addr" [cnn_accel.cpp:52]   --->   Operation 254 'store' 'store_ln52' <Predicate = (and_ln48_1 & trunc_ln41 != 0 & trunc_ln41 != 1 & trunc_ln42 == 1)> <Delay = 3.25> <CoreInst = "RAM_T2P_BRAM">   --->   Core 93 'RAM_T2P_BRAM' <Latency = 1> <II = 1> <Delay = 3.25> <Storage> <Opcode : 'load' 'store'> <Ports = 2> <Width = 8> <Depth = 16> <RAM>
ST_16 : Operation 255 [1/1] ( I:3.25ns O:3.25ns )   --->   "%store_ln52 = store i8 %gmem_addr_read_1, i4 %tile_in_19_addr" [cnn_accel.cpp:52]   --->   Operation 255 'store' 'store_ln52' <Predicate = (and_ln48_1 & trunc_ln41 != 0 & trunc_ln41 != 1 & trunc_ln42 == 0)> <Delay = 3.25> <CoreInst = "RAM_T2P_BRAM">   --->   Core 93 'RAM_T2P_BRAM' <Latency = 1> <II = 1> <Delay = 3.25> <Storage> <Opcode : 'load' 'store'> <Ports = 2> <Width = 8> <Depth = 16> <RAM>
ST_16 : Operation 256 [1/1] ( I:3.25ns O:3.25ns )   --->   "%store_ln52 = store i8 %gmem_addr_read_1, i4 %tile_in_25_addr" [cnn_accel.cpp:52]   --->   Operation 256 'store' 'store_ln52' <Predicate = (and_ln48_1 & trunc_ln41 != 0 & trunc_ln41 != 1 & trunc_ln42 != 0 & trunc_ln42 != 1)> <Delay = 3.25> <CoreInst = "RAM_T2P_BRAM">   --->   Core 93 'RAM_T2P_BRAM' <Latency = 1> <II = 1> <Delay = 3.25> <Storage> <Opcode : 'load' 'store'> <Ports = 2> <Width = 8> <Depth = 16> <RAM>

State 17 <SV = 16> <Delay = 3.25>
ST_17 : Operation 257 [1/1] ( I:3.25ns O:3.25ns )   --->   "%store_ln53 = store i8 %gmem_addr_read_2, i4 %tile_in_14_addr" [cnn_accel.cpp:53]   --->   Operation 257 'store' 'store_ln53' <Predicate = (and_ln48_1 & trunc_ln41 == 1 & trunc_ln42 == 1)> <Delay = 3.25> <CoreInst = "RAM_T2P_BRAM">   --->   Core 93 'RAM_T2P_BRAM' <Latency = 1> <II = 1> <Delay = 3.25> <Storage> <Opcode : 'load' 'store'> <Ports = 2> <Width = 8> <Depth = 16> <RAM>
ST_17 : Operation 258 [1/1] (0.00ns)   --->   "%br_ln53 = br void %V22.i5880.exit621" [cnn_accel.cpp:53]   --->   Operation 258 'br' 'br_ln53' <Predicate = (and_ln48_1 & trunc_ln41 == 1 & trunc_ln42 == 1)> <Delay = 0.00>
ST_17 : Operation 259 [1/1] ( I:3.25ns O:3.25ns )   --->   "%store_ln53 = store i8 %gmem_addr_read_2, i4 %tile_in_11_addr" [cnn_accel.cpp:53]   --->   Operation 259 'store' 'store_ln53' <Predicate = (and_ln48_1 & trunc_ln41 == 1 & trunc_ln42 == 0)> <Delay = 3.25> <CoreInst = "RAM_T2P_BRAM">   --->   Core 93 'RAM_T2P_BRAM' <Latency = 1> <II = 1> <Delay = 3.25> <Storage> <Opcode : 'load' 'store'> <Ports = 2> <Width = 8> <Depth = 16> <RAM>
ST_17 : Operation 260 [1/1] (0.00ns)   --->   "%br_ln53 = br void %V22.i5880.exit621" [cnn_accel.cpp:53]   --->   Operation 260 'br' 'br_ln53' <Predicate = (and_ln48_1 & trunc_ln41 == 1 & trunc_ln42 == 0)> <Delay = 0.00>
ST_17 : Operation 261 [1/1] ( I:3.25ns O:3.25ns )   --->   "%store_ln53 = store i8 %gmem_addr_read_2, i4 %tile_in_17_addr" [cnn_accel.cpp:53]   --->   Operation 261 'store' 'store_ln53' <Predicate = (and_ln48_1 & trunc_ln41 == 1 & trunc_ln42 != 0 & trunc_ln42 != 1)> <Delay = 3.25> <CoreInst = "RAM_T2P_BRAM">   --->   Core 93 'RAM_T2P_BRAM' <Latency = 1> <II = 1> <Delay = 3.25> <Storage> <Opcode : 'load' 'store'> <Ports = 2> <Width = 8> <Depth = 16> <RAM>
ST_17 : Operation 262 [1/1] (0.00ns)   --->   "%br_ln53 = br void %V22.i5880.exit621" [cnn_accel.cpp:53]   --->   Operation 262 'br' 'br_ln53' <Predicate = (and_ln48_1 & trunc_ln41 == 1 & trunc_ln42 != 0 & trunc_ln42 != 1)> <Delay = 0.00>
ST_17 : Operation 263 [1/1] ( I:3.25ns O:3.25ns )   --->   "%store_ln53 = store i8 %gmem_addr_read_2, i4 %tile_in_5_addr" [cnn_accel.cpp:53]   --->   Operation 263 'store' 'store_ln53' <Predicate = (and_ln48_1 & trunc_ln41 == 0 & trunc_ln42 == 1)> <Delay = 3.25> <CoreInst = "RAM_T2P_BRAM">   --->   Core 93 'RAM_T2P_BRAM' <Latency = 1> <II = 1> <Delay = 3.25> <Storage> <Opcode : 'load' 'store'> <Ports = 2> <Width = 8> <Depth = 16> <RAM>
ST_17 : Operation 264 [1/1] (0.00ns)   --->   "%br_ln53 = br void %V22.i5880.exit616" [cnn_accel.cpp:53]   --->   Operation 264 'br' 'br_ln53' <Predicate = (and_ln48_1 & trunc_ln41 == 0 & trunc_ln42 == 1)> <Delay = 0.00>
ST_17 : Operation 265 [1/1] ( I:3.25ns O:3.25ns )   --->   "%store_ln53 = store i8 %gmem_addr_read_2, i4 %tile_in_2_addr" [cnn_accel.cpp:53]   --->   Operation 265 'store' 'store_ln53' <Predicate = (and_ln48_1 & trunc_ln41 == 0 & trunc_ln42 == 0)> <Delay = 3.25> <CoreInst = "RAM_T2P_BRAM">   --->   Core 93 'RAM_T2P_BRAM' <Latency = 1> <II = 1> <Delay = 3.25> <Storage> <Opcode : 'load' 'store'> <Ports = 2> <Width = 8> <Depth = 16> <RAM>
ST_17 : Operation 266 [1/1] (0.00ns)   --->   "%br_ln53 = br void %V22.i5880.exit616" [cnn_accel.cpp:53]   --->   Operation 266 'br' 'br_ln53' <Predicate = (and_ln48_1 & trunc_ln41 == 0 & trunc_ln42 == 0)> <Delay = 0.00>
ST_17 : Operation 267 [1/1] ( I:3.25ns O:3.25ns )   --->   "%store_ln53 = store i8 %gmem_addr_read_2, i4 %tile_in_8_addr" [cnn_accel.cpp:53]   --->   Operation 267 'store' 'store_ln53' <Predicate = (and_ln48_1 & trunc_ln41 == 0 & trunc_ln42 != 0 & trunc_ln42 != 1)> <Delay = 3.25> <CoreInst = "RAM_T2P_BRAM">   --->   Core 93 'RAM_T2P_BRAM' <Latency = 1> <II = 1> <Delay = 3.25> <Storage> <Opcode : 'load' 'store'> <Ports = 2> <Width = 8> <Depth = 16> <RAM>
ST_17 : Operation 268 [1/1] (0.00ns)   --->   "%br_ln53 = br void %V22.i5880.exit616" [cnn_accel.cpp:53]   --->   Operation 268 'br' 'br_ln53' <Predicate = (and_ln48_1 & trunc_ln41 == 0 & trunc_ln42 != 0 & trunc_ln42 != 1)> <Delay = 0.00>
ST_17 : Operation 269 [1/1] ( I:3.25ns O:3.25ns )   --->   "%store_ln53 = store i8 %gmem_addr_read_2, i4 %tile_in_23_addr" [cnn_accel.cpp:53]   --->   Operation 269 'store' 'store_ln53' <Predicate = (and_ln48_1 & trunc_ln41 != 0 & trunc_ln41 != 1 & trunc_ln42 == 1)> <Delay = 3.25> <CoreInst = "RAM_T2P_BRAM">   --->   Core 93 'RAM_T2P_BRAM' <Latency = 1> <II = 1> <Delay = 3.25> <Storage> <Opcode : 'load' 'store'> <Ports = 2> <Width = 8> <Depth = 16> <RAM>
ST_17 : Operation 270 [1/1] (0.00ns)   --->   "%br_ln53 = br void %V22.i5880.exit626" [cnn_accel.cpp:53]   --->   Operation 270 'br' 'br_ln53' <Predicate = (and_ln48_1 & trunc_ln41 != 0 & trunc_ln41 != 1 & trunc_ln42 == 1)> <Delay = 0.00>
ST_17 : Operation 271 [1/1] ( I:3.25ns O:3.25ns )   --->   "%store_ln53 = store i8 %gmem_addr_read_2, i4 %tile_in_20_addr" [cnn_accel.cpp:53]   --->   Operation 271 'store' 'store_ln53' <Predicate = (and_ln48_1 & trunc_ln41 != 0 & trunc_ln41 != 1 & trunc_ln42 == 0)> <Delay = 3.25> <CoreInst = "RAM_T2P_BRAM">   --->   Core 93 'RAM_T2P_BRAM' <Latency = 1> <II = 1> <Delay = 3.25> <Storage> <Opcode : 'load' 'store'> <Ports = 2> <Width = 8> <Depth = 16> <RAM>
ST_17 : Operation 272 [1/1] (0.00ns)   --->   "%br_ln53 = br void %V22.i5880.exit626" [cnn_accel.cpp:53]   --->   Operation 272 'br' 'br_ln53' <Predicate = (and_ln48_1 & trunc_ln41 != 0 & trunc_ln41 != 1 & trunc_ln42 == 0)> <Delay = 0.00>
ST_17 : Operation 273 [1/1] ( I:3.25ns O:3.25ns )   --->   "%store_ln53 = store i8 %gmem_addr_read_2, i4 %tile_in_26_addr" [cnn_accel.cpp:53]   --->   Operation 273 'store' 'store_ln53' <Predicate = (and_ln48_1 & trunc_ln41 != 0 & trunc_ln41 != 1 & trunc_ln42 != 0 & trunc_ln42 != 1)> <Delay = 3.25> <CoreInst = "RAM_T2P_BRAM">   --->   Core 93 'RAM_T2P_BRAM' <Latency = 1> <II = 1> <Delay = 3.25> <Storage> <Opcode : 'load' 'store'> <Ports = 2> <Width = 8> <Depth = 16> <RAM>
ST_17 : Operation 274 [1/1] (0.00ns)   --->   "%br_ln53 = br void %V22.i5880.exit626" [cnn_accel.cpp:53]   --->   Operation 274 'br' 'br_ln53' <Predicate = (and_ln48_1 & trunc_ln41 != 0 & trunc_ln41 != 1 & trunc_ln42 != 0 & trunc_ln42 != 1)> <Delay = 0.00>


============================================================
+ Verbose Summary: Timing violations
============================================================
Target clock period: 10.000ns, clock uncertainty: 2.700ns.

 <State 1>: 6.740ns
The critical path consists of the following:
	'store' operation 0 bit ('store_ln41', cnn_accel.cpp:41) of constant 0 on local variable 'y', cnn_accel.cpp:41 [83]  (1.610 ns)
	'load' operation 4 bit ('y_load', cnn_accel.cpp:41) on local variable 'y', cnn_accel.cpp:41 [94]  (0.000 ns)
	'add' operation 4 bit ('add_ln41', cnn_accel.cpp:41) [95]  (1.777 ns)
	'select' operation 4 bit ('select_ln41_1', cnn_accel.cpp:41) [100]  (0.990 ns)
	'urem' operation 2 bit ('urem_ln41', cnn_accel.cpp:41) [107]  (2.363 ns)

 <State 2>: 6.860ns
The critical path consists of the following:
	'mul' operation 36 bit ('empty_35', cnn_accel.cpp:41) [109]  (6.860 ns)

 <State 3>: 6.860ns
The critical path consists of the following:
	'mul' operation 36 bit ('empty_35', cnn_accel.cpp:41) [109]  (6.860 ns)

 <State 4>: 6.989ns
The critical path consists of the following:
	'add' operation 59 bit ('tmp') [155]  (3.429 ns)
	'sub' operation 64 bit ('tmp21') [159]  (3.560 ns)

 <State 5>: 5.441ns
The critical path consists of the following:
	'add' operation 64 bit ('add_ln46', cnn_accel.cpp:46) [162]  (0.000 ns)
	'add' operation 64 bit ('add_ln46_1', cnn_accel.cpp:46) [165]  (5.441 ns)
	'getelementptr' operation 8 bit ('gmem_addr', cnn_accel.cpp:51) [236]  (0.000 ns)

 <State 6>: 7.300ns
The critical path consists of the following:
	bus request operation ('empty', cnn_accel.cpp:51) on port 'gmem' (cnn_accel.cpp:51) [237]  (7.300 ns)

 <State 7>: 7.300ns
The critical path consists of the following:
	bus request operation ('empty', cnn_accel.cpp:51) on port 'gmem' (cnn_accel.cpp:51) [237]  (7.300 ns)

 <State 8>: 7.300ns
The critical path consists of the following:
	bus request operation ('empty', cnn_accel.cpp:51) on port 'gmem' (cnn_accel.cpp:51) [237]  (7.300 ns)

 <State 9>: 7.300ns
The critical path consists of the following:
	bus request operation ('empty', cnn_accel.cpp:51) on port 'gmem' (cnn_accel.cpp:51) [237]  (7.300 ns)

 <State 10>: 7.300ns
The critical path consists of the following:
	bus request operation ('empty', cnn_accel.cpp:51) on port 'gmem' (cnn_accel.cpp:51) [237]  (7.300 ns)

 <State 11>: 7.300ns
The critical path consists of the following:
	bus request operation ('empty', cnn_accel.cpp:51) on port 'gmem' (cnn_accel.cpp:51) [237]  (7.300 ns)

 <State 12>: 7.300ns
The critical path consists of the following:
	bus request operation ('empty', cnn_accel.cpp:51) on port 'gmem' (cnn_accel.cpp:51) [237]  (7.300 ns)

 <State 13>: 7.300ns
The critical path consists of the following:
	bus request operation ('empty', cnn_accel.cpp:51) on port 'gmem' (cnn_accel.cpp:51) [237]  (7.300 ns)

 <State 14>: 7.300ns
The critical path consists of the following:
	bus read operation ('gmem_addr_read', cnn_accel.cpp:51) on port 'gmem' (cnn_accel.cpp:51) [238]  (7.300 ns)

 <State 15>: 7.300ns
The critical path consists of the following:
	bus read operation ('gmem_addr_read_1', cnn_accel.cpp:51) on port 'gmem' (cnn_accel.cpp:51) [239]  (7.300 ns)

 <State 16>: 7.300ns
The critical path consists of the following:
	bus read operation ('gmem_addr_read_2', cnn_accel.cpp:51) on port 'gmem' (cnn_accel.cpp:51) [240]  (7.300 ns)

 <State 17>: 3.257ns
The critical path consists of the following:
	'store' operation 0 bit ('store_ln53', cnn_accel.cpp:53) of variable 'gmem_addr_read_2', cnn_accel.cpp:51 on array 'tile_in_14' [247]  (3.257 ns)


============================================================
+ Verbose Summary: Binding
============================================================
N/A
* FSMD analyzer results:
  - Output states:
 - Input state : 
  - Chain level:
	State 1
	State 2
	State 3
	State 4
	State 5
	State 6
	State 7
	State 8
	State 9
	State 10
	State 11
	State 12
	State 13
	State 14
	State 15
	State 16
	State 17


============================================================
+ Verbose Summary: Datapath Resource usage 
============================================================
N/A
