

================================================================
== Vitis HLS Report for 'cnn_accel_Pipeline_VITIS_LOOP_52_5_VITIS_LOOP_53_6'
================================================================
* Date:           Thu Apr 16 14:46:56 2026

* Version:        2024.2 (Build 5238294 on Nov  8 2024)
* Project:        cnn_accel
* Solution:       solution1 (Vivado IP Flow Target)
* Product family: artix7
* Target device:  xc7a200t-sbg484-1


================================================================
== Performance Estimates
================================================================
+ Timing: 
    * Summary: 
    +--------+----------+----------+------------+
    |  Clock |  Target  | Estimated| Uncertainty|
    +--------+----------+----------+------------+
    |ap_clk  |  10.00 ns|  6.980 ns|     2.70 ns|
    +--------+----------+----------+------------+

+ Latency: 
    * Summary: 
    +---------+---------+-----------+-----------+------+------+------------------------------------------------+
    |  Latency (cycles) |   Latency (absolute)  |   Interval  |                    Pipeline                    |
    |   min   |   max   |    min    |    max    |  min |  max |                      Type                      |
    +---------+---------+-----------+-----------+------+------+------------------------------------------------+
    |     1029|     1029|  10.290 us|  10.290 us|  1025|  1025|  loop auto-rewind stp (delay=0 clock cycles(s))|
    +---------+---------+-----------+-----------+------+------+------------------------------------------------+

    + Detail: 
        * Instance: 
        N/A

        * Loop: 
        +-----------------------------------+---------+---------+----------+-----------+-----------+------+----------+
        |                                   |  Latency (cycles) | Iteration|  Initiation Interval  | Trip |          |
        |             Loop Name             |   min   |   max   |  Latency |  achieved |   target  | Count| Pipelined|
        +-----------------------------------+---------+---------+----------+-----------+-----------+------+----------+
        |- VITIS_LOOP_52_5_VITIS_LOOP_53_6  |     1027|     1027|         5|          1|          1|  1024|       yes|
        +-----------------------------------+---------+---------+----------+-----------+-----------+------+----------+

============================================================
+ Verbose Summary: Synthesis Manager
============================================================
InlineROM: 1
ExposeGlobal: 0
============================================================
+ Verbose Summary: CDFG Model
============================================================
IsTopModel: 0
ResetActiveHigh: 1
IsCombinational: 0
IsDatapathOnly: 0
HasWiredReturn: 1
HasMFsm: 2
HasVarLatency: 1
IsPipeline: 0
IsRtlPipelined: 0
IsInstanceOverlapped: 0
IsDontTouch: 0
HasImplIP: 0
IsGatedGlobalClock: 0

+ Individual pipeline summary: 
  * Pipeline-0: initiation interval (II) = 1, depth = 5


============================================================
+ Verbose Summary: Schedule
============================================================
* Number of FSM states : 5
* Pipeline : 1
  Pipeline-0 : II = 1, D = 5, States = { 1 2 3 4 5 }
* Dataflow Pipeline: 0

* FSM state transitions: 
1 --> 2 
2 --> 3 
3 --> 4 
4 --> 5 
5 --> 

* FSM state operations: 

State 1 <SV = 0> <Delay = 5.34>
ST_1 : Operation 8 [1/1] (0.00ns)   --->   "%x = alloca i32 1" [cnn_accel.cpp:53]   --->   Operation 8 'alloca' 'x' <Predicate = true> <Delay = 0.00>
ST_1 : Operation 9 [1/1] (0.00ns)   --->   "%y = alloca i32 1" [cnn_accel.cpp:52]   --->   Operation 9 'alloca' 'y' <Predicate = true> <Delay = 0.00>
ST_1 : Operation 10 [1/1] (0.00ns)   --->   "%indvar_flatten6 = alloca i32 1"   --->   Operation 10 'alloca' 'indvar_flatten6' <Predicate = true> <Delay = 0.00>
ST_1 : Operation 11 [1/1] (0.00ns)   --->   "%specmemcore_ln0 = specmemcore void @_ssdm_op_SpecMemCore, i8 %tile_out, i64 666, i64 30, i64 18446744073709551615"   --->   Operation 11 'specmemcore' 'specmemcore_ln0' <Predicate = true> <Delay = 0.00>
ST_1 : Operation 12 [1/1] (0.00ns)   --->   "%specmemcore_ln0 = specmemcore void @_ssdm_op_SpecMemCore, i8 %tile_in, i64 666, i64 30, i64 18446744073709551615"   --->   Operation 12 'specmemcore' 'specmemcore_ln0' <Predicate = true> <Delay = 0.00>
ST_1 : Operation 13 [1/1] (0.00ns)   --->   "%specmemcore_ln0 = specmemcore void @_ssdm_op_SpecMemCore, i8 %tile_in_1, i64 666, i64 30, i64 18446744073709551615"   --->   Operation 13 'specmemcore' 'specmemcore_ln0' <Predicate = true> <Delay = 0.00>
ST_1 : Operation 14 [1/1] (0.00ns)   --->   "%specmemcore_ln0 = specmemcore void @_ssdm_op_SpecMemCore, i8 %tile_in_2, i64 666, i64 30, i64 18446744073709551615"   --->   Operation 14 'specmemcore' 'specmemcore_ln0' <Predicate = true> <Delay = 0.00>
ST_1 : Operation 15 [1/1] (1.61ns)   --->   "%store_ln0 = store i11 0, i11 %indvar_flatten6"   --->   Operation 15 'store' 'store_ln0' <Predicate = true> <Delay = 1.61>
ST_1 : Operation 16 [1/1] (1.61ns)   --->   "%store_ln52 = store i6 0, i6 %y" [cnn_accel.cpp:52]   --->   Operation 16 'store' 'store_ln52' <Predicate = true> <Delay = 1.61>
ST_1 : Operation 17 [1/1] (1.61ns)   --->   "%store_ln53 = store i6 0, i6 %x" [cnn_accel.cpp:53]   --->   Operation 17 'store' 'store_ln53' <Predicate = true> <Delay = 1.61>
ST_1 : Operation 18 [1/1] (0.00ns)   --->   "%br_ln0 = br void %VITIS_LOOP_56_7"   --->   Operation 18 'br' 'br_ln0' <Predicate = true> <Delay = 0.00>
ST_1 : Operation 19 [1/1] (0.00ns)   --->   "%indvar_flatten6_load = load i11 %indvar_flatten6" [cnn_accel.cpp:52]   --->   Operation 19 'load' 'indvar_flatten6_load' <Predicate = true> <Delay = 0.00>
ST_1 : Operation 20 [1/1] (2.12ns)   --->   "%icmp_ln52 = icmp_eq  i11 %indvar_flatten6_load, i11 1024" [cnn_accel.cpp:52]   --->   Operation 20 'icmp' 'icmp_ln52' <Predicate = true> <Delay = 2.12> <CoreInst = "Cmp">   --->   Core 9 'Cmp' <Latency = 0> <II = 1> <Delay = 2.12> <FuncUnit> <Opcode : 'seteq' 'setne' 'setle' 'setge' 'setlt' 'setgt'> <InPorts = 2> <OutPorts = 1>
ST_1 : Operation 21 [1/1] (2.12ns)   --->   "%add_ln52_1 = add i11 %indvar_flatten6_load, i11 1" [cnn_accel.cpp:52]   --->   Operation 21 'add' 'add_ln52_1' <Predicate = true> <Delay = 2.12> <CoreInst = "Adder">   --->   Core 1 'Adder' <Latency = 0> <II = 1> <Delay = 2.12> <FuncUnit> <Opcode : 'add' 'sub'> <InPorts = 2> <OutPorts = 1>
ST_1 : Operation 22 [1/1] (0.00ns)   --->   "%br_ln52 = br i1 %icmp_ln52, void %for.inc90, void %for.body102.preheader.exitStub" [cnn_accel.cpp:52]   --->   Operation 22 'br' 'br_ln52' <Predicate = true> <Delay = 0.00>
ST_1 : Operation 23 [1/1] (1.61ns)   --->   "%store_ln52 = store i11 %add_ln52_1, i11 %indvar_flatten6" [cnn_accel.cpp:52]   --->   Operation 23 'store' 'store_ln52' <Predicate = (!icmp_ln52)> <Delay = 1.61>

State 2 <SV = 1> <Delay = 6.17>
ST_2 : Operation 24 [1/1] (0.00ns)   --->   "%x_load = load i6 %x" [cnn_accel.cpp:53]   --->   Operation 24 'load' 'x_load' <Predicate = true> <Delay = 0.00>
ST_2 : Operation 25 [1/1] (0.00ns)   --->   "%y_load = load i6 %y" [cnn_accel.cpp:52]   --->   Operation 25 'load' 'y_load' <Predicate = true> <Delay = 0.00>
ST_2 : Operation 26 [1/1] (1.94ns)   --->   "%add_ln52 = add i6 %y_load, i6 1" [cnn_accel.cpp:52]   --->   Operation 26 'add' 'add_ln52' <Predicate = true> <Delay = 1.94> <CoreInst = "Adder">   --->   Core 1 'Adder' <Latency = 0> <II = 1> <Delay = 1.94> <FuncUnit> <Opcode : 'add' 'sub'> <InPorts = 2> <OutPorts = 1>
ST_2 : Operation 27 [1/1] (1.94ns)   --->   "%icmp_ln53 = icmp_eq  i6 %x_load, i6 32" [cnn_accel.cpp:53]   --->   Operation 27 'icmp' 'icmp_ln53' <Predicate = true> <Delay = 1.94> <CoreInst = "Cmp">   --->   Core 9 'Cmp' <Latency = 0> <II = 1> <Delay = 1.94> <FuncUnit> <Opcode : 'seteq' 'setne' 'setle' 'setge' 'setlt' 'setgt'> <InPorts = 2> <OutPorts = 1>
ST_2 : Operation 28 [1/1] (0.66ns)   --->   "%select_ln52 = select i1 %icmp_ln53, i6 0, i6 %x_load" [cnn_accel.cpp:52]   --->   Operation 28 'select' 'select_ln52' <Predicate = true> <Delay = 0.66> <CoreInst = "Sel">   --->   Core 73 'Sel' <Latency = 0> <II = 1> <Delay = 0.66> <FuncUnit> <Opcode : 'select'> <InPorts = 3> <OutPorts = 1>
ST_2 : Operation 29 [1/1] (0.66ns)   --->   "%select_ln52_1 = select i1 %icmp_ln53, i6 %add_ln52, i6 %y_load" [cnn_accel.cpp:52]   --->   Operation 29 'select' 'select_ln52_1' <Predicate = true> <Delay = 0.66> <CoreInst = "Sel">   --->   Core 73 'Sel' <Latency = 0> <II = 1> <Delay = 0.66> <FuncUnit> <Opcode : 'select'> <InPorts = 3> <OutPorts = 1>
ST_2 : Operation 30 [1/1] (0.00ns)   --->   "%empty = trunc i6 %select_ln52_1" [cnn_accel.cpp:52]   --->   Operation 30 'trunc' 'empty' <Predicate = true> <Delay = 0.00>
ST_2 : Operation 31 [1/1] (0.00ns)   --->   "%tmp_2 = bitconcatenate i10 @_ssdm_op_BitConcatenate.i10.i5.i5, i5 %empty, i5 0" [cnn_accel.cpp:52]   --->   Operation 31 'bitconcatenate' 'tmp_2' <Predicate = true> <Delay = 0.00>
ST_2 : Operation 32 [1/1] (0.00ns)   --->   "%select_ln52_cast = zext i6 %select_ln52" [cnn_accel.cpp:52]   --->   Operation 32 'zext' 'select_ln52_cast' <Predicate = true> <Delay = 0.00>
ST_2 : Operation 33 [1/1] (2.12ns)   --->   "%empty_14 = add i10 %tmp_2, i10 %select_ln52_cast" [cnn_accel.cpp:52]   --->   Operation 33 'add' 'empty_14' <Predicate = true> <Delay = 2.12> <CoreInst = "Adder">   --->   Core 1 'Adder' <Latency = 0> <II = 1> <Delay = 2.12> <FuncUnit> <Opcode : 'add' 'sub'> <InPorts = 2> <OutPorts = 1>
ST_2 : Operation 34 [1/1] (1.94ns)   --->   "%add_ln53 = add i6 %select_ln52, i6 1" [cnn_accel.cpp:53]   --->   Operation 34 'add' 'add_ln53' <Predicate = true> <Delay = 1.94> <CoreInst = "Adder">   --->   Core 1 'Adder' <Latency = 0> <II = 1> <Delay = 1.94> <FuncUnit> <Opcode : 'add' 'sub'> <InPorts = 2> <OutPorts = 1>
ST_2 : Operation 35 [1/1] (1.61ns)   --->   "%store_ln52 = store i6 %select_ln52_1, i6 %y" [cnn_accel.cpp:52]   --->   Operation 35 'store' 'store_ln52' <Predicate = true> <Delay = 1.61>
ST_2 : Operation 36 [1/1] (1.61ns)   --->   "%store_ln53 = store i6 %add_ln53, i6 %x" [cnn_accel.cpp:53]   --->   Operation 36 'store' 'store_ln53' <Predicate = true> <Delay = 1.61>

State 3 <SV = 2> <Delay = 3.25>
ST_3 : Operation 37 [1/1] (0.00ns)   --->   "%p_cast = zext i10 %empty_14" [cnn_accel.cpp:52]   --->   Operation 37 'zext' 'p_cast' <Predicate = true> <Delay = 0.00>
ST_3 : Operation 38 [1/1] (0.00ns)   --->   "%tile_in_addr = getelementptr i8 %tile_in, i64 0, i64 %p_cast" [cnn_accel.cpp:52]   --->   Operation 38 'getelementptr' 'tile_in_addr' <Predicate = true> <Delay = 0.00>
ST_3 : Operation 39 [1/1] (0.00ns)   --->   "%tile_in_1_addr = getelementptr i8 %tile_in_1, i64 0, i64 %p_cast" [cnn_accel.cpp:52]   --->   Operation 39 'getelementptr' 'tile_in_1_addr' <Predicate = true> <Delay = 0.00>
ST_3 : Operation 40 [1/1] (0.00ns)   --->   "%tile_in_2_addr = getelementptr i8 %tile_in_2, i64 0, i64 %p_cast" [cnn_accel.cpp:52]   --->   Operation 40 'getelementptr' 'tile_in_2_addr' <Predicate = true> <Delay = 0.00>
ST_3 : Operation 41 [2/2] (3.25ns)   --->   "%tile_in_load = load i10 %tile_in_addr" [cnn_accel.cpp:52]   --->   Operation 41 'load' 'tile_in_load' <Predicate = true> <Delay = 3.25> <CoreInst = "RAM_T2P_BRAM">   --->   Core 93 'RAM_T2P_BRAM' <Latency = 1> <II = 1> <Delay = 3.25> <Storage> <Opcode : 'load' 'store'> <Ports = 2> <Width = 8> <Depth = 1024> <RAM>
ST_3 : Operation 42 [2/2] (3.25ns)   --->   "%tile_in_1_load = load i10 %tile_in_1_addr" [cnn_accel.cpp:52]   --->   Operation 42 'load' 'tile_in_1_load' <Predicate = true> <Delay = 3.25> <CoreInst = "RAM_T2P_BRAM">   --->   Core 93 'RAM_T2P_BRAM' <Latency = 1> <II = 1> <Delay = 3.25> <Storage> <Opcode : 'load' 'store'> <Ports = 2> <Width = 8> <Depth = 1024> <RAM>
ST_3 : Operation 43 [2/2] (3.25ns)   --->   "%tile_in_2_load = load i10 %tile_in_2_addr" [cnn_accel.cpp:52]   --->   Operation 43 'load' 'tile_in_2_load' <Predicate = true> <Delay = 3.25> <CoreInst = "RAM_T2P_BRAM">   --->   Core 93 'RAM_T2P_BRAM' <Latency = 1> <II = 1> <Delay = 3.25> <Storage> <Opcode : 'load' 'store'> <Ports = 2> <Width = 8> <Depth = 1024> <RAM>

State 4 <SV = 3> <Delay = 6.97>
ST_4 : Operation 44 [1/2] ( I:3.25ns O:3.25ns )   --->   "%tile_in_load = load i10 %tile_in_addr" [cnn_accel.cpp:52]   --->   Operation 44 'load' 'tile_in_load' <Predicate = true> <Delay = 3.25> <CoreInst = "RAM_T2P_BRAM">   --->   Core 93 'RAM_T2P_BRAM' <Latency = 1> <II = 1> <Delay = 3.25> <Storage> <Opcode : 'load' 'store'> <Ports = 2> <Width = 8> <Depth = 1024> <RAM>
ST_4 : Operation 45 [1/1] (0.00ns)   --->   "%tile_in_load_cast = sext i8 %tile_in_load" [cnn_accel.cpp:52]   --->   Operation 45 'sext' 'tile_in_load_cast' <Predicate = true> <Delay = 0.00>
ST_4 : Operation 46 [1/2] ( I:3.25ns O:3.25ns )   --->   "%tile_in_1_load = load i10 %tile_in_1_addr" [cnn_accel.cpp:52]   --->   Operation 46 'load' 'tile_in_1_load' <Predicate = true> <Delay = 3.25> <CoreInst = "RAM_T2P_BRAM">   --->   Core 93 'RAM_T2P_BRAM' <Latency = 1> <II = 1> <Delay = 3.25> <Storage> <Opcode : 'load' 'store'> <Ports = 2> <Width = 8> <Depth = 1024> <RAM>
ST_4 : Operation 47 [1/1] (0.00ns)   --->   "%tile_in_1_load_cast = sext i8 %tile_in_1_load" [cnn_accel.cpp:52]   --->   Operation 47 'sext' 'tile_in_1_load_cast' <Predicate = true> <Delay = 0.00>
ST_4 : Operation 48 [1/2] ( I:3.25ns O:3.25ns )   --->   "%tile_in_2_load = load i10 %tile_in_2_addr" [cnn_accel.cpp:52]   --->   Operation 48 'load' 'tile_in_2_load' <Predicate = true> <Delay = 3.25> <CoreInst = "RAM_T2P_BRAM">   --->   Core 93 'RAM_T2P_BRAM' <Latency = 1> <II = 1> <Delay = 3.25> <Storage> <Opcode : 'load' 'store'> <Ports = 2> <Width = 8> <Depth = 1024> <RAM>
ST_4 : Operation 49 [1/1] (0.00ns)   --->   "%tile_in_2_load_cast = sext i8 %tile_in_2_load" [cnn_accel.cpp:52]   --->   Operation 49 'sext' 'tile_in_2_load_cast' <Predicate = true> <Delay = 0.00>
ST_4 : Operation 50 [1/1] (0.00ns) (grouped into TernaryAdder)   --->   "%tmp = add i9 %tile_in_load_cast, i9 %tile_in_2_load_cast" [cnn_accel.cpp:52]   --->   Operation 50 'add' 'tmp' <Predicate = true> <Delay = 0.00> <CoreInst = "TAddSub">   --->   Core 10 'TAddSub' <Latency = 0> <II = 1> <Delay = 1.86> <IPBlock> <Opcode : '' 'add' 'sub'> <InPorts = 3> <OutPorts = 1> <Sync> <CReg>
ST_4 : Operation 51 [1/1] (3.72ns) (root node of TernaryAdder)   --->   "%sum = add i9 %tmp, i9 %tile_in_1_load_cast" [cnn_accel.cpp:52]   --->   Operation 51 'add' 'sum' <Predicate = true> <Delay = 3.72> <CoreInst = "TAddSub">   --->   Core 10 'TAddSub' <Latency = 0> <II = 1> <Delay = 1.86> <IPBlock> <Opcode : '' 'add' 'sub'> <InPorts = 3> <OutPorts = 1> <Sync> <CReg>
ST_4 : Operation 52 [1/1] (0.00ns)   --->   "%conv = partselect i8 @_ssdm_op_PartSelect.i8.i9.i32.i32, i9 %sum, i32 1, i32 8" [cnn_accel.cpp:52]   --->   Operation 52 'partselect' 'conv' <Predicate = true> <Delay = 0.00>
ST_4 : Operation 59 [1/1] (1.61ns)   --->   "%ret_ln0 = ret"   --->   Operation 59 'ret' 'ret_ln0' <Predicate = (icmp_ln52)> <Delay = 1.61>

State 5 <SV = 4> <Delay = 3.25>
ST_5 : Operation 53 [1/1] (0.00ns)   --->   "%specloopname_ln0 = specloopname void @_ssdm_op_SpecLoopName, void @VITIS_LOOP_52_5_VITIS_LOOP_53_6_str"   --->   Operation 53 'specloopname' 'specloopname_ln0' <Predicate = true> <Delay = 0.00>
ST_5 : Operation 54 [1/1] (0.00ns)   --->   "%speclooptripcount_ln0 = speclooptripcount void @_ssdm_op_SpecLoopTripCount, i64 1024, i64 1024, i64 1024"   --->   Operation 54 'speclooptripcount' 'speclooptripcount_ln0' <Predicate = true> <Delay = 0.00>
ST_5 : Operation 55 [1/1] (0.00ns)   --->   "%tile_out_addr = getelementptr i8 %tile_out, i64 0, i64 %p_cast" [cnn_accel.cpp:64]   --->   Operation 55 'getelementptr' 'tile_out_addr' <Predicate = true> <Delay = 0.00>
ST_5 : Operation 56 [1/1] (0.00ns)   --->   "%specpipeline_ln54 = specpipeline void @_ssdm_op_SpecPipeline, i32 1, i32 0, i32 0, i32 0, void @empty_2" [cnn_accel.cpp:54]   --->   Operation 56 'specpipeline' 'specpipeline_ln54' <Predicate = true> <Delay = 0.00>
ST_5 : Operation 57 [1/1] ( I:3.25ns O:3.25ns )   --->   "%store_ln64 = store i8 %conv, i10 %tile_out_addr" [cnn_accel.cpp:64]   --->   Operation 57 'store' 'store_ln64' <Predicate = true> <Delay = 3.25> <CoreInst = "RAM_T2P_BRAM">   --->   Core 93 'RAM_T2P_BRAM' <Latency = 1> <II = 1> <Delay = 3.25> <Storage> <Opcode : 'load' 'store'> <Ports = 2> <Width = 8> <Depth = 1024> <RAM>
ST_5 : Operation 58 [1/1] (0.00ns)   --->   "%br_ln53 = br void %VITIS_LOOP_56_7" [cnn_accel.cpp:53]   --->   Operation 58 'br' 'br_ln53' <Predicate = true> <Delay = 0.00>


============================================================
+ Verbose Summary: Timing violations
============================================================
Target clock period: 10.000ns, clock uncertainty: 2.700ns.

 <State 1>: 5.347ns
The critical path consists of the following:
	'store' operation 0 bit ('store_ln0') of constant 0 on local variable 'indvar_flatten6' [12]  (1.610 ns)
	'load' operation 11 bit ('indvar_flatten6_load', cnn_accel.cpp:52) on local variable 'indvar_flatten6' [17]  (0.000 ns)
	'icmp' operation 1 bit ('icmp_ln52', cnn_accel.cpp:52) [18]  (2.127 ns)
	'store' operation 0 bit ('store_ln52', cnn_accel.cpp:52) of variable 'add_ln52_1', cnn_accel.cpp:52 on local variable 'indvar_flatten6' [51]  (1.610 ns)

 <State 2>: 6.171ns
The critical path consists of the following:
	'load' operation 6 bit ('x_load', cnn_accel.cpp:53) on local variable 'x', cnn_accel.cpp:53 [22]  (0.000 ns)
	'icmp' operation 1 bit ('icmp_ln53', cnn_accel.cpp:53) [27]  (1.946 ns)
	'select' operation 6 bit ('select_ln52', cnn_accel.cpp:52) [28]  (0.669 ns)
	'add' operation 6 bit ('add_ln53', cnn_accel.cpp:53) [50]  (1.946 ns)
	'store' operation 0 bit ('store_ln53', cnn_accel.cpp:53) of variable 'add_ln53', cnn_accel.cpp:53 on local variable 'x', cnn_accel.cpp:53 [53]  (1.610 ns)

 <State 3>: 3.257ns
The critical path consists of the following:
	'getelementptr' operation 10 bit ('tile_in_addr', cnn_accel.cpp:52) [35]  (0.000 ns)
	'load' operation 8 bit ('tile_in_load', cnn_accel.cpp:52) on array 'tile_in' [40]  (3.257 ns)

 <State 4>: 6.980ns
The critical path consists of the following:
	'load' operation 8 bit ('tile_in_load', cnn_accel.cpp:52) on array 'tile_in' [40]  (3.257 ns)
	'add' operation 9 bit ('tmp', cnn_accel.cpp:52) [46]  (0.000 ns)
	'add' operation 9 bit ('sum', cnn_accel.cpp:52) [47]  (3.723 ns)

 <State 5>: 3.257ns
The critical path consists of the following:
	'getelementptr' operation 10 bit ('tile_out_addr', cnn_accel.cpp:64) [38]  (0.000 ns)
	'store' operation 0 bit ('store_ln64', cnn_accel.cpp:64) of variable 'conv', cnn_accel.cpp:52 on array 'tile_out' [49]  (3.257 ns)


============================================================
+ Verbose Summary: Binding
============================================================
N/A
* FSMD analyzer results:
  - Output states:
 - Input state : 
  - Chain level:
	State 1
	State 2
	State 3
	State 4
	State 5


============================================================
+ Verbose Summary: Datapath Resource usage 
============================================================
N/A
