/scratch1/iot/cnn_accel/solution1/.autopilot/db/cnn_accel.pp.0.cpp:423:48: error: Invalid Directive: for current device, ram_t2p + bram is invalid combination for BIND_STORAGE's option 'type + impl' [clang-diagnostic-error]
#pragma HLS BIND_STORAGE variable=tile_in type=ram_t2p impl=bram
                                               ^
/scratch1/iot/cnn_accel/solution1/.autopilot/db/cnn_accel.pp.0.cpp:426:49: error: Invalid Directive: for current device, ram_t2p + bram is invalid combination for BIND_STORAGE's option 'type + impl' [clang-diagnostic-error]
#pragma HLS BIND_STORAGE variable=tile_out type=ram_t2p impl=bram
                                                ^
/scratch1/iot/cnn_accel/solution1/.autopilot/db/cnn_accel.pp.0.cpp:429:2: warning: Added loop label VITIS_LOOP_35_1:   [xilinx-label-all-loops]
 for (int ty = 0; ty < size; ty += 32) {
 ^~~
 VITIS_LOOP_35_1: 
/scratch1/iot/cnn_accel/solution1/.autopilot/db/cnn_accel.pp.0.cpp:429:2: note: FIX-IT applied suggested code changes
/scratch1/iot/cnn_accel/solution1/.autopilot/db/cnn_accel.pp.0.cpp:432:2: warning: Added loop label VITIS_LOOP_38_2:   [xilinx-label-all-loops]
 for (int tx = 0; tx < size; tx += 32) {
 ^~~
 VITIS_LOOP_38_2: 
/scratch1/iot/cnn_accel/solution1/.autopilot/db/cnn_accel.pp.0.cpp:432:2: note: FIX-IT applied suggested code changes
/scratch1/iot/cnn_accel/solution1/.autopilot/db/cnn_accel.pp.0.cpp:436:2: warning: Added loop label VITIS_LOOP_42_3:   [xilinx-label-all-loops]
 for (int y = 0; y < 32; y++) {
 ^~~
 VITIS_LOOP_42_3: 
/scratch1/iot/cnn_accel/solution1/.autopilot/db/cnn_accel.pp.0.cpp:436:2: note: FIX-IT applied suggested code changes
/scratch1/iot/cnn_accel/solution1/.autopilot/db/cnn_accel.pp.0.cpp:437:17: warning: Added loop label VITIS_LOOP_43_4:   [xilinx-label-all-loops]
                for (int x = 0; x < 32; x++) {
                ^~~
                VITIS_LOOP_43_4: 
/scratch1/iot/cnn_accel/solution1/.autopilot/db/cnn_accel.pp.0.cpp:437:17: note: FIX-IT applied suggested code changes
/scratch1/iot/cnn_accel/solution1/.autopilot/db/cnn_accel.pp.0.cpp:459:13: warning: Added loop label VITIS_LOOP_65_5:   [xilinx-label-all-loops]
            for (int y = 0; y < 32; y++) {
            ^~~
            VITIS_LOOP_65_5: 
/scratch1/iot/cnn_accel/solution1/.autopilot/db/cnn_accel.pp.0.cpp:459:13: note: FIX-IT applied suggested code changes
/scratch1/iot/cnn_accel/solution1/.autopilot/db/cnn_accel.pp.0.cpp:460:17: warning: Added loop label VITIS_LOOP_66_6:   [xilinx-label-all-loops]
                for (int x = 0; x < 32; x++) {
                ^~~
                VITIS_LOOP_66_6: 
/scratch1/iot/cnn_accel/solution1/.autopilot/db/cnn_accel.pp.0.cpp:460:17: note: FIX-IT applied suggested code changes
/scratch1/iot/cnn_accel/solution1/.autopilot/db/cnn_accel.pp.0.cpp:463:2: warning: Added loop label VITIS_LOOP_69_7:   [xilinx-label-all-loops]
 for (int c = 0; c < 16; c++) {
 ^~~
 VITIS_LOOP_69_7: 
/scratch1/iot/cnn_accel/solution1/.autopilot/db/cnn_accel.pp.0.cpp:463:2: note: FIX-IT applied suggested code changes
/scratch1/iot/cnn_accel/solution1/.autopilot/db/cnn_accel.pp.0.cpp:477:13: warning: Added loop label VITIS_LOOP_83_8:   [xilinx-label-all-loops]
            for (int y = 0; y < 32; y++) {
            ^~~
            VITIS_LOOP_83_8: 
/scratch1/iot/cnn_accel/solution1/.autopilot/db/cnn_accel.pp.0.cpp:477:13: note: FIX-IT applied suggested code changes
/scratch1/iot/cnn_accel/solution1/.autopilot/db/cnn_accel.pp.0.cpp:478:17: warning: Added loop label VITIS_LOOP_84_9:   [xilinx-label-all-loops]
                for (int x = 0; x < 32; x++) {
                ^~~
                VITIS_LOOP_84_9: 
/scratch1/iot/cnn_accel/solution1/.autopilot/db/cnn_accel.pp.0.cpp:478:17: note: FIX-IT applied suggested code changes
/scratch1/iot/cnn_accel/solution1/.autopilot/db/cnn_accel.pp.0.cpp:487:25: warning: Added loop label VITIS_LOOP_93_10:   [xilinx-label-all-loops]
                        for (int c = 0; c < 16; c++) {
                        ^~~
                        VITIS_LOOP_93_10: 
/scratch1/iot/cnn_accel/solution1/.autopilot/db/cnn_accel.pp.0.cpp:487:25: note: FIX-IT applied suggested code changes
