

================================================================
== Vitis HLS Report for 'cnn_accel_Pipeline_VITIS_LOOP_42_3_VITIS_LOOP_43_4'
================================================================
* Date:           Wed Apr 22 11:39:52 2026

* Version:        2024.2 (Build 5238294 on Nov  8 2024)
* Project:        cnn_accel
* Solution:       solution1 (Vivado IP Flow Target)
* Product family: artix7
* Target device:  xc7a200t-sbg484-1


================================================================
== Performance Estimates
================================================================
+ Timing: 
    * Summary: 
    +--------+----------+----------+------------+
    |  Clock |  Target  | Estimated| Uncertainty|
    +--------+----------+----------+------------+
    |ap_clk  |  10.00 ns|  7.300 ns|     2.70 ns|
    +--------+----------+----------+------------+

+ Latency: 
    * Summary: 
    +---------+---------+-----------+-----------+------+------+------------------------------------------------+
    |  Latency (cycles) |   Latency (absolute)  |   Interval  |                    Pipeline                    |
    |   min   |   max   |    min    |    max    |  min |  max |                      Type                      |
    +---------+---------+-----------+-----------+------+------+------------------------------------------------+
    |     3087|     3087|  30.870 us|  30.870 us|  3075|  3075|  loop auto-rewind stp (delay=0 clock cycles(s))|
    +---------+---------+-----------+-----------+------+------+------------------------------------------------+

    + Detail: 
        * Instance: 
        N/A

        * Loop: 
        +-----------------------------------+---------+---------+----------+-----------+-----------+------+----------+
        |                                   |  Latency (cycles) | Iteration|  Initiation Interval  | Trip |          |
        |             Loop Name             |   min   |   max   |  Latency |  achieved |   target  | Count| Pipelined|
        +-----------------------------------+---------+---------+----------+-----------+-----------+------+----------+
        |- VITIS_LOOP_42_3_VITIS_LOOP_43_4  |     3085|     3085|        17|          3|          1|  1024|       yes|
        +-----------------------------------+---------+---------+----------+-----------+-----------+------+----------+

============================================================
+ Verbose Summary: Synthesis Manager
============================================================
InlineROM: 1
ExposeGlobal: 0
============================================================
+ Verbose Summary: CDFG Model
============================================================
IsTopModel: 0
ResetActiveHigh: 1
IsCombinational: 0
IsDatapathOnly: 0
HasWiredReturn: 1
HasMFsm: 2
HasVarLatency: 1
IsPipeline: 0
IsRtlPipelined: 0
IsInstanceOverlapped: 0
IsDontTouch: 0
HasImplIP: 0
IsGatedGlobalClock: 0

+ Individual pipeline summary: 
  * Pipeline-0: initiation interval (II) = 3, depth = 17


============================================================
+ Verbose Summary: Schedule
============================================================
* Number of FSM states : 17
* Pipeline : 1
  Pipeline-0 : II = 3, D = 17, States = { 1 2 3 4 5 6 7 8 9 10 11 12 13 14 15 16 17 }
* Dataflow Pipeline: 0

* FSM state transitions: 
1 --> 2 
2 --> 3 
3 --> 4 
4 --> 5 
5 --> 6 
6 --> 7 
7 --> 8 
8 --> 9 
9 --> 10 
10 --> 11 
11 --> 12 
12 --> 13 
13 --> 14 
14 --> 15 
15 --> 16 
16 --> 17 
17 --> 

* FSM state operations: 

State 1 <SV = 0> <Delay = 6.89>
ST_1 : Operation 20 [1/1] (0.00ns)   --->   "%x = alloca i32 1" [cnn_accel.cpp:43]   --->   Operation 20 'alloca' 'x' <Predicate = true> <Delay = 0.00>
ST_1 : Operation 21 [1/1] (0.00ns)   --->   "%y = alloca i32 1" [cnn_accel.cpp:42]   --->   Operation 21 'alloca' 'y' <Predicate = true> <Delay = 0.00>
ST_1 : Operation 22 [1/1] (0.00ns)   --->   "%indvar_flatten = alloca i32 1"   --->   Operation 22 'alloca' 'indvar_flatten' <Predicate = true> <Delay = 0.00>
ST_1 : Operation 23 [1/1] (0.00ns)   --->   "%tx_read = read i31 @_ssdm_op_Read.ap_auto.i31, i31 %tx"   --->   Operation 23 'read' 'tx_read' <Predicate = true> <Delay = 0.00>
ST_1 : Operation 24 [1/1] (0.00ns)   --->   "%sext_ln35_read = read i32 @_ssdm_op_Read.ap_auto.i32, i32 %sext_ln35"   --->   Operation 24 'read' 'sext_ln35_read' <Predicate = true> <Delay = 0.00>
ST_1 : Operation 25 [1/1] (0.00ns)   --->   "%size_read = read i32 @_ssdm_op_Read.ap_auto.i32, i32 %size"   --->   Operation 25 'read' 'size_read' <Predicate = true> <Delay = 0.00>
ST_1 : Operation 26 [1/1] (0.00ns)   --->   "%ty_read = read i31 @_ssdm_op_Read.ap_auto.i31, i31 %ty"   --->   Operation 26 'read' 'ty_read' <Predicate = true> <Delay = 0.00>
ST_1 : Operation 27 [1/1] (0.00ns)   --->   "%input_r_read = read i64 @_ssdm_op_Read.ap_auto.i64, i64 %input_r"   --->   Operation 27 'read' 'input_r_read' <Predicate = true> <Delay = 0.00>
ST_1 : Operation 28 [1/1] (0.00ns)   --->   "%tx_cast = zext i31 %tx_read"   --->   Operation 28 'zext' 'tx_cast' <Predicate = true> <Delay = 0.00>
ST_1 : Operation 29 [1/1] (0.00ns)   --->   "%sext_ln35_cast = sext i32 %sext_ln35_read"   --->   Operation 29 'sext' 'sext_ln35_cast' <Predicate = true> <Delay = 0.00>
ST_1 : Operation 30 [1/1] (0.00ns)   --->   "%ty_cast = zext i31 %ty_read"   --->   Operation 30 'zext' 'ty_cast' <Predicate = true> <Delay = 0.00>
ST_1 : Operation 31 [1/1] (0.00ns)   --->   "%specmemcore_ln0 = specmemcore void @_ssdm_op_SpecMemCore, i8 %tile_in, i64 666, i64 30, i64 18446744073709551615"   --->   Operation 31 'specmemcore' 'specmemcore_ln0' <Predicate = true> <Delay = 0.00>
ST_1 : Operation 32 [1/1] (0.00ns)   --->   "%specmemcore_ln0 = specmemcore void @_ssdm_op_SpecMemCore, i8 %tile_in_1, i64 666, i64 30, i64 18446744073709551615"   --->   Operation 32 'specmemcore' 'specmemcore_ln0' <Predicate = true> <Delay = 0.00>
ST_1 : Operation 33 [1/1] (0.00ns)   --->   "%specmemcore_ln0 = specmemcore void @_ssdm_op_SpecMemCore, i8 %tile_in_2, i64 666, i64 30, i64 18446744073709551615"   --->   Operation 33 'specmemcore' 'specmemcore_ln0' <Predicate = true> <Delay = 0.00>
ST_1 : Operation 34 [1/1] (0.00ns)   --->   "%specinterface_ln0 = specinterface void @_ssdm_op_SpecInterface, i8 %gmem, void @empty_0, i32 0, i32 0, void @empty_1, i32 0, i32 2768896, void @empty_2, void @empty_3, void @empty_1, i32 16, i32 16, i32 16, i32 16, void @empty_1, void @empty_1, i32 4294967295, i32 0, i32 0"   --->   Operation 34 'specinterface' 'specinterface_ln0' <Predicate = true> <Delay = 0.00>
ST_1 : Operation 35 [1/1] (1.61ns)   --->   "%store_ln0 = store i11 0, i11 %indvar_flatten"   --->   Operation 35 'store' 'store_ln0' <Predicate = true> <Delay = 1.61>
ST_1 : Operation 36 [1/1] (1.61ns)   --->   "%store_ln42 = store i6 0, i6 %y" [cnn_accel.cpp:42]   --->   Operation 36 'store' 'store_ln42' <Predicate = true> <Delay = 1.61>
ST_1 : Operation 37 [1/1] (1.61ns)   --->   "%store_ln43 = store i6 0, i6 %x" [cnn_accel.cpp:43]   --->   Operation 37 'store' 'store_ln43' <Predicate = true> <Delay = 1.61>
ST_1 : Operation 38 [1/1] (0.00ns)   --->   "%br_ln0 = br void %for.body14"   --->   Operation 38 'br' 'br_ln0' <Predicate = true> <Delay = 0.00>
ST_1 : Operation 39 [1/1] (0.00ns)   --->   "%indvar_flatten_load = load i11 %indvar_flatten" [cnn_accel.cpp:42]   --->   Operation 39 'load' 'indvar_flatten_load' <Predicate = true> <Delay = 0.00>
ST_1 : Operation 40 [1/1] (0.00ns)   --->   "%specbitsmap_ln0 = specbitsmap void @_ssdm_op_SpecBitsMap, i8 %gmem"   --->   Operation 40 'specbitsmap' 'specbitsmap_ln0' <Predicate = true> <Delay = 0.00>
ST_1 : Operation 41 [1/1] (2.12ns)   --->   "%icmp_ln42 = icmp_eq  i11 %indvar_flatten_load, i11 1024" [cnn_accel.cpp:42]   --->   Operation 41 'icmp' 'icmp_ln42' <Predicate = true> <Delay = 2.12> <CoreInst = "Cmp">   --->   Core 9 'Cmp' <Latency = 0> <II = 1> <Delay = 2.12> <FuncUnit> <Opcode : 'seteq' 'setne' 'setle' 'setge' 'setlt' 'setgt'> <InPorts = 2> <OutPorts = 1>
ST_1 : Operation 42 [1/1] (2.12ns)   --->   "%add_ln42_1 = add i11 %indvar_flatten_load, i11 1" [cnn_accel.cpp:42]   --->   Operation 42 'add' 'add_ln42_1' <Predicate = true> <Delay = 2.12> <CoreInst = "Adder">   --->   Core 1 'Adder' <Latency = 0> <II = 1> <Delay = 2.12> <FuncUnit> <Opcode : 'add' 'sub'> <InPorts = 2> <OutPorts = 1>
ST_1 : Operation 43 [1/1] (0.00ns)   --->   "%br_ln42 = br i1 %icmp_ln42, void %for.inc60, void %VITIS_LOOP_69_7.preheader.exitStub" [cnn_accel.cpp:42]   --->   Operation 43 'br' 'br_ln42' <Predicate = true> <Delay = 0.00>
ST_1 : Operation 44 [1/1] (0.00ns)   --->   "%x_load = load i6 %x" [cnn_accel.cpp:43]   --->   Operation 44 'load' 'x_load' <Predicate = (!icmp_ln42)> <Delay = 0.00>
ST_1 : Operation 45 [1/1] (0.00ns)   --->   "%y_load = load i6 %y" [cnn_accel.cpp:42]   --->   Operation 45 'load' 'y_load' <Predicate = (!icmp_ln42)> <Delay = 0.00>
ST_1 : Operation 46 [1/1] (1.94ns)   --->   "%add_ln42 = add i6 %y_load, i6 1" [cnn_accel.cpp:42]   --->   Operation 46 'add' 'add_ln42' <Predicate = (!icmp_ln42)> <Delay = 1.94> <CoreInst = "Adder">   --->   Core 1 'Adder' <Latency = 0> <II = 1> <Delay = 1.94> <FuncUnit> <Opcode : 'add' 'sub'> <InPorts = 2> <OutPorts = 1>
ST_1 : Operation 47 [1/1] (1.94ns)   --->   "%icmp_ln43 = icmp_eq  i6 %x_load, i6 32" [cnn_accel.cpp:43]   --->   Operation 47 'icmp' 'icmp_ln43' <Predicate = (!icmp_ln42)> <Delay = 1.94> <CoreInst = "Cmp">   --->   Core 9 'Cmp' <Latency = 0> <II = 1> <Delay = 1.94> <FuncUnit> <Opcode : 'seteq' 'setne' 'setle' 'setge' 'setlt' 'setgt'> <InPorts = 2> <OutPorts = 1>
ST_1 : Operation 48 [1/1] (0.66ns)   --->   "%select_ln42 = select i1 %icmp_ln43, i6 0, i6 %x_load" [cnn_accel.cpp:42]   --->   Operation 48 'select' 'select_ln42' <Predicate = (!icmp_ln42)> <Delay = 0.66> <CoreInst = "Sel">   --->   Core 73 'Sel' <Latency = 0> <II = 1> <Delay = 0.66> <FuncUnit> <Opcode : 'select'> <InPorts = 3> <OutPorts = 1>
ST_1 : Operation 49 [1/1] (0.66ns)   --->   "%select_ln42_1 = select i1 %icmp_ln43, i6 %add_ln42, i6 %y_load" [cnn_accel.cpp:42]   --->   Operation 49 'select' 'select_ln42_1' <Predicate = (!icmp_ln42)> <Delay = 0.66> <CoreInst = "Sel">   --->   Core 73 'Sel' <Latency = 0> <II = 1> <Delay = 0.66> <FuncUnit> <Opcode : 'select'> <InPorts = 3> <OutPorts = 1>
ST_1 : Operation 50 [1/1] (0.00ns)   --->   "%trunc_ln52 = trunc i6 %select_ln42_1" [cnn_accel.cpp:52]   --->   Operation 50 'trunc' 'trunc_ln52' <Predicate = (!icmp_ln42)> <Delay = 0.00>
ST_1 : Operation 51 [1/1] (0.00ns)   --->   "%zext_ln42 = zext i6 %select_ln42_1" [cnn_accel.cpp:42]   --->   Operation 51 'zext' 'zext_ln42' <Predicate = (!icmp_ln42)> <Delay = 0.00>
ST_1 : Operation 52 [1/1] (2.66ns)   --->   "%empty = add i32 %zext_ln42, i32 %ty_cast" [cnn_accel.cpp:42]   --->   Operation 52 'add' 'empty' <Predicate = (!icmp_ln42)> <Delay = 2.66> <CoreInst = "Adder">   --->   Core 1 'Adder' <Latency = 0> <II = 1> <Delay = 2.66> <FuncUnit> <Opcode : 'add' 'sub'> <InPorts = 2> <OutPorts = 1>
ST_1 : Operation 53 [1/1] (0.00ns)   --->   "%zext_ln43 = zext i6 %select_ln42" [cnn_accel.cpp:43]   --->   Operation 53 'zext' 'zext_ln43' <Predicate = (!icmp_ln42)> <Delay = 0.00>
ST_1 : Operation 54 [1/1] (2.66ns)   --->   "%add_ln47 = add i32 %zext_ln43, i32 %tx_cast" [cnn_accel.cpp:47]   --->   Operation 54 'add' 'add_ln47' <Predicate = (!icmp_ln42)> <Delay = 2.66> <CoreInst = "Adder">   --->   Core 1 'Adder' <Latency = 0> <II = 1> <Delay = 2.66> <FuncUnit> <Opcode : 'add' 'sub'> <InPorts = 2> <OutPorts = 1>
ST_1 : Operation 55 [1/1] (1.61ns)   --->   "%store_ln42 = store i11 %add_ln42_1, i11 %indvar_flatten" [cnn_accel.cpp:42]   --->   Operation 55 'store' 'store_ln42' <Predicate = (!icmp_ln42)> <Delay = 1.61>
ST_1 : Operation 56 [1/1] (1.61ns)   --->   "%store_ln42 = store i6 %select_ln42_1, i6 %y" [cnn_accel.cpp:42]   --->   Operation 56 'store' 'store_ln42' <Predicate = (!icmp_ln42)> <Delay = 1.61>

State 2 <SV = 1> <Delay = 6.93>
ST_2 : Operation 57 [1/1] (0.00ns)   --->   "%tmp = bitconcatenate i10 @_ssdm_op_BitConcatenate.i10.i5.i5, i5 %trunc_ln52, i5 0" [cnn_accel.cpp:52]   --->   Operation 57 'bitconcatenate' 'tmp' <Predicate = (!icmp_ln42)> <Delay = 0.00>
ST_2 : Operation 58 [1/1] (0.00ns)   --->   "%p_cast = zext i32 %empty" [cnn_accel.cpp:42]   --->   Operation 58 'zext' 'p_cast' <Predicate = (!icmp_ln42)> <Delay = 0.00>
ST_2 : Operation 59 [1/1] (2.70ns)   --->   "%cmp16 = icmp_slt  i32 %empty, i32 %size_read" [cnn_accel.cpp:42]   --->   Operation 59 'icmp' 'cmp16' <Predicate = (!icmp_ln42)> <Delay = 2.70> <CoreInst = "Cmp">   --->   Core 9 'Cmp' <Latency = 0> <II = 1> <Delay = 2.70> <FuncUnit> <Opcode : 'seteq' 'setne' 'setle' 'setge' 'setlt' 'setgt'> <InPorts = 2> <OutPorts = 1>
ST_2 : Operation 60 [2/2] (6.86ns)   --->   "%empty_24 = mul i62 %p_cast, i62 %sext_ln35_cast" [cnn_accel.cpp:42]   --->   Operation 60 'mul' 'empty_24' <Predicate = (!icmp_ln42)> <Delay = 6.86> <CoreInst = "Multiplier">   --->   Core 3 'Multiplier' <Latency = 1> <II = 1> <Delay = 6.86> <FuncUnit> <Opcode : 'mul'> <InPorts = 2> <OutPorts = 1>
ST_2 : Operation 61 [1/1] (0.00ns)   --->   "%zext_ln52 = zext i6 %select_ln42" [cnn_accel.cpp:52]   --->   Operation 61 'zext' 'zext_ln52' <Predicate = (!icmp_ln42)> <Delay = 0.00>
ST_2 : Operation 62 [1/1] (2.12ns)   --->   "%add_ln52_1 = add i10 %tmp, i10 %zext_ln52" [cnn_accel.cpp:52]   --->   Operation 62 'add' 'add_ln52_1' <Predicate = (!icmp_ln42)> <Delay = 2.12> <CoreInst = "Adder">   --->   Core 1 'Adder' <Latency = 0> <II = 1> <Delay = 2.12> <FuncUnit> <Opcode : 'add' 'sub'> <InPorts = 2> <OutPorts = 1>
ST_2 : Operation 63 [1/1] (0.00ns)   --->   "%zext_ln52_1 = zext i10 %add_ln52_1" [cnn_accel.cpp:52]   --->   Operation 63 'zext' 'zext_ln52_1' <Predicate = (!icmp_ln42)> <Delay = 0.00>
ST_2 : Operation 64 [1/1] (0.00ns)   --->   "%tile_in_addr = getelementptr i8 %tile_in, i64 0, i64 %zext_ln52_1" [cnn_accel.cpp:52]   --->   Operation 64 'getelementptr' 'tile_in_addr' <Predicate = (!icmp_ln42)> <Delay = 0.00>
ST_2 : Operation 65 [1/1] (0.00ns)   --->   "%tile_in_1_addr = getelementptr i8 %tile_in_1, i64 0, i64 %zext_ln52_1" [cnn_accel.cpp:53]   --->   Operation 65 'getelementptr' 'tile_in_1_addr' <Predicate = (!icmp_ln42)> <Delay = 0.00>
ST_2 : Operation 66 [1/1] (0.00ns)   --->   "%tile_in_2_addr = getelementptr i8 %tile_in_2, i64 0, i64 %zext_ln52_1" [cnn_accel.cpp:54]   --->   Operation 66 'getelementptr' 'tile_in_2_addr' <Predicate = (!icmp_ln42)> <Delay = 0.00>
ST_2 : Operation 67 [1/1] (2.70ns)   --->   "%icmp_ln49 = icmp_slt  i32 %add_ln47, i32 %size_read" [cnn_accel.cpp:49]   --->   Operation 67 'icmp' 'icmp_ln49' <Predicate = (!icmp_ln42)> <Delay = 2.70> <CoreInst = "Cmp">   --->   Core 9 'Cmp' <Latency = 0> <II = 1> <Delay = 2.70> <FuncUnit> <Opcode : 'seteq' 'setne' 'setle' 'setge' 'setlt' 'setgt'> <InPorts = 2> <OutPorts = 1>
ST_2 : Operation 68 [1/1] (0.97ns)   --->   "%and_ln49 = and i1 %cmp16, i1 %icmp_ln49" [cnn_accel.cpp:49]   --->   Operation 68 'and' 'and_ln49' <Predicate = (!icmp_ln42)> <Delay = 0.97> <CoreInst = "LogicGate">   --->   Core 74 'LogicGate' <Latency = 0> <II = 1> <Delay = 0.97> <FuncUnit> <Opcode : 'and' 'or' 'xor'> <InPorts = 2> <OutPorts = 1>
ST_2 : Operation 69 [1/1] (0.00ns)   --->   "%br_ln49 = br i1 %and_ln49, void %if.else, void %if.then18" [cnn_accel.cpp:49]   --->   Operation 69 'br' 'br_ln49' <Predicate = (!icmp_ln42)> <Delay = 0.00>
ST_2 : Operation 70 [1/1] ( I:3.25ns O:3.25ns )   --->   "%store_ln57 = store i8 0, i10 %tile_in_addr" [cnn_accel.cpp:57]   --->   Operation 70 'store' 'store_ln57' <Predicate = (!icmp_ln42 & !and_ln49)> <Delay = 3.25> <CoreInst = "RAM_T2P_BRAM">   --->   Core 93 'RAM_T2P_BRAM' <Latency = 1> <II = 1> <Delay = 3.25> <Storage> <Opcode : 'load' 'store'> <Ports = 2> <Width = 8> <Depth = 1024> <RAM>
ST_2 : Operation 71 [1/1] ( I:3.25ns O:3.25ns )   --->   "%store_ln58 = store i8 0, i10 %tile_in_1_addr" [cnn_accel.cpp:58]   --->   Operation 71 'store' 'store_ln58' <Predicate = (!icmp_ln42 & !and_ln49)> <Delay = 3.25> <CoreInst = "RAM_T2P_BRAM">   --->   Core 93 'RAM_T2P_BRAM' <Latency = 1> <II = 1> <Delay = 3.25> <Storage> <Opcode : 'load' 'store'> <Ports = 2> <Width = 8> <Depth = 1024> <RAM>
ST_2 : Operation 72 [1/1] (1.61ns)   --->   "%br_ln0 = br void %for.inc"   --->   Operation 72 'br' 'br_ln0' <Predicate = (!icmp_ln42 & !and_ln49)> <Delay = 1.61>
ST_2 : Operation 73 [1/1] (1.94ns)   --->   "%add_ln43 = add i6 %select_ln42, i6 1" [cnn_accel.cpp:43]   --->   Operation 73 'add' 'add_ln43' <Predicate = (!icmp_ln42)> <Delay = 1.94> <CoreInst = "Adder">   --->   Core 1 'Adder' <Latency = 0> <II = 1> <Delay = 1.94> <FuncUnit> <Opcode : 'add' 'sub'> <InPorts = 2> <OutPorts = 1>
ST_2 : Operation 74 [1/1] (1.61ns)   --->   "%store_ln43 = store i6 %add_ln43, i6 %x" [cnn_accel.cpp:43]   --->   Operation 74 'store' 'store_ln43' <Predicate = (!icmp_ln42)> <Delay = 1.61>

State 3 <SV = 2> <Delay = 6.86>
ST_3 : Operation 75 [1/2] (6.86ns)   --->   "%empty_24 = mul i62 %p_cast, i62 %sext_ln35_cast" [cnn_accel.cpp:42]   --->   Operation 75 'mul' 'empty_24' <Predicate = (!icmp_ln42)> <Delay = 6.86> <CoreInst = "Multiplier">   --->   Core 3 'Multiplier' <Latency = 1> <II = 1> <Delay = 6.86> <FuncUnit> <Opcode : 'mul'> <InPorts = 2> <OutPorts = 1>

State 4 <SV = 3> <Delay = 7.06>
ST_4 : Operation 76 [1/1] (0.00ns)   --->   "%specloopname_ln0 = specloopname void @_ssdm_op_SpecLoopName, void @VITIS_LOOP_42_3_VITIS_LOOP_43_4_str"   --->   Operation 76 'specloopname' 'specloopname_ln0' <Predicate = (!icmp_ln42)> <Delay = 0.00>
ST_4 : Operation 77 [1/1] (0.00ns)   --->   "%speclooptripcount_ln0 = speclooptripcount void @_ssdm_op_SpecLoopTripCount, i64 1024, i64 1024, i64 1024"   --->   Operation 77 'speclooptripcount' 'speclooptripcount_ln0' <Predicate = (!icmp_ln42)> <Delay = 0.00>
ST_4 : Operation 78 [1/1] (0.00ns)   --->   "%specpipeline_ln44 = specpipeline void @_ssdm_op_SpecPipeline, i32 1, i32 0, i32 0, i32 0, void @empty_1" [cnn_accel.cpp:44]   --->   Operation 78 'specpipeline' 'specpipeline_ln44' <Predicate = (!icmp_ln42)> <Delay = 0.00>
ST_4 : Operation 79 [1/1] (0.00ns)   --->   "%zext_ln49 = zext i32 %add_ln47" [cnn_accel.cpp:49]   --->   Operation 79 'zext' 'zext_ln49' <Predicate = (!icmp_ln42)> <Delay = 0.00>
ST_4 : Operation 80 [1/1] (3.50ns)   --->   "%add_ln50 = add i62 %zext_ln49, i62 %empty_24" [cnn_accel.cpp:50]   --->   Operation 80 'add' 'add_ln50' <Predicate = (!icmp_ln42 & and_ln49)> <Delay = 3.50> <CoreInst = "Adder">   --->   Core 1 'Adder' <Latency = 0> <II = 1> <Delay = 3.50> <FuncUnit> <Opcode : 'add' 'sub'> <InPorts = 2> <OutPorts = 1>
ST_4 : Operation 81 [1/1] (0.00ns)   --->   "%zext_ln50 = zext i62 %add_ln50" [cnn_accel.cpp:50]   --->   Operation 81 'zext' 'zext_ln50' <Predicate = (!icmp_ln42 & and_ln49)> <Delay = 0.00>
ST_4 : Operation 82 [1/1] (0.00ns)   --->   "%p_shl = bitconcatenate i64 @_ssdm_op_BitConcatenate.i64.i62.i2, i62 %add_ln50, i2 0" [cnn_accel.cpp:50]   --->   Operation 82 'bitconcatenate' 'p_shl' <Predicate = (!icmp_ln42 & and_ln49)> <Delay = 0.00>
ST_4 : Operation 83 [1/1] (3.56ns)   --->   "%sub_ln50 = sub i64 %p_shl, i64 %zext_ln50" [cnn_accel.cpp:50]   --->   Operation 83 'sub' 'sub_ln50' <Predicate = (!icmp_ln42 & and_ln49)> <Delay = 3.56> <CoreInst = "Adder">   --->   Core 1 'Adder' <Latency = 0> <II = 1> <Delay = 3.56> <FuncUnit> <Opcode : 'add' 'sub'> <InPorts = 2> <OutPorts = 1>

State 5 <SV = 4> <Delay = 5.44>
ST_5 : Operation 84 [1/1] (3.56ns)   --->   "%add_ln52 = add i64 %sub_ln50, i64 %input_r_read" [cnn_accel.cpp:52]   --->   Operation 84 'add' 'add_ln52' <Predicate = (!icmp_ln42 & and_ln49)> <Delay = 3.56> <CoreInst = "Adder">   --->   Core 1 'Adder' <Latency = 0> <II = 1> <Delay = 3.56> <FuncUnit> <Opcode : 'add' 'sub'> <InPorts = 2> <OutPorts = 1>
ST_5 : Operation 85 [1/1] (0.00ns)   --->   "%gmem_addr_2 = getelementptr i8 %gmem, i64 %add_ln52" [cnn_accel.cpp:52]   --->   Operation 85 'getelementptr' 'gmem_addr_2' <Predicate = (!icmp_ln42 & and_ln49)> <Delay = 0.00>
ST_5 : Operation 86 [1/1] (0.00ns) (grouped into TernaryAdder)   --->   "%add_ln53 = add i64 %sub_ln50, i64 1" [cnn_accel.cpp:53]   --->   Operation 86 'add' 'add_ln53' <Predicate = (!icmp_ln42 & and_ln49)> <Delay = 0.00> <CoreInst = "TAddSub">   --->   Core 10 'TAddSub' <Latency = 0> <II = 1> <Delay = 2.72> <IPBlock> <Opcode : '' 'add' 'sub'> <InPorts = 3> <OutPorts = 1> <Sync> <CReg>
ST_5 : Operation 87 [1/1] (5.44ns) (root node of TernaryAdder)   --->   "%add_ln53_1 = add i64 %add_ln53, i64 %input_r_read" [cnn_accel.cpp:53]   --->   Operation 87 'add' 'add_ln53_1' <Predicate = (!icmp_ln42 & and_ln49)> <Delay = 5.44> <CoreInst = "TAddSub">   --->   Core 10 'TAddSub' <Latency = 0> <II = 1> <Delay = 2.72> <IPBlock> <Opcode : '' 'add' 'sub'> <InPorts = 3> <OutPorts = 1> <Sync> <CReg>
ST_5 : Operation 88 [1/1] (0.00ns)   --->   "%gmem_addr_3 = getelementptr i8 %gmem, i64 %add_ln53_1" [cnn_accel.cpp:53]   --->   Operation 88 'getelementptr' 'gmem_addr_3' <Predicate = (!icmp_ln42 & and_ln49)> <Delay = 0.00>
ST_5 : Operation 89 [1/1] (0.00ns) (grouped into TernaryAdder)   --->   "%add_ln54 = add i64 %sub_ln50, i64 2" [cnn_accel.cpp:54]   --->   Operation 89 'add' 'add_ln54' <Predicate = (!icmp_ln42 & and_ln49)> <Delay = 0.00> <CoreInst = "TAddSub">   --->   Core 10 'TAddSub' <Latency = 0> <II = 1> <Delay = 2.72> <IPBlock> <Opcode : '' 'add' 'sub'> <InPorts = 3> <OutPorts = 1> <Sync> <CReg>
ST_5 : Operation 90 [1/1] (5.44ns) (root node of TernaryAdder)   --->   "%add_ln54_1 = add i64 %add_ln54, i64 %input_r_read" [cnn_accel.cpp:54]   --->   Operation 90 'add' 'add_ln54_1' <Predicate = (!icmp_ln42 & and_ln49)> <Delay = 5.44> <CoreInst = "TAddSub">   --->   Core 10 'TAddSub' <Latency = 0> <II = 1> <Delay = 2.72> <IPBlock> <Opcode : '' 'add' 'sub'> <InPorts = 3> <OutPorts = 1> <Sync> <CReg>
ST_5 : Operation 91 [1/1] (0.00ns)   --->   "%gmem_addr_4 = getelementptr i8 %gmem, i64 %add_ln54_1" [cnn_accel.cpp:54]   --->   Operation 91 'getelementptr' 'gmem_addr_4' <Predicate = (!icmp_ln42 & and_ln49)> <Delay = 0.00>

State 6 <SV = 5> <Delay = 7.30>
ST_6 : Operation 92 [8/8] (7.30ns)   --->   "%gmem_load_1_req = readreq i1 @_ssdm_op_ReadReq.m_axi.i8P1A, i8 %gmem_addr_2, i64 1" [cnn_accel.cpp:52]   --->   Operation 92 'readreq' 'gmem_load_1_req' <Predicate = (!icmp_ln42 & and_ln49)> <Delay = 7.30> <CoreInst = "m_axi">   --->   Core 111 'm_axi' <Latency = 6> <II = 1> <Delay = 1.00> <Adapter> <Opcode : 'read' 'write' 'readreq' 'writereq' 'writeresp'>

State 7 <SV = 6> <Delay = 7.30>
ST_7 : Operation 93 [7/8] (7.30ns)   --->   "%gmem_load_1_req = readreq i1 @_ssdm_op_ReadReq.m_axi.i8P1A, i8 %gmem_addr_2, i64 1" [cnn_accel.cpp:52]   --->   Operation 93 'readreq' 'gmem_load_1_req' <Predicate = (!icmp_ln42 & and_ln49)> <Delay = 7.30> <CoreInst = "m_axi">   --->   Core 111 'm_axi' <Latency = 6> <II = 1> <Delay = 1.00> <Adapter> <Opcode : 'read' 'write' 'readreq' 'writereq' 'writeresp'>
ST_7 : Operation 94 [8/8] (7.30ns)   --->   "%gmem_load_2_req = readreq i1 @_ssdm_op_ReadReq.m_axi.i8P1A, i8 %gmem_addr_3, i64 1" [cnn_accel.cpp:53]   --->   Operation 94 'readreq' 'gmem_load_2_req' <Predicate = (!icmp_ln42 & and_ln49)> <Delay = 7.30> <CoreInst = "m_axi">   --->   Core 111 'm_axi' <Latency = 6> <II = 1> <Delay = 1.00> <Adapter> <Opcode : 'read' 'write' 'readreq' 'writereq' 'writeresp'>

State 8 <SV = 7> <Delay = 7.30>
ST_8 : Operation 95 [6/8] (7.30ns)   --->   "%gmem_load_1_req = readreq i1 @_ssdm_op_ReadReq.m_axi.i8P1A, i8 %gmem_addr_2, i64 1" [cnn_accel.cpp:52]   --->   Operation 95 'readreq' 'gmem_load_1_req' <Predicate = (!icmp_ln42 & and_ln49)> <Delay = 7.30> <CoreInst = "m_axi">   --->   Core 111 'm_axi' <Latency = 6> <II = 1> <Delay = 1.00> <Adapter> <Opcode : 'read' 'write' 'readreq' 'writereq' 'writeresp'>
ST_8 : Operation 96 [7/8] (7.30ns)   --->   "%gmem_load_2_req = readreq i1 @_ssdm_op_ReadReq.m_axi.i8P1A, i8 %gmem_addr_3, i64 1" [cnn_accel.cpp:53]   --->   Operation 96 'readreq' 'gmem_load_2_req' <Predicate = (!icmp_ln42 & and_ln49)> <Delay = 7.30> <CoreInst = "m_axi">   --->   Core 111 'm_axi' <Latency = 6> <II = 1> <Delay = 1.00> <Adapter> <Opcode : 'read' 'write' 'readreq' 'writereq' 'writeresp'>
ST_8 : Operation 97 [8/8] (7.30ns)   --->   "%gmem_load_3_req = readreq i1 @_ssdm_op_ReadReq.m_axi.i8P1A, i8 %gmem_addr_4, i64 1" [cnn_accel.cpp:54]   --->   Operation 97 'readreq' 'gmem_load_3_req' <Predicate = (!icmp_ln42 & and_ln49)> <Delay = 7.30> <CoreInst = "m_axi">   --->   Core 111 'm_axi' <Latency = 6> <II = 1> <Delay = 1.00> <Adapter> <Opcode : 'read' 'write' 'readreq' 'writereq' 'writeresp'>

State 9 <SV = 8> <Delay = 7.30>
ST_9 : Operation 98 [5/8] (7.30ns)   --->   "%gmem_load_1_req = readreq i1 @_ssdm_op_ReadReq.m_axi.i8P1A, i8 %gmem_addr_2, i64 1" [cnn_accel.cpp:52]   --->   Operation 98 'readreq' 'gmem_load_1_req' <Predicate = (!icmp_ln42 & and_ln49)> <Delay = 7.30> <CoreInst = "m_axi">   --->   Core 111 'm_axi' <Latency = 6> <II = 1> <Delay = 1.00> <Adapter> <Opcode : 'read' 'write' 'readreq' 'writereq' 'writeresp'>
ST_9 : Operation 99 [6/8] (7.30ns)   --->   "%gmem_load_2_req = readreq i1 @_ssdm_op_ReadReq.m_axi.i8P1A, i8 %gmem_addr_3, i64 1" [cnn_accel.cpp:53]   --->   Operation 99 'readreq' 'gmem_load_2_req' <Predicate = (!icmp_ln42 & and_ln49)> <Delay = 7.30> <CoreInst = "m_axi">   --->   Core 111 'm_axi' <Latency = 6> <II = 1> <Delay = 1.00> <Adapter> <Opcode : 'read' 'write' 'readreq' 'writereq' 'writeresp'>
ST_9 : Operation 100 [7/8] (7.30ns)   --->   "%gmem_load_3_req = readreq i1 @_ssdm_op_ReadReq.m_axi.i8P1A, i8 %gmem_addr_4, i64 1" [cnn_accel.cpp:54]   --->   Operation 100 'readreq' 'gmem_load_3_req' <Predicate = (!icmp_ln42 & and_ln49)> <Delay = 7.30> <CoreInst = "m_axi">   --->   Core 111 'm_axi' <Latency = 6> <II = 1> <Delay = 1.00> <Adapter> <Opcode : 'read' 'write' 'readreq' 'writereq' 'writeresp'>

State 10 <SV = 9> <Delay = 7.30>
ST_10 : Operation 101 [4/8] (7.30ns)   --->   "%gmem_load_1_req = readreq i1 @_ssdm_op_ReadReq.m_axi.i8P1A, i8 %gmem_addr_2, i64 1" [cnn_accel.cpp:52]   --->   Operation 101 'readreq' 'gmem_load_1_req' <Predicate = (!icmp_ln42 & and_ln49)> <Delay = 7.30> <CoreInst = "m_axi">   --->   Core 111 'm_axi' <Latency = 6> <II = 1> <Delay = 1.00> <Adapter> <Opcode : 'read' 'write' 'readreq' 'writereq' 'writeresp'>
ST_10 : Operation 102 [5/8] (7.30ns)   --->   "%gmem_load_2_req = readreq i1 @_ssdm_op_ReadReq.m_axi.i8P1A, i8 %gmem_addr_3, i64 1" [cnn_accel.cpp:53]   --->   Operation 102 'readreq' 'gmem_load_2_req' <Predicate = (!icmp_ln42 & and_ln49)> <Delay = 7.30> <CoreInst = "m_axi">   --->   Core 111 'm_axi' <Latency = 6> <II = 1> <Delay = 1.00> <Adapter> <Opcode : 'read' 'write' 'readreq' 'writereq' 'writeresp'>
ST_10 : Operation 103 [6/8] (7.30ns)   --->   "%gmem_load_3_req = readreq i1 @_ssdm_op_ReadReq.m_axi.i8P1A, i8 %gmem_addr_4, i64 1" [cnn_accel.cpp:54]   --->   Operation 103 'readreq' 'gmem_load_3_req' <Predicate = (!icmp_ln42 & and_ln49)> <Delay = 7.30> <CoreInst = "m_axi">   --->   Core 111 'm_axi' <Latency = 6> <II = 1> <Delay = 1.00> <Adapter> <Opcode : 'read' 'write' 'readreq' 'writereq' 'writeresp'>

State 11 <SV = 10> <Delay = 7.30>
ST_11 : Operation 104 [3/8] (7.30ns)   --->   "%gmem_load_1_req = readreq i1 @_ssdm_op_ReadReq.m_axi.i8P1A, i8 %gmem_addr_2, i64 1" [cnn_accel.cpp:52]   --->   Operation 104 'readreq' 'gmem_load_1_req' <Predicate = (!icmp_ln42 & and_ln49)> <Delay = 7.30> <CoreInst = "m_axi">   --->   Core 111 'm_axi' <Latency = 6> <II = 1> <Delay = 1.00> <Adapter> <Opcode : 'read' 'write' 'readreq' 'writereq' 'writeresp'>
ST_11 : Operation 105 [4/8] (7.30ns)   --->   "%gmem_load_2_req = readreq i1 @_ssdm_op_ReadReq.m_axi.i8P1A, i8 %gmem_addr_3, i64 1" [cnn_accel.cpp:53]   --->   Operation 105 'readreq' 'gmem_load_2_req' <Predicate = (!icmp_ln42 & and_ln49)> <Delay = 7.30> <CoreInst = "m_axi">   --->   Core 111 'm_axi' <Latency = 6> <II = 1> <Delay = 1.00> <Adapter> <Opcode : 'read' 'write' 'readreq' 'writereq' 'writeresp'>
ST_11 : Operation 106 [5/8] (7.30ns)   --->   "%gmem_load_3_req = readreq i1 @_ssdm_op_ReadReq.m_axi.i8P1A, i8 %gmem_addr_4, i64 1" [cnn_accel.cpp:54]   --->   Operation 106 'readreq' 'gmem_load_3_req' <Predicate = (!icmp_ln42 & and_ln49)> <Delay = 7.30> <CoreInst = "m_axi">   --->   Core 111 'm_axi' <Latency = 6> <II = 1> <Delay = 1.00> <Adapter> <Opcode : 'read' 'write' 'readreq' 'writereq' 'writeresp'>

State 12 <SV = 11> <Delay = 7.30>
ST_12 : Operation 107 [2/8] (7.30ns)   --->   "%gmem_load_1_req = readreq i1 @_ssdm_op_ReadReq.m_axi.i8P1A, i8 %gmem_addr_2, i64 1" [cnn_accel.cpp:52]   --->   Operation 107 'readreq' 'gmem_load_1_req' <Predicate = (!icmp_ln42 & and_ln49)> <Delay = 7.30> <CoreInst = "m_axi">   --->   Core 111 'm_axi' <Latency = 6> <II = 1> <Delay = 1.00> <Adapter> <Opcode : 'read' 'write' 'readreq' 'writereq' 'writeresp'>
ST_12 : Operation 108 [3/8] (7.30ns)   --->   "%gmem_load_2_req = readreq i1 @_ssdm_op_ReadReq.m_axi.i8P1A, i8 %gmem_addr_3, i64 1" [cnn_accel.cpp:53]   --->   Operation 108 'readreq' 'gmem_load_2_req' <Predicate = (!icmp_ln42 & and_ln49)> <Delay = 7.30> <CoreInst = "m_axi">   --->   Core 111 'm_axi' <Latency = 6> <II = 1> <Delay = 1.00> <Adapter> <Opcode : 'read' 'write' 'readreq' 'writereq' 'writeresp'>
ST_12 : Operation 109 [4/8] (7.30ns)   --->   "%gmem_load_3_req = readreq i1 @_ssdm_op_ReadReq.m_axi.i8P1A, i8 %gmem_addr_4, i64 1" [cnn_accel.cpp:54]   --->   Operation 109 'readreq' 'gmem_load_3_req' <Predicate = (!icmp_ln42 & and_ln49)> <Delay = 7.30> <CoreInst = "m_axi">   --->   Core 111 'm_axi' <Latency = 6> <II = 1> <Delay = 1.00> <Adapter> <Opcode : 'read' 'write' 'readreq' 'writereq' 'writeresp'>

State 13 <SV = 12> <Delay = 7.30>
ST_13 : Operation 110 [1/8] (7.30ns)   --->   "%gmem_load_1_req = readreq i1 @_ssdm_op_ReadReq.m_axi.i8P1A, i8 %gmem_addr_2, i64 1" [cnn_accel.cpp:52]   --->   Operation 110 'readreq' 'gmem_load_1_req' <Predicate = (!icmp_ln42 & and_ln49)> <Delay = 7.30> <CoreInst = "m_axi">   --->   Core 111 'm_axi' <Latency = 6> <II = 1> <Delay = 1.00> <Adapter> <Opcode : 'read' 'write' 'readreq' 'writereq' 'writeresp'>
ST_13 : Operation 111 [2/8] (7.30ns)   --->   "%gmem_load_2_req = readreq i1 @_ssdm_op_ReadReq.m_axi.i8P1A, i8 %gmem_addr_3, i64 1" [cnn_accel.cpp:53]   --->   Operation 111 'readreq' 'gmem_load_2_req' <Predicate = (!icmp_ln42 & and_ln49)> <Delay = 7.30> <CoreInst = "m_axi">   --->   Core 111 'm_axi' <Latency = 6> <II = 1> <Delay = 1.00> <Adapter> <Opcode : 'read' 'write' 'readreq' 'writereq' 'writeresp'>
ST_13 : Operation 112 [3/8] (7.30ns)   --->   "%gmem_load_3_req = readreq i1 @_ssdm_op_ReadReq.m_axi.i8P1A, i8 %gmem_addr_4, i64 1" [cnn_accel.cpp:54]   --->   Operation 112 'readreq' 'gmem_load_3_req' <Predicate = (!icmp_ln42 & and_ln49)> <Delay = 7.30> <CoreInst = "m_axi">   --->   Core 111 'm_axi' <Latency = 6> <II = 1> <Delay = 1.00> <Adapter> <Opcode : 'read' 'write' 'readreq' 'writereq' 'writeresp'>

State 14 <SV = 13> <Delay = 7.30>
ST_14 : Operation 113 [1/1] (7.30ns)   --->   "%gmem_addr_2_read = read i8 @_ssdm_op_Read.m_axi.volatile.i8P1A, i8 %gmem_addr_2" [cnn_accel.cpp:52]   --->   Operation 113 'read' 'gmem_addr_2_read' <Predicate = (!icmp_ln42 & and_ln49)> <Delay = 7.30> <CoreInst = "m_axi">   --->   Core 111 'm_axi' <Latency = 3> <II = 1> <Delay = 1.00> <Adapter> <Opcode : 'read' 'write' 'readreq' 'writereq' 'writeresp'>
ST_14 : Operation 114 [1/8] (7.30ns)   --->   "%gmem_load_2_req = readreq i1 @_ssdm_op_ReadReq.m_axi.i8P1A, i8 %gmem_addr_3, i64 1" [cnn_accel.cpp:53]   --->   Operation 114 'readreq' 'gmem_load_2_req' <Predicate = (!icmp_ln42 & and_ln49)> <Delay = 7.30> <CoreInst = "m_axi">   --->   Core 111 'm_axi' <Latency = 6> <II = 1> <Delay = 1.00> <Adapter> <Opcode : 'read' 'write' 'readreq' 'writereq' 'writeresp'>
ST_14 : Operation 115 [2/8] (7.30ns)   --->   "%gmem_load_3_req = readreq i1 @_ssdm_op_ReadReq.m_axi.i8P1A, i8 %gmem_addr_4, i64 1" [cnn_accel.cpp:54]   --->   Operation 115 'readreq' 'gmem_load_3_req' <Predicate = (!icmp_ln42 & and_ln49)> <Delay = 7.30> <CoreInst = "m_axi">   --->   Core 111 'm_axi' <Latency = 6> <II = 1> <Delay = 1.00> <Adapter> <Opcode : 'read' 'write' 'readreq' 'writereq' 'writeresp'>
ST_14 : Operation 125 [1/1] (1.61ns)   --->   "%ret_ln0 = ret"   --->   Operation 125 'ret' 'ret_ln0' <Predicate = (icmp_ln42)> <Delay = 1.61>

State 15 <SV = 14> <Delay = 7.30>
ST_15 : Operation 116 [1/1] ( I:3.25ns O:3.25ns )   --->   "%store_ln52 = store i8 %gmem_addr_2_read, i10 %tile_in_addr" [cnn_accel.cpp:52]   --->   Operation 116 'store' 'store_ln52' <Predicate = (!icmp_ln42 & and_ln49)> <Delay = 3.25> <CoreInst = "RAM_T2P_BRAM">   --->   Core 93 'RAM_T2P_BRAM' <Latency = 1> <II = 1> <Delay = 3.25> <Storage> <Opcode : 'load' 'store'> <Ports = 2> <Width = 8> <Depth = 1024> <RAM>
ST_15 : Operation 117 [1/1] (7.30ns)   --->   "%gmem_addr_3_read = read i8 @_ssdm_op_Read.m_axi.volatile.i8P1A, i8 %gmem_addr_3" [cnn_accel.cpp:53]   --->   Operation 117 'read' 'gmem_addr_3_read' <Predicate = (!icmp_ln42 & and_ln49)> <Delay = 7.30> <CoreInst = "m_axi">   --->   Core 111 'm_axi' <Latency = 3> <II = 1> <Delay = 1.00> <Adapter> <Opcode : 'read' 'write' 'readreq' 'writereq' 'writeresp'>
ST_15 : Operation 118 [1/8] (7.30ns)   --->   "%gmem_load_3_req = readreq i1 @_ssdm_op_ReadReq.m_axi.i8P1A, i8 %gmem_addr_4, i64 1" [cnn_accel.cpp:54]   --->   Operation 118 'readreq' 'gmem_load_3_req' <Predicate = (!icmp_ln42 & and_ln49)> <Delay = 7.30> <CoreInst = "m_axi">   --->   Core 111 'm_axi' <Latency = 6> <II = 1> <Delay = 1.00> <Adapter> <Opcode : 'read' 'write' 'readreq' 'writereq' 'writeresp'>

State 16 <SV = 15> <Delay = 7.30>
ST_16 : Operation 119 [1/1] ( I:3.25ns O:3.25ns )   --->   "%store_ln53 = store i8 %gmem_addr_3_read, i10 %tile_in_1_addr" [cnn_accel.cpp:53]   --->   Operation 119 'store' 'store_ln53' <Predicate = (!icmp_ln42 & and_ln49)> <Delay = 3.25> <CoreInst = "RAM_T2P_BRAM">   --->   Core 93 'RAM_T2P_BRAM' <Latency = 1> <II = 1> <Delay = 3.25> <Storage> <Opcode : 'load' 'store'> <Ports = 2> <Width = 8> <Depth = 1024> <RAM>
ST_16 : Operation 120 [1/1] (7.30ns)   --->   "%gmem_addr_4_read = read i8 @_ssdm_op_Read.m_axi.volatile.i8P1A, i8 %gmem_addr_4" [cnn_accel.cpp:54]   --->   Operation 120 'read' 'gmem_addr_4_read' <Predicate = (!icmp_ln42 & and_ln49)> <Delay = 7.30> <CoreInst = "m_axi">   --->   Core 111 'm_axi' <Latency = 3> <II = 1> <Delay = 1.00> <Adapter> <Opcode : 'read' 'write' 'readreq' 'writereq' 'writeresp'>

State 17 <SV = 16> <Delay = 4.86>
ST_17 : Operation 121 [1/1] (1.61ns)   --->   "%br_ln55 = br void %for.inc" [cnn_accel.cpp:55]   --->   Operation 121 'br' 'br_ln55' <Predicate = (!icmp_ln42 & and_ln49)> <Delay = 1.61>
ST_17 : Operation 122 [1/1] (0.00ns)   --->   "%storemerge = phi i8 0, void %if.else, i8 %gmem_addr_4_read, void %if.then18" [cnn_accel.cpp:54]   --->   Operation 122 'phi' 'storemerge' <Predicate = true> <Delay = 0.00>
ST_17 : Operation 123 [1/1] ( I:3.25ns O:3.25ns )   --->   "%store_ln54 = store i8 %storemerge, i10 %tile_in_2_addr" [cnn_accel.cpp:54]   --->   Operation 123 'store' 'store_ln54' <Predicate = true> <Delay = 3.25> <CoreInst = "RAM_T2P_BRAM">   --->   Core 93 'RAM_T2P_BRAM' <Latency = 1> <II = 1> <Delay = 3.25> <Storage> <Opcode : 'load' 'store'> <Ports = 2> <Width = 8> <Depth = 1024> <RAM>
ST_17 : Operation 124 [1/1] (0.00ns)   --->   "%br_ln43 = br void %for.body14" [cnn_accel.cpp:43]   --->   Operation 124 'br' 'br_ln43' <Predicate = true> <Delay = 0.00>


============================================================
+ Verbose Summary: Timing violations
============================================================
Target clock period: 10.000ns, clock uncertainty: 2.700ns.

 <State 1>: 6.892ns
The critical path consists of the following:
	'store' operation 0 bit ('store_ln42', cnn_accel.cpp:42) of constant 0 on local variable 'y', cnn_accel.cpp:42 [26]  (1.610 ns)
	'load' operation 6 bit ('y_load', cnn_accel.cpp:42) on local variable 'y', cnn_accel.cpp:42 [37]  (0.000 ns)
	'add' operation 6 bit ('add_ln42', cnn_accel.cpp:42) [38]  (1.946 ns)
	'select' operation 6 bit ('select_ln42_1', cnn_accel.cpp:42) [43]  (0.669 ns)
	'add' operation 32 bit ('empty', cnn_accel.cpp:42) [47]  (2.667 ns)

 <State 2>: 6.937ns
The critical path consists of the following:
	'icmp' operation 1 bit ('cmp16', cnn_accel.cpp:42) [49]  (2.702 ns)
	'and' operation 1 bit ('and_ln49', cnn_accel.cpp:49) [62]  (0.978 ns)
	'store' operation 0 bit ('store_ln57', cnn_accel.cpp:57) of constant 0 on array 'tile_in' [65]  (3.257 ns)

 <State 3>: 6.860ns
The critical path consists of the following:
	'mul' operation 62 bit ('empty_24', cnn_accel.cpp:42) [50]  (6.860 ns)

 <State 4>: 7.068ns
The critical path consists of the following:
	'add' operation 62 bit ('add_ln50', cnn_accel.cpp:50) [69]  (3.508 ns)
	'sub' operation 64 bit ('sub_ln50', cnn_accel.cpp:50) [72]  (3.560 ns)

 <State 5>: 5.441ns
The critical path consists of the following:
	'add' operation 64 bit ('add_ln53', cnn_accel.cpp:53) [78]  (0.000 ns)
	'add' operation 64 bit ('add_ln53_1', cnn_accel.cpp:53) [79]  (5.441 ns)

 <State 6>: 7.300ns
The critical path consists of the following:
	bus request operation ('gmem_load_1_req', cnn_accel.cpp:52) on port 'gmem' (cnn_accel.cpp:52) [75]  (7.300 ns)

 <State 7>: 7.300ns
The critical path consists of the following:
	bus request operation ('gmem_load_1_req', cnn_accel.cpp:52) on port 'gmem' (cnn_accel.cpp:52) [75]  (7.300 ns)

 <State 8>: 7.300ns
The critical path consists of the following:
	bus request operation ('gmem_load_1_req', cnn_accel.cpp:52) on port 'gmem' (cnn_accel.cpp:52) [75]  (7.300 ns)

 <State 9>: 7.300ns
The critical path consists of the following:
	bus request operation ('gmem_load_1_req', cnn_accel.cpp:52) on port 'gmem' (cnn_accel.cpp:52) [75]  (7.300 ns)

 <State 10>: 7.300ns
The critical path consists of the following:
	bus request operation ('gmem_load_1_req', cnn_accel.cpp:52) on port 'gmem' (cnn_accel.cpp:52) [75]  (7.300 ns)

 <State 11>: 7.300ns
The critical path consists of the following:
	bus request operation ('gmem_load_1_req', cnn_accel.cpp:52) on port 'gmem' (cnn_accel.cpp:52) [75]  (7.300 ns)

 <State 12>: 7.300ns
The critical path consists of the following:
	bus request operation ('gmem_load_1_req', cnn_accel.cpp:52) on port 'gmem' (cnn_accel.cpp:52) [75]  (7.300 ns)

 <State 13>: 7.300ns
The critical path consists of the following:
	bus request operation ('gmem_load_1_req', cnn_accel.cpp:52) on port 'gmem' (cnn_accel.cpp:52) [75]  (7.300 ns)

 <State 14>: 7.300ns
The critical path consists of the following:
	bus read operation ('gmem_addr_2_read', cnn_accel.cpp:52) on port 'gmem' (cnn_accel.cpp:52) [76]  (7.300 ns)

 <State 15>: 7.300ns
The critical path consists of the following:
	bus read operation ('gmem_addr_3_read', cnn_accel.cpp:53) on port 'gmem' (cnn_accel.cpp:53) [82]  (7.300 ns)

 <State 16>: 7.300ns
The critical path consists of the following:
	bus read operation ('gmem_addr_4_read', cnn_accel.cpp:54) on port 'gmem' (cnn_accel.cpp:54) [88]  (7.300 ns)

 <State 17>: 4.867ns
The critical path consists of the following:
	multiplexor before 'phi' operation 8 bit ('storemerge', cnn_accel.cpp:54) with incoming values : ('gmem_addr_4_read', cnn_accel.cpp:54) [91]  (1.610 ns)
	'phi' operation 8 bit ('storemerge', cnn_accel.cpp:54) with incoming values : ('gmem_addr_4_read', cnn_accel.cpp:54) [91]  (0.000 ns)
	'store' operation 0 bit ('store_ln54', cnn_accel.cpp:54) of variable 'storemerge', cnn_accel.cpp:54 on array 'tile_in_2' [92]  (3.257 ns)


============================================================
+ Verbose Summary: Binding
============================================================
N/A
* FSMD analyzer results:
  - Output states:
 - Input state : 
  - Chain level:
	State 1
	State 2
	State 3
	State 4
	State 5
	State 6
	State 7
	State 8
	State 9
	State 10
	State 11
	State 12
	State 13
	State 14
	State 15
	State 16
	State 17


============================================================
+ Verbose Summary: Datapath Resource usage 
============================================================
N/A
