

================================================================
== Vitis HLS Report for 'cnn_accel_Pipeline_VITIS_LOOP_70_8_VITIS_LOOP_71_9'
================================================================
* Date:           Thu Apr 16 14:46:57 2026

* Version:        2024.2 (Build 5238294 on Nov  8 2024)
* Project:        cnn_accel
* Solution:       solution1 (Vivado IP Flow Target)
* Product family: artix7
* Target device:  xc7a200t-sbg484-1


================================================================
== Performance Estimates
================================================================
+ Timing: 
    * Summary: 
    +--------+----------+----------+------------+
    |  Clock |  Target  | Estimated| Uncertainty|
    +--------+----------+----------+------------+
    |ap_clk  |  10.00 ns|  6.347 ns|     2.70 ns|
    +--------+----------+----------+------------+

+ Latency: 
    * Summary: 
    +---------+---------+-----------+-----------+------+------+------------------------------------------------+
    |  Latency (cycles) |   Latency (absolute)  |   Interval  |                    Pipeline                    |
    |   min   |   max   |    min    |    max    |  min |  max |                      Type                      |
    +---------+---------+-----------+-----------+------+------+------------------------------------------------+
    |     1028|     1028|  10.280 us|  10.280 us|  1025|  1025|  loop auto-rewind stp (delay=0 clock cycles(s))|
    +---------+---------+-----------+-----------+------+------+------------------------------------------------+

    + Detail: 
        * Instance: 
        N/A

        * Loop: 
        +-----------------------------------+---------+---------+----------+-----------+-----------+------+----------+
        |                                   |  Latency (cycles) | Iteration|  Initiation Interval  | Trip |          |
        |             Loop Name             |   min   |   max   |  Latency |  achieved |   target  | Count| Pipelined|
        +-----------------------------------+---------+---------+----------+-----------+-----------+------+----------+
        |- VITIS_LOOP_70_8_VITIS_LOOP_71_9  |     1026|     1026|         4|          1|          1|  1024|       yes|
        +-----------------------------------+---------+---------+----------+-----------+-----------+------+----------+



================================================================
== Utilization Estimates
================================================================
* Summary: 
+-----------------+---------+-----+--------+--------+-----+
|       Name      | BRAM_18K| DSP |   FF   |   LUT  | URAM|
+-----------------+---------+-----+--------+--------+-----+
|DSP              |        -|    -|       -|       -|    -|
|Expression       |        -|    -|       0|     268|    -|
|FIFO             |        -|    -|       -|       -|    -|
|Instance         |        -|    -|       -|       -|    -|
|Memory           |        -|    -|       -|       -|    -|
|Multiplexer      |        -|    -|       0|      54|    -|
|Register         |        -|    -|     110|       -|    -|
+-----------------+---------+-----+--------+--------+-----+
|Total            |        0|    0|     110|     322|    0|
+-----------------+---------+-----+--------+--------+-----+
|Available        |      730|  740|  269200|  134600|    0|
+-----------------+---------+-----+--------+--------+-----+
|Utilization (%)  |        0|    0|      ~0|      ~0|    0|
+-----------------+---------+-----+--------+--------+-----+

+ Detail: 
    * Instance: 
    N/A

    * DSP: 
    N/A

    * Memory: 
    N/A

    * FIFO: 
    N/A

    * Expression: 
    +-------------------------+----------+----+---+----+------------+------------+
    |      Variable Name      | Operation| DSP| FF| LUT| Bitwidth P0| Bitwidth P1|
    +-------------------------+----------+----+---+----+------------+------------+
    |add_ln70_1_fu_141_p2     |         +|   0|  0|  18|          11|           1|
    |add_ln70_fu_158_p2       |         +|   0|  0|  14|           6|           1|
    |add_ln71_fu_190_p2       |         +|   0|  0|  14|           6|           1|
    |add_ln75_fu_243_p2       |         +|   0|  0|  39|          32|          32|
    |add_ln81_fu_229_p2       |         +|   0|  0|  17|          10|          10|
    |empty_fu_216_p2          |         +|   0|  0|  39|          32|          32|
    |and_ln77_fu_253_p2       |       and|   0|  0|   2|           1|           1|
    |cmp107_fu_221_p2         |      icmp|   0|  0|  39|          32|          32|
    |icmp_ln70_fu_135_p2      |      icmp|   0|  0|  19|          11|          12|
    |icmp_ln71_fu_164_p2      |      icmp|   0|  0|  14|           6|           7|
    |icmp_ln77_fu_248_p2      |      icmp|   0|  0|  39|          32|          32|
    |select_ln70_1_fu_178_p3  |    select|   0|  0|   6|           1|           6|
    |select_ln70_fu_170_p3    |    select|   0|  0|   6|           1|           1|
    |ap_enable_pp0            |       xor|   0|  0|   2|           1|           2|
    +-------------------------+----------+----+---+----+------------+------------+
    |Total                    |          |   0|  0| 268|         182|         170|
    +-------------------------+----------+----+---+----+------------+------------+

    * Multiplexer: 
    +----------------------------------------+----+-----------+-----+-----------+
    |                  Name                  | LUT| Input Size| Bits| Total Bits|
    +----------------------------------------+----+-----------+-----+-----------+
    |ap_done_int                             |   9|          2|    1|          2|
    |ap_enable_reg_pp0_iter1                 |   9|          2|    1|          2|
    |ap_sig_allocacmp_indvar_flatten13_load  |   9|          2|   11|         22|
    |indvar_flatten13_fu_66                  |   9|          2|   11|         22|
    |x_fu_58                                 |   9|          2|    6|         12|
    |y_fu_62                                 |   9|          2|    6|         12|
    +----------------------------------------+----+-----------+-----+-----------+
    |Total                                   |  54|         12|   36|         72|
    +----------------------------------------+----+-----------+-----+-----------+

    * Register: 
    +----------------------------------+----+----+-----+-----------+
    |               Name               | FF | LUT| Bits| Const Bits|
    +----------------------------------+----+----+-----+-----------+
    |and_ln77_reg_321                  |   1|   0|    1|          0|
    |ap_CS_fsm                         |   1|   0|    1|          0|
    |ap_done_reg                       |   1|   0|    1|          0|
    |ap_enable_reg_pp0_iter1           |   1|   0|    1|          0|
    |ap_enable_reg_pp0_iter2           |   1|   0|    1|          0|
    |ap_enable_reg_pp0_iter3           |   1|   0|    1|          0|
    |ap_loop_exit_ready_pp0_iter1_reg  |   1|   0|    1|          0|
    |ap_loop_exit_ready_pp0_iter2_reg  |   1|   0|    1|          0|
    |indvar_flatten13_fu_66            |  11|   0|   11|          0|
    |select_ln70_1_reg_306             |   6|   0|    6|          0|
    |select_ln70_reg_300               |   6|   0|    6|          0|
    |trunc_ln81_reg_311                |   5|   0|    5|          0|
    |tx_cast_reg_286                   |  31|   0|   32|          1|
    |ty_cast_reg_291                   |  31|   0|   32|          1|
    |x_fu_58                           |   6|   0|    6|          0|
    |y_fu_62                           |   6|   0|    6|          0|
    +----------------------------------+----+----+-----+-----------+
    |Total                             | 110|   0|  112|          2|
    +----------------------------------+----+----+-----+-----------+



================================================================
== Interface
================================================================
* Summary: 
+-------------------+-----+-----+------------+----------------------------------------------------+--------------+
|     RTL Ports     | Dir | Bits|  Protocol  |                    Source Object                   |    C Type    |
+-------------------+-----+-----+------------+----------------------------------------------------+--------------+
|ap_clk             |   in|    1|  ap_ctrl_hs|  cnn_accel_Pipeline_VITIS_LOOP_70_8_VITIS_LOOP_71_9|  return value|
|ap_rst             |   in|    1|  ap_ctrl_hs|  cnn_accel_Pipeline_VITIS_LOOP_70_8_VITIS_LOOP_71_9|  return value|
|ap_start           |   in|    1|  ap_ctrl_hs|  cnn_accel_Pipeline_VITIS_LOOP_70_8_VITIS_LOOP_71_9|  return value|
|ap_done            |  out|    1|  ap_ctrl_hs|  cnn_accel_Pipeline_VITIS_LOOP_70_8_VITIS_LOOP_71_9|  return value|
|ap_idle            |  out|    1|  ap_ctrl_hs|  cnn_accel_Pipeline_VITIS_LOOP_70_8_VITIS_LOOP_71_9|  return value|
|ap_ready           |  out|    1|  ap_ctrl_hs|  cnn_accel_Pipeline_VITIS_LOOP_70_8_VITIS_LOOP_71_9|  return value|
|ty                 |   in|   31|     ap_none|                                                  ty|        scalar|
|size               |   in|   32|     ap_none|                                                size|        scalar|
|tile_out_address0  |  out|   10|   ap_memory|                                            tile_out|         array|
|tile_out_ce0       |  out|    1|   ap_memory|                                            tile_out|         array|
|tile_out_q0        |   in|    8|   ap_memory|                                            tile_out|         array|
|tx                 |   in|   31|     ap_none|                                                  tx|        scalar|
|output_r           |  out|    8|      ap_vld|                                            output_r|       pointer|
|output_r_ap_vld    |  out|    1|      ap_vld|                                            output_r|       pointer|
+-------------------+-----+-----+------------+----------------------------------------------------+--------------+

============================================================
+ Verbose Summary: Synthesis Manager
============================================================
InlineROM: 1
ExposeGlobal: 0
============================================================
+ Verbose Summary: CDFG Model
============================================================
IsTopModel: 0
ResetActiveHigh: 1
IsCombinational: 2
IsDatapathOnly: 2
HasWiredReturn: 1
HasMFsm: 2
HasVarLatency: 1
IsPipeline: 0
IsRtlPipelined: 0
IsInstanceOverlapped: 0
IsDontTouch: 0
HasImplIP: 0
IsGatedGlobalClock: 0

+ Individual pipeline summary: 
  * Pipeline-0: initiation interval (II) = 1, depth = 4


============================================================
+ Verbose Summary: Schedule
============================================================
* Number of FSM states : 4
* Pipeline : 1
  Pipeline-0 : II = 1, D = 4, States = { 1 2 3 4 }
* Dataflow Pipeline: 0

* FSM state transitions: 
1 --> 2 
2 --> 3 
3 --> 4 
4 --> 

* FSM state operations: 

State 1 <SV = 0> <Delay = 5.34>
ST_1 : Operation 7 [1/1] (0.00ns)   --->   "%x = alloca i32 1" [cnn_accel.cpp:71]   --->   Operation 7 'alloca' 'x' <Predicate = true> <Delay = 0.00>
ST_1 : Operation 8 [1/1] (0.00ns)   --->   "%y = alloca i32 1" [cnn_accel.cpp:70]   --->   Operation 8 'alloca' 'y' <Predicate = true> <Delay = 0.00>
ST_1 : Operation 9 [1/1] (0.00ns)   --->   "%indvar_flatten13 = alloca i32 1"   --->   Operation 9 'alloca' 'indvar_flatten13' <Predicate = true> <Delay = 0.00>
ST_1 : Operation 10 [1/1] (0.00ns)   --->   "%tx_read = read i31 @_ssdm_op_Read.ap_auto.i31, i31 %tx"   --->   Operation 10 'read' 'tx_read' <Predicate = true> <Delay = 0.00>
ST_1 : Operation 11 [1/1] (0.00ns)   --->   "%size_read = read i32 @_ssdm_op_Read.ap_auto.i32, i32 %size"   --->   Operation 11 'read' 'size_read' <Predicate = true> <Delay = 0.00>
ST_1 : Operation 12 [1/1] (0.00ns)   --->   "%ty_read = read i31 @_ssdm_op_Read.ap_auto.i31, i31 %ty"   --->   Operation 12 'read' 'ty_read' <Predicate = true> <Delay = 0.00>
ST_1 : Operation 13 [1/1] (0.00ns)   --->   "%tx_cast = zext i31 %tx_read"   --->   Operation 13 'zext' 'tx_cast' <Predicate = true> <Delay = 0.00>
ST_1 : Operation 14 [1/1] (0.00ns)   --->   "%ty_cast = zext i31 %ty_read"   --->   Operation 14 'zext' 'ty_cast' <Predicate = true> <Delay = 0.00>
ST_1 : Operation 15 [1/1] (0.00ns)   --->   "%specmemcore_ln0 = specmemcore void @_ssdm_op_SpecMemCore, i8 %tile_out, i64 666, i64 30, i64 18446744073709551615"   --->   Operation 15 'specmemcore' 'specmemcore_ln0' <Predicate = true> <Delay = 0.00>
ST_1 : Operation 16 [1/1] (1.61ns)   --->   "%store_ln0 = store i11 0, i11 %indvar_flatten13"   --->   Operation 16 'store' 'store_ln0' <Predicate = true> <Delay = 1.61>
ST_1 : Operation 17 [1/1] (1.61ns)   --->   "%store_ln70 = store i6 0, i6 %y" [cnn_accel.cpp:70]   --->   Operation 17 'store' 'store_ln70' <Predicate = true> <Delay = 1.61>
ST_1 : Operation 18 [1/1] (1.61ns)   --->   "%store_ln71 = store i6 0, i6 %x" [cnn_accel.cpp:71]   --->   Operation 18 'store' 'store_ln71' <Predicate = true> <Delay = 1.61>
ST_1 : Operation 19 [1/1] (0.00ns)   --->   "%br_ln0 = br void %for.body102"   --->   Operation 19 'br' 'br_ln0' <Predicate = true> <Delay = 0.00>
ST_1 : Operation 20 [1/1] (0.00ns)   --->   "%indvar_flatten13_load = load i11 %indvar_flatten13" [cnn_accel.cpp:70]   --->   Operation 20 'load' 'indvar_flatten13_load' <Predicate = true> <Delay = 0.00>
ST_1 : Operation 21 [1/1] (2.12ns)   --->   "%icmp_ln70 = icmp_eq  i11 %indvar_flatten13_load, i11 1024" [cnn_accel.cpp:70]   --->   Operation 21 'icmp' 'icmp_ln70' <Predicate = true> <Delay = 2.12> <CoreInst = "Cmp">   --->   Core 9 'Cmp' <Latency = 0> <II = 1> <Delay = 2.13> <FuncUnit> <Opcode : 'seteq' 'setne' 'setle' 'setge' 'setlt' 'setgt'> <InPorts = 2> <OutPorts = 1>
ST_1 : Operation 22 [1/1] (2.12ns)   --->   "%add_ln70_1 = add i11 %indvar_flatten13_load, i11 1" [cnn_accel.cpp:70]   --->   Operation 22 'add' 'add_ln70_1' <Predicate = true> <Delay = 2.12> <CoreInst = "Adder">   --->   Core 1 'Adder' <Latency = 0> <II = 1> <Delay = 2.12> <FuncUnit> <Opcode : 'add' 'sub'> <InPorts = 2> <OutPorts = 1>
ST_1 : Operation 23 [1/1] (0.00ns)   --->   "%br_ln70 = br i1 %icmp_ln70, void %for.inc136, void %for.inc139.exitStub" [cnn_accel.cpp:70]   --->   Operation 23 'br' 'br_ln70' <Predicate = true> <Delay = 0.00>
ST_1 : Operation 24 [1/1] (1.61ns)   --->   "%store_ln70 = store i11 %add_ln70_1, i11 %indvar_flatten13" [cnn_accel.cpp:70]   --->   Operation 24 'store' 'store_ln70' <Predicate = (!icmp_ln70)> <Delay = 1.61>

State 2 <SV = 1> <Delay = 6.17>
ST_2 : Operation 25 [1/1] (0.00ns)   --->   "%x_load = load i6 %x" [cnn_accel.cpp:71]   --->   Operation 25 'load' 'x_load' <Predicate = true> <Delay = 0.00>
ST_2 : Operation 26 [1/1] (0.00ns)   --->   "%y_load = load i6 %y" [cnn_accel.cpp:70]   --->   Operation 26 'load' 'y_load' <Predicate = true> <Delay = 0.00>
ST_2 : Operation 27 [1/1] (1.94ns)   --->   "%add_ln70 = add i6 %y_load, i6 1" [cnn_accel.cpp:70]   --->   Operation 27 'add' 'add_ln70' <Predicate = true> <Delay = 1.94> <CoreInst = "Adder">   --->   Core 1 'Adder' <Latency = 0> <II = 1> <Delay = 1.94> <FuncUnit> <Opcode : 'add' 'sub'> <InPorts = 2> <OutPorts = 1>
ST_2 : Operation 28 [1/1] (1.94ns)   --->   "%icmp_ln71 = icmp_eq  i6 %x_load, i6 32" [cnn_accel.cpp:71]   --->   Operation 28 'icmp' 'icmp_ln71' <Predicate = true> <Delay = 1.94> <CoreInst = "Cmp">   --->   Core 9 'Cmp' <Latency = 0> <II = 1> <Delay = 2.03> <FuncUnit> <Opcode : 'seteq' 'setne' 'setle' 'setge' 'setlt' 'setgt'> <InPorts = 2> <OutPorts = 1>
ST_2 : Operation 29 [1/1] (0.66ns)   --->   "%select_ln70 = select i1 %icmp_ln71, i6 0, i6 %x_load" [cnn_accel.cpp:70]   --->   Operation 29 'select' 'select_ln70' <Predicate = true> <Delay = 0.66> <CoreInst = "Sel">   --->   Core 73 'Sel' <Latency = 0> <II = 1> <Delay = 0.66> <FuncUnit> <Opcode : 'select'> <InPorts = 3> <OutPorts = 1>
ST_2 : Operation 30 [1/1] (0.66ns)   --->   "%select_ln70_1 = select i1 %icmp_ln71, i6 %add_ln70, i6 %y_load" [cnn_accel.cpp:70]   --->   Operation 30 'select' 'select_ln70_1' <Predicate = true> <Delay = 0.66> <CoreInst = "Sel">   --->   Core 73 'Sel' <Latency = 0> <II = 1> <Delay = 0.66> <FuncUnit> <Opcode : 'select'> <InPorts = 3> <OutPorts = 1>
ST_2 : Operation 31 [1/1] (0.00ns)   --->   "%trunc_ln81 = trunc i6 %select_ln70_1" [cnn_accel.cpp:81]   --->   Operation 31 'trunc' 'trunc_ln81' <Predicate = true> <Delay = 0.00>
ST_2 : Operation 32 [1/1] (1.94ns)   --->   "%add_ln71 = add i6 %select_ln70, i6 1" [cnn_accel.cpp:71]   --->   Operation 32 'add' 'add_ln71' <Predicate = true> <Delay = 1.94> <CoreInst = "Adder">   --->   Core 1 'Adder' <Latency = 0> <II = 1> <Delay = 1.94> <FuncUnit> <Opcode : 'add' 'sub'> <InPorts = 2> <OutPorts = 1>
ST_2 : Operation 33 [1/1] (1.61ns)   --->   "%store_ln70 = store i6 %select_ln70_1, i6 %y" [cnn_accel.cpp:70]   --->   Operation 33 'store' 'store_ln70' <Predicate = true> <Delay = 1.61>
ST_2 : Operation 34 [1/1] (1.61ns)   --->   "%store_ln71 = store i6 %add_ln71, i6 %x" [cnn_accel.cpp:71]   --->   Operation 34 'store' 'store_ln71' <Predicate = true> <Delay = 1.61>
ST_2 : Operation 35 [1/1] (0.00ns)   --->   "%br_ln71 = br void %for.body102" [cnn_accel.cpp:71]   --->   Operation 35 'br' 'br_ln71' <Predicate = true> <Delay = 0.00>

State 3 <SV = 2> <Delay = 6.34>
ST_3 : Operation 36 [1/1] (0.00ns)   --->   "%specloopname_ln0 = specloopname void @_ssdm_op_SpecLoopName, void @VITIS_LOOP_70_8_VITIS_LOOP_71_9_str"   --->   Operation 36 'specloopname' 'specloopname_ln0' <Predicate = true> <Delay = 0.00>
ST_3 : Operation 37 [1/1] (0.00ns)   --->   "%speclooptripcount_ln0 = speclooptripcount void @_ssdm_op_SpecLoopTripCount, i64 1024, i64 1024, i64 1024"   --->   Operation 37 'speclooptripcount' 'speclooptripcount_ln0' <Predicate = true> <Delay = 0.00>
ST_3 : Operation 38 [1/1] (0.00ns)   --->   "%tmp_3 = bitconcatenate i10 @_ssdm_op_BitConcatenate.i10.i5.i5, i5 %trunc_ln81, i5 0" [cnn_accel.cpp:81]   --->   Operation 38 'bitconcatenate' 'tmp_3' <Predicate = true> <Delay = 0.00>
ST_3 : Operation 39 [1/1] (0.00ns)   --->   "%zext_ln70 = zext i6 %select_ln70_1" [cnn_accel.cpp:70]   --->   Operation 39 'zext' 'zext_ln70' <Predicate = true> <Delay = 0.00>
ST_3 : Operation 40 [1/1] (2.66ns)   --->   "%empty = add i32 %zext_ln70, i32 %ty_cast" [cnn_accel.cpp:70]   --->   Operation 40 'add' 'empty' <Predicate = true> <Delay = 2.66> <CoreInst = "Adder">   --->   Core 1 'Adder' <Latency = 0> <II = 1> <Delay = 2.70> <FuncUnit> <Opcode : 'add' 'sub'> <InPorts = 2> <OutPorts = 1>
ST_3 : Operation 41 [1/1] (2.70ns)   --->   "%cmp107 = icmp_slt  i32 %empty, i32 %size_read" [cnn_accel.cpp:70]   --->   Operation 41 'icmp' 'cmp107' <Predicate = true> <Delay = 2.70> <CoreInst = "Cmp">   --->   Core 9 'Cmp' <Latency = 0> <II = 1> <Delay = 2.70> <FuncUnit> <Opcode : 'seteq' 'setne' 'setle' 'setge' 'setlt' 'setgt'> <InPorts = 2> <OutPorts = 1>
ST_3 : Operation 42 [1/1] (0.00ns)   --->   "%zext_ln81 = zext i6 %select_ln70" [cnn_accel.cpp:81]   --->   Operation 42 'zext' 'zext_ln81' <Predicate = true> <Delay = 0.00>
ST_3 : Operation 43 [1/1] (2.12ns)   --->   "%add_ln81 = add i10 %tmp_3, i10 %zext_ln81" [cnn_accel.cpp:81]   --->   Operation 43 'add' 'add_ln81' <Predicate = true> <Delay = 2.12> <CoreInst = "Adder">   --->   Core 1 'Adder' <Latency = 0> <II = 1> <Delay = 2.12> <FuncUnit> <Opcode : 'add' 'sub'> <InPorts = 2> <OutPorts = 1>
ST_3 : Operation 44 [1/1] (0.00ns)   --->   "%zext_ln81_1 = zext i10 %add_ln81" [cnn_accel.cpp:81]   --->   Operation 44 'zext' 'zext_ln81_1' <Predicate = true> <Delay = 0.00>
ST_3 : Operation 45 [1/1] (0.00ns)   --->   "%tile_out_addr = getelementptr i8 %tile_out, i64 0, i64 %zext_ln81_1" [cnn_accel.cpp:81]   --->   Operation 45 'getelementptr' 'tile_out_addr' <Predicate = true> <Delay = 0.00>
ST_3 : Operation 46 [1/1] (0.00ns)   --->   "%zext_ln71 = zext i6 %select_ln70" [cnn_accel.cpp:71]   --->   Operation 46 'zext' 'zext_ln71' <Predicate = true> <Delay = 0.00>
ST_3 : Operation 47 [1/1] (0.00ns)   --->   "%specpipeline_ln72 = specpipeline void @_ssdm_op_SpecPipeline, i32 1, i32 0, i32 0, i32 0, void @empty_2" [cnn_accel.cpp:72]   --->   Operation 47 'specpipeline' 'specpipeline_ln72' <Predicate = true> <Delay = 0.00>
ST_3 : Operation 48 [1/1] (2.66ns)   --->   "%add_ln75 = add i32 %zext_ln71, i32 %tx_cast" [cnn_accel.cpp:75]   --->   Operation 48 'add' 'add_ln75' <Predicate = true> <Delay = 2.66> <CoreInst = "Adder">   --->   Core 1 'Adder' <Latency = 0> <II = 1> <Delay = 2.70> <FuncUnit> <Opcode : 'add' 'sub'> <InPorts = 2> <OutPorts = 1>
ST_3 : Operation 49 [1/1] (2.70ns)   --->   "%icmp_ln77 = icmp_slt  i32 %add_ln75, i32 %size_read" [cnn_accel.cpp:77]   --->   Operation 49 'icmp' 'icmp_ln77' <Predicate = true> <Delay = 2.70> <CoreInst = "Cmp">   --->   Core 9 'Cmp' <Latency = 0> <II = 1> <Delay = 2.70> <FuncUnit> <Opcode : 'seteq' 'setne' 'setle' 'setge' 'setlt' 'setgt'> <InPorts = 2> <OutPorts = 1>
ST_3 : Operation 50 [1/1] (0.97ns)   --->   "%and_ln77 = and i1 %cmp107, i1 %icmp_ln77" [cnn_accel.cpp:77]   --->   Operation 50 'and' 'and_ln77' <Predicate = true> <Delay = 0.97> <CoreInst = "LogicGate">   --->   Core 74 'LogicGate' <Latency = 0> <II = 1> <Delay = 0.97> <FuncUnit> <Opcode : 'and' 'or' 'xor'> <InPorts = 2> <OutPorts = 1>
ST_3 : Operation 51 [1/1] (0.00ns)   --->   "%br_ln77 = br i1 %and_ln77, void %for.inc133, void %VITIS_LOOP_80_10" [cnn_accel.cpp:77]   --->   Operation 51 'br' 'br_ln77' <Predicate = true> <Delay = 0.00>
ST_3 : Operation 52 [2/2] (3.25ns)   --->   "%tile_out_load = load i10 %tile_out_addr" [cnn_accel.cpp:81]   --->   Operation 52 'load' 'tile_out_load' <Predicate = (and_ln77)> <Delay = 3.25> <CoreInst = "RAM_T2P_BRAM">   --->   Core 93 'RAM_T2P_BRAM' <Latency = 1> <II = 1> <Delay = 3.25> <Storage> <Opcode : 'load' 'store'> <Ports = 2> <Width = 8> <Depth = 1024> <RAM>
ST_3 : Operation 56 [1/1] (1.61ns)   --->   "%ret_ln0 = ret"   --->   Operation 56 'ret' 'ret_ln0' <Predicate = (icmp_ln70)> <Delay = 1.61>

State 4 <SV = 3> <Delay = 3.25>
ST_4 : Operation 53 [1/2] ( I:3.25ns O:3.25ns )   --->   "%tile_out_load = load i10 %tile_out_addr" [cnn_accel.cpp:81]   --->   Operation 53 'load' 'tile_out_load' <Predicate = (and_ln77)> <Delay = 3.25> <CoreInst = "RAM_T2P_BRAM">   --->   Core 93 'RAM_T2P_BRAM' <Latency = 1> <II = 1> <Delay = 3.25> <Storage> <Opcode : 'load' 'store'> <Ports = 2> <Width = 8> <Depth = 1024> <RAM>
ST_4 : Operation 54 [1/1] (0.00ns)   --->   "%write_ln81 = write void @_ssdm_op_Write.ap_auto.i8P0A, i8 %output_r, i8 %tile_out_load" [cnn_accel.cpp:81]   --->   Operation 54 'write' 'write_ln81' <Predicate = (and_ln77)> <Delay = 0.00>
ST_4 : Operation 55 [1/1] (0.00ns)   --->   "%br_ln83 = br void %for.inc133" [cnn_accel.cpp:83]   --->   Operation 55 'br' 'br_ln83' <Predicate = (and_ln77)> <Delay = 0.00>


============================================================
+ Verbose Summary: Binding
============================================================
STG Binding: 
---------------- STG Properties BEGIN ----------------
- Is combinational: 0
- Is one-state seq: 0
- Is datapath-only: 0
- Is pipelined: 0
- Is top level: 0
Port [ Return ] is wired: 1; IO mode=ap_ctrl_hs:ce=0
Port [ ty]:  wired=1; compound=0; hidden=0; nouse=0; global=0; static=0; extern=0; dir=0; type=0; pingpong=0; private_global=0; IO mode=ap_none:ce=0
Port [ size]:  wired=1; compound=0; hidden=0; nouse=0; global=0; static=0; extern=0; dir=0; type=0; pingpong=0; private_global=0; IO mode=ap_none:ce=0
Port [ tile_out]:  wired=1; compound=1; hidden=0; nouse=0; global=0; static=0; extern=0; dir=0; type=1; pingpong=0; private_global=0; MemPort=[13]; IO mode=ap_memory:ce=0
Port [ tx]:  wired=1; compound=0; hidden=0; nouse=0; global=0; static=0; extern=0; dir=0; type=0; pingpong=0; private_global=0; IO mode=ap_none:ce=0
Port [ output_r]:  wired=1; compound=0; hidden=0; nouse=0; global=0; static=0; extern=0; dir=1; type=0; pingpong=0; private_global=0; IO mode=ap_vld:ce=0
---------------- STG Properties END ------------------

---------------- Datapath Model BEGIN ----------------

<LifeTime>
<method=bitvector/>
x                     (alloca           ) [ 01100]
y                     (alloca           ) [ 01100]
indvar_flatten13      (alloca           ) [ 01000]
tx_read               (read             ) [ 00000]
size_read             (read             ) [ 01110]
ty_read               (read             ) [ 00000]
tx_cast               (zext             ) [ 01110]
ty_cast               (zext             ) [ 01110]
specmemcore_ln0       (specmemcore      ) [ 00000]
store_ln0             (store            ) [ 00000]
store_ln70            (store            ) [ 00000]
store_ln71            (store            ) [ 00000]
br_ln0                (br               ) [ 00000]
indvar_flatten13_load (load             ) [ 00000]
icmp_ln70             (icmp             ) [ 01110]
add_ln70_1            (add              ) [ 00000]
br_ln70               (br               ) [ 00000]
store_ln70            (store            ) [ 00000]
x_load                (load             ) [ 00000]
y_load                (load             ) [ 00000]
add_ln70              (add              ) [ 00000]
icmp_ln71             (icmp             ) [ 00000]
select_ln70           (select           ) [ 01010]
select_ln70_1         (select           ) [ 01010]
trunc_ln81            (trunc            ) [ 01010]
add_ln71              (add              ) [ 00000]
store_ln70            (store            ) [ 00000]
store_ln71            (store            ) [ 00000]
br_ln71               (br               ) [ 00000]
specloopname_ln0      (specloopname     ) [ 00000]
speclooptripcount_ln0 (speclooptripcount) [ 00000]
tmp_3                 (bitconcatenate   ) [ 00000]
zext_ln70             (zext             ) [ 00000]
empty                 (add              ) [ 00000]
cmp107                (icmp             ) [ 00000]
zext_ln81             (zext             ) [ 00000]
add_ln81              (add              ) [ 00000]
zext_ln81_1           (zext             ) [ 00000]
tile_out_addr         (getelementptr    ) [ 01001]
zext_ln71             (zext             ) [ 00000]
specpipeline_ln72     (specpipeline     ) [ 00000]
add_ln75              (add              ) [ 00000]
icmp_ln77             (icmp             ) [ 00000]
and_ln77              (and              ) [ 01011]
br_ln77               (br               ) [ 00000]
tile_out_load         (load             ) [ 00000]
write_ln81            (write            ) [ 00000]
br_ln83               (br               ) [ 00000]
ret_ln0               (ret              ) [ 00000]
</LifeTime>

<model>

<comp_list>
<comp id="0" class="1000" name="ty">
<pin_list>
<pin id="1" dir="1" index="0" bw="1" slack="0"/>
</pin_list>
<bind>
<StgValue><ssdm name="ty"/></StgValue>
</bind>
</comp>

<comp id="2" class="1000" name="size">
<pin_list>
<pin id="3" dir="1" index="0" bw="1" slack="0"/>
</pin_list>
<bind>
<StgValue><ssdm name="size"/></StgValue>
</bind>
</comp>

<comp id="4" class="1000" name="tile_out">
<pin_list>
<pin id="5" dir="1" index="0" bw="1" slack="0"/>
</pin_list>
<bind>
<StgValue><ssdm name="tile_out"/><MemPortTyVec>1 3 </MemPortTyVec>
</StgValue>
</bind>
</comp>

<comp id="6" class="1000" name="tx">
<pin_list>
<pin id="7" dir="1" index="0" bw="1" slack="0"/>
</pin_list>
<bind>
<StgValue><ssdm name="tx"/></StgValue>
</bind>
</comp>

<comp id="8" class="1000" name="output_r">
<pin_list>
<pin id="9" dir="1" index="0" bw="1" slack="0"/>
</pin_list>
<bind>
<StgValue><ssdm name="output_r"/></StgValue>
</bind>
</comp>

<comp id="10" class="1001" name="const_10">
<pin_list>
<pin id="11" dir="1" index="0" bw="1" slack="0"/>
</pin_list>
<bind>
<StgValue><ssdm name=""/></StgValue>
</bind>
</comp>

<comp id="12" class="1001" name="const_12">
<pin_list>
<pin id="13" dir="1" index="0" bw="1" slack="0"/>
</pin_list>
<bind>
<StgValue><ssdm name="_ssdm_op_Read.ap_auto.i31"/></StgValue>
</bind>
</comp>

<comp id="14" class="1001" name="const_14">
<pin_list>
<pin id="15" dir="1" index="0" bw="1" slack="0"/>
</pin_list>
<bind>
<StgValue><ssdm name="_ssdm_op_Read.ap_auto.i32"/></StgValue>
</bind>
</comp>

<comp id="16" class="1001" name="const_16">
<pin_list>
<pin id="17" dir="1" index="0" bw="1" slack="2147483647"/>
</pin_list>
<bind>
<StgValue><ssdm name="_ssdm_op_SpecMemCore"/></StgValue>
</bind>
</comp>

<comp id="18" class="1001" name="const_18">
<pin_list>
<pin id="19" dir="1" index="0" bw="1" slack="2147483647"/>
</pin_list>
<bind>
<StgValue><ssdm name=""/></StgValue>
</bind>
</comp>

<comp id="20" class="1001" name="const_20">
<pin_list>
<pin id="21" dir="1" index="0" bw="1" slack="2147483647"/>
</pin_list>
<bind>
<StgValue><ssdm name=""/></StgValue>
</bind>
</comp>

<comp id="22" class="1001" name="const_22">
<pin_list>
<pin id="23" dir="1" index="0" bw="1" slack="2147483647"/>
</pin_list>
<bind>
<StgValue><ssdm name=""/></StgValue>
</bind>
</comp>

<comp id="24" class="1001" name="const_24">
<pin_list>
<pin id="25" dir="1" index="0" bw="1" slack="0"/>
</pin_list>
<bind>
<StgValue><ssdm name=""/></StgValue>
</bind>
</comp>

<comp id="26" class="1001" name="const_26">
<pin_list>
<pin id="27" dir="1" index="0" bw="1" slack="0"/>
</pin_list>
<bind>
<StgValue><ssdm name=""/></StgValue>
</bind>
</comp>

<comp id="28" class="1001" name="const_28">
<pin_list>
<pin id="29" dir="1" index="0" bw="1" slack="0"/>
</pin_list>
<bind>
<StgValue><ssdm name=""/></StgValue>
</bind>
</comp>

<comp id="30" class="1001" name="const_30">
<pin_list>
<pin id="31" dir="1" index="0" bw="1" slack="0"/>
</pin_list>
<bind>
<StgValue><ssdm name=""/></StgValue>
</bind>
</comp>

<comp id="32" class="1001" name="const_32">
<pin_list>
<pin id="33" dir="1" index="0" bw="1" slack="0"/>
</pin_list>
<bind>
<StgValue><ssdm name=""/></StgValue>
</bind>
</comp>

<comp id="34" class="1001" name="const_34">
<pin_list>
<pin id="35" dir="1" index="0" bw="1" slack="0"/>
</pin_list>
<bind>
<StgValue><ssdm name=""/></StgValue>
</bind>
</comp>

<comp id="36" class="1001" name="const_36">
<pin_list>
<pin id="37" dir="1" index="0" bw="1" slack="2147483647"/>
</pin_list>
<bind>
<StgValue><ssdm name="_ssdm_op_SpecLoopName"/></StgValue>
</bind>
</comp>

<comp id="38" class="1001" name="const_38">
<pin_list>
<pin id="39" dir="1" index="0" bw="1" slack="2147483647"/>
</pin_list>
<bind>
<StgValue><ssdm name="VITIS_LOOP_70_8_VITIS_LOOP_71_9_str"/></StgValue>
</bind>
</comp>

<comp id="40" class="1001" name="const_40">
<pin_list>
<pin id="41" dir="1" index="0" bw="1" slack="2147483647"/>
</pin_list>
<bind>
<StgValue><ssdm name="_ssdm_op_SpecLoopTripCount"/></StgValue>
</bind>
</comp>

<comp id="42" class="1001" name="const_42">
<pin_list>
<pin id="43" dir="1" index="0" bw="1" slack="2147483647"/>
</pin_list>
<bind>
<StgValue><ssdm name=""/></StgValue>
</bind>
</comp>

<comp id="44" class="1001" name="const_44">
<pin_list>
<pin id="45" dir="1" index="0" bw="1" slack="0"/>
</pin_list>
<bind>
<StgValue><ssdm name="_ssdm_op_BitConcatenate.i10.i5.i5"/></StgValue>
</bind>
</comp>

<comp id="46" class="1001" name="const_46">
<pin_list>
<pin id="47" dir="1" index="0" bw="1" slack="0"/>
</pin_list>
<bind>
<StgValue><ssdm name=""/></StgValue>
</bind>
</comp>

<comp id="48" class="1001" name="const_48">
<pin_list>
<pin id="49" dir="1" index="0" bw="1" slack="0"/>
</pin_list>
<bind>
<StgValue><ssdm name=""/></StgValue>
</bind>
</comp>

<comp id="50" class="1001" name="const_50">
<pin_list>
<pin id="51" dir="1" index="0" bw="1" slack="2147483647"/>
</pin_list>
<bind>
<StgValue><ssdm name="_ssdm_op_SpecPipeline"/></StgValue>
</bind>
</comp>

<comp id="52" class="1001" name="const_52">
<pin_list>
<pin id="53" dir="1" index="0" bw="1" slack="2147483647"/>
</pin_list>
<bind>
<StgValue><ssdm name=""/></StgValue>
</bind>
</comp>

<comp id="54" class="1001" name="const_54">
<pin_list>
<pin id="55" dir="1" index="0" bw="1" slack="2147483647"/>
</pin_list>
<bind>
<StgValue><ssdm name="empty_2"/></StgValue>
</bind>
</comp>

<comp id="56" class="1001" name="const_56">
<pin_list>
<pin id="57" dir="1" index="0" bw="1" slack="0"/>
</pin_list>
<bind>
<StgValue><ssdm name="_ssdm_op_Write.ap_auto.i8P0A"/></StgValue>
</bind>
</comp>

<comp id="58" class="1004" name="x_fu_58">
<pin_list>
<pin id="59" dir="0" index="0" bw="1" slack="0"/>
<pin id="60" dir="1" index="1" bw="6" slack="0"/>
</pin_list>
<bind>
<opcode="alloca(26) " fcode="alloca"/>
<opset="x/1 "/>
</bind>
</comp>

<comp id="62" class="1004" name="y_fu_62">
<pin_list>
<pin id="63" dir="0" index="0" bw="1" slack="0"/>
<pin id="64" dir="1" index="1" bw="6" slack="0"/>
</pin_list>
<bind>
<opcode="alloca(26) " fcode="alloca"/>
<opset="y/1 "/>
</bind>
</comp>

<comp id="66" class="1004" name="indvar_flatten13_fu_66">
<pin_list>
<pin id="67" dir="0" index="0" bw="1" slack="0"/>
<pin id="68" dir="1" index="1" bw="11" slack="0"/>
</pin_list>
<bind>
<opcode="alloca(26) " fcode="alloca"/>
<opset="indvar_flatten13/1 "/>
</bind>
</comp>

<comp id="70" class="1004" name="tx_read_read_fu_70">
<pin_list>
<pin id="71" dir="0" index="0" bw="31" slack="0"/>
<pin id="72" dir="0" index="1" bw="31" slack="0"/>
<pin id="73" dir="1" index="2" bw="31" slack="0"/>
</pin_list>
<bind>
<opcode="read(1150) " fcode="read"/>
<opset="tx_read/1 "/>
</bind>
</comp>

<comp id="76" class="1004" name="size_read_read_fu_76">
<pin_list>
<pin id="77" dir="0" index="0" bw="32" slack="0"/>
<pin id="78" dir="0" index="1" bw="32" slack="0"/>
<pin id="79" dir="1" index="2" bw="32" slack="2"/>
</pin_list>
<bind>
<opcode="read(1150) " fcode="read"/>
<opset="size_read/1 "/>
</bind>
</comp>

<comp id="82" class="1004" name="ty_read_read_fu_82">
<pin_list>
<pin id="83" dir="0" index="0" bw="31" slack="0"/>
<pin id="84" dir="0" index="1" bw="31" slack="0"/>
<pin id="85" dir="1" index="2" bw="31" slack="0"/>
</pin_list>
<bind>
<opcode="read(1150) " fcode="read"/>
<opset="ty_read/1 "/>
</bind>
</comp>

<comp id="88" class="1004" name="write_ln81_write_fu_88">
<pin_list>
<pin id="89" dir="0" index="0" bw="0" slack="0"/>
<pin id="90" dir="0" index="1" bw="8" slack="0"/>
<pin id="91" dir="0" index="2" bw="8" slack="0"/>
<pin id="92" dir="1" index="3" bw="0" slack="2147483647"/>
</pin_list>
<bind>
<opcode="write(1151) " fcode="write"/>
<opset="write_ln81/4 "/>
</bind>
</comp>

<comp id="95" class="1004" name="tile_out_addr_gep_fu_95">
<pin_list>
<pin id="96" dir="0" index="0" bw="8" slack="0"/>
<pin id="97" dir="0" index="1" bw="1" slack="0"/>
<pin id="98" dir="0" index="2" bw="10" slack="0"/>
<pin id="99" dir="1" index="3" bw="10" slack="0"/>
</pin_list>
<bind>
<opcode="getelementptr(29) " fcode="getelementptr"/>
<opset="tile_out_addr/3 "/>
</bind>
</comp>

<comp id="102" class="1004" name="grp_access_fu_102">
<pin_list>
<pin id="103" dir="0" index="0" bw="10" slack="0"/>
<pin id="104" dir="0" index="1" bw="8" slack="2147483647"/>
<pin id="105" dir="0" index="2" bw="0" slack="2147483647"/>
<pin id="106" dir="1" index="3" bw="8" slack="0"/>
</pin_list>
<bind>
<opcode="load(27) " fcode="load"/>
<opset="tile_out_load/3 "/>
</bind>
</comp>

<comp id="109" class="1004" name="tx_cast_fu_109">
<pin_list>
<pin id="110" dir="0" index="0" bw="31" slack="0"/>
<pin id="111" dir="1" index="1" bw="32" slack="2"/>
</pin_list>
<bind>
<opcode="zext(34) " fcode="zext"/>
<opset="tx_cast/1 "/>
</bind>
</comp>

<comp id="113" class="1004" name="ty_cast_fu_113">
<pin_list>
<pin id="114" dir="0" index="0" bw="31" slack="0"/>
<pin id="115" dir="1" index="1" bw="32" slack="2"/>
</pin_list>
<bind>
<opcode="zext(34) " fcode="zext"/>
<opset="ty_cast/1 "/>
</bind>
</comp>

<comp id="117" class="1004" name="store_ln0_store_fu_117">
<pin_list>
<pin id="118" dir="0" index="0" bw="1" slack="0"/>
<pin id="119" dir="0" index="1" bw="11" slack="0"/>
<pin id="120" dir="1" index="2" bw="0" slack="2147483647"/>
</pin_list>
<bind>
<opcode="store(28) " fcode="store"/>
<opset="store_ln0/1 "/>
</bind>
</comp>

<comp id="122" class="1004" name="store_ln70_store_fu_122">
<pin_list>
<pin id="123" dir="0" index="0" bw="1" slack="0"/>
<pin id="124" dir="0" index="1" bw="6" slack="0"/>
<pin id="125" dir="1" index="2" bw="0" slack="2147483647"/>
</pin_list>
<bind>
<opcode="store(28) " fcode="store"/>
<opset="store_ln70/1 "/>
</bind>
</comp>

<comp id="127" class="1004" name="store_ln71_store_fu_127">
<pin_list>
<pin id="128" dir="0" index="0" bw="1" slack="0"/>
<pin id="129" dir="0" index="1" bw="6" slack="0"/>
<pin id="130" dir="1" index="2" bw="0" slack="2147483647"/>
</pin_list>
<bind>
<opcode="store(28) " fcode="store"/>
<opset="store_ln71/1 "/>
</bind>
</comp>

<comp id="132" class="1004" name="indvar_flatten13_load_load_fu_132">
<pin_list>
<pin id="133" dir="0" index="0" bw="11" slack="0"/>
<pin id="134" dir="1" index="1" bw="11" slack="0"/>
</pin_list>
<bind>
<opcode="load(27) " fcode="load"/>
<opset="indvar_flatten13_load/1 "/>
</bind>
</comp>

<comp id="135" class="1004" name="icmp_ln70_fu_135">
<pin_list>
<pin id="136" dir="0" index="0" bw="11" slack="0"/>
<pin id="137" dir="0" index="1" bw="11" slack="0"/>
<pin id="138" dir="1" index="2" bw="1" slack="2"/>
</pin_list>
<bind>
<opcode="icmp(45) " fcode="icmp"/>
<opset="icmp_ln70/1 "/>
</bind>
</comp>

<comp id="141" class="1004" name="add_ln70_1_fu_141">
<pin_list>
<pin id="142" dir="0" index="0" bw="11" slack="0"/>
<pin id="143" dir="0" index="1" bw="1" slack="0"/>
<pin id="144" dir="1" index="2" bw="11" slack="0"/>
</pin_list>
<bind>
<opcode="add(8) " fcode="add"/>
<opset="add_ln70_1/1 "/>
</bind>
</comp>

<comp id="147" class="1004" name="store_ln70_store_fu_147">
<pin_list>
<pin id="148" dir="0" index="0" bw="11" slack="0"/>
<pin id="149" dir="0" index="1" bw="11" slack="0"/>
<pin id="150" dir="1" index="2" bw="0" slack="2147483647"/>
</pin_list>
<bind>
<opcode="store(28) " fcode="store"/>
<opset="store_ln70/1 "/>
</bind>
</comp>

<comp id="152" class="1004" name="x_load_load_fu_152">
<pin_list>
<pin id="153" dir="0" index="0" bw="6" slack="1"/>
<pin id="154" dir="1" index="1" bw="6" slack="0"/>
</pin_list>
<bind>
<opcode="load(27) " fcode="load"/>
<opset="x_load/2 "/>
</bind>
</comp>

<comp id="155" class="1004" name="y_load_load_fu_155">
<pin_list>
<pin id="156" dir="0" index="0" bw="6" slack="1"/>
<pin id="157" dir="1" index="1" bw="6" slack="0"/>
</pin_list>
<bind>
<opcode="load(27) " fcode="load"/>
<opset="y_load/2 "/>
</bind>
</comp>

<comp id="158" class="1004" name="add_ln70_fu_158">
<pin_list>
<pin id="159" dir="0" index="0" bw="6" slack="0"/>
<pin id="160" dir="0" index="1" bw="1" slack="0"/>
<pin id="161" dir="1" index="2" bw="6" slack="0"/>
</pin_list>
<bind>
<opcode="add(8) " fcode="add"/>
<opset="add_ln70/2 "/>
</bind>
</comp>

<comp id="164" class="1004" name="icmp_ln71_fu_164">
<pin_list>
<pin id="165" dir="0" index="0" bw="6" slack="0"/>
<pin id="166" dir="0" index="1" bw="6" slack="0"/>
<pin id="167" dir="1" index="2" bw="1" slack="0"/>
</pin_list>
<bind>
<opcode="icmp(45) " fcode="icmp"/>
<opset="icmp_ln71/2 "/>
</bind>
</comp>

<comp id="170" class="1004" name="select_ln70_fu_170">
<pin_list>
<pin id="171" dir="0" index="0" bw="1" slack="0"/>
<pin id="172" dir="0" index="1" bw="6" slack="0"/>
<pin id="173" dir="0" index="2" bw="6" slack="0"/>
<pin id="174" dir="1" index="3" bw="6" slack="0"/>
</pin_list>
<bind>
<opcode="select(49) " fcode="select"/>
<opset="select_ln70/2 "/>
</bind>
</comp>

<comp id="178" class="1004" name="select_ln70_1_fu_178">
<pin_list>
<pin id="179" dir="0" index="0" bw="1" slack="0"/>
<pin id="180" dir="0" index="1" bw="6" slack="0"/>
<pin id="181" dir="0" index="2" bw="6" slack="0"/>
<pin id="182" dir="1" index="3" bw="6" slack="0"/>
</pin_list>
<bind>
<opcode="select(49) " fcode="select"/>
<opset="select_ln70_1/2 "/>
</bind>
</comp>

<comp id="186" class="1004" name="trunc_ln81_fu_186">
<pin_list>
<pin id="187" dir="0" index="0" bw="6" slack="0"/>
<pin id="188" dir="1" index="1" bw="5" slack="1"/>
</pin_list>
<bind>
<opcode="trunc(33) " fcode="trunc"/>
<opset="trunc_ln81/2 "/>
</bind>
</comp>

<comp id="190" class="1004" name="add_ln71_fu_190">
<pin_list>
<pin id="191" dir="0" index="0" bw="6" slack="0"/>
<pin id="192" dir="0" index="1" bw="1" slack="0"/>
<pin id="193" dir="1" index="2" bw="6" slack="0"/>
</pin_list>
<bind>
<opcode="add(8) " fcode="add"/>
<opset="add_ln71/2 "/>
</bind>
</comp>

<comp id="196" class="1004" name="store_ln70_store_fu_196">
<pin_list>
<pin id="197" dir="0" index="0" bw="6" slack="0"/>
<pin id="198" dir="0" index="1" bw="6" slack="1"/>
<pin id="199" dir="1" index="2" bw="0" slack="2147483647"/>
</pin_list>
<bind>
<opcode="store(28) " fcode="store"/>
<opset="store_ln70/2 "/>
</bind>
</comp>

<comp id="201" class="1004" name="store_ln71_store_fu_201">
<pin_list>
<pin id="202" dir="0" index="0" bw="6" slack="0"/>
<pin id="203" dir="0" index="1" bw="6" slack="1"/>
<pin id="204" dir="1" index="2" bw="0" slack="2147483647"/>
</pin_list>
<bind>
<opcode="store(28) " fcode="store"/>
<opset="store_ln71/2 "/>
</bind>
</comp>

<comp id="206" class="1004" name="tmp_3_fu_206">
<pin_list>
<pin id="207" dir="0" index="0" bw="10" slack="0"/>
<pin id="208" dir="0" index="1" bw="5" slack="1"/>
<pin id="209" dir="0" index="2" bw="1" slack="0"/>
<pin id="210" dir="1" index="3" bw="10" slack="0"/>
</pin_list>
<bind>
<opcode="bitconcatenate(1004) " fcode="bitconcatenate"/>
<opset="tmp_3/3 "/>
</bind>
</comp>

<comp id="213" class="1004" name="zext_ln70_fu_213">
<pin_list>
<pin id="214" dir="0" index="0" bw="6" slack="1"/>
<pin id="215" dir="1" index="1" bw="32" slack="0"/>
</pin_list>
<bind>
<opcode="zext(34) " fcode="zext"/>
<opset="zext_ln70/3 "/>
</bind>
</comp>

<comp id="216" class="1004" name="empty_fu_216">
<pin_list>
<pin id="217" dir="0" index="0" bw="6" slack="0"/>
<pin id="218" dir="0" index="1" bw="31" slack="2"/>
<pin id="219" dir="1" index="2" bw="32" slack="0"/>
</pin_list>
<bind>
<opcode="add(8) " fcode="add"/>
<opset="empty/3 "/>
</bind>
</comp>

<comp id="221" class="1004" name="cmp107_fu_221">
<pin_list>
<pin id="222" dir="0" index="0" bw="32" slack="0"/>
<pin id="223" dir="0" index="1" bw="32" slack="2"/>
<pin id="224" dir="1" index="2" bw="1" slack="0"/>
</pin_list>
<bind>
<opcode="icmp(45) " fcode="icmp"/>
<opset="cmp107/3 "/>
</bind>
</comp>

<comp id="226" class="1004" name="zext_ln81_fu_226">
<pin_list>
<pin id="227" dir="0" index="0" bw="6" slack="1"/>
<pin id="228" dir="1" index="1" bw="10" slack="0"/>
</pin_list>
<bind>
<opcode="zext(34) " fcode="zext"/>
<opset="zext_ln81/3 "/>
</bind>
</comp>

<comp id="229" class="1004" name="add_ln81_fu_229">
<pin_list>
<pin id="230" dir="0" index="0" bw="10" slack="0"/>
<pin id="231" dir="0" index="1" bw="6" slack="0"/>
<pin id="232" dir="1" index="2" bw="10" slack="0"/>
</pin_list>
<bind>
<opcode="add(8) " fcode="add"/>
<opset="add_ln81/3 "/>
</bind>
</comp>

<comp id="235" class="1004" name="zext_ln81_1_fu_235">
<pin_list>
<pin id="236" dir="0" index="0" bw="10" slack="0"/>
<pin id="237" dir="1" index="1" bw="64" slack="0"/>
</pin_list>
<bind>
<opcode="zext(34) " fcode="zext"/>
<opset="zext_ln81_1/3 "/>
</bind>
</comp>

<comp id="240" class="1004" name="zext_ln71_fu_240">
<pin_list>
<pin id="241" dir="0" index="0" bw="6" slack="1"/>
<pin id="242" dir="1" index="1" bw="32" slack="0"/>
</pin_list>
<bind>
<opcode="zext(34) " fcode="zext"/>
<opset="zext_ln71/3 "/>
</bind>
</comp>

<comp id="243" class="1004" name="add_ln75_fu_243">
<pin_list>
<pin id="244" dir="0" index="0" bw="6" slack="0"/>
<pin id="245" dir="0" index="1" bw="31" slack="2"/>
<pin id="246" dir="1" index="2" bw="32" slack="0"/>
</pin_list>
<bind>
<opcode="add(8) " fcode="add"/>
<opset="add_ln75/3 "/>
</bind>
</comp>

<comp id="248" class="1004" name="icmp_ln77_fu_248">
<pin_list>
<pin id="249" dir="0" index="0" bw="32" slack="0"/>
<pin id="250" dir="0" index="1" bw="32" slack="2"/>
<pin id="251" dir="1" index="2" bw="1" slack="0"/>
</pin_list>
<bind>
<opcode="icmp(45) " fcode="icmp"/>
<opset="icmp_ln77/3 "/>
</bind>
</comp>

<comp id="253" class="1004" name="and_ln77_fu_253">
<pin_list>
<pin id="254" dir="0" index="0" bw="1" slack="0"/>
<pin id="255" dir="0" index="1" bw="1" slack="0"/>
<pin id="256" dir="1" index="2" bw="1" slack="1"/>
</pin_list>
<bind>
<opcode="and(23) " fcode="and"/>
<opset="and_ln77/3 "/>
</bind>
</comp>

<comp id="259" class="1005" name="x_reg_259">
<pin_list>
<pin id="260" dir="0" index="0" bw="6" slack="0"/>
<pin id="261" dir="1" index="1" bw="6" slack="0"/>
</pin_list>
<bind>
<opset="x "/>
</bind>
</comp>

<comp id="266" class="1005" name="y_reg_266">
<pin_list>
<pin id="267" dir="0" index="0" bw="6" slack="0"/>
<pin id="268" dir="1" index="1" bw="6" slack="0"/>
</pin_list>
<bind>
<opset="y "/>
</bind>
</comp>

<comp id="273" class="1005" name="indvar_flatten13_reg_273">
<pin_list>
<pin id="274" dir="0" index="0" bw="11" slack="0"/>
<pin id="275" dir="1" index="1" bw="11" slack="0"/>
</pin_list>
<bind>
<opset="indvar_flatten13 "/>
</bind>
</comp>

<comp id="280" class="1005" name="size_read_reg_280">
<pin_list>
<pin id="281" dir="0" index="0" bw="32" slack="2"/>
<pin id="282" dir="1" index="1" bw="32" slack="2"/>
</pin_list>
<bind>
<opset="size_read "/>
</bind>
</comp>

<comp id="286" class="1005" name="tx_cast_reg_286">
<pin_list>
<pin id="287" dir="0" index="0" bw="32" slack="2"/>
<pin id="288" dir="1" index="1" bw="32" slack="2"/>
</pin_list>
<bind>
<opset="tx_cast "/>
</bind>
</comp>

<comp id="291" class="1005" name="ty_cast_reg_291">
<pin_list>
<pin id="292" dir="0" index="0" bw="32" slack="2"/>
<pin id="293" dir="1" index="1" bw="32" slack="2"/>
</pin_list>
<bind>
<opset="ty_cast "/>
</bind>
</comp>

<comp id="296" class="1005" name="icmp_ln70_reg_296">
<pin_list>
<pin id="297" dir="0" index="0" bw="1" slack="2"/>
<pin id="298" dir="1" index="1" bw="1" slack="2147483647"/>
</pin_list>
<bind>
<opset="icmp_ln70 "/>
</bind>
</comp>

<comp id="300" class="1005" name="select_ln70_reg_300">
<pin_list>
<pin id="301" dir="0" index="0" bw="6" slack="1"/>
<pin id="302" dir="1" index="1" bw="6" slack="1"/>
</pin_list>
<bind>
<opset="select_ln70 "/>
</bind>
</comp>

<comp id="306" class="1005" name="select_ln70_1_reg_306">
<pin_list>
<pin id="307" dir="0" index="0" bw="6" slack="1"/>
<pin id="308" dir="1" index="1" bw="6" slack="1"/>
</pin_list>
<bind>
<opset="select_ln70_1 "/>
</bind>
</comp>

<comp id="311" class="1005" name="trunc_ln81_reg_311">
<pin_list>
<pin id="312" dir="0" index="0" bw="5" slack="1"/>
<pin id="313" dir="1" index="1" bw="5" slack="1"/>
</pin_list>
<bind>
<opset="trunc_ln81 "/>
</bind>
</comp>

<comp id="316" class="1005" name="tile_out_addr_reg_316">
<pin_list>
<pin id="317" dir="0" index="0" bw="10" slack="1"/>
<pin id="318" dir="1" index="1" bw="10" slack="1"/>
</pin_list>
<bind>
<opset="tile_out_addr "/>
</bind>
</comp>

<comp id="321" class="1005" name="and_ln77_reg_321">
<pin_list>
<pin id="322" dir="0" index="0" bw="1" slack="1"/>
<pin id="323" dir="1" index="1" bw="1" slack="2147483647"/>
</pin_list>
<bind>
<opset="and_ln77 "/>
</bind>
</comp>

</comp_list>

<net_list>
<net id="61"><net_src comp="10" pin="0"/><net_sink comp="58" pin=0"/></net>

<net id="65"><net_src comp="10" pin="0"/><net_sink comp="62" pin=0"/></net>

<net id="69"><net_src comp="10" pin="0"/><net_sink comp="66" pin=0"/></net>

<net id="74"><net_src comp="12" pin="0"/><net_sink comp="70" pin=0"/></net>

<net id="75"><net_src comp="6" pin="0"/><net_sink comp="70" pin=1"/></net>

<net id="80"><net_src comp="14" pin="0"/><net_sink comp="76" pin=0"/></net>

<net id="81"><net_src comp="2" pin="0"/><net_sink comp="76" pin=1"/></net>

<net id="86"><net_src comp="12" pin="0"/><net_sink comp="82" pin=0"/></net>

<net id="87"><net_src comp="0" pin="0"/><net_sink comp="82" pin=1"/></net>

<net id="93"><net_src comp="56" pin="0"/><net_sink comp="88" pin=0"/></net>

<net id="94"><net_src comp="8" pin="0"/><net_sink comp="88" pin=1"/></net>

<net id="100"><net_src comp="4" pin="0"/><net_sink comp="95" pin=0"/></net>

<net id="101"><net_src comp="48" pin="0"/><net_sink comp="95" pin=1"/></net>

<net id="107"><net_src comp="102" pin="3"/><net_sink comp="88" pin=2"/></net>

<net id="108"><net_src comp="95" pin="3"/><net_sink comp="102" pin=0"/></net>

<net id="112"><net_src comp="70" pin="2"/><net_sink comp="109" pin=0"/></net>

<net id="116"><net_src comp="82" pin="2"/><net_sink comp="113" pin=0"/></net>

<net id="121"><net_src comp="24" pin="0"/><net_sink comp="117" pin=0"/></net>

<net id="126"><net_src comp="26" pin="0"/><net_sink comp="122" pin=0"/></net>

<net id="131"><net_src comp="26" pin="0"/><net_sink comp="127" pin=0"/></net>

<net id="139"><net_src comp="132" pin="1"/><net_sink comp="135" pin=0"/></net>

<net id="140"><net_src comp="28" pin="0"/><net_sink comp="135" pin=1"/></net>

<net id="145"><net_src comp="132" pin="1"/><net_sink comp="141" pin=0"/></net>

<net id="146"><net_src comp="30" pin="0"/><net_sink comp="141" pin=1"/></net>

<net id="151"><net_src comp="141" pin="2"/><net_sink comp="147" pin=0"/></net>

<net id="162"><net_src comp="155" pin="1"/><net_sink comp="158" pin=0"/></net>

<net id="163"><net_src comp="32" pin="0"/><net_sink comp="158" pin=1"/></net>

<net id="168"><net_src comp="152" pin="1"/><net_sink comp="164" pin=0"/></net>

<net id="169"><net_src comp="34" pin="0"/><net_sink comp="164" pin=1"/></net>

<net id="175"><net_src comp="164" pin="2"/><net_sink comp="170" pin=0"/></net>

<net id="176"><net_src comp="26" pin="0"/><net_sink comp="170" pin=1"/></net>

<net id="177"><net_src comp="152" pin="1"/><net_sink comp="170" pin=2"/></net>

<net id="183"><net_src comp="164" pin="2"/><net_sink comp="178" pin=0"/></net>

<net id="184"><net_src comp="158" pin="2"/><net_sink comp="178" pin=1"/></net>

<net id="185"><net_src comp="155" pin="1"/><net_sink comp="178" pin=2"/></net>

<net id="189"><net_src comp="178" pin="3"/><net_sink comp="186" pin=0"/></net>

<net id="194"><net_src comp="170" pin="3"/><net_sink comp="190" pin=0"/></net>

<net id="195"><net_src comp="32" pin="0"/><net_sink comp="190" pin=1"/></net>

<net id="200"><net_src comp="178" pin="3"/><net_sink comp="196" pin=0"/></net>

<net id="205"><net_src comp="190" pin="2"/><net_sink comp="201" pin=0"/></net>

<net id="211"><net_src comp="44" pin="0"/><net_sink comp="206" pin=0"/></net>

<net id="212"><net_src comp="46" pin="0"/><net_sink comp="206" pin=2"/></net>

<net id="220"><net_src comp="213" pin="1"/><net_sink comp="216" pin=0"/></net>

<net id="225"><net_src comp="216" pin="2"/><net_sink comp="221" pin=0"/></net>

<net id="233"><net_src comp="206" pin="3"/><net_sink comp="229" pin=0"/></net>

<net id="234"><net_src comp="226" pin="1"/><net_sink comp="229" pin=1"/></net>

<net id="238"><net_src comp="229" pin="2"/><net_sink comp="235" pin=0"/></net>

<net id="239"><net_src comp="235" pin="1"/><net_sink comp="95" pin=2"/></net>

<net id="247"><net_src comp="240" pin="1"/><net_sink comp="243" pin=0"/></net>

<net id="252"><net_src comp="243" pin="2"/><net_sink comp="248" pin=0"/></net>

<net id="257"><net_src comp="221" pin="2"/><net_sink comp="253" pin=0"/></net>

<net id="258"><net_src comp="248" pin="2"/><net_sink comp="253" pin=1"/></net>

<net id="262"><net_src comp="58" pin="1"/><net_sink comp="259" pin=0"/></net>

<net id="263"><net_src comp="259" pin="1"/><net_sink comp="127" pin=1"/></net>

<net id="264"><net_src comp="259" pin="1"/><net_sink comp="152" pin=0"/></net>

<net id="265"><net_src comp="259" pin="1"/><net_sink comp="201" pin=1"/></net>

<net id="269"><net_src comp="62" pin="1"/><net_sink comp="266" pin=0"/></net>

<net id="270"><net_src comp="266" pin="1"/><net_sink comp="122" pin=1"/></net>

<net id="271"><net_src comp="266" pin="1"/><net_sink comp="155" pin=0"/></net>

<net id="272"><net_src comp="266" pin="1"/><net_sink comp="196" pin=1"/></net>

<net id="276"><net_src comp="66" pin="1"/><net_sink comp="273" pin=0"/></net>

<net id="277"><net_src comp="273" pin="1"/><net_sink comp="117" pin=1"/></net>

<net id="278"><net_src comp="273" pin="1"/><net_sink comp="132" pin=0"/></net>

<net id="279"><net_src comp="273" pin="1"/><net_sink comp="147" pin=1"/></net>

<net id="283"><net_src comp="76" pin="2"/><net_sink comp="280" pin=0"/></net>

<net id="284"><net_src comp="280" pin="1"/><net_sink comp="221" pin=1"/></net>

<net id="285"><net_src comp="280" pin="1"/><net_sink comp="248" pin=1"/></net>

<net id="289"><net_src comp="109" pin="1"/><net_sink comp="286" pin=0"/></net>

<net id="290"><net_src comp="286" pin="1"/><net_sink comp="243" pin=1"/></net>

<net id="294"><net_src comp="113" pin="1"/><net_sink comp="291" pin=0"/></net>

<net id="295"><net_src comp="291" pin="1"/><net_sink comp="216" pin=1"/></net>

<net id="299"><net_src comp="135" pin="2"/><net_sink comp="296" pin=0"/></net>

<net id="303"><net_src comp="170" pin="3"/><net_sink comp="300" pin=0"/></net>

<net id="304"><net_src comp="300" pin="1"/><net_sink comp="226" pin=0"/></net>

<net id="305"><net_src comp="300" pin="1"/><net_sink comp="240" pin=0"/></net>

<net id="309"><net_src comp="178" pin="3"/><net_sink comp="306" pin=0"/></net>

<net id="310"><net_src comp="306" pin="1"/><net_sink comp="213" pin=0"/></net>

<net id="314"><net_src comp="186" pin="1"/><net_sink comp="311" pin=0"/></net>

<net id="315"><net_src comp="311" pin="1"/><net_sink comp="206" pin=1"/></net>

<net id="319"><net_src comp="95" pin="3"/><net_sink comp="316" pin=0"/></net>

<net id="320"><net_src comp="316" pin="1"/><net_sink comp="102" pin=0"/></net>

<net id="324"><net_src comp="253" pin="2"/><net_sink comp="321" pin=0"/></net>

</net_list>

</model> 
---------------- Datapath Model END ------------------

* FSMD analyzer results:
  - Output states:
	Port: output_r | {4 }
 - Input state : 
	Port: cnn_accel_Pipeline_VITIS_LOOP_70_8_VITIS_LOOP_71_9 : ty | {1 }
	Port: cnn_accel_Pipeline_VITIS_LOOP_70_8_VITIS_LOOP_71_9 : size | {1 }
	Port: cnn_accel_Pipeline_VITIS_LOOP_70_8_VITIS_LOOP_71_9 : tile_out | {3 4 }
	Port: cnn_accel_Pipeline_VITIS_LOOP_70_8_VITIS_LOOP_71_9 : tx | {1 }
	Port: cnn_accel_Pipeline_VITIS_LOOP_70_8_VITIS_LOOP_71_9 : output_r | {}
  - Chain level:
	State 1
		store_ln0 : 1
		store_ln70 : 1
		store_ln71 : 1
		indvar_flatten13_load : 1
		icmp_ln70 : 2
		add_ln70_1 : 2
		br_ln70 : 3
		store_ln70 : 3
	State 2
		add_ln70 : 1
		icmp_ln71 : 1
		select_ln70 : 2
		select_ln70_1 : 2
		trunc_ln81 : 3
		add_ln71 : 3
		store_ln70 : 3
		store_ln71 : 4
	State 3
		empty : 1
		cmp107 : 2
		add_ln81 : 1
		zext_ln81_1 : 2
		tile_out_addr : 3
		add_ln75 : 1
		icmp_ln77 : 2
		and_ln77 : 3
		br_ln77 : 3
		tile_out_load : 4
	State 4
		write_ln81 : 1


============================================================
+ Verbose Summary: Datapath Resource usage 
============================================================

* Functional unit list:
|----------|------------------------|---------|---------|
| Operation|     Functional Unit    |    FF   |   LUT   |
|----------|------------------------|---------|---------|
|          |    add_ln70_1_fu_141   |    0    |    18   |
|          |     add_ln70_fu_158    |    0    |    14   |
|    add   |     add_ln71_fu_190    |    0    |    14   |
|          |      empty_fu_216      |    0    |    38   |
|          |     add_ln81_fu_229    |    0    |    17   |
|          |     add_ln75_fu_243    |    0    |    38   |
|----------|------------------------|---------|---------|
|          |    icmp_ln70_fu_135    |    0    |    18   |
|   icmp   |    icmp_ln71_fu_164    |    0    |    14   |
|          |      cmp107_fu_221     |    0    |    39   |
|          |    icmp_ln77_fu_248    |    0    |    39   |
|----------|------------------------|---------|---------|
|  select  |   select_ln70_fu_170   |    0    |    6    |
|          |  select_ln70_1_fu_178  |    0    |    6    |
|----------|------------------------|---------|---------|
|    and   |     and_ln77_fu_253    |    0    |    2    |
|----------|------------------------|---------|---------|
|          |   tx_read_read_fu_70   |    0    |    0    |
|   read   |  size_read_read_fu_76  |    0    |    0    |
|          |   ty_read_read_fu_82   |    0    |    0    |
|----------|------------------------|---------|---------|
|   write  | write_ln81_write_fu_88 |    0    |    0    |
|----------|------------------------|---------|---------|
|          |     tx_cast_fu_109     |    0    |    0    |
|          |     ty_cast_fu_113     |    0    |    0    |
|   zext   |    zext_ln70_fu_213    |    0    |    0    |
|          |    zext_ln81_fu_226    |    0    |    0    |
|          |   zext_ln81_1_fu_235   |    0    |    0    |
|          |    zext_ln71_fu_240    |    0    |    0    |
|----------|------------------------|---------|---------|
|   trunc  |    trunc_ln81_fu_186   |    0    |    0    |
|----------|------------------------|---------|---------|
|bitconcatenate|      tmp_3_fu_206      |    0    |    0    |
|----------|------------------------|---------|---------|
|   Total  |                        |    0    |   263   |
|----------|------------------------|---------|---------|

Memories:
N/A

* Register list:
+------------------------+--------+
|                        |   FF   |
+------------------------+--------+
|    and_ln77_reg_321    |    1   |
|    icmp_ln70_reg_296   |    1   |
|indvar_flatten13_reg_273|   11   |
|  select_ln70_1_reg_306 |    6   |
|   select_ln70_reg_300  |    6   |
|    size_read_reg_280   |   32   |
|  tile_out_addr_reg_316 |   10   |
|   trunc_ln81_reg_311   |    5   |
|     tx_cast_reg_286    |   32   |
|     ty_cast_reg_291    |   32   |
|        x_reg_259       |    6   |
|        y_reg_266       |    6   |
+------------------------+--------+
|          Total         |   148  |
+------------------------+--------+

* Multiplexer (MUX) list: 
|-------------------|------|------|------|--------||---------||---------||---------|
|        Comp       |  Pin | Size |  BW  | S x BW ||  Delay  ||    FF   ||   LUT   |
|-------------------|------|------|------|--------||---------||---------||---------|
| grp_access_fu_102 |  p0  |   2  |  10  |   20   ||    0    ||    9    |
|-------------------|------|------|------|--------||---------||---------||---------|
|       Total       |      |      |      |   20   ||   1.61  ||    0    ||    9    |
|-------------------|------|------|------|--------||---------||---------||---------|



* Summary:
+-----------+--------+--------+--------+
|           |  Delay |   FF   |   LUT  |
+-----------+--------+--------+--------+
|  Function |    -   |    0   |   263  |
|   Memory  |    -   |    -   |    -   |
|Multiplexer|    1   |    0   |    9   |
|  Register |    -   |   148  |    -   |
+-----------+--------+--------+--------+
|   Total   |    1   |   148  |   272  |
+-----------+--------+--------+--------+
