

================================================================
== Vitis HLS Report for 'cnn_accel_Pipeline_VITIS_LOOP_65_5_VITIS_LOOP_66_6'
================================================================
* Date:           Wed Apr 22 11:39:52 2026

* Version:        2024.2 (Build 5238294 on Nov  8 2024)
* Project:        cnn_accel
* Solution:       solution1 (Vivado IP Flow Target)
* Product family: artix7
* Target device:  xc7a200t-sbg484-1


================================================================
== Performance Estimates
================================================================
+ Timing: 
    * Summary: 
    +--------+----------+----------+------------+
    |  Clock |  Target  | Estimated| Uncertainty|
    +--------+----------+----------+------------+
    |ap_clk  |  10.00 ns|  6.980 ns|     2.70 ns|
    +--------+----------+----------+------------+

+ Latency: 
    * Summary: 
    +---------+---------+-----------+-----------+------+------+------------------------------------------------+
    |  Latency (cycles) |   Latency (absolute)  |   Interval  |                    Pipeline                    |
    |   min   |   max   |    min    |    max    |  min |  max |                      Type                      |
    +---------+---------+-----------+-----------+------+------+------------------------------------------------+
    |     1029|     1029|  10.290 us|  10.290 us|  1025|  1025|  loop auto-rewind stp (delay=0 clock cycles(s))|
    +---------+---------+-----------+-----------+------+------+------------------------------------------------+

    + Detail: 
        * Instance: 
        N/A

        * Loop: 
        +-----------------------------------+---------+---------+----------+-----------+-----------+------+----------+
        |                                   |  Latency (cycles) | Iteration|  Initiation Interval  | Trip |          |
        |             Loop Name             |   min   |   max   |  Latency |  achieved |   target  | Count| Pipelined|
        +-----------------------------------+---------+---------+----------+-----------+-----------+------+----------+
        |- VITIS_LOOP_65_5_VITIS_LOOP_66_6  |     1027|     1027|         5|          1|          1|  1024|       yes|
        +-----------------------------------+---------+---------+----------+-----------+-----------+------+----------+

============================================================
+ Verbose Summary: Synthesis Manager
============================================================
InlineROM: 1
ExposeGlobal: 0
============================================================
+ Verbose Summary: CDFG Model
============================================================
IsTopModel: 0
ResetActiveHigh: 1
IsCombinational: 0
IsDatapathOnly: 0
HasWiredReturn: 1
HasMFsm: 2
HasVarLatency: 1
IsPipeline: 0
IsRtlPipelined: 0
IsInstanceOverlapped: 0
IsDontTouch: 0
HasImplIP: 0
IsGatedGlobalClock: 0

+ Individual pipeline summary: 
  * Pipeline-0: initiation interval (II) = 1, depth = 5


============================================================
+ Verbose Summary: Schedule
============================================================
* Number of FSM states : 5
* Pipeline : 1
  Pipeline-0 : II = 1, D = 5, States = { 1 2 3 4 5 }
* Dataflow Pipeline: 0

* FSM state transitions: 
1 --> 2 
2 --> 3 
3 --> 4 
4 --> 5 
5 --> 

* FSM state operations: 

State 1 <SV = 0> <Delay = 5.34>
ST_1 : Operation 8 [1/1] (0.00ns)   --->   "%x = alloca i32 1" [cnn_accel.cpp:66]   --->   Operation 8 'alloca' 'x' <Predicate = true> <Delay = 0.00>
ST_1 : Operation 9 [1/1] (0.00ns)   --->   "%y = alloca i32 1" [cnn_accel.cpp:65]   --->   Operation 9 'alloca' 'y' <Predicate = true> <Delay = 0.00>
ST_1 : Operation 10 [1/1] (0.00ns)   --->   "%indvar_flatten216 = alloca i32 1"   --->   Operation 10 'alloca' 'indvar_flatten216' <Predicate = true> <Delay = 0.00>
ST_1 : Operation 11 [1/1] (0.00ns)   --->   "%specmemcore_ln0 = specmemcore void @_ssdm_op_SpecMemCore, i8 %tile_out, i64 666, i64 30, i64 18446744073709551615"   --->   Operation 11 'specmemcore' 'specmemcore_ln0' <Predicate = true> <Delay = 0.00>
ST_1 : Operation 12 [1/1] (0.00ns)   --->   "%specmemcore_ln0 = specmemcore void @_ssdm_op_SpecMemCore, i8 %tile_out_1, i64 666, i64 30, i64 18446744073709551615"   --->   Operation 12 'specmemcore' 'specmemcore_ln0' <Predicate = true> <Delay = 0.00>
ST_1 : Operation 13 [1/1] (0.00ns)   --->   "%specmemcore_ln0 = specmemcore void @_ssdm_op_SpecMemCore, i8 %tile_out_2, i64 666, i64 30, i64 18446744073709551615"   --->   Operation 13 'specmemcore' 'specmemcore_ln0' <Predicate = true> <Delay = 0.00>
ST_1 : Operation 14 [1/1] (0.00ns)   --->   "%specmemcore_ln0 = specmemcore void @_ssdm_op_SpecMemCore, i8 %tile_out_3, i64 666, i64 30, i64 18446744073709551615"   --->   Operation 14 'specmemcore' 'specmemcore_ln0' <Predicate = true> <Delay = 0.00>
ST_1 : Operation 15 [1/1] (0.00ns)   --->   "%specmemcore_ln0 = specmemcore void @_ssdm_op_SpecMemCore, i8 %tile_out_4, i64 666, i64 30, i64 18446744073709551615"   --->   Operation 15 'specmemcore' 'specmemcore_ln0' <Predicate = true> <Delay = 0.00>
ST_1 : Operation 16 [1/1] (0.00ns)   --->   "%specmemcore_ln0 = specmemcore void @_ssdm_op_SpecMemCore, i8 %tile_out_5, i64 666, i64 30, i64 18446744073709551615"   --->   Operation 16 'specmemcore' 'specmemcore_ln0' <Predicate = true> <Delay = 0.00>
ST_1 : Operation 17 [1/1] (0.00ns)   --->   "%specmemcore_ln0 = specmemcore void @_ssdm_op_SpecMemCore, i8 %tile_out_6, i64 666, i64 30, i64 18446744073709551615"   --->   Operation 17 'specmemcore' 'specmemcore_ln0' <Predicate = true> <Delay = 0.00>
ST_1 : Operation 18 [1/1] (0.00ns)   --->   "%specmemcore_ln0 = specmemcore void @_ssdm_op_SpecMemCore, i8 %tile_out_7, i64 666, i64 30, i64 18446744073709551615"   --->   Operation 18 'specmemcore' 'specmemcore_ln0' <Predicate = true> <Delay = 0.00>
ST_1 : Operation 19 [1/1] (0.00ns)   --->   "%specmemcore_ln0 = specmemcore void @_ssdm_op_SpecMemCore, i8 %tile_out_8, i64 666, i64 30, i64 18446744073709551615"   --->   Operation 19 'specmemcore' 'specmemcore_ln0' <Predicate = true> <Delay = 0.00>
ST_1 : Operation 20 [1/1] (0.00ns)   --->   "%specmemcore_ln0 = specmemcore void @_ssdm_op_SpecMemCore, i8 %tile_out_9, i64 666, i64 30, i64 18446744073709551615"   --->   Operation 20 'specmemcore' 'specmemcore_ln0' <Predicate = true> <Delay = 0.00>
ST_1 : Operation 21 [1/1] (0.00ns)   --->   "%specmemcore_ln0 = specmemcore void @_ssdm_op_SpecMemCore, i8 %tile_out_10, i64 666, i64 30, i64 18446744073709551615"   --->   Operation 21 'specmemcore' 'specmemcore_ln0' <Predicate = true> <Delay = 0.00>
ST_1 : Operation 22 [1/1] (0.00ns)   --->   "%specmemcore_ln0 = specmemcore void @_ssdm_op_SpecMemCore, i8 %tile_out_11, i64 666, i64 30, i64 18446744073709551615"   --->   Operation 22 'specmemcore' 'specmemcore_ln0' <Predicate = true> <Delay = 0.00>
ST_1 : Operation 23 [1/1] (0.00ns)   --->   "%specmemcore_ln0 = specmemcore void @_ssdm_op_SpecMemCore, i8 %tile_out_12, i64 666, i64 30, i64 18446744073709551615"   --->   Operation 23 'specmemcore' 'specmemcore_ln0' <Predicate = true> <Delay = 0.00>
ST_1 : Operation 24 [1/1] (0.00ns)   --->   "%specmemcore_ln0 = specmemcore void @_ssdm_op_SpecMemCore, i8 %tile_out_13, i64 666, i64 30, i64 18446744073709551615"   --->   Operation 24 'specmemcore' 'specmemcore_ln0' <Predicate = true> <Delay = 0.00>
ST_1 : Operation 25 [1/1] (0.00ns)   --->   "%specmemcore_ln0 = specmemcore void @_ssdm_op_SpecMemCore, i8 %tile_out_14, i64 666, i64 30, i64 18446744073709551615"   --->   Operation 25 'specmemcore' 'specmemcore_ln0' <Predicate = true> <Delay = 0.00>
ST_1 : Operation 26 [1/1] (0.00ns)   --->   "%specmemcore_ln0 = specmemcore void @_ssdm_op_SpecMemCore, i8 %tile_out_15, i64 666, i64 30, i64 18446744073709551615"   --->   Operation 26 'specmemcore' 'specmemcore_ln0' <Predicate = true> <Delay = 0.00>
ST_1 : Operation 27 [1/1] (0.00ns)   --->   "%specmemcore_ln0 = specmemcore void @_ssdm_op_SpecMemCore, i8 %tile_in, i64 666, i64 30, i64 18446744073709551615"   --->   Operation 27 'specmemcore' 'specmemcore_ln0' <Predicate = true> <Delay = 0.00>
ST_1 : Operation 28 [1/1] (0.00ns)   --->   "%specmemcore_ln0 = specmemcore void @_ssdm_op_SpecMemCore, i8 %tile_in_1, i64 666, i64 30, i64 18446744073709551615"   --->   Operation 28 'specmemcore' 'specmemcore_ln0' <Predicate = true> <Delay = 0.00>
ST_1 : Operation 29 [1/1] (0.00ns)   --->   "%specmemcore_ln0 = specmemcore void @_ssdm_op_SpecMemCore, i8 %tile_in_2, i64 666, i64 30, i64 18446744073709551615"   --->   Operation 29 'specmemcore' 'specmemcore_ln0' <Predicate = true> <Delay = 0.00>
ST_1 : Operation 30 [1/1] (1.61ns)   --->   "%store_ln0 = store i11 0, i11 %indvar_flatten216"   --->   Operation 30 'store' 'store_ln0' <Predicate = true> <Delay = 1.61>
ST_1 : Operation 31 [1/1] (1.61ns)   --->   "%store_ln65 = store i6 0, i6 %y" [cnn_accel.cpp:65]   --->   Operation 31 'store' 'store_ln65' <Predicate = true> <Delay = 1.61>
ST_1 : Operation 32 [1/1] (1.61ns)   --->   "%store_ln66 = store i6 0, i6 %x" [cnn_accel.cpp:66]   --->   Operation 32 'store' 'store_ln66' <Predicate = true> <Delay = 1.61>
ST_1 : Operation 33 [1/1] (0.00ns)   --->   "%br_ln0 = br void %VITIS_LOOP_69_7"   --->   Operation 33 'br' 'br_ln0' <Predicate = true> <Delay = 0.00>
ST_1 : Operation 34 [1/1] (0.00ns)   --->   "%indvar_flatten216_load = load i11 %indvar_flatten216" [cnn_accel.cpp:65]   --->   Operation 34 'load' 'indvar_flatten216_load' <Predicate = true> <Delay = 0.00>
ST_1 : Operation 35 [1/1] (2.12ns)   --->   "%icmp_ln65 = icmp_eq  i11 %indvar_flatten216_load, i11 1024" [cnn_accel.cpp:65]   --->   Operation 35 'icmp' 'icmp_ln65' <Predicate = true> <Delay = 2.12> <CoreInst = "Cmp">   --->   Core 9 'Cmp' <Latency = 0> <II = 1> <Delay = 2.12> <FuncUnit> <Opcode : 'seteq' 'setne' 'setle' 'setge' 'setlt' 'setgt'> <InPorts = 2> <OutPorts = 1>
ST_1 : Operation 36 [1/1] (2.12ns)   --->   "%add_ln65_1 = add i11 %indvar_flatten216_load, i11 1" [cnn_accel.cpp:65]   --->   Operation 36 'add' 'add_ln65_1' <Predicate = true> <Delay = 2.12> <CoreInst = "Adder">   --->   Core 1 'Adder' <Latency = 0> <II = 1> <Delay = 2.12> <FuncUnit> <Opcode : 'add' 'sub'> <InPorts = 2> <OutPorts = 1>
ST_1 : Operation 37 [1/1] (0.00ns)   --->   "%br_ln65 = br i1 %icmp_ln65, void %for.inc110, void %for.body122.preheader.exitStub" [cnn_accel.cpp:65]   --->   Operation 37 'br' 'br_ln65' <Predicate = true> <Delay = 0.00>
ST_1 : Operation 38 [1/1] (1.61ns)   --->   "%store_ln65 = store i11 %add_ln65_1, i11 %indvar_flatten216" [cnn_accel.cpp:65]   --->   Operation 38 'store' 'store_ln65' <Predicate = (!icmp_ln65)> <Delay = 1.61>

State 2 <SV = 1> <Delay = 6.17>
ST_2 : Operation 39 [1/1] (0.00ns)   --->   "%x_load = load i6 %x" [cnn_accel.cpp:66]   --->   Operation 39 'load' 'x_load' <Predicate = true> <Delay = 0.00>
ST_2 : Operation 40 [1/1] (0.00ns)   --->   "%y_load = load i6 %y" [cnn_accel.cpp:65]   --->   Operation 40 'load' 'y_load' <Predicate = true> <Delay = 0.00>
ST_2 : Operation 41 [1/1] (1.94ns)   --->   "%add_ln65 = add i6 %y_load, i6 1" [cnn_accel.cpp:65]   --->   Operation 41 'add' 'add_ln65' <Predicate = true> <Delay = 1.94> <CoreInst = "Adder">   --->   Core 1 'Adder' <Latency = 0> <II = 1> <Delay = 1.94> <FuncUnit> <Opcode : 'add' 'sub'> <InPorts = 2> <OutPorts = 1>
ST_2 : Operation 42 [1/1] (1.94ns)   --->   "%icmp_ln66 = icmp_eq  i6 %x_load, i6 32" [cnn_accel.cpp:66]   --->   Operation 42 'icmp' 'icmp_ln66' <Predicate = true> <Delay = 1.94> <CoreInst = "Cmp">   --->   Core 9 'Cmp' <Latency = 0> <II = 1> <Delay = 1.94> <FuncUnit> <Opcode : 'seteq' 'setne' 'setle' 'setge' 'setlt' 'setgt'> <InPorts = 2> <OutPorts = 1>
ST_2 : Operation 43 [1/1] (0.66ns)   --->   "%select_ln65 = select i1 %icmp_ln66, i6 0, i6 %x_load" [cnn_accel.cpp:65]   --->   Operation 43 'select' 'select_ln65' <Predicate = true> <Delay = 0.66> <CoreInst = "Sel">   --->   Core 73 'Sel' <Latency = 0> <II = 1> <Delay = 0.66> <FuncUnit> <Opcode : 'select'> <InPorts = 3> <OutPorts = 1>
ST_2 : Operation 44 [1/1] (0.66ns)   --->   "%select_ln65_1 = select i1 %icmp_ln66, i6 %add_ln65, i6 %y_load" [cnn_accel.cpp:65]   --->   Operation 44 'select' 'select_ln65_1' <Predicate = true> <Delay = 0.66> <CoreInst = "Sel">   --->   Core 73 'Sel' <Latency = 0> <II = 1> <Delay = 0.66> <FuncUnit> <Opcode : 'select'> <InPorts = 3> <OutPorts = 1>
ST_2 : Operation 45 [1/1] (0.00ns)   --->   "%empty = trunc i6 %select_ln65_1" [cnn_accel.cpp:65]   --->   Operation 45 'trunc' 'empty' <Predicate = true> <Delay = 0.00>
ST_2 : Operation 46 [1/1] (0.00ns)   --->   "%tmp_1 = bitconcatenate i10 @_ssdm_op_BitConcatenate.i10.i5.i5, i5 %empty, i5 0" [cnn_accel.cpp:65]   --->   Operation 46 'bitconcatenate' 'tmp_1' <Predicate = true> <Delay = 0.00>
ST_2 : Operation 47 [1/1] (0.00ns)   --->   "%select_ln65_cast = zext i6 %select_ln65" [cnn_accel.cpp:65]   --->   Operation 47 'zext' 'select_ln65_cast' <Predicate = true> <Delay = 0.00>
ST_2 : Operation 48 [1/1] (2.12ns)   --->   "%empty_23 = add i10 %tmp_1, i10 %select_ln65_cast" [cnn_accel.cpp:65]   --->   Operation 48 'add' 'empty_23' <Predicate = true> <Delay = 2.12> <CoreInst = "Adder">   --->   Core 1 'Adder' <Latency = 0> <II = 1> <Delay = 2.12> <FuncUnit> <Opcode : 'add' 'sub'> <InPorts = 2> <OutPorts = 1>
ST_2 : Operation 49 [1/1] (1.94ns)   --->   "%add_ln66 = add i6 %select_ln65, i6 1" [cnn_accel.cpp:66]   --->   Operation 49 'add' 'add_ln66' <Predicate = true> <Delay = 1.94> <CoreInst = "Adder">   --->   Core 1 'Adder' <Latency = 0> <II = 1> <Delay = 1.94> <FuncUnit> <Opcode : 'add' 'sub'> <InPorts = 2> <OutPorts = 1>
ST_2 : Operation 50 [1/1] (1.61ns)   --->   "%store_ln65 = store i6 %select_ln65_1, i6 %y" [cnn_accel.cpp:65]   --->   Operation 50 'store' 'store_ln65' <Predicate = true> <Delay = 1.61>
ST_2 : Operation 51 [1/1] (1.61ns)   --->   "%store_ln66 = store i6 %add_ln66, i6 %x" [cnn_accel.cpp:66]   --->   Operation 51 'store' 'store_ln66' <Predicate = true> <Delay = 1.61>

State 3 <SV = 2> <Delay = 3.25>
ST_3 : Operation 52 [1/1] (0.00ns)   --->   "%p_cast = zext i10 %empty_23" [cnn_accel.cpp:65]   --->   Operation 52 'zext' 'p_cast' <Predicate = true> <Delay = 0.00>
ST_3 : Operation 53 [1/1] (0.00ns)   --->   "%tile_in_addr = getelementptr i8 %tile_in, i64 0, i64 %p_cast" [cnn_accel.cpp:65]   --->   Operation 53 'getelementptr' 'tile_in_addr' <Predicate = true> <Delay = 0.00>
ST_3 : Operation 54 [1/1] (0.00ns)   --->   "%tile_in_1_addr = getelementptr i8 %tile_in_1, i64 0, i64 %p_cast" [cnn_accel.cpp:65]   --->   Operation 54 'getelementptr' 'tile_in_1_addr' <Predicate = true> <Delay = 0.00>
ST_3 : Operation 55 [1/1] (0.00ns)   --->   "%tile_in_2_addr = getelementptr i8 %tile_in_2, i64 0, i64 %p_cast" [cnn_accel.cpp:65]   --->   Operation 55 'getelementptr' 'tile_in_2_addr' <Predicate = true> <Delay = 0.00>
ST_3 : Operation 56 [2/2] (3.25ns)   --->   "%tile_in_load = load i10 %tile_in_addr" [cnn_accel.cpp:65]   --->   Operation 56 'load' 'tile_in_load' <Predicate = true> <Delay = 3.25> <CoreInst = "RAM_T2P_BRAM">   --->   Core 93 'RAM_T2P_BRAM' <Latency = 1> <II = 1> <Delay = 3.25> <Storage> <Opcode : 'load' 'store'> <Ports = 2> <Width = 8> <Depth = 1024> <RAM>
ST_3 : Operation 57 [2/2] (3.25ns)   --->   "%tile_in_1_load = load i10 %tile_in_1_addr" [cnn_accel.cpp:65]   --->   Operation 57 'load' 'tile_in_1_load' <Predicate = true> <Delay = 3.25> <CoreInst = "RAM_T2P_BRAM">   --->   Core 93 'RAM_T2P_BRAM' <Latency = 1> <II = 1> <Delay = 3.25> <Storage> <Opcode : 'load' 'store'> <Ports = 2> <Width = 8> <Depth = 1024> <RAM>
ST_3 : Operation 58 [2/2] (3.25ns)   --->   "%tile_in_2_load = load i10 %tile_in_2_addr" [cnn_accel.cpp:65]   --->   Operation 58 'load' 'tile_in_2_load' <Predicate = true> <Delay = 3.25> <CoreInst = "RAM_T2P_BRAM">   --->   Core 93 'RAM_T2P_BRAM' <Latency = 1> <II = 1> <Delay = 3.25> <Storage> <Opcode : 'load' 'store'> <Ports = 2> <Width = 8> <Depth = 1024> <RAM>

State 4 <SV = 3> <Delay = 6.97>
ST_4 : Operation 59 [1/2] ( I:3.25ns O:3.25ns )   --->   "%tile_in_load = load i10 %tile_in_addr" [cnn_accel.cpp:65]   --->   Operation 59 'load' 'tile_in_load' <Predicate = true> <Delay = 3.25> <CoreInst = "RAM_T2P_BRAM">   --->   Core 93 'RAM_T2P_BRAM' <Latency = 1> <II = 1> <Delay = 3.25> <Storage> <Opcode : 'load' 'store'> <Ports = 2> <Width = 8> <Depth = 1024> <RAM>
ST_4 : Operation 60 [1/1] (0.00ns)   --->   "%tile_in_load_cast = sext i8 %tile_in_load" [cnn_accel.cpp:65]   --->   Operation 60 'sext' 'tile_in_load_cast' <Predicate = true> <Delay = 0.00>
ST_4 : Operation 61 [1/2] ( I:3.25ns O:3.25ns )   --->   "%tile_in_1_load = load i10 %tile_in_1_addr" [cnn_accel.cpp:65]   --->   Operation 61 'load' 'tile_in_1_load' <Predicate = true> <Delay = 3.25> <CoreInst = "RAM_T2P_BRAM">   --->   Core 93 'RAM_T2P_BRAM' <Latency = 1> <II = 1> <Delay = 3.25> <Storage> <Opcode : 'load' 'store'> <Ports = 2> <Width = 8> <Depth = 1024> <RAM>
ST_4 : Operation 62 [1/1] (0.00ns)   --->   "%tile_in_1_load_cast = sext i8 %tile_in_1_load" [cnn_accel.cpp:65]   --->   Operation 62 'sext' 'tile_in_1_load_cast' <Predicate = true> <Delay = 0.00>
ST_4 : Operation 63 [1/2] ( I:3.25ns O:3.25ns )   --->   "%tile_in_2_load = load i10 %tile_in_2_addr" [cnn_accel.cpp:65]   --->   Operation 63 'load' 'tile_in_2_load' <Predicate = true> <Delay = 3.25> <CoreInst = "RAM_T2P_BRAM">   --->   Core 93 'RAM_T2P_BRAM' <Latency = 1> <II = 1> <Delay = 3.25> <Storage> <Opcode : 'load' 'store'> <Ports = 2> <Width = 8> <Depth = 1024> <RAM>
ST_4 : Operation 64 [1/1] (0.00ns)   --->   "%tile_in_2_load_cast = sext i8 %tile_in_2_load" [cnn_accel.cpp:65]   --->   Operation 64 'sext' 'tile_in_2_load_cast' <Predicate = true> <Delay = 0.00>
ST_4 : Operation 65 [1/1] (0.00ns) (grouped into TernaryAdder)   --->   "%tmp2 = add i9 %tile_in_load_cast, i9 %tile_in_2_load_cast" [cnn_accel.cpp:65]   --->   Operation 65 'add' 'tmp2' <Predicate = true> <Delay = 0.00> <CoreInst = "TAddSub">   --->   Core 10 'TAddSub' <Latency = 0> <II = 1> <Delay = 1.86> <IPBlock> <Opcode : '' 'add' 'sub'> <InPorts = 3> <OutPorts = 1> <Sync> <CReg>
ST_4 : Operation 66 [1/1] (3.72ns) (root node of TernaryAdder)   --->   "%sum = add i9 %tmp2, i9 %tile_in_1_load_cast" [cnn_accel.cpp:65]   --->   Operation 66 'add' 'sum' <Predicate = true> <Delay = 3.72> <CoreInst = "TAddSub">   --->   Core 10 'TAddSub' <Latency = 0> <II = 1> <Delay = 1.86> <IPBlock> <Opcode : '' 'add' 'sub'> <InPorts = 3> <OutPorts = 1> <Sync> <CReg>
ST_4 : Operation 67 [1/1] (0.00ns)   --->   "%conv = partselect i8 @_ssdm_op_PartSelect.i8.i9.i32.i32, i9 %sum, i32 1, i32 8" [cnn_accel.cpp:65]   --->   Operation 67 'partselect' 'conv' <Predicate = true> <Delay = 0.00>
ST_4 : Operation 104 [1/1] (1.61ns)   --->   "%ret_ln0 = ret"   --->   Operation 104 'ret' 'ret_ln0' <Predicate = (icmp_ln65)> <Delay = 1.61>

State 5 <SV = 4> <Delay = 3.25>
ST_5 : Operation 68 [1/1] (0.00ns)   --->   "%specloopname_ln0 = specloopname void @_ssdm_op_SpecLoopName, void @VITIS_LOOP_65_5_VITIS_LOOP_66_6_str"   --->   Operation 68 'specloopname' 'specloopname_ln0' <Predicate = true> <Delay = 0.00>
ST_5 : Operation 69 [1/1] (0.00ns)   --->   "%speclooptripcount_ln0 = speclooptripcount void @_ssdm_op_SpecLoopTripCount, i64 1024, i64 1024, i64 1024"   --->   Operation 69 'speclooptripcount' 'speclooptripcount_ln0' <Predicate = true> <Delay = 0.00>
ST_5 : Operation 70 [1/1] (0.00ns)   --->   "%tile_out_addr = getelementptr i8 %tile_out, i64 0, i64 %p_cast" [cnn_accel.cpp:77]   --->   Operation 70 'getelementptr' 'tile_out_addr' <Predicate = true> <Delay = 0.00>
ST_5 : Operation 71 [1/1] (0.00ns)   --->   "%tile_out_1_addr = getelementptr i8 %tile_out_1, i64 0, i64 %p_cast" [cnn_accel.cpp:77]   --->   Operation 71 'getelementptr' 'tile_out_1_addr' <Predicate = true> <Delay = 0.00>
ST_5 : Operation 72 [1/1] (0.00ns)   --->   "%tile_out_2_addr = getelementptr i8 %tile_out_2, i64 0, i64 %p_cast" [cnn_accel.cpp:77]   --->   Operation 72 'getelementptr' 'tile_out_2_addr' <Predicate = true> <Delay = 0.00>
ST_5 : Operation 73 [1/1] (0.00ns)   --->   "%tile_out_3_addr = getelementptr i8 %tile_out_3, i64 0, i64 %p_cast" [cnn_accel.cpp:77]   --->   Operation 73 'getelementptr' 'tile_out_3_addr' <Predicate = true> <Delay = 0.00>
ST_5 : Operation 74 [1/1] (0.00ns)   --->   "%tile_out_4_addr = getelementptr i8 %tile_out_4, i64 0, i64 %p_cast" [cnn_accel.cpp:77]   --->   Operation 74 'getelementptr' 'tile_out_4_addr' <Predicate = true> <Delay = 0.00>
ST_5 : Operation 75 [1/1] (0.00ns)   --->   "%tile_out_5_addr = getelementptr i8 %tile_out_5, i64 0, i64 %p_cast" [cnn_accel.cpp:77]   --->   Operation 75 'getelementptr' 'tile_out_5_addr' <Predicate = true> <Delay = 0.00>
ST_5 : Operation 76 [1/1] (0.00ns)   --->   "%tile_out_6_addr = getelementptr i8 %tile_out_6, i64 0, i64 %p_cast" [cnn_accel.cpp:77]   --->   Operation 76 'getelementptr' 'tile_out_6_addr' <Predicate = true> <Delay = 0.00>
ST_5 : Operation 77 [1/1] (0.00ns)   --->   "%tile_out_7_addr = getelementptr i8 %tile_out_7, i64 0, i64 %p_cast" [cnn_accel.cpp:77]   --->   Operation 77 'getelementptr' 'tile_out_7_addr' <Predicate = true> <Delay = 0.00>
ST_5 : Operation 78 [1/1] (0.00ns)   --->   "%tile_out_8_addr = getelementptr i8 %tile_out_8, i64 0, i64 %p_cast" [cnn_accel.cpp:77]   --->   Operation 78 'getelementptr' 'tile_out_8_addr' <Predicate = true> <Delay = 0.00>
ST_5 : Operation 79 [1/1] (0.00ns)   --->   "%tile_out_9_addr = getelementptr i8 %tile_out_9, i64 0, i64 %p_cast" [cnn_accel.cpp:77]   --->   Operation 79 'getelementptr' 'tile_out_9_addr' <Predicate = true> <Delay = 0.00>
ST_5 : Operation 80 [1/1] (0.00ns)   --->   "%tile_out_10_addr = getelementptr i8 %tile_out_10, i64 0, i64 %p_cast" [cnn_accel.cpp:77]   --->   Operation 80 'getelementptr' 'tile_out_10_addr' <Predicate = true> <Delay = 0.00>
ST_5 : Operation 81 [1/1] (0.00ns)   --->   "%tile_out_11_addr = getelementptr i8 %tile_out_11, i64 0, i64 %p_cast" [cnn_accel.cpp:77]   --->   Operation 81 'getelementptr' 'tile_out_11_addr' <Predicate = true> <Delay = 0.00>
ST_5 : Operation 82 [1/1] (0.00ns)   --->   "%tile_out_12_addr = getelementptr i8 %tile_out_12, i64 0, i64 %p_cast" [cnn_accel.cpp:77]   --->   Operation 82 'getelementptr' 'tile_out_12_addr' <Predicate = true> <Delay = 0.00>
ST_5 : Operation 83 [1/1] (0.00ns)   --->   "%tile_out_13_addr = getelementptr i8 %tile_out_13, i64 0, i64 %p_cast" [cnn_accel.cpp:77]   --->   Operation 83 'getelementptr' 'tile_out_13_addr' <Predicate = true> <Delay = 0.00>
ST_5 : Operation 84 [1/1] (0.00ns)   --->   "%tile_out_14_addr = getelementptr i8 %tile_out_14, i64 0, i64 %p_cast" [cnn_accel.cpp:77]   --->   Operation 84 'getelementptr' 'tile_out_14_addr' <Predicate = true> <Delay = 0.00>
ST_5 : Operation 85 [1/1] (0.00ns)   --->   "%tile_out_15_addr = getelementptr i8 %tile_out_15, i64 0, i64 %p_cast" [cnn_accel.cpp:77]   --->   Operation 85 'getelementptr' 'tile_out_15_addr' <Predicate = true> <Delay = 0.00>
ST_5 : Operation 86 [1/1] (0.00ns)   --->   "%specpipeline_ln67 = specpipeline void @_ssdm_op_SpecPipeline, i32 1, i32 0, i32 0, i32 0, void @empty_1" [cnn_accel.cpp:67]   --->   Operation 86 'specpipeline' 'specpipeline_ln67' <Predicate = true> <Delay = 0.00>
ST_5 : Operation 87 [1/1] ( I:3.25ns O:3.25ns )   --->   "%store_ln77 = store i8 %conv, i10 %tile_out_addr" [cnn_accel.cpp:77]   --->   Operation 87 'store' 'store_ln77' <Predicate = true> <Delay = 3.25> <CoreInst = "RAM_T2P_BRAM">   --->   Core 93 'RAM_T2P_BRAM' <Latency = 1> <II = 1> <Delay = 3.25> <Storage> <Opcode : 'load' 'store'> <Ports = 2> <Width = 8> <Depth = 1024> <RAM>
ST_5 : Operation 88 [1/1] ( I:3.25ns O:3.25ns )   --->   "%store_ln77 = store i8 %conv, i10 %tile_out_1_addr" [cnn_accel.cpp:77]   --->   Operation 88 'store' 'store_ln77' <Predicate = true> <Delay = 3.25> <CoreInst = "RAM_T2P_BRAM">   --->   Core 93 'RAM_T2P_BRAM' <Latency = 1> <II = 1> <Delay = 3.25> <Storage> <Opcode : 'load' 'store'> <Ports = 2> <Width = 8> <Depth = 1024> <RAM>
ST_5 : Operation 89 [1/1] ( I:3.25ns O:3.25ns )   --->   "%store_ln77 = store i8 %conv, i10 %tile_out_2_addr" [cnn_accel.cpp:77]   --->   Operation 89 'store' 'store_ln77' <Predicate = true> <Delay = 3.25> <CoreInst = "RAM_T2P_BRAM">   --->   Core 93 'RAM_T2P_BRAM' <Latency = 1> <II = 1> <Delay = 3.25> <Storage> <Opcode : 'load' 'store'> <Ports = 2> <Width = 8> <Depth = 1024> <RAM>
ST_5 : Operation 90 [1/1] ( I:3.25ns O:3.25ns )   --->   "%store_ln77 = store i8 %conv, i10 %tile_out_3_addr" [cnn_accel.cpp:77]   --->   Operation 90 'store' 'store_ln77' <Predicate = true> <Delay = 3.25> <CoreInst = "RAM_T2P_BRAM">   --->   Core 93 'RAM_T2P_BRAM' <Latency = 1> <II = 1> <Delay = 3.25> <Storage> <Opcode : 'load' 'store'> <Ports = 2> <Width = 8> <Depth = 1024> <RAM>
ST_5 : Operation 91 [1/1] ( I:3.25ns O:3.25ns )   --->   "%store_ln77 = store i8 %conv, i10 %tile_out_4_addr" [cnn_accel.cpp:77]   --->   Operation 91 'store' 'store_ln77' <Predicate = true> <Delay = 3.25> <CoreInst = "RAM_T2P_BRAM">   --->   Core 93 'RAM_T2P_BRAM' <Latency = 1> <II = 1> <Delay = 3.25> <Storage> <Opcode : 'load' 'store'> <Ports = 2> <Width = 8> <Depth = 1024> <RAM>
ST_5 : Operation 92 [1/1] ( I:3.25ns O:3.25ns )   --->   "%store_ln77 = store i8 %conv, i10 %tile_out_5_addr" [cnn_accel.cpp:77]   --->   Operation 92 'store' 'store_ln77' <Predicate = true> <Delay = 3.25> <CoreInst = "RAM_T2P_BRAM">   --->   Core 93 'RAM_T2P_BRAM' <Latency = 1> <II = 1> <Delay = 3.25> <Storage> <Opcode : 'load' 'store'> <Ports = 2> <Width = 8> <Depth = 1024> <RAM>
ST_5 : Operation 93 [1/1] ( I:3.25ns O:3.25ns )   --->   "%store_ln77 = store i8 %conv, i10 %tile_out_6_addr" [cnn_accel.cpp:77]   --->   Operation 93 'store' 'store_ln77' <Predicate = true> <Delay = 3.25> <CoreInst = "RAM_T2P_BRAM">   --->   Core 93 'RAM_T2P_BRAM' <Latency = 1> <II = 1> <Delay = 3.25> <Storage> <Opcode : 'load' 'store'> <Ports = 2> <Width = 8> <Depth = 1024> <RAM>
ST_5 : Operation 94 [1/1] ( I:3.25ns O:3.25ns )   --->   "%store_ln77 = store i8 %conv, i10 %tile_out_7_addr" [cnn_accel.cpp:77]   --->   Operation 94 'store' 'store_ln77' <Predicate = true> <Delay = 3.25> <CoreInst = "RAM_T2P_BRAM">   --->   Core 93 'RAM_T2P_BRAM' <Latency = 1> <II = 1> <Delay = 3.25> <Storage> <Opcode : 'load' 'store'> <Ports = 2> <Width = 8> <Depth = 1024> <RAM>
ST_5 : Operation 95 [1/1] ( I:3.25ns O:3.25ns )   --->   "%store_ln77 = store i8 %conv, i10 %tile_out_8_addr" [cnn_accel.cpp:77]   --->   Operation 95 'store' 'store_ln77' <Predicate = true> <Delay = 3.25> <CoreInst = "RAM_T2P_BRAM">   --->   Core 93 'RAM_T2P_BRAM' <Latency = 1> <II = 1> <Delay = 3.25> <Storage> <Opcode : 'load' 'store'> <Ports = 2> <Width = 8> <Depth = 1024> <RAM>
ST_5 : Operation 96 [1/1] ( I:3.25ns O:3.25ns )   --->   "%store_ln77 = store i8 %conv, i10 %tile_out_9_addr" [cnn_accel.cpp:77]   --->   Operation 96 'store' 'store_ln77' <Predicate = true> <Delay = 3.25> <CoreInst = "RAM_T2P_BRAM">   --->   Core 93 'RAM_T2P_BRAM' <Latency = 1> <II = 1> <Delay = 3.25> <Storage> <Opcode : 'load' 'store'> <Ports = 2> <Width = 8> <Depth = 1024> <RAM>
ST_5 : Operation 97 [1/1] ( I:3.25ns O:3.25ns )   --->   "%store_ln77 = store i8 %conv, i10 %tile_out_10_addr" [cnn_accel.cpp:77]   --->   Operation 97 'store' 'store_ln77' <Predicate = true> <Delay = 3.25> <CoreInst = "RAM_T2P_BRAM">   --->   Core 93 'RAM_T2P_BRAM' <Latency = 1> <II = 1> <Delay = 3.25> <Storage> <Opcode : 'load' 'store'> <Ports = 2> <Width = 8> <Depth = 1024> <RAM>
ST_5 : Operation 98 [1/1] ( I:3.25ns O:3.25ns )   --->   "%store_ln77 = store i8 %conv, i10 %tile_out_11_addr" [cnn_accel.cpp:77]   --->   Operation 98 'store' 'store_ln77' <Predicate = true> <Delay = 3.25> <CoreInst = "RAM_T2P_BRAM">   --->   Core 93 'RAM_T2P_BRAM' <Latency = 1> <II = 1> <Delay = 3.25> <Storage> <Opcode : 'load' 'store'> <Ports = 2> <Width = 8> <Depth = 1024> <RAM>
ST_5 : Operation 99 [1/1] ( I:3.25ns O:3.25ns )   --->   "%store_ln77 = store i8 %conv, i10 %tile_out_12_addr" [cnn_accel.cpp:77]   --->   Operation 99 'store' 'store_ln77' <Predicate = true> <Delay = 3.25> <CoreInst = "RAM_T2P_BRAM">   --->   Core 93 'RAM_T2P_BRAM' <Latency = 1> <II = 1> <Delay = 3.25> <Storage> <Opcode : 'load' 'store'> <Ports = 2> <Width = 8> <Depth = 1024> <RAM>
ST_5 : Operation 100 [1/1] ( I:3.25ns O:3.25ns )   --->   "%store_ln77 = store i8 %conv, i10 %tile_out_13_addr" [cnn_accel.cpp:77]   --->   Operation 100 'store' 'store_ln77' <Predicate = true> <Delay = 3.25> <CoreInst = "RAM_T2P_BRAM">   --->   Core 93 'RAM_T2P_BRAM' <Latency = 1> <II = 1> <Delay = 3.25> <Storage> <Opcode : 'load' 'store'> <Ports = 2> <Width = 8> <Depth = 1024> <RAM>
ST_5 : Operation 101 [1/1] ( I:3.25ns O:3.25ns )   --->   "%store_ln77 = store i8 %conv, i10 %tile_out_14_addr" [cnn_accel.cpp:77]   --->   Operation 101 'store' 'store_ln77' <Predicate = true> <Delay = 3.25> <CoreInst = "RAM_T2P_BRAM">   --->   Core 93 'RAM_T2P_BRAM' <Latency = 1> <II = 1> <Delay = 3.25> <Storage> <Opcode : 'load' 'store'> <Ports = 2> <Width = 8> <Depth = 1024> <RAM>
ST_5 : Operation 102 [1/1] ( I:3.25ns O:3.25ns )   --->   "%store_ln77 = store i8 %conv, i10 %tile_out_15_addr" [cnn_accel.cpp:77]   --->   Operation 102 'store' 'store_ln77' <Predicate = true> <Delay = 3.25> <CoreInst = "RAM_T2P_BRAM">   --->   Core 93 'RAM_T2P_BRAM' <Latency = 1> <II = 1> <Delay = 3.25> <Storage> <Opcode : 'load' 'store'> <Ports = 2> <Width = 8> <Depth = 1024> <RAM>
ST_5 : Operation 103 [1/1] (0.00ns)   --->   "%br_ln66 = br void %VITIS_LOOP_69_7" [cnn_accel.cpp:66]   --->   Operation 103 'br' 'br_ln66' <Predicate = true> <Delay = 0.00>


============================================================
+ Verbose Summary: Timing violations
============================================================
Target clock period: 10.000ns, clock uncertainty: 2.700ns.

 <State 1>: 5.347ns
The critical path consists of the following:
	'store' operation 0 bit ('store_ln0') of constant 0 on local variable 'indvar_flatten216' [42]  (1.610 ns)
	'load' operation 11 bit ('indvar_flatten216_load', cnn_accel.cpp:65) on local variable 'indvar_flatten216' [47]  (0.000 ns)
	'icmp' operation 1 bit ('icmp_ln65', cnn_accel.cpp:65) [48]  (2.127 ns)
	'store' operation 0 bit ('store_ln65', cnn_accel.cpp:65) of variable 'add_ln65_1', cnn_accel.cpp:65 on local variable 'indvar_flatten216' [111]  (1.610 ns)

 <State 2>: 6.171ns
The critical path consists of the following:
	'load' operation 6 bit ('x_load', cnn_accel.cpp:66) on local variable 'x', cnn_accel.cpp:66 [52]  (0.000 ns)
	'icmp' operation 1 bit ('icmp_ln66', cnn_accel.cpp:66) [57]  (1.946 ns)
	'select' operation 6 bit ('select_ln65', cnn_accel.cpp:65) [58]  (0.669 ns)
	'add' operation 6 bit ('add_ln66', cnn_accel.cpp:66) [110]  (1.946 ns)
	'store' operation 0 bit ('store_ln66', cnn_accel.cpp:66) of variable 'add_ln66', cnn_accel.cpp:66 on local variable 'x', cnn_accel.cpp:66 [113]  (1.610 ns)

 <State 3>: 3.257ns
The critical path consists of the following:
	'getelementptr' operation 10 bit ('tile_in_addr', cnn_accel.cpp:65) [65]  (0.000 ns)
	'load' operation 8 bit ('tile_in_load', cnn_accel.cpp:65) on array 'tile_in' [85]  (3.257 ns)

 <State 4>: 6.980ns
The critical path consists of the following:
	'load' operation 8 bit ('tile_in_load', cnn_accel.cpp:65) on array 'tile_in' [85]  (3.257 ns)
	'add' operation 9 bit ('tmp2', cnn_accel.cpp:65) [91]  (0.000 ns)
	'add' operation 9 bit ('sum', cnn_accel.cpp:65) [92]  (3.723 ns)

 <State 5>: 3.257ns
The critical path consists of the following:
	'getelementptr' operation 10 bit ('tile_out_addr', cnn_accel.cpp:77) [68]  (0.000 ns)
	'store' operation 0 bit ('store_ln77', cnn_accel.cpp:77) of variable 'conv', cnn_accel.cpp:65 on array 'tile_out' [94]  (3.257 ns)


============================================================
+ Verbose Summary: Binding
============================================================
N/A
* FSMD analyzer results:
  - Output states:
 - Input state : 
  - Chain level:
	State 1
	State 2
	State 3
	State 4
	State 5


============================================================
+ Verbose Summary: Datapath Resource usage 
============================================================
N/A
