

================================================================
== Vitis HLS Report for 'cnn_accel_Pipeline_VITIS_LOOP_35_3_VITIS_LOOP_36_4'
================================================================
* Date:           Wed Apr 22 10:44:28 2026

* Version:        2024.2 (Build 5238294 on Nov  8 2024)
* Project:        cnn_accel
* Solution:       solution1 (Vivado IP Flow Target)
* Product family: artix7
* Target device:  xc7a200t-sbg484-1


================================================================
== Performance Estimates
================================================================
+ Timing: 
    * Summary: 
    +--------+----------+----------+------------+
    |  Clock |  Target  | Estimated| Uncertainty|
    +--------+----------+----------+------------+
    |ap_clk  |  10.00 ns|  7.300 ns|     2.70 ns|
    +--------+----------+----------+------------+

+ Latency: 
    * Summary: 
    +---------+---------+-----------+-----------+------+------+------------------------------------------------+
    |  Latency (cycles) |   Latency (absolute)  |   Interval  |                    Pipeline                    |
    |   min   |   max   |    min    |    max    |  min |  max |                      Type                      |
    +---------+---------+-----------+-----------+------+------+------------------------------------------------+
    |     3087|     3087|  30.870 us|  30.870 us|  3075|  3075|  loop auto-rewind stp (delay=0 clock cycles(s))|
    +---------+---------+-----------+-----------+------+------+------------------------------------------------+

    + Detail: 
        * Instance: 
        N/A

        * Loop: 
        +-----------------------------------+---------+---------+----------+-----------+-----------+------+----------+
        |                                   |  Latency (cycles) | Iteration|  Initiation Interval  | Trip |          |
        |             Loop Name             |   min   |   max   |  Latency |  achieved |   target  | Count| Pipelined|
        +-----------------------------------+---------+---------+----------+-----------+-----------+------+----------+
        |- VITIS_LOOP_35_3_VITIS_LOOP_36_4  |     3085|     3085|        17|          3|          1|  1024|       yes|
        +-----------------------------------+---------+---------+----------+-----------+-----------+------+----------+

============================================================
+ Verbose Summary: Synthesis Manager
============================================================
InlineROM: 1
ExposeGlobal: 0
============================================================
+ Verbose Summary: CDFG Model
============================================================
IsTopModel: 0
ResetActiveHigh: 1
IsCombinational: 0
IsDatapathOnly: 0
HasWiredReturn: 1
HasMFsm: 2
HasVarLatency: 1
IsPipeline: 0
IsRtlPipelined: 0
IsInstanceOverlapped: 0
IsDontTouch: 0
HasImplIP: 0
IsGatedGlobalClock: 0

+ Individual pipeline summary: 
  * Pipeline-0: initiation interval (II) = 3, depth = 17


============================================================
+ Verbose Summary: Schedule
============================================================
* Number of FSM states : 17
* Pipeline : 1
  Pipeline-0 : II = 3, D = 17, States = { 1 2 3 4 5 6 7 8 9 10 11 12 13 14 15 16 17 }
* Dataflow Pipeline: 0

* FSM state transitions: 
1 --> 2 
2 --> 3 
3 --> 4 
4 --> 5 
5 --> 6 
6 --> 7 
7 --> 8 
8 --> 9 
9 --> 10 
10 --> 11 
11 --> 12 
12 --> 13 
13 --> 14 
14 --> 15 
15 --> 16 
16 --> 17 
17 --> 

* FSM state operations: 

State 1 <SV = 0> <Delay = 5.83>
ST_1 : Operation 20 [1/1] (0.00ns)   --->   "%x = alloca i32 1" [cnn_accel.cpp:36]   --->   Operation 20 'alloca' 'x' <Predicate = true> <Delay = 0.00>
ST_1 : Operation 21 [1/1] (0.00ns)   --->   "%y = alloca i32 1" [cnn_accel.cpp:35]   --->   Operation 21 'alloca' 'y' <Predicate = true> <Delay = 0.00>
ST_1 : Operation 22 [1/1] (0.00ns)   --->   "%indvar_flatten = alloca i32 1"   --->   Operation 22 'alloca' 'indvar_flatten' <Predicate = true> <Delay = 0.00>
ST_1 : Operation 23 [1/1] (0.00ns)   --->   "%tx_read = read i31 @_ssdm_op_Read.ap_auto.i31, i31 %tx"   --->   Operation 23 'read' 'tx_read' <Predicate = true> <Delay = 0.00>
ST_1 : Operation 24 [1/1] (0.00ns)   --->   "%input_r_read = read i64 @_ssdm_op_Read.ap_auto.i64, i64 %input_r"   --->   Operation 24 'read' 'input_r_read' <Predicate = true> <Delay = 0.00>
ST_1 : Operation 25 [1/1] (0.00ns)   --->   "%phi_mul_read = read i57 @_ssdm_op_Read.ap_auto.i57, i57 %phi_mul"   --->   Operation 25 'read' 'phi_mul_read' <Predicate = true> <Delay = 0.00>
ST_1 : Operation 26 [1/1] (0.00ns)   --->   "%zext_ln32_read = read i26 @_ssdm_op_Read.ap_auto.i26, i26 %zext_ln32"   --->   Operation 26 'read' 'zext_ln32_read' <Predicate = true> <Delay = 0.00>
ST_1 : Operation 27 [1/1] (0.00ns)   --->   "%size_read = read i31 @_ssdm_op_Read.ap_auto.i31, i31 %size"   --->   Operation 27 'read' 'size_read' <Predicate = true> <Delay = 0.00>
ST_1 : Operation 28 [1/1] (0.00ns)   --->   "%ty_read = read i31 @_ssdm_op_Read.ap_auto.i31, i31 %ty"   --->   Operation 28 'read' 'ty_read' <Predicate = true> <Delay = 0.00>
ST_1 : Operation 29 [1/1] (0.00ns)   --->   "%size_cast9_read = read i31 @_ssdm_op_Read.ap_auto.i31, i31 %size_cast9"   --->   Operation 29 'read' 'size_cast9_read' <Predicate = true> <Delay = 0.00>
ST_1 : Operation 30 [1/1] (0.00ns)   --->   "%tx_cast = zext i31 %tx_read"   --->   Operation 30 'zext' 'tx_cast' <Predicate = true> <Delay = 0.00>
ST_1 : Operation 31 [1/1] (0.00ns)   --->   "%zext_ln32_cast = zext i26 %zext_ln32_read"   --->   Operation 31 'zext' 'zext_ln32_cast' <Predicate = true> <Delay = 0.00>
ST_1 : Operation 32 [1/1] (0.00ns)   --->   "%size_cast = zext i31 %size_read"   --->   Operation 32 'zext' 'size_cast' <Predicate = true> <Delay = 0.00>
ST_1 : Operation 33 [1/1] (0.00ns)   --->   "%ty_cast = zext i31 %ty_read"   --->   Operation 33 'zext' 'ty_cast' <Predicate = true> <Delay = 0.00>
ST_1 : Operation 34 [1/1] (0.00ns)   --->   "%size_cast9_cast = zext i31 %size_cast9_read"   --->   Operation 34 'zext' 'size_cast9_cast' <Predicate = true> <Delay = 0.00>
ST_1 : Operation 35 [1/1] (0.00ns)   --->   "%specmemcore_ln0 = specmemcore void @_ssdm_op_SpecMemCore, i8 %tile_in, i64 666, i64 30, i64 18446744073709551615"   --->   Operation 35 'specmemcore' 'specmemcore_ln0' <Predicate = true> <Delay = 0.00>
ST_1 : Operation 36 [1/1] (0.00ns)   --->   "%specmemcore_ln0 = specmemcore void @_ssdm_op_SpecMemCore, i8 %tile_in_1, i64 666, i64 30, i64 18446744073709551615"   --->   Operation 36 'specmemcore' 'specmemcore_ln0' <Predicate = true> <Delay = 0.00>
ST_1 : Operation 37 [1/1] (0.00ns)   --->   "%specmemcore_ln0 = specmemcore void @_ssdm_op_SpecMemCore, i8 %tile_in_2, i64 666, i64 30, i64 18446744073709551615"   --->   Operation 37 'specmemcore' 'specmemcore_ln0' <Predicate = true> <Delay = 0.00>
ST_1 : Operation 38 [1/1] (0.00ns)   --->   "%specinterface_ln0 = specinterface void @_ssdm_op_SpecInterface, i8 %gmem, void @empty_0, i32 0, i32 0, void @empty_1, i32 0, i32 2768896, void @empty_2, void @empty_3, void @empty_1, i32 16, i32 16, i32 16, i32 16, void @empty_1, void @empty_1, i32 4294967295, i32 0, i32 0"   --->   Operation 38 'specinterface' 'specinterface_ln0' <Predicate = true> <Delay = 0.00>
ST_1 : Operation 39 [1/1] (1.61ns)   --->   "%store_ln0 = store i11 0, i11 %indvar_flatten"   --->   Operation 39 'store' 'store_ln0' <Predicate = true> <Delay = 1.61>
ST_1 : Operation 40 [1/1] (1.61ns)   --->   "%store_ln35 = store i6 0, i6 %y" [cnn_accel.cpp:35]   --->   Operation 40 'store' 'store_ln35' <Predicate = true> <Delay = 1.61>
ST_1 : Operation 41 [1/1] (1.61ns)   --->   "%store_ln36 = store i6 0, i6 %x" [cnn_accel.cpp:36]   --->   Operation 41 'store' 'store_ln36' <Predicate = true> <Delay = 1.61>
ST_1 : Operation 42 [1/1] (0.00ns)   --->   "%br_ln0 = br void %for.body12"   --->   Operation 42 'br' 'br_ln0' <Predicate = true> <Delay = 0.00>
ST_1 : Operation 43 [1/1] (0.00ns)   --->   "%indvar_flatten_load = load i11 %indvar_flatten" [cnn_accel.cpp:35]   --->   Operation 43 'load' 'indvar_flatten_load' <Predicate = true> <Delay = 0.00>
ST_1 : Operation 44 [1/1] (0.00ns)   --->   "%specbitsmap_ln0 = specbitsmap void @_ssdm_op_SpecBitsMap, i8 %gmem"   --->   Operation 44 'specbitsmap' 'specbitsmap_ln0' <Predicate = true> <Delay = 0.00>
ST_1 : Operation 45 [1/1] (2.12ns)   --->   "%icmp_ln35 = icmp_eq  i11 %indvar_flatten_load, i11 1024" [cnn_accel.cpp:35]   --->   Operation 45 'icmp' 'icmp_ln35' <Predicate = true> <Delay = 2.12> <CoreInst = "Cmp">   --->   Core 9 'Cmp' <Latency = 0> <II = 1> <Delay = 2.12> <FuncUnit> <Opcode : 'seteq' 'setne' 'setle' 'setge' 'setlt' 'setgt'> <InPorts = 2> <OutPorts = 1>
ST_1 : Operation 46 [1/1] (2.12ns)   --->   "%add_ln35_1 = add i11 %indvar_flatten_load, i11 1" [cnn_accel.cpp:35]   --->   Operation 46 'add' 'add_ln35_1' <Predicate = true> <Delay = 2.12> <CoreInst = "Adder">   --->   Core 1 'Adder' <Latency = 0> <II = 1> <Delay = 2.12> <FuncUnit> <Opcode : 'add' 'sub'> <InPorts = 2> <OutPorts = 1>
ST_1 : Operation 47 [1/1] (0.00ns)   --->   "%br_ln35 = br i1 %icmp_ln35, void %for.inc40, void %VITIS_LOOP_57_7.preheader.exitStub" [cnn_accel.cpp:35]   --->   Operation 47 'br' 'br_ln35' <Predicate = true> <Delay = 0.00>
ST_1 : Operation 48 [1/1] (0.00ns)   --->   "%x_load = load i6 %x" [cnn_accel.cpp:36]   --->   Operation 48 'load' 'x_load' <Predicate = (!icmp_ln35)> <Delay = 0.00>
ST_1 : Operation 49 [1/1] (0.00ns)   --->   "%y_load = load i6 %y" [cnn_accel.cpp:35]   --->   Operation 49 'load' 'y_load' <Predicate = (!icmp_ln35)> <Delay = 0.00>
ST_1 : Operation 50 [1/1] (1.94ns)   --->   "%add_ln35 = add i6 %y_load, i6 1" [cnn_accel.cpp:35]   --->   Operation 50 'add' 'add_ln35' <Predicate = (!icmp_ln35)> <Delay = 1.94> <CoreInst = "Adder">   --->   Core 1 'Adder' <Latency = 0> <II = 1> <Delay = 1.94> <FuncUnit> <Opcode : 'add' 'sub'> <InPorts = 2> <OutPorts = 1>
ST_1 : Operation 51 [1/1] (1.94ns)   --->   "%icmp_ln36 = icmp_eq  i6 %x_load, i6 32" [cnn_accel.cpp:36]   --->   Operation 51 'icmp' 'icmp_ln36' <Predicate = (!icmp_ln35)> <Delay = 1.94> <CoreInst = "Cmp">   --->   Core 9 'Cmp' <Latency = 0> <II = 1> <Delay = 1.94> <FuncUnit> <Opcode : 'seteq' 'setne' 'setle' 'setge' 'setlt' 'setgt'> <InPorts = 2> <OutPorts = 1>
ST_1 : Operation 52 [1/1] (0.66ns)   --->   "%select_ln35 = select i1 %icmp_ln36, i6 0, i6 %x_load" [cnn_accel.cpp:35]   --->   Operation 52 'select' 'select_ln35' <Predicate = (!icmp_ln35)> <Delay = 0.66> <CoreInst = "Sel">   --->   Core 73 'Sel' <Latency = 0> <II = 1> <Delay = 0.66> <FuncUnit> <Opcode : 'select'> <InPorts = 3> <OutPorts = 1>
ST_1 : Operation 53 [1/1] (0.66ns)   --->   "%select_ln35_1 = select i1 %icmp_ln36, i6 %add_ln35, i6 %y_load" [cnn_accel.cpp:35]   --->   Operation 53 'select' 'select_ln35_1' <Predicate = (!icmp_ln35)> <Delay = 0.66> <CoreInst = "Sel">   --->   Core 73 'Sel' <Latency = 0> <II = 1> <Delay = 0.66> <FuncUnit> <Opcode : 'select'> <InPorts = 3> <OutPorts = 1>
ST_1 : Operation 54 [1/1] (0.00ns)   --->   "%trunc_ln45 = trunc i6 %select_ln35_1" [cnn_accel.cpp:45]   --->   Operation 54 'trunc' 'trunc_ln45' <Predicate = (!icmp_ln35)> <Delay = 0.00>
ST_1 : Operation 55 [1/1] (1.61ns)   --->   "%store_ln35 = store i11 %add_ln35_1, i11 %indvar_flatten" [cnn_accel.cpp:35]   --->   Operation 55 'store' 'store_ln35' <Predicate = (!icmp_ln35)> <Delay = 1.61>
ST_1 : Operation 56 [1/1] (1.61ns)   --->   "%store_ln35 = store i6 %select_ln35_1, i6 %y" [cnn_accel.cpp:35]   --->   Operation 56 'store' 'store_ln35' <Predicate = (!icmp_ln35)> <Delay = 1.61>

State 2 <SV = 1> <Delay = 6.86>
ST_2 : Operation 57 [1/1] (0.00ns)   --->   "%zext_ln35 = zext i6 %select_ln35_1" [cnn_accel.cpp:35]   --->   Operation 57 'zext' 'zext_ln35' <Predicate = (!icmp_ln35)> <Delay = 0.00>
ST_2 : Operation 58 [1/1] (0.00ns)   --->   "%y_cast = zext i6 %select_ln35_1" [cnn_accel.cpp:35]   --->   Operation 58 'zext' 'y_cast' <Predicate = (!icmp_ln35)> <Delay = 0.00>
ST_2 : Operation 59 [2/2] (6.86ns)   --->   "%empty = mul i36 %y_cast, i36 %size_cast9_cast" [cnn_accel.cpp:35]   --->   Operation 59 'mul' 'empty' <Predicate = (!icmp_ln35)> <Delay = 6.86> <CoreInst = "Multiplier">   --->   Core 3 'Multiplier' <Latency = 1> <II = 1> <Delay = 6.86> <FuncUnit> <Opcode : 'mul'> <InPorts = 2> <OutPorts = 1>
ST_2 : Operation 60 [1/1] (2.66ns)   --->   "%empty_27 = add i32 %zext_ln35, i32 %ty_cast" [cnn_accel.cpp:35]   --->   Operation 60 'add' 'empty_27' <Predicate = (!icmp_ln35)> <Delay = 2.66> <CoreInst = "Adder">   --->   Core 1 'Adder' <Latency = 0> <II = 1> <Delay = 2.66> <FuncUnit> <Opcode : 'add' 'sub'> <InPorts = 2> <OutPorts = 1>
ST_2 : Operation 61 [1/1] (2.70ns)   --->   "%cmp14 = icmp_slt  i32 %empty_27, i32 %size_cast" [cnn_accel.cpp:35]   --->   Operation 61 'icmp' 'cmp14' <Predicate = (!icmp_ln35)> <Delay = 2.70> <CoreInst = "Cmp">   --->   Core 9 'Cmp' <Latency = 0> <II = 1> <Delay = 2.70> <FuncUnit> <Opcode : 'seteq' 'setne' 'setle' 'setge' 'setlt' 'setgt'> <InPorts = 2> <OutPorts = 1>
ST_2 : Operation 62 [1/1] (0.00ns)   --->   "%zext_ln36 = zext i6 %select_ln35" [cnn_accel.cpp:36]   --->   Operation 62 'zext' 'zext_ln36' <Predicate = (!icmp_ln35)> <Delay = 0.00>
ST_2 : Operation 63 [1/1] (2.66ns)   --->   "%add_ln40_2 = add i32 %zext_ln36, i32 %tx_cast" [cnn_accel.cpp:40]   --->   Operation 63 'add' 'add_ln40_2' <Predicate = (!icmp_ln35)> <Delay = 2.66> <CoreInst = "Adder">   --->   Core 1 'Adder' <Latency = 0> <II = 1> <Delay = 2.66> <FuncUnit> <Opcode : 'add' 'sub'> <InPorts = 2> <OutPorts = 1>
ST_2 : Operation 64 [1/1] (2.70ns)   --->   "%icmp_ln42 = icmp_slt  i32 %add_ln40_2, i32 %size_cast" [cnn_accel.cpp:42]   --->   Operation 64 'icmp' 'icmp_ln42' <Predicate = (!icmp_ln35)> <Delay = 2.70> <CoreInst = "Cmp">   --->   Core 9 'Cmp' <Latency = 0> <II = 1> <Delay = 2.70> <FuncUnit> <Opcode : 'seteq' 'setne' 'setle' 'setge' 'setlt' 'setgt'> <InPorts = 2> <OutPorts = 1>
ST_2 : Operation 65 [1/1] (0.97ns)   --->   "%and_ln42 = and i1 %cmp14, i1 %icmp_ln42" [cnn_accel.cpp:42]   --->   Operation 65 'and' 'and_ln42' <Predicate = (!icmp_ln35)> <Delay = 0.97> <CoreInst = "LogicGate">   --->   Core 74 'LogicGate' <Latency = 0> <II = 1> <Delay = 0.97> <FuncUnit> <Opcode : 'and' 'or' 'xor'> <InPorts = 2> <OutPorts = 1>
ST_2 : Operation 66 [1/1] (0.00ns)   --->   "%br_ln42 = br i1 %and_ln42, void %for.inc, void %if.then" [cnn_accel.cpp:42]   --->   Operation 66 'br' 'br_ln42' <Predicate = (!icmp_ln35)> <Delay = 0.00>
ST_2 : Operation 67 [1/1] (1.94ns)   --->   "%add_ln36 = add i6 %select_ln35, i6 1" [cnn_accel.cpp:36]   --->   Operation 67 'add' 'add_ln36' <Predicate = (!icmp_ln35)> <Delay = 1.94> <CoreInst = "Adder">   --->   Core 1 'Adder' <Latency = 0> <II = 1> <Delay = 1.94> <FuncUnit> <Opcode : 'add' 'sub'> <InPorts = 2> <OutPorts = 1>
ST_2 : Operation 68 [1/1] (1.61ns)   --->   "%store_ln36 = store i6 %add_ln36, i6 %x" [cnn_accel.cpp:36]   --->   Operation 68 'store' 'store_ln36' <Predicate = (!icmp_ln35)> <Delay = 1.61>
ST_2 : Operation 69 [1/1] (0.00ns)   --->   "%br_ln36 = br void %for.body12" [cnn_accel.cpp:36]   --->   Operation 69 'br' 'br_ln36' <Predicate = (!icmp_ln35)> <Delay = 0.00>

State 3 <SV = 2> <Delay = 6.86>
ST_3 : Operation 70 [1/2] (6.86ns)   --->   "%empty = mul i36 %y_cast, i36 %size_cast9_cast" [cnn_accel.cpp:35]   --->   Operation 70 'mul' 'empty' <Predicate = (!icmp_ln35)> <Delay = 6.86> <CoreInst = "Multiplier">   --->   Core 3 'Multiplier' <Latency = 1> <II = 1> <Delay = 6.86> <FuncUnit> <Opcode : 'mul'> <InPorts = 2> <OutPorts = 1>

State 4 <SV = 3> <Delay = 6.93>
ST_4 : Operation 71 [1/1] (0.00ns)   --->   "%tmp_3 = bitconcatenate i10 @_ssdm_op_BitConcatenate.i10.i5.i5, i5 %trunc_ln45, i5 0" [cnn_accel.cpp:45]   --->   Operation 71 'bitconcatenate' 'tmp_3' <Predicate = true> <Delay = 0.00>
ST_4 : Operation 72 [1/1] (0.00ns)   --->   "%zext_ln45 = zext i6 %select_ln35" [cnn_accel.cpp:45]   --->   Operation 72 'zext' 'zext_ln45' <Predicate = true> <Delay = 0.00>
ST_4 : Operation 73 [1/1] (2.12ns)   --->   "%add_ln45 = add i10 %tmp_3, i10 %zext_ln45" [cnn_accel.cpp:45]   --->   Operation 73 'add' 'add_ln45' <Predicate = true> <Delay = 2.12> <CoreInst = "Adder">   --->   Core 1 'Adder' <Latency = 0> <II = 1> <Delay = 2.12> <FuncUnit> <Opcode : 'add' 'sub'> <InPorts = 2> <OutPorts = 1>
ST_4 : Operation 74 [1/1] (0.00ns)   --->   "%zext_ln36_1 = zext i6 %select_ln35" [cnn_accel.cpp:36]   --->   Operation 74 'zext' 'zext_ln36_1' <Predicate = true> <Delay = 0.00>
ST_4 : Operation 75 [1/1] (2.79ns)   --->   "%tmp = add i36 %zext_ln36_1, i36 %empty" [cnn_accel.cpp:36]   --->   Operation 75 'add' 'tmp' <Predicate = true> <Delay = 2.79> <CoreInst = "Adder">   --->   Core 1 'Adder' <Latency = 0> <II = 1> <Delay = 2.79> <FuncUnit> <Opcode : 'add' 'sub'> <InPorts = 2> <OutPorts = 1>
ST_4 : Operation 76 [1/1] (0.00ns)   --->   "%tmp_cast = zext i36 %tmp" [cnn_accel.cpp:36]   --->   Operation 76 'zext' 'tmp_cast' <Predicate = true> <Delay = 0.00>
ST_4 : Operation 77 [1/1] (0.00ns)   --->   "%p_shl1 = bitconcatenate i38 @_ssdm_op_BitConcatenate.i38.i36.i2, i36 %tmp, i2 0" [cnn_accel.cpp:36]   --->   Operation 77 'bitconcatenate' 'p_shl1' <Predicate = true> <Delay = 0.00>
ST_4 : Operation 78 [1/1] (2.83ns)   --->   "%tmp1 = sub i38 %p_shl1, i38 %tmp_cast" [cnn_accel.cpp:36]   --->   Operation 78 'sub' 'tmp1' <Predicate = true> <Delay = 2.83> <CoreInst = "Adder">   --->   Core 1 'Adder' <Latency = 0> <II = 1> <Delay = 2.83> <FuncUnit> <Opcode : 'add' 'sub'> <InPorts = 2> <OutPorts = 1>
ST_4 : Operation 79 [1/1] (3.37ns)   --->   "%tmp2 = add i57 %zext_ln32_cast, i57 %phi_mul_read"   --->   Operation 79 'add' 'tmp2' <Predicate = true> <Delay = 3.37> <CoreInst = "Adder">   --->   Core 1 'Adder' <Latency = 0> <II = 1> <Delay = 3.37> <FuncUnit> <Opcode : 'add' 'sub'> <InPorts = 2> <OutPorts = 1>
ST_4 : Operation 80 [1/1] (0.00ns)   --->   "%p_shl = bitconcatenate i64 @_ssdm_op_BitConcatenate.i64.i57.i7, i57 %tmp2, i7 0"   --->   Operation 80 'bitconcatenate' 'p_shl' <Predicate = true> <Delay = 0.00>
ST_4 : Operation 81 [1/1] (0.00ns)   --->   "%tmp_1 = bitconcatenate i62 @_ssdm_op_BitConcatenate.i62.i57.i5, i57 %tmp2, i5 0"   --->   Operation 81 'bitconcatenate' 'tmp_1' <Predicate = true> <Delay = 0.00>
ST_4 : Operation 82 [1/1] (0.00ns)   --->   "%p_shl30 = zext i62 %tmp_1"   --->   Operation 82 'zext' 'p_shl30' <Predicate = true> <Delay = 0.00>
ST_4 : Operation 83 [1/1] (3.56ns)   --->   "%tmp3 = sub i64 %p_shl, i64 %p_shl30"   --->   Operation 83 'sub' 'tmp3' <Predicate = true> <Delay = 3.56> <CoreInst = "Adder">   --->   Core 1 'Adder' <Latency = 0> <II = 1> <Delay = 3.56> <FuncUnit> <Opcode : 'add' 'sub'> <InPorts = 2> <OutPorts = 1>

State 5 <SV = 4> <Delay = 5.44>
ST_5 : Operation 84 [1/1] (0.00ns)   --->   "%tmp1_cast = zext i38 %tmp1" [cnn_accel.cpp:36]   --->   Operation 84 'zext' 'tmp1_cast' <Predicate = true> <Delay = 0.00>
ST_5 : Operation 85 [1/1] (0.00ns) (grouped into TernaryAdder)   --->   "%add_ln40 = add i64 %tmp1_cast, i64 %input_r_read" [cnn_accel.cpp:40]   --->   Operation 85 'add' 'add_ln40' <Predicate = true> <Delay = 0.00> <CoreInst = "TAddSub">   --->   Core 10 'TAddSub' <Latency = 0> <II = 1> <Delay = 2.72> <IPBlock> <Opcode : '' 'add' 'sub'> <InPorts = 3> <OutPorts = 1> <Sync> <CReg>
ST_5 : Operation 86 [1/1] (5.44ns) (root node of TernaryAdder)   --->   "%add_ln40_1 = add i64 %add_ln40, i64 %tmp3" [cnn_accel.cpp:40]   --->   Operation 86 'add' 'add_ln40_1' <Predicate = true> <Delay = 5.44> <CoreInst = "TAddSub">   --->   Core 10 'TAddSub' <Latency = 0> <II = 1> <Delay = 2.72> <IPBlock> <Opcode : '' 'add' 'sub'> <InPorts = 3> <OutPorts = 1> <Sync> <CReg>
ST_5 : Operation 87 [1/1] (0.00ns)   --->   "%gmem_addr = getelementptr i8 %gmem, i64 %add_ln40_1" [cnn_accel.cpp:45]   --->   Operation 87 'getelementptr' 'gmem_addr' <Predicate = (and_ln42)> <Delay = 0.00>

State 6 <SV = 5> <Delay = 7.30>
ST_6 : Operation 88 [8/8] (7.30ns)   --->   "%empty_28 = readreq i1 @_ssdm_op_ReadReq.m_axi.p1i8, i8 %gmem_addr, i64 3" [cnn_accel.cpp:45]   --->   Operation 88 'readreq' 'empty_28' <Predicate = (and_ln42)> <Delay = 7.30> <CoreInst = "m_axi">   --->   Core 111 'm_axi' <Latency = 6> <II = 1> <Delay = 1.00> <Adapter> <Opcode : 'read' 'write' 'readreq' 'writereq' 'writeresp'>

State 7 <SV = 6> <Delay = 7.30>
ST_7 : Operation 89 [7/8] (7.30ns)   --->   "%empty_28 = readreq i1 @_ssdm_op_ReadReq.m_axi.p1i8, i8 %gmem_addr, i64 3" [cnn_accel.cpp:45]   --->   Operation 89 'readreq' 'empty_28' <Predicate = (and_ln42)> <Delay = 7.30> <CoreInst = "m_axi">   --->   Core 111 'm_axi' <Latency = 6> <II = 1> <Delay = 1.00> <Adapter> <Opcode : 'read' 'write' 'readreq' 'writereq' 'writeresp'>

State 8 <SV = 7> <Delay = 7.30>
ST_8 : Operation 90 [6/8] (7.30ns)   --->   "%empty_28 = readreq i1 @_ssdm_op_ReadReq.m_axi.p1i8, i8 %gmem_addr, i64 3" [cnn_accel.cpp:45]   --->   Operation 90 'readreq' 'empty_28' <Predicate = (and_ln42)> <Delay = 7.30> <CoreInst = "m_axi">   --->   Core 111 'm_axi' <Latency = 6> <II = 1> <Delay = 1.00> <Adapter> <Opcode : 'read' 'write' 'readreq' 'writereq' 'writeresp'>

State 9 <SV = 8> <Delay = 7.30>
ST_9 : Operation 91 [5/8] (7.30ns)   --->   "%empty_28 = readreq i1 @_ssdm_op_ReadReq.m_axi.p1i8, i8 %gmem_addr, i64 3" [cnn_accel.cpp:45]   --->   Operation 91 'readreq' 'empty_28' <Predicate = (and_ln42)> <Delay = 7.30> <CoreInst = "m_axi">   --->   Core 111 'm_axi' <Latency = 6> <II = 1> <Delay = 1.00> <Adapter> <Opcode : 'read' 'write' 'readreq' 'writereq' 'writeresp'>

State 10 <SV = 9> <Delay = 7.30>
ST_10 : Operation 92 [4/8] (7.30ns)   --->   "%empty_28 = readreq i1 @_ssdm_op_ReadReq.m_axi.p1i8, i8 %gmem_addr, i64 3" [cnn_accel.cpp:45]   --->   Operation 92 'readreq' 'empty_28' <Predicate = (and_ln42)> <Delay = 7.30> <CoreInst = "m_axi">   --->   Core 111 'm_axi' <Latency = 6> <II = 1> <Delay = 1.00> <Adapter> <Opcode : 'read' 'write' 'readreq' 'writereq' 'writeresp'>

State 11 <SV = 10> <Delay = 7.30>
ST_11 : Operation 93 [3/8] (7.30ns)   --->   "%empty_28 = readreq i1 @_ssdm_op_ReadReq.m_axi.p1i8, i8 %gmem_addr, i64 3" [cnn_accel.cpp:45]   --->   Operation 93 'readreq' 'empty_28' <Predicate = (and_ln42)> <Delay = 7.30> <CoreInst = "m_axi">   --->   Core 111 'm_axi' <Latency = 6> <II = 1> <Delay = 1.00> <Adapter> <Opcode : 'read' 'write' 'readreq' 'writereq' 'writeresp'>

State 12 <SV = 11> <Delay = 7.30>
ST_12 : Operation 94 [2/8] (7.30ns)   --->   "%empty_28 = readreq i1 @_ssdm_op_ReadReq.m_axi.p1i8, i8 %gmem_addr, i64 3" [cnn_accel.cpp:45]   --->   Operation 94 'readreq' 'empty_28' <Predicate = (and_ln42)> <Delay = 7.30> <CoreInst = "m_axi">   --->   Core 111 'm_axi' <Latency = 6> <II = 1> <Delay = 1.00> <Adapter> <Opcode : 'read' 'write' 'readreq' 'writereq' 'writeresp'>

State 13 <SV = 12> <Delay = 7.30>
ST_13 : Operation 95 [1/8] (7.30ns)   --->   "%empty_28 = readreq i1 @_ssdm_op_ReadReq.m_axi.p1i8, i8 %gmem_addr, i64 3" [cnn_accel.cpp:45]   --->   Operation 95 'readreq' 'empty_28' <Predicate = (and_ln42)> <Delay = 7.30> <CoreInst = "m_axi">   --->   Core 111 'm_axi' <Latency = 6> <II = 1> <Delay = 1.00> <Adapter> <Opcode : 'read' 'write' 'readreq' 'writereq' 'writeresp'>

State 14 <SV = 13> <Delay = 7.30>
ST_14 : Operation 96 [1/1] (7.30ns)   --->   "%gmem_addr_read = read i8 @_ssdm_op_Read.m_axi.p1i8, i8 %gmem_addr" [cnn_accel.cpp:45]   --->   Operation 96 'read' 'gmem_addr_read' <Predicate = (and_ln42)> <Delay = 7.30> <CoreInst = "m_axi">   --->   Core 111 'm_axi' <Latency = 3> <II = 1> <Delay = 1.00> <Adapter> <Opcode : 'read' 'write' 'readreq' 'writereq' 'writeresp'>
ST_14 : Operation 110 [1/1] (1.61ns)   --->   "%ret_ln0 = ret"   --->   Operation 110 'ret' 'ret_ln0' <Predicate = (icmp_ln35)> <Delay = 1.61>

State 15 <SV = 14> <Delay = 7.30>
ST_15 : Operation 97 [1/1] (0.00ns)   --->   "%specloopname_ln0 = specloopname void @_ssdm_op_SpecLoopName, void @VITIS_LOOP_35_3_VITIS_LOOP_36_4_str"   --->   Operation 97 'specloopname' 'specloopname_ln0' <Predicate = true> <Delay = 0.00>
ST_15 : Operation 98 [1/1] (0.00ns)   --->   "%speclooptripcount_ln0 = speclooptripcount void @_ssdm_op_SpecLoopTripCount, i64 1024, i64 1024, i64 1024"   --->   Operation 98 'speclooptripcount' 'speclooptripcount_ln0' <Predicate = true> <Delay = 0.00>
ST_15 : Operation 99 [1/1] (0.00ns)   --->   "%zext_ln45_1 = zext i10 %add_ln45" [cnn_accel.cpp:45]   --->   Operation 99 'zext' 'zext_ln45_1' <Predicate = true> <Delay = 0.00>
ST_15 : Operation 100 [1/1] (0.00ns)   --->   "%tile_in_addr = getelementptr i8 %tile_in, i64 0, i64 %zext_ln45_1" [cnn_accel.cpp:45]   --->   Operation 100 'getelementptr' 'tile_in_addr' <Predicate = true> <Delay = 0.00>
ST_15 : Operation 101 [1/1] (0.00ns)   --->   "%tile_in_1_addr = getelementptr i8 %tile_in_1, i64 0, i64 %zext_ln45_1" [cnn_accel.cpp:46]   --->   Operation 101 'getelementptr' 'tile_in_1_addr' <Predicate = true> <Delay = 0.00>
ST_15 : Operation 102 [1/1] (0.00ns)   --->   "%tile_in_2_addr = getelementptr i8 %tile_in_2, i64 0, i64 %zext_ln45_1" [cnn_accel.cpp:47]   --->   Operation 102 'getelementptr' 'tile_in_2_addr' <Predicate = true> <Delay = 0.00>
ST_15 : Operation 103 [1/1] (0.00ns)   --->   "%specpipeline_ln37 = specpipeline void @_ssdm_op_SpecPipeline, i32 1, i32 0, i32 0, i32 0, void @empty_1" [cnn_accel.cpp:37]   --->   Operation 103 'specpipeline' 'specpipeline_ln37' <Predicate = true> <Delay = 0.00>
ST_15 : Operation 104 [1/1] (7.30ns)   --->   "%gmem_addr_read_1 = read i8 @_ssdm_op_Read.m_axi.p1i8, i8 %gmem_addr" [cnn_accel.cpp:45]   --->   Operation 104 'read' 'gmem_addr_read_1' <Predicate = (and_ln42)> <Delay = 7.30> <CoreInst = "m_axi">   --->   Core 111 'm_axi' <Latency = 3> <II = 1> <Delay = 1.00> <Adapter> <Opcode : 'read' 'write' 'readreq' 'writereq' 'writeresp'>
ST_15 : Operation 105 [1/1] ( I:3.25ns O:3.25ns )   --->   "%store_ln45 = store i8 %gmem_addr_read, i10 %tile_in_addr" [cnn_accel.cpp:45]   --->   Operation 105 'store' 'store_ln45' <Predicate = (and_ln42)> <Delay = 3.25> <CoreInst = "RAM_T2P_BRAM">   --->   Core 93 'RAM_T2P_BRAM' <Latency = 1> <II = 1> <Delay = 3.25> <Storage> <Opcode : 'load' 'store'> <Ports = 2> <Width = 8> <Depth = 1024> <RAM>

State 16 <SV = 15> <Delay = 7.30>
ST_16 : Operation 106 [1/1] (7.30ns)   --->   "%gmem_addr_read_2 = read i8 @_ssdm_op_Read.m_axi.p1i8, i8 %gmem_addr" [cnn_accel.cpp:45]   --->   Operation 106 'read' 'gmem_addr_read_2' <Predicate = (and_ln42)> <Delay = 7.30> <CoreInst = "m_axi">   --->   Core 111 'm_axi' <Latency = 3> <II = 1> <Delay = 1.00> <Adapter> <Opcode : 'read' 'write' 'readreq' 'writereq' 'writeresp'>
ST_16 : Operation 107 [1/1] ( I:3.25ns O:3.25ns )   --->   "%store_ln46 = store i8 %gmem_addr_read_1, i10 %tile_in_1_addr" [cnn_accel.cpp:46]   --->   Operation 107 'store' 'store_ln46' <Predicate = (and_ln42)> <Delay = 3.25> <CoreInst = "RAM_T2P_BRAM">   --->   Core 93 'RAM_T2P_BRAM' <Latency = 1> <II = 1> <Delay = 3.25> <Storage> <Opcode : 'load' 'store'> <Ports = 2> <Width = 8> <Depth = 1024> <RAM>

State 17 <SV = 16> <Delay = 3.25>
ST_17 : Operation 108 [1/1] ( I:3.25ns O:3.25ns )   --->   "%store_ln47 = store i8 %gmem_addr_read_2, i10 %tile_in_2_addr" [cnn_accel.cpp:47]   --->   Operation 108 'store' 'store_ln47' <Predicate = (and_ln42)> <Delay = 3.25> <CoreInst = "RAM_T2P_BRAM">   --->   Core 93 'RAM_T2P_BRAM' <Latency = 1> <II = 1> <Delay = 3.25> <Storage> <Opcode : 'load' 'store'> <Ports = 2> <Width = 8> <Depth = 1024> <RAM>
ST_17 : Operation 109 [1/1] (0.00ns)   --->   "%br_ln48 = br void %for.inc" [cnn_accel.cpp:48]   --->   Operation 109 'br' 'br_ln48' <Predicate = (and_ln42)> <Delay = 0.00>


============================================================
+ Verbose Summary: Binding
============================================================
STG Binding: 
---------------- STG Properties BEGIN ----------------
- Is combinational: 0
- Is one-state seq: 0
- Is datapath-only: 0
- Is pipelined: 0
- Is top level: 0
Port [ Return ] is wired: 1; IO mode=ap_ctrl_hs:ce=0
Port [ gmem]:  wired=1; compound=1; hidden=0; nouse=0; global=0; static=0; extern=0; dir=0; type=4; pingpong=0; private_global=0; IO mode=m_axi:ce=0
Port [ size_cast9]:  wired=1; compound=0; hidden=0; nouse=0; global=0; static=0; extern=0; dir=0; type=0; pingpong=0; private_global=0; IO mode=ap_none:ce=0
Port [ ty]:  wired=1; compound=0; hidden=0; nouse=0; global=0; static=0; extern=0; dir=0; type=0; pingpong=0; private_global=0; IO mode=ap_none:ce=0
Port [ size]:  wired=1; compound=0; hidden=0; nouse=0; global=0; static=0; extern=0; dir=0; type=0; pingpong=0; private_global=0; IO mode=ap_none:ce=0
Port [ tile_in]:  wired=1; compound=1; hidden=0; nouse=0; global=0; static=0; extern=0; dir=1; type=1; pingpong=0; private_global=0; MemPort=[03]; IO mode=ap_memory:ce=0
Port [ tile_in_1]:  wired=1; compound=1; hidden=0; nouse=0; global=0; static=0; extern=0; dir=1; type=1; pingpong=0; private_global=0; MemPort=[03]; IO mode=ap_memory:ce=0
Port [ tile_in_2]:  wired=1; compound=1; hidden=0; nouse=0; global=0; static=0; extern=0; dir=1; type=1; pingpong=0; private_global=0; MemPort=[03]; IO mode=ap_memory:ce=0
Port [ zext_ln32]:  wired=1; compound=0; hidden=0; nouse=0; global=0; static=0; extern=0; dir=0; type=0; pingpong=0; private_global=0; IO mode=ap_none:ce=0
Port [ phi_mul]:  wired=1; compound=0; hidden=0; nouse=0; global=0; static=0; extern=0; dir=0; type=0; pingpong=0; private_global=0; IO mode=ap_none:ce=0
Port [ input_r]:  wired=1; compound=0; hidden=0; nouse=0; global=0; static=0; extern=0; dir=0; type=0; pingpong=0; private_global=0; IO mode=ap_none:ce=0
Port [ tx]:  wired=1; compound=0; hidden=0; nouse=0; global=0; static=0; extern=0; dir=0; type=0; pingpong=0; private_global=0; IO mode=ap_none:ce=0
---------------- STG Properties END ------------------

---------------- Datapath Model BEGIN ----------------

<LifeTime>
<method=bitvector/>
x                     (alloca           ) [ 011000000000000000]
y                     (alloca           ) [ 010000000000000000]
indvar_flatten        (alloca           ) [ 010000000000000000]
tx_read               (read             ) [ 000000000000000000]
input_r_read          (read             ) [ 011111000000000000]
phi_mul_read          (read             ) [ 011110000000000000]
zext_ln32_read        (read             ) [ 000000000000000000]
size_read             (read             ) [ 000000000000000000]
ty_read               (read             ) [ 000000000000000000]
size_cast9_read       (read             ) [ 000000000000000000]
tx_cast               (zext             ) [ 001000000000000000]
zext_ln32_cast        (zext             ) [ 011110000000000000]
size_cast             (zext             ) [ 001000000000000000]
ty_cast               (zext             ) [ 001000000000000000]
size_cast9_cast       (zext             ) [ 001100000000000000]
specmemcore_ln0       (specmemcore      ) [ 000000000000000000]
specmemcore_ln0       (specmemcore      ) [ 000000000000000000]
specmemcore_ln0       (specmemcore      ) [ 000000000000000000]
specinterface_ln0     (specinterface    ) [ 000000000000000000]
store_ln0             (store            ) [ 000000000000000000]
store_ln35            (store            ) [ 000000000000000000]
store_ln36            (store            ) [ 000000000000000000]
br_ln0                (br               ) [ 000000000000000000]
indvar_flatten_load   (load             ) [ 000000000000000000]
specbitsmap_ln0       (specbitsmap      ) [ 000000000000000000]
icmp_ln35             (icmp             ) [ 011111111111111000]
add_ln35_1            (add              ) [ 000000000000000000]
br_ln35               (br               ) [ 000000000000000000]
x_load                (load             ) [ 000000000000000000]
y_load                (load             ) [ 000000000000000000]
add_ln35              (add              ) [ 000000000000000000]
icmp_ln36             (icmp             ) [ 000000000000000000]
select_ln35           (select           ) [ 011110000000000000]
select_ln35_1         (select           ) [ 001000000000000000]
trunc_ln45            (trunc            ) [ 011110000000000000]
store_ln35            (store            ) [ 000000000000000000]
store_ln35            (store            ) [ 000000000000000000]
zext_ln35             (zext             ) [ 000000000000000000]
y_cast                (zext             ) [ 000100000000000000]
empty_27              (add              ) [ 000000000000000000]
cmp14                 (icmp             ) [ 000000000000000000]
zext_ln36             (zext             ) [ 000000000000000000]
add_ln40_2            (add              ) [ 000000000000000000]
icmp_ln42             (icmp             ) [ 000000000000000000]
and_ln42              (and              ) [ 011111111111111111]
br_ln42               (br               ) [ 000000000000000000]
add_ln36              (add              ) [ 000000000000000000]
store_ln36            (store            ) [ 000000000000000000]
br_ln36               (br               ) [ 000000000000000000]
empty                 (mul              ) [ 010010000000000000]
tmp_3                 (bitconcatenate   ) [ 000000000000000000]
zext_ln45             (zext             ) [ 000000000000000000]
add_ln45              (add              ) [ 011101111111111100]
zext_ln36_1           (zext             ) [ 000000000000000000]
tmp                   (add              ) [ 000000000000000000]
tmp_cast              (zext             ) [ 000000000000000000]
p_shl1                (bitconcatenate   ) [ 000000000000000000]
tmp1                  (sub              ) [ 001001000000000000]
tmp2                  (add              ) [ 000000000000000000]
p_shl                 (bitconcatenate   ) [ 000000000000000000]
tmp_1                 (bitconcatenate   ) [ 000000000000000000]
p_shl30               (zext             ) [ 000000000000000000]
tmp3                  (sub              ) [ 001001000000000000]
tmp1_cast             (zext             ) [ 000000000000000000]
add_ln40              (add              ) [ 000000000000000000]
add_ln40_1            (add              ) [ 000000000000000000]
gmem_addr             (getelementptr    ) [ 011100111111111110]
empty_28              (readreq          ) [ 000000000000000000]
gmem_addr_read        (read             ) [ 000100000000000100]
specloopname_ln0      (specloopname     ) [ 000000000000000000]
speclooptripcount_ln0 (speclooptripcount) [ 000000000000000000]
zext_ln45_1           (zext             ) [ 000000000000000000]
tile_in_addr          (getelementptr    ) [ 000000000000000000]
tile_in_1_addr        (getelementptr    ) [ 010000000000000010]
tile_in_2_addr        (getelementptr    ) [ 011000000000000011]
specpipeline_ln37     (specpipeline     ) [ 000000000000000000]
gmem_addr_read_1      (read             ) [ 010000000000000010]
store_ln45            (store            ) [ 000000000000000000]
gmem_addr_read_2      (read             ) [ 001000000000000001]
store_ln46            (store            ) [ 000000000000000000]
store_ln47            (store            ) [ 000000000000000000]
br_ln48               (br               ) [ 000000000000000000]
ret_ln0               (ret              ) [ 000000000000000000]
</LifeTime>

<model>

<comp_list>
<comp id="0" class="1000" name="gmem">
<pin_list>
<pin id="1" dir="1" index="0" bw="1" slack="0"/>
</pin_list>
<bind>
<StgValue><ssdm name="gmem"/><MemPortTyVec>0 </MemPortTyVec>
</StgValue>
</bind>
</comp>

<comp id="2" class="1000" name="size_cast9">
<pin_list>
<pin id="3" dir="1" index="0" bw="1" slack="0"/>
</pin_list>
<bind>
<StgValue><ssdm name="size_cast9"/></StgValue>
</bind>
</comp>

<comp id="4" class="1000" name="ty">
<pin_list>
<pin id="5" dir="1" index="0" bw="1" slack="0"/>
</pin_list>
<bind>
<StgValue><ssdm name="ty"/></StgValue>
</bind>
</comp>

<comp id="6" class="1000" name="size">
<pin_list>
<pin id="7" dir="1" index="0" bw="1" slack="0"/>
</pin_list>
<bind>
<StgValue><ssdm name="size"/></StgValue>
</bind>
</comp>

<comp id="8" class="1000" name="tile_in">
<pin_list>
<pin id="9" dir="1" index="0" bw="1" slack="0"/>
</pin_list>
<bind>
<StgValue><ssdm name="tile_in"/><MemPortTyVec>0 3 </MemPortTyVec>
</StgValue>
</bind>
</comp>

<comp id="10" class="1000" name="tile_in_1">
<pin_list>
<pin id="11" dir="1" index="0" bw="1" slack="0"/>
</pin_list>
<bind>
<StgValue><ssdm name="tile_in_1"/><MemPortTyVec>0 3 </MemPortTyVec>
</StgValue>
</bind>
</comp>

<comp id="12" class="1000" name="tile_in_2">
<pin_list>
<pin id="13" dir="1" index="0" bw="1" slack="0"/>
</pin_list>
<bind>
<StgValue><ssdm name="tile_in_2"/><MemPortTyVec>0 3 </MemPortTyVec>
</StgValue>
</bind>
</comp>

<comp id="14" class="1000" name="zext_ln32">
<pin_list>
<pin id="15" dir="1" index="0" bw="1" slack="0"/>
</pin_list>
<bind>
<StgValue><ssdm name="zext_ln32"/></StgValue>
</bind>
</comp>

<comp id="16" class="1000" name="phi_mul">
<pin_list>
<pin id="17" dir="1" index="0" bw="1" slack="0"/>
</pin_list>
<bind>
<StgValue><ssdm name="phi_mul"/></StgValue>
</bind>
</comp>

<comp id="18" class="1000" name="input_r">
<pin_list>
<pin id="19" dir="1" index="0" bw="1" slack="0"/>
</pin_list>
<bind>
<StgValue><ssdm name="input_r"/></StgValue>
</bind>
</comp>

<comp id="20" class="1000" name="tx">
<pin_list>
<pin id="21" dir="1" index="0" bw="1" slack="0"/>
</pin_list>
<bind>
<StgValue><ssdm name="tx"/></StgValue>
</bind>
</comp>

<comp id="22" class="1001" name="const_22">
<pin_list>
<pin id="23" dir="1" index="0" bw="1" slack="0"/>
</pin_list>
<bind>
<StgValue><ssdm name=""/></StgValue>
</bind>
</comp>

<comp id="24" class="1001" name="const_24">
<pin_list>
<pin id="25" dir="1" index="0" bw="1" slack="0"/>
</pin_list>
<bind>
<StgValue><ssdm name="_ssdm_op_Read.ap_auto.i31"/></StgValue>
</bind>
</comp>

<comp id="26" class="1001" name="const_26">
<pin_list>
<pin id="27" dir="1" index="0" bw="1" slack="0"/>
</pin_list>
<bind>
<StgValue><ssdm name="_ssdm_op_Read.ap_auto.i64"/></StgValue>
</bind>
</comp>

<comp id="28" class="1001" name="const_28">
<pin_list>
<pin id="29" dir="1" index="0" bw="1" slack="0"/>
</pin_list>
<bind>
<StgValue><ssdm name="_ssdm_op_Read.ap_auto.i57"/></StgValue>
</bind>
</comp>

<comp id="30" class="1001" name="const_30">
<pin_list>
<pin id="31" dir="1" index="0" bw="1" slack="0"/>
</pin_list>
<bind>
<StgValue><ssdm name="_ssdm_op_Read.ap_auto.i26"/></StgValue>
</bind>
</comp>

<comp id="32" class="1001" name="const_32">
<pin_list>
<pin id="33" dir="1" index="0" bw="1" slack="2147483647"/>
</pin_list>
<bind>
<StgValue><ssdm name="_ssdm_op_SpecMemCore"/></StgValue>
</bind>
</comp>

<comp id="34" class="1001" name="const_34">
<pin_list>
<pin id="35" dir="1" index="0" bw="1" slack="2147483647"/>
</pin_list>
<bind>
<StgValue><ssdm name=""/></StgValue>
</bind>
</comp>

<comp id="36" class="1001" name="const_36">
<pin_list>
<pin id="37" dir="1" index="0" bw="1" slack="2147483647"/>
</pin_list>
<bind>
<StgValue><ssdm name=""/></StgValue>
</bind>
</comp>

<comp id="38" class="1001" name="const_38">
<pin_list>
<pin id="39" dir="1" index="0" bw="1" slack="2147483647"/>
</pin_list>
<bind>
<StgValue><ssdm name=""/></StgValue>
</bind>
</comp>

<comp id="40" class="1001" name="const_40">
<pin_list>
<pin id="41" dir="1" index="0" bw="1" slack="2147483647"/>
</pin_list>
<bind>
<StgValue><ssdm name="_ssdm_op_SpecInterface"/></StgValue>
</bind>
</comp>

<comp id="42" class="1001" name="const_42">
<pin_list>
<pin id="43" dir="1" index="0" bw="1" slack="2147483647"/>
</pin_list>
<bind>
<StgValue><ssdm name="empty_0"/></StgValue>
</bind>
</comp>

<comp id="44" class="1001" name="const_44">
<pin_list>
<pin id="45" dir="1" index="0" bw="1" slack="2147483647"/>
</pin_list>
<bind>
<StgValue><ssdm name=""/></StgValue>
</bind>
</comp>

<comp id="46" class="1001" name="const_46">
<pin_list>
<pin id="47" dir="1" index="0" bw="1" slack="2147483647"/>
</pin_list>
<bind>
<StgValue><ssdm name="empty_1"/></StgValue>
</bind>
</comp>

<comp id="48" class="1001" name="const_48">
<pin_list>
<pin id="49" dir="1" index="0" bw="1" slack="2147483647"/>
</pin_list>
<bind>
<StgValue><ssdm name=""/></StgValue>
</bind>
</comp>

<comp id="50" class="1001" name="const_50">
<pin_list>
<pin id="51" dir="1" index="0" bw="1" slack="2147483647"/>
</pin_list>
<bind>
<StgValue><ssdm name="empty_2"/></StgValue>
</bind>
</comp>

<comp id="52" class="1001" name="const_52">
<pin_list>
<pin id="53" dir="1" index="0" bw="1" slack="2147483647"/>
</pin_list>
<bind>
<StgValue><ssdm name="empty_3"/></StgValue>
</bind>
</comp>

<comp id="54" class="1001" name="const_54">
<pin_list>
<pin id="55" dir="1" index="0" bw="1" slack="2147483647"/>
</pin_list>
<bind>
<StgValue><ssdm name=""/></StgValue>
</bind>
</comp>

<comp id="56" class="1001" name="const_56">
<pin_list>
<pin id="57" dir="1" index="0" bw="1" slack="2147483647"/>
</pin_list>
<bind>
<StgValue><ssdm name=""/></StgValue>
</bind>
</comp>

<comp id="58" class="1001" name="const_58">
<pin_list>
<pin id="59" dir="1" index="0" bw="1" slack="0"/>
</pin_list>
<bind>
<StgValue><ssdm name=""/></StgValue>
</bind>
</comp>

<comp id="60" class="1001" name="const_60">
<pin_list>
<pin id="61" dir="1" index="0" bw="1" slack="0"/>
</pin_list>
<bind>
<StgValue><ssdm name=""/></StgValue>
</bind>
</comp>

<comp id="62" class="1001" name="const_62">
<pin_list>
<pin id="63" dir="1" index="0" bw="1" slack="2147483647"/>
</pin_list>
<bind>
<StgValue><ssdm name="_ssdm_op_SpecBitsMap"/></StgValue>
</bind>
</comp>

<comp id="64" class="1001" name="const_64">
<pin_list>
<pin id="65" dir="1" index="0" bw="1" slack="0"/>
</pin_list>
<bind>
<StgValue><ssdm name=""/></StgValue>
</bind>
</comp>

<comp id="66" class="1001" name="const_66">
<pin_list>
<pin id="67" dir="1" index="0" bw="1" slack="0"/>
</pin_list>
<bind>
<StgValue><ssdm name=""/></StgValue>
</bind>
</comp>

<comp id="68" class="1001" name="const_68">
<pin_list>
<pin id="69" dir="1" index="0" bw="1" slack="0"/>
</pin_list>
<bind>
<StgValue><ssdm name=""/></StgValue>
</bind>
</comp>

<comp id="70" class="1001" name="const_70">
<pin_list>
<pin id="71" dir="1" index="0" bw="1" slack="0"/>
</pin_list>
<bind>
<StgValue><ssdm name=""/></StgValue>
</bind>
</comp>

<comp id="72" class="1001" name="const_72">
<pin_list>
<pin id="73" dir="1" index="0" bw="1" slack="0"/>
</pin_list>
<bind>
<StgValue><ssdm name="_ssdm_op_BitConcatenate.i10.i5.i5"/></StgValue>
</bind>
</comp>

<comp id="74" class="1001" name="const_74">
<pin_list>
<pin id="75" dir="1" index="0" bw="1" slack="0"/>
</pin_list>
<bind>
<StgValue><ssdm name=""/></StgValue>
</bind>
</comp>

<comp id="76" class="1001" name="const_76">
<pin_list>
<pin id="77" dir="1" index="0" bw="1" slack="0"/>
</pin_list>
<bind>
<StgValue><ssdm name="_ssdm_op_BitConcatenate.i38.i36.i2"/></StgValue>
</bind>
</comp>

<comp id="78" class="1001" name="const_78">
<pin_list>
<pin id="79" dir="1" index="0" bw="1" slack="0"/>
</pin_list>
<bind>
<StgValue><ssdm name=""/></StgValue>
</bind>
</comp>

<comp id="80" class="1001" name="const_80">
<pin_list>
<pin id="81" dir="1" index="0" bw="1" slack="0"/>
</pin_list>
<bind>
<StgValue><ssdm name="_ssdm_op_BitConcatenate.i64.i57.i7"/></StgValue>
</bind>
</comp>

<comp id="82" class="1001" name="const_82">
<pin_list>
<pin id="83" dir="1" index="0" bw="1" slack="0"/>
</pin_list>
<bind>
<StgValue><ssdm name=""/></StgValue>
</bind>
</comp>

<comp id="84" class="1001" name="const_84">
<pin_list>
<pin id="85" dir="1" index="0" bw="1" slack="0"/>
</pin_list>
<bind>
<StgValue><ssdm name="_ssdm_op_BitConcatenate.i62.i57.i5"/></StgValue>
</bind>
</comp>

<comp id="86" class="1001" name="const_86">
<pin_list>
<pin id="87" dir="1" index="0" bw="1" slack="0"/>
</pin_list>
<bind>
<StgValue><ssdm name="_ssdm_op_ReadReq.m_axi.p1i8"/></StgValue>
</bind>
</comp>

<comp id="88" class="1001" name="const_88">
<pin_list>
<pin id="89" dir="1" index="0" bw="1" slack="0"/>
</pin_list>
<bind>
<StgValue><ssdm name=""/></StgValue>
</bind>
</comp>

<comp id="90" class="1001" name="const_90">
<pin_list>
<pin id="91" dir="1" index="0" bw="1" slack="0"/>
</pin_list>
<bind>
<StgValue><ssdm name="_ssdm_op_Read.m_axi.p1i8"/></StgValue>
</bind>
</comp>

<comp id="92" class="1001" name="const_92">
<pin_list>
<pin id="93" dir="1" index="0" bw="1" slack="2147483647"/>
</pin_list>
<bind>
<StgValue><ssdm name="_ssdm_op_SpecLoopName"/></StgValue>
</bind>
</comp>

<comp id="94" class="1001" name="const_94">
<pin_list>
<pin id="95" dir="1" index="0" bw="1" slack="2147483647"/>
</pin_list>
<bind>
<StgValue><ssdm name="VITIS_LOOP_35_3_VITIS_LOOP_36_4_str"/></StgValue>
</bind>
</comp>

<comp id="96" class="1001" name="const_96">
<pin_list>
<pin id="97" dir="1" index="0" bw="1" slack="2147483647"/>
</pin_list>
<bind>
<StgValue><ssdm name="_ssdm_op_SpecLoopTripCount"/></StgValue>
</bind>
</comp>

<comp id="98" class="1001" name="const_98">
<pin_list>
<pin id="99" dir="1" index="0" bw="1" slack="2147483647"/>
</pin_list>
<bind>
<StgValue><ssdm name=""/></StgValue>
</bind>
</comp>

<comp id="100" class="1001" name="const_100">
<pin_list>
<pin id="101" dir="1" index="0" bw="1" slack="0"/>
</pin_list>
<bind>
<StgValue><ssdm name=""/></StgValue>
</bind>
</comp>

<comp id="102" class="1001" name="const_102">
<pin_list>
<pin id="103" dir="1" index="0" bw="1" slack="2147483647"/>
</pin_list>
<bind>
<StgValue><ssdm name="_ssdm_op_SpecPipeline"/></StgValue>
</bind>
</comp>

<comp id="104" class="1004" name="x_fu_104">
<pin_list>
<pin id="105" dir="0" index="0" bw="1" slack="0"/>
<pin id="106" dir="1" index="1" bw="6" slack="0"/>
</pin_list>
<bind>
<opcode="alloca(26) " fcode="alloca"/>
<opset="x/1 "/>
</bind>
</comp>

<comp id="108" class="1004" name="y_fu_108">
<pin_list>
<pin id="109" dir="0" index="0" bw="1" slack="0"/>
<pin id="110" dir="1" index="1" bw="6" slack="0"/>
</pin_list>
<bind>
<opcode="alloca(26) " fcode="alloca"/>
<opset="y/1 "/>
</bind>
</comp>

<comp id="112" class="1004" name="indvar_flatten_fu_112">
<pin_list>
<pin id="113" dir="0" index="0" bw="1" slack="0"/>
<pin id="114" dir="1" index="1" bw="11" slack="0"/>
</pin_list>
<bind>
<opcode="alloca(26) " fcode="alloca"/>
<opset="indvar_flatten/1 "/>
</bind>
</comp>

<comp id="116" class="1004" name="tx_read_read_fu_116">
<pin_list>
<pin id="117" dir="0" index="0" bw="31" slack="0"/>
<pin id="118" dir="0" index="1" bw="31" slack="0"/>
<pin id="119" dir="1" index="2" bw="31" slack="0"/>
</pin_list>
<bind>
<opcode="read(1150) " fcode="read"/>
<opset="tx_read/1 "/>
</bind>
</comp>

<comp id="122" class="1004" name="input_r_read_read_fu_122">
<pin_list>
<pin id="123" dir="0" index="0" bw="64" slack="0"/>
<pin id="124" dir="0" index="1" bw="64" slack="0"/>
<pin id="125" dir="1" index="2" bw="64" slack="4"/>
</pin_list>
<bind>
<opcode="read(1150) " fcode="read"/>
<opset="input_r_read/1 "/>
</bind>
</comp>

<comp id="128" class="1004" name="phi_mul_read_read_fu_128">
<pin_list>
<pin id="129" dir="0" index="0" bw="57" slack="0"/>
<pin id="130" dir="0" index="1" bw="57" slack="0"/>
<pin id="131" dir="1" index="2" bw="57" slack="3"/>
</pin_list>
<bind>
<opcode="read(1150) " fcode="read"/>
<opset="phi_mul_read/1 "/>
</bind>
</comp>

<comp id="134" class="1004" name="zext_ln32_read_read_fu_134">
<pin_list>
<pin id="135" dir="0" index="0" bw="26" slack="0"/>
<pin id="136" dir="0" index="1" bw="26" slack="0"/>
<pin id="137" dir="1" index="2" bw="26" slack="0"/>
</pin_list>
<bind>
<opcode="read(1150) " fcode="read"/>
<opset="zext_ln32_read/1 "/>
</bind>
</comp>

<comp id="140" class="1004" name="size_read_read_fu_140">
<pin_list>
<pin id="141" dir="0" index="0" bw="31" slack="0"/>
<pin id="142" dir="0" index="1" bw="31" slack="0"/>
<pin id="143" dir="1" index="2" bw="31" slack="0"/>
</pin_list>
<bind>
<opcode="read(1150) " fcode="read"/>
<opset="size_read/1 "/>
</bind>
</comp>

<comp id="146" class="1004" name="ty_read_read_fu_146">
<pin_list>
<pin id="147" dir="0" index="0" bw="31" slack="0"/>
<pin id="148" dir="0" index="1" bw="31" slack="0"/>
<pin id="149" dir="1" index="2" bw="31" slack="0"/>
</pin_list>
<bind>
<opcode="read(1150) " fcode="read"/>
<opset="ty_read/1 "/>
</bind>
</comp>

<comp id="152" class="1004" name="size_cast9_read_read_fu_152">
<pin_list>
<pin id="153" dir="0" index="0" bw="31" slack="0"/>
<pin id="154" dir="0" index="1" bw="31" slack="0"/>
<pin id="155" dir="1" index="2" bw="31" slack="0"/>
</pin_list>
<bind>
<opcode="read(1150) " fcode="read"/>
<opset="size_cast9_read/1 "/>
</bind>
</comp>

<comp id="158" class="1004" name="grp_readreq_fu_158">
<pin_list>
<pin id="159" dir="0" index="0" bw="1" slack="0"/>
<pin id="160" dir="0" index="1" bw="8" slack="1"/>
<pin id="161" dir="0" index="2" bw="3" slack="0"/>
<pin id="162" dir="1" index="3" bw="1" slack="2147483647"/>
</pin_list>
<bind>
<opcode="readreq(1154) " fcode="readreq"/>
<opset="empty_28/6 "/>
</bind>
</comp>

<comp id="165" class="1004" name="grp_read_fu_165">
<pin_list>
<pin id="166" dir="0" index="0" bw="8" slack="0"/>
<pin id="167" dir="0" index="1" bw="8" slack="9"/>
<pin id="168" dir="1" index="2" bw="8" slack="1"/>
</pin_list>
<bind>
<opcode="read(1150) " fcode="read"/>
<opset="gmem_addr_read/14 gmem_addr_read_1/15 gmem_addr_read_2/16 "/>
</bind>
</comp>

<comp id="170" class="1004" name="tile_in_addr_gep_fu_170">
<pin_list>
<pin id="171" dir="0" index="0" bw="8" slack="0"/>
<pin id="172" dir="0" index="1" bw="1" slack="0"/>
<pin id="173" dir="0" index="2" bw="10" slack="0"/>
<pin id="174" dir="1" index="3" bw="10" slack="0"/>
</pin_list>
<bind>
<opcode="getelementptr(29) " fcode="getelementptr"/>
<opset="tile_in_addr/15 "/>
</bind>
</comp>

<comp id="177" class="1004" name="tile_in_1_addr_gep_fu_177">
<pin_list>
<pin id="178" dir="0" index="0" bw="8" slack="0"/>
<pin id="179" dir="0" index="1" bw="1" slack="0"/>
<pin id="180" dir="0" index="2" bw="10" slack="0"/>
<pin id="181" dir="1" index="3" bw="10" slack="1"/>
</pin_list>
<bind>
<opcode="getelementptr(29) " fcode="getelementptr"/>
<opset="tile_in_1_addr/15 "/>
</bind>
</comp>

<comp id="184" class="1004" name="tile_in_2_addr_gep_fu_184">
<pin_list>
<pin id="185" dir="0" index="0" bw="8" slack="0"/>
<pin id="186" dir="0" index="1" bw="1" slack="0"/>
<pin id="187" dir="0" index="2" bw="10" slack="0"/>
<pin id="188" dir="1" index="3" bw="10" slack="2"/>
</pin_list>
<bind>
<opcode="getelementptr(29) " fcode="getelementptr"/>
<opset="tile_in_2_addr/15 "/>
</bind>
</comp>

<comp id="191" class="1004" name="store_ln45_access_fu_191">
<pin_list>
<pin id="192" dir="0" index="0" bw="10" slack="0"/>
<pin id="193" dir="0" index="1" bw="8" slack="1"/>
<pin id="194" dir="0" index="2" bw="0" slack="2147483647"/>
<pin id="195" dir="1" index="3" bw="8" slack="2147483647"/>
</pin_list>
<bind>
<opcode="store(28) " fcode="store"/>
<opset="store_ln45/15 "/>
</bind>
</comp>

<comp id="197" class="1004" name="store_ln46_access_fu_197">
<pin_list>
<pin id="198" dir="0" index="0" bw="10" slack="1"/>
<pin id="199" dir="0" index="1" bw="8" slack="1"/>
<pin id="200" dir="0" index="2" bw="0" slack="2147483647"/>
<pin id="201" dir="1" index="3" bw="8" slack="2147483647"/>
</pin_list>
<bind>
<opcode="store(28) " fcode="store"/>
<opset="store_ln46/16 "/>
</bind>
</comp>

<comp id="202" class="1004" name="store_ln47_access_fu_202">
<pin_list>
<pin id="203" dir="0" index="0" bw="10" slack="2"/>
<pin id="204" dir="0" index="1" bw="8" slack="1"/>
<pin id="205" dir="0" index="2" bw="0" slack="2147483647"/>
<pin id="206" dir="1" index="3" bw="8" slack="2147483647"/>
</pin_list>
<bind>
<opcode="store(28) " fcode="store"/>
<opset="store_ln47/17 "/>
</bind>
</comp>

<comp id="207" class="1004" name="grp_fu_207">
<pin_list>
<pin id="208" dir="0" index="0" bw="6" slack="0"/>
<pin id="209" dir="0" index="1" bw="31" slack="1"/>
<pin id="210" dir="1" index="2" bw="36" slack="1"/>
</pin_list>
<bind>
<opcode="mul(12) " fcode="mul"/>
<opset="empty/2 "/>
</bind>
</comp>

<comp id="211" class="1005" name="reg_211">
<pin_list>
<pin id="212" dir="0" index="0" bw="8" slack="1"/>
<pin id="213" dir="1" index="1" bw="8" slack="1"/>
</pin_list>
<bind>
<opset="gmem_addr_read gmem_addr_read_1 gmem_addr_read_2 "/>
</bind>
</comp>

<comp id="218" class="1004" name="tx_cast_fu_218">
<pin_list>
<pin id="219" dir="0" index="0" bw="31" slack="0"/>
<pin id="220" dir="1" index="1" bw="32" slack="1"/>
</pin_list>
<bind>
<opcode="zext(34) " fcode="zext"/>
<opset="tx_cast/1 "/>
</bind>
</comp>

<comp id="222" class="1004" name="zext_ln32_cast_fu_222">
<pin_list>
<pin id="223" dir="0" index="0" bw="26" slack="0"/>
<pin id="224" dir="1" index="1" bw="57" slack="3"/>
</pin_list>
<bind>
<opcode="zext(34) " fcode="zext"/>
<opset="zext_ln32_cast/1 "/>
</bind>
</comp>

<comp id="226" class="1004" name="size_cast_fu_226">
<pin_list>
<pin id="227" dir="0" index="0" bw="31" slack="0"/>
<pin id="228" dir="1" index="1" bw="32" slack="1"/>
</pin_list>
<bind>
<opcode="zext(34) " fcode="zext"/>
<opset="size_cast/1 "/>
</bind>
</comp>

<comp id="230" class="1004" name="ty_cast_fu_230">
<pin_list>
<pin id="231" dir="0" index="0" bw="31" slack="0"/>
<pin id="232" dir="1" index="1" bw="32" slack="1"/>
</pin_list>
<bind>
<opcode="zext(34) " fcode="zext"/>
<opset="ty_cast/1 "/>
</bind>
</comp>

<comp id="234" class="1004" name="size_cast9_cast_fu_234">
<pin_list>
<pin id="235" dir="0" index="0" bw="31" slack="0"/>
<pin id="236" dir="1" index="1" bw="36" slack="1"/>
</pin_list>
<bind>
<opcode="zext(34) " fcode="zext"/>
<opset="size_cast9_cast/1 "/>
</bind>
</comp>

<comp id="238" class="1004" name="store_ln0_store_fu_238">
<pin_list>
<pin id="239" dir="0" index="0" bw="1" slack="0"/>
<pin id="240" dir="0" index="1" bw="11" slack="0"/>
<pin id="241" dir="1" index="2" bw="0" slack="2147483647"/>
</pin_list>
<bind>
<opcode="store(28) " fcode="store"/>
<opset="store_ln0/1 "/>
</bind>
</comp>

<comp id="243" class="1004" name="store_ln35_store_fu_243">
<pin_list>
<pin id="244" dir="0" index="0" bw="1" slack="0"/>
<pin id="245" dir="0" index="1" bw="6" slack="0"/>
<pin id="246" dir="1" index="2" bw="0" slack="2147483647"/>
</pin_list>
<bind>
<opcode="store(28) " fcode="store"/>
<opset="store_ln35/1 "/>
</bind>
</comp>

<comp id="248" class="1004" name="store_ln36_store_fu_248">
<pin_list>
<pin id="249" dir="0" index="0" bw="1" slack="0"/>
<pin id="250" dir="0" index="1" bw="6" slack="0"/>
<pin id="251" dir="1" index="2" bw="0" slack="2147483647"/>
</pin_list>
<bind>
<opcode="store(28) " fcode="store"/>
<opset="store_ln36/1 "/>
</bind>
</comp>

<comp id="253" class="1004" name="indvar_flatten_load_load_fu_253">
<pin_list>
<pin id="254" dir="0" index="0" bw="11" slack="0"/>
<pin id="255" dir="1" index="1" bw="11" slack="0"/>
</pin_list>
<bind>
<opcode="load(27) " fcode="load"/>
<opset="indvar_flatten_load/1 "/>
</bind>
</comp>

<comp id="256" class="1004" name="icmp_ln35_fu_256">
<pin_list>
<pin id="257" dir="0" index="0" bw="11" slack="0"/>
<pin id="258" dir="0" index="1" bw="11" slack="0"/>
<pin id="259" dir="1" index="2" bw="1" slack="1"/>
</pin_list>
<bind>
<opcode="icmp(45) " fcode="icmp"/>
<opset="icmp_ln35/1 "/>
</bind>
</comp>

<comp id="262" class="1004" name="add_ln35_1_fu_262">
<pin_list>
<pin id="263" dir="0" index="0" bw="11" slack="0"/>
<pin id="264" dir="0" index="1" bw="1" slack="0"/>
<pin id="265" dir="1" index="2" bw="11" slack="0"/>
</pin_list>
<bind>
<opcode="add(8) " fcode="add"/>
<opset="add_ln35_1/1 "/>
</bind>
</comp>

<comp id="268" class="1004" name="x_load_load_fu_268">
<pin_list>
<pin id="269" dir="0" index="0" bw="6" slack="0"/>
<pin id="270" dir="1" index="1" bw="6" slack="0"/>
</pin_list>
<bind>
<opcode="load(27) " fcode="load"/>
<opset="x_load/1 "/>
</bind>
</comp>

<comp id="271" class="1004" name="y_load_load_fu_271">
<pin_list>
<pin id="272" dir="0" index="0" bw="6" slack="0"/>
<pin id="273" dir="1" index="1" bw="6" slack="0"/>
</pin_list>
<bind>
<opcode="load(27) " fcode="load"/>
<opset="y_load/1 "/>
</bind>
</comp>

<comp id="274" class="1004" name="add_ln35_fu_274">
<pin_list>
<pin id="275" dir="0" index="0" bw="6" slack="0"/>
<pin id="276" dir="0" index="1" bw="1" slack="0"/>
<pin id="277" dir="1" index="2" bw="6" slack="0"/>
</pin_list>
<bind>
<opcode="add(8) " fcode="add"/>
<opset="add_ln35/1 "/>
</bind>
</comp>

<comp id="280" class="1004" name="icmp_ln36_fu_280">
<pin_list>
<pin id="281" dir="0" index="0" bw="6" slack="0"/>
<pin id="282" dir="0" index="1" bw="6" slack="0"/>
<pin id="283" dir="1" index="2" bw="1" slack="0"/>
</pin_list>
<bind>
<opcode="icmp(45) " fcode="icmp"/>
<opset="icmp_ln36/1 "/>
</bind>
</comp>

<comp id="286" class="1004" name="select_ln35_fu_286">
<pin_list>
<pin id="287" dir="0" index="0" bw="1" slack="0"/>
<pin id="288" dir="0" index="1" bw="1" slack="0"/>
<pin id="289" dir="0" index="2" bw="6" slack="0"/>
<pin id="290" dir="1" index="3" bw="6" slack="1"/>
</pin_list>
<bind>
<opcode="select(49) " fcode="select"/>
<opset="select_ln35/1 "/>
</bind>
</comp>

<comp id="294" class="1004" name="select_ln35_1_fu_294">
<pin_list>
<pin id="295" dir="0" index="0" bw="1" slack="0"/>
<pin id="296" dir="0" index="1" bw="6" slack="0"/>
<pin id="297" dir="0" index="2" bw="6" slack="0"/>
<pin id="298" dir="1" index="3" bw="6" slack="0"/>
</pin_list>
<bind>
<opcode="select(49) " fcode="select"/>
<opset="select_ln35_1/1 "/>
</bind>
</comp>

<comp id="302" class="1004" name="trunc_ln45_fu_302">
<pin_list>
<pin id="303" dir="0" index="0" bw="6" slack="0"/>
<pin id="304" dir="1" index="1" bw="5" slack="3"/>
</pin_list>
<bind>
<opcode="trunc(33) " fcode="trunc"/>
<opset="trunc_ln45/1 "/>
</bind>
</comp>

<comp id="306" class="1004" name="store_ln35_store_fu_306">
<pin_list>
<pin id="307" dir="0" index="0" bw="11" slack="0"/>
<pin id="308" dir="0" index="1" bw="11" slack="0"/>
<pin id="309" dir="1" index="2" bw="0" slack="2147483647"/>
</pin_list>
<bind>
<opcode="store(28) " fcode="store"/>
<opset="store_ln35/1 "/>
</bind>
</comp>

<comp id="311" class="1004" name="store_ln35_store_fu_311">
<pin_list>
<pin id="312" dir="0" index="0" bw="6" slack="0"/>
<pin id="313" dir="0" index="1" bw="6" slack="0"/>
<pin id="314" dir="1" index="2" bw="0" slack="2147483647"/>
</pin_list>
<bind>
<opcode="store(28) " fcode="store"/>
<opset="store_ln35/1 "/>
</bind>
</comp>

<comp id="316" class="1004" name="zext_ln35_fu_316">
<pin_list>
<pin id="317" dir="0" index="0" bw="6" slack="1"/>
<pin id="318" dir="1" index="1" bw="32" slack="0"/>
</pin_list>
<bind>
<opcode="zext(34) " fcode="zext"/>
<opset="zext_ln35/2 "/>
</bind>
</comp>

<comp id="319" class="1004" name="y_cast_fu_319">
<pin_list>
<pin id="320" dir="0" index="0" bw="6" slack="1"/>
<pin id="321" dir="1" index="1" bw="36" slack="0"/>
</pin_list>
<bind>
<opcode="zext(34) " fcode="zext"/>
<opset="y_cast/2 "/>
</bind>
</comp>

<comp id="323" class="1004" name="empty_27_fu_323">
<pin_list>
<pin id="324" dir="0" index="0" bw="6" slack="0"/>
<pin id="325" dir="0" index="1" bw="31" slack="1"/>
<pin id="326" dir="1" index="2" bw="32" slack="0"/>
</pin_list>
<bind>
<opcode="add(8) " fcode="add"/>
<opset="empty_27/2 "/>
</bind>
</comp>

<comp id="328" class="1004" name="cmp14_fu_328">
<pin_list>
<pin id="329" dir="0" index="0" bw="32" slack="0"/>
<pin id="330" dir="0" index="1" bw="31" slack="1"/>
<pin id="331" dir="1" index="2" bw="1" slack="0"/>
</pin_list>
<bind>
<opcode="icmp(45) " fcode="icmp"/>
<opset="cmp14/2 "/>
</bind>
</comp>

<comp id="333" class="1004" name="zext_ln36_fu_333">
<pin_list>
<pin id="334" dir="0" index="0" bw="6" slack="1"/>
<pin id="335" dir="1" index="1" bw="32" slack="0"/>
</pin_list>
<bind>
<opcode="zext(34) " fcode="zext"/>
<opset="zext_ln36/2 "/>
</bind>
</comp>

<comp id="336" class="1004" name="add_ln40_2_fu_336">
<pin_list>
<pin id="337" dir="0" index="0" bw="6" slack="0"/>
<pin id="338" dir="0" index="1" bw="31" slack="1"/>
<pin id="339" dir="1" index="2" bw="32" slack="0"/>
</pin_list>
<bind>
<opcode="add(8) " fcode="add"/>
<opset="add_ln40_2/2 "/>
</bind>
</comp>

<comp id="341" class="1004" name="icmp_ln42_fu_341">
<pin_list>
<pin id="342" dir="0" index="0" bw="32" slack="0"/>
<pin id="343" dir="0" index="1" bw="31" slack="1"/>
<pin id="344" dir="1" index="2" bw="1" slack="0"/>
</pin_list>
<bind>
<opcode="icmp(45) " fcode="icmp"/>
<opset="icmp_ln42/2 "/>
</bind>
</comp>

<comp id="346" class="1004" name="and_ln42_fu_346">
<pin_list>
<pin id="347" dir="0" index="0" bw="1" slack="0"/>
<pin id="348" dir="0" index="1" bw="1" slack="0"/>
<pin id="349" dir="1" index="2" bw="1" slack="3"/>
</pin_list>
<bind>
<opcode="and(23) " fcode="and"/>
<opset="and_ln42/2 "/>
</bind>
</comp>

<comp id="352" class="1004" name="add_ln36_fu_352">
<pin_list>
<pin id="353" dir="0" index="0" bw="6" slack="1"/>
<pin id="354" dir="0" index="1" bw="1" slack="0"/>
<pin id="355" dir="1" index="2" bw="6" slack="0"/>
</pin_list>
<bind>
<opcode="add(8) " fcode="add"/>
<opset="add_ln36/2 "/>
</bind>
</comp>

<comp id="357" class="1004" name="store_ln36_store_fu_357">
<pin_list>
<pin id="358" dir="0" index="0" bw="6" slack="0"/>
<pin id="359" dir="0" index="1" bw="6" slack="1"/>
<pin id="360" dir="1" index="2" bw="0" slack="2147483647"/>
</pin_list>
<bind>
<opcode="store(28) " fcode="store"/>
<opset="store_ln36/2 "/>
</bind>
</comp>

<comp id="362" class="1004" name="tmp_3_fu_362">
<pin_list>
<pin id="363" dir="0" index="0" bw="10" slack="0"/>
<pin id="364" dir="0" index="1" bw="5" slack="3"/>
<pin id="365" dir="0" index="2" bw="1" slack="0"/>
<pin id="366" dir="1" index="3" bw="10" slack="0"/>
</pin_list>
<bind>
<opcode="bitconcatenate(1004) " fcode="bitconcatenate"/>
<opset="tmp_3/4 "/>
</bind>
</comp>

<comp id="369" class="1004" name="zext_ln45_fu_369">
<pin_list>
<pin id="370" dir="0" index="0" bw="6" slack="3"/>
<pin id="371" dir="1" index="1" bw="10" slack="0"/>
</pin_list>
<bind>
<opcode="zext(34) " fcode="zext"/>
<opset="zext_ln45/4 "/>
</bind>
</comp>

<comp id="372" class="1004" name="add_ln45_fu_372">
<pin_list>
<pin id="373" dir="0" index="0" bw="10" slack="0"/>
<pin id="374" dir="0" index="1" bw="6" slack="0"/>
<pin id="375" dir="1" index="2" bw="10" slack="11"/>
</pin_list>
<bind>
<opcode="add(8) " fcode="add"/>
<opset="add_ln45/4 "/>
</bind>
</comp>

<comp id="378" class="1004" name="zext_ln36_1_fu_378">
<pin_list>
<pin id="379" dir="0" index="0" bw="6" slack="3"/>
<pin id="380" dir="1" index="1" bw="36" slack="0"/>
</pin_list>
<bind>
<opcode="zext(34) " fcode="zext"/>
<opset="zext_ln36_1/4 "/>
</bind>
</comp>

<comp id="381" class="1004" name="tmp_fu_381">
<pin_list>
<pin id="382" dir="0" index="0" bw="6" slack="0"/>
<pin id="383" dir="0" index="1" bw="36" slack="1"/>
<pin id="384" dir="1" index="2" bw="36" slack="0"/>
</pin_list>
<bind>
<opcode="add(8) " fcode="add"/>
<opset="tmp/4 "/>
</bind>
</comp>

<comp id="386" class="1004" name="tmp_cast_fu_386">
<pin_list>
<pin id="387" dir="0" index="0" bw="36" slack="0"/>
<pin id="388" dir="1" index="1" bw="38" slack="0"/>
</pin_list>
<bind>
<opcode="zext(34) " fcode="zext"/>
<opset="tmp_cast/4 "/>
</bind>
</comp>

<comp id="390" class="1004" name="p_shl1_fu_390">
<pin_list>
<pin id="391" dir="0" index="0" bw="38" slack="0"/>
<pin id="392" dir="0" index="1" bw="36" slack="0"/>
<pin id="393" dir="0" index="2" bw="1" slack="0"/>
<pin id="394" dir="1" index="3" bw="38" slack="0"/>
</pin_list>
<bind>
<opcode="bitconcatenate(1004) " fcode="bitconcatenate"/>
<opset="p_shl1/4 "/>
</bind>
</comp>

<comp id="398" class="1004" name="tmp1_fu_398">
<pin_list>
<pin id="399" dir="0" index="0" bw="38" slack="0"/>
<pin id="400" dir="0" index="1" bw="36" slack="0"/>
<pin id="401" dir="1" index="2" bw="38" slack="1"/>
</pin_list>
<bind>
<opcode="sub(10) " fcode="sub"/>
<opset="tmp1/4 "/>
</bind>
</comp>

<comp id="404" class="1004" name="tmp2_fu_404">
<pin_list>
<pin id="405" dir="0" index="0" bw="26" slack="3"/>
<pin id="406" dir="0" index="1" bw="57" slack="3"/>
<pin id="407" dir="1" index="2" bw="57" slack="0"/>
</pin_list>
<bind>
<opcode="add(8) " fcode="add"/>
<opset="tmp2/4 "/>
</bind>
</comp>

<comp id="408" class="1004" name="p_shl_fu_408">
<pin_list>
<pin id="409" dir="0" index="0" bw="64" slack="0"/>
<pin id="410" dir="0" index="1" bw="57" slack="0"/>
<pin id="411" dir="0" index="2" bw="1" slack="0"/>
<pin id="412" dir="1" index="3" bw="64" slack="0"/>
</pin_list>
<bind>
<opcode="bitconcatenate(1004) " fcode="bitconcatenate"/>
<opset="p_shl/4 "/>
</bind>
</comp>

<comp id="416" class="1004" name="tmp_1_fu_416">
<pin_list>
<pin id="417" dir="0" index="0" bw="62" slack="0"/>
<pin id="418" dir="0" index="1" bw="57" slack="0"/>
<pin id="419" dir="0" index="2" bw="1" slack="0"/>
<pin id="420" dir="1" index="3" bw="62" slack="0"/>
</pin_list>
<bind>
<opcode="bitconcatenate(1004) " fcode="bitconcatenate"/>
<opset="tmp_1/4 "/>
</bind>
</comp>

<comp id="424" class="1004" name="p_shl30_fu_424">
<pin_list>
<pin id="425" dir="0" index="0" bw="62" slack="0"/>
<pin id="426" dir="1" index="1" bw="64" slack="0"/>
</pin_list>
<bind>
<opcode="zext(34) " fcode="zext"/>
<opset="p_shl30/4 "/>
</bind>
</comp>

<comp id="428" class="1004" name="tmp3_fu_428">
<pin_list>
<pin id="429" dir="0" index="0" bw="64" slack="0"/>
<pin id="430" dir="0" index="1" bw="62" slack="0"/>
<pin id="431" dir="1" index="2" bw="64" slack="1"/>
</pin_list>
<bind>
<opcode="sub(10) " fcode="sub"/>
<opset="tmp3/4 "/>
</bind>
</comp>

<comp id="434" class="1004" name="tmp1_cast_fu_434">
<pin_list>
<pin id="435" dir="0" index="0" bw="38" slack="1"/>
<pin id="436" dir="1" index="1" bw="64" slack="0"/>
</pin_list>
<bind>
<opcode="zext(34) " fcode="zext"/>
<opset="tmp1_cast/5 "/>
</bind>
</comp>

<comp id="437" class="1004" name="add_ln40_fu_437">
<pin_list>
<pin id="438" dir="0" index="0" bw="38" slack="0"/>
<pin id="439" dir="0" index="1" bw="64" slack="4"/>
<pin id="440" dir="1" index="2" bw="64" slack="0"/>
</pin_list>
<bind>
<opcode="add(8) " fcode="add"/>
<opset="add_ln40/5 "/>
</bind>
</comp>

<comp id="442" class="1004" name="add_ln40_1_fu_442">
<pin_list>
<pin id="443" dir="0" index="0" bw="64" slack="0"/>
<pin id="444" dir="0" index="1" bw="64" slack="1"/>
<pin id="445" dir="1" index="2" bw="64" slack="0"/>
</pin_list>
<bind>
<opcode="add(8) " fcode="add"/>
<opset="add_ln40_1/5 "/>
</bind>
</comp>

<comp id="447" class="1004" name="gmem_addr_fu_447">
<pin_list>
<pin id="448" dir="0" index="0" bw="8" slack="0"/>
<pin id="449" dir="0" index="1" bw="64" slack="0"/>
<pin id="450" dir="1" index="2" bw="8" slack="1"/>
</pin_list>
<bind>
<opcode="getelementptr(29) " fcode="getelementptr"/>
<opset="gmem_addr/5 "/>
</bind>
</comp>

<comp id="453" class="1004" name="zext_ln45_1_fu_453">
<pin_list>
<pin id="454" dir="0" index="0" bw="10" slack="11"/>
<pin id="455" dir="1" index="1" bw="64" slack="0"/>
</pin_list>
<bind>
<opcode="zext(34) " fcode="zext"/>
<opset="zext_ln45_1/15 "/>
</bind>
</comp>

<comp id="459" class="1005" name="x_reg_459">
<pin_list>
<pin id="460" dir="0" index="0" bw="6" slack="0"/>
<pin id="461" dir="1" index="1" bw="6" slack="0"/>
</pin_list>
<bind>
<opset="x "/>
</bind>
</comp>

<comp id="466" class="1005" name="y_reg_466">
<pin_list>
<pin id="467" dir="0" index="0" bw="6" slack="0"/>
<pin id="468" dir="1" index="1" bw="6" slack="0"/>
</pin_list>
<bind>
<opset="y "/>
</bind>
</comp>

<comp id="473" class="1005" name="indvar_flatten_reg_473">
<pin_list>
<pin id="474" dir="0" index="0" bw="11" slack="0"/>
<pin id="475" dir="1" index="1" bw="11" slack="0"/>
</pin_list>
<bind>
<opset="indvar_flatten "/>
</bind>
</comp>

<comp id="480" class="1005" name="input_r_read_reg_480">
<pin_list>
<pin id="481" dir="0" index="0" bw="64" slack="4"/>
<pin id="482" dir="1" index="1" bw="64" slack="4"/>
</pin_list>
<bind>
<opset="input_r_read "/>
</bind>
</comp>

<comp id="485" class="1005" name="phi_mul_read_reg_485">
<pin_list>
<pin id="486" dir="0" index="0" bw="57" slack="3"/>
<pin id="487" dir="1" index="1" bw="57" slack="3"/>
</pin_list>
<bind>
<opset="phi_mul_read "/>
</bind>
</comp>

<comp id="490" class="1005" name="tx_cast_reg_490">
<pin_list>
<pin id="491" dir="0" index="0" bw="32" slack="1"/>
<pin id="492" dir="1" index="1" bw="32" slack="1"/>
</pin_list>
<bind>
<opset="tx_cast "/>
</bind>
</comp>

<comp id="495" class="1005" name="zext_ln32_cast_reg_495">
<pin_list>
<pin id="496" dir="0" index="0" bw="57" slack="3"/>
<pin id="497" dir="1" index="1" bw="57" slack="3"/>
</pin_list>
<bind>
<opset="zext_ln32_cast "/>
</bind>
</comp>

<comp id="500" class="1005" name="size_cast_reg_500">
<pin_list>
<pin id="501" dir="0" index="0" bw="32" slack="1"/>
<pin id="502" dir="1" index="1" bw="32" slack="1"/>
</pin_list>
<bind>
<opset="size_cast "/>
</bind>
</comp>

<comp id="506" class="1005" name="ty_cast_reg_506">
<pin_list>
<pin id="507" dir="0" index="0" bw="32" slack="1"/>
<pin id="508" dir="1" index="1" bw="32" slack="1"/>
</pin_list>
<bind>
<opset="ty_cast "/>
</bind>
</comp>

<comp id="511" class="1005" name="size_cast9_cast_reg_511">
<pin_list>
<pin id="512" dir="0" index="0" bw="36" slack="1"/>
<pin id="513" dir="1" index="1" bw="36" slack="1"/>
</pin_list>
<bind>
<opset="size_cast9_cast "/>
</bind>
</comp>

<comp id="516" class="1005" name="icmp_ln35_reg_516">
<pin_list>
<pin id="517" dir="0" index="0" bw="1" slack="1"/>
<pin id="518" dir="1" index="1" bw="1" slack="2147483647"/>
</pin_list>
<bind>
<opset="icmp_ln35 "/>
</bind>
</comp>

<comp id="520" class="1005" name="select_ln35_reg_520">
<pin_list>
<pin id="521" dir="0" index="0" bw="6" slack="1"/>
<pin id="522" dir="1" index="1" bw="6" slack="1"/>
</pin_list>
<bind>
<opset="select_ln35 "/>
</bind>
</comp>

<comp id="528" class="1005" name="select_ln35_1_reg_528">
<pin_list>
<pin id="529" dir="0" index="0" bw="6" slack="1"/>
<pin id="530" dir="1" index="1" bw="6" slack="1"/>
</pin_list>
<bind>
<opset="select_ln35_1 "/>
</bind>
</comp>

<comp id="534" class="1005" name="trunc_ln45_reg_534">
<pin_list>
<pin id="535" dir="0" index="0" bw="5" slack="3"/>
<pin id="536" dir="1" index="1" bw="5" slack="3"/>
</pin_list>
<bind>
<opset="trunc_ln45 "/>
</bind>
</comp>

<comp id="539" class="1005" name="y_cast_reg_539">
<pin_list>
<pin id="540" dir="0" index="0" bw="36" slack="1"/>
<pin id="541" dir="1" index="1" bw="36" slack="1"/>
</pin_list>
<bind>
<opset="y_cast "/>
</bind>
</comp>

<comp id="544" class="1005" name="and_ln42_reg_544">
<pin_list>
<pin id="545" dir="0" index="0" bw="1" slack="3"/>
<pin id="546" dir="1" index="1" bw="1" slack="2147483647"/>
</pin_list>
<bind>
<opset="and_ln42 "/>
</bind>
</comp>

<comp id="548" class="1005" name="empty_reg_548">
<pin_list>
<pin id="549" dir="0" index="0" bw="36" slack="1"/>
<pin id="550" dir="1" index="1" bw="36" slack="1"/>
</pin_list>
<bind>
<opset="empty "/>
</bind>
</comp>

<comp id="553" class="1005" name="add_ln45_reg_553">
<pin_list>
<pin id="554" dir="0" index="0" bw="10" slack="11"/>
<pin id="555" dir="1" index="1" bw="10" slack="11"/>
</pin_list>
<bind>
<opset="add_ln45 "/>
</bind>
</comp>

<comp id="558" class="1005" name="tmp1_reg_558">
<pin_list>
<pin id="559" dir="0" index="0" bw="38" slack="1"/>
<pin id="560" dir="1" index="1" bw="38" slack="1"/>
</pin_list>
<bind>
<opset="tmp1 "/>
</bind>
</comp>

<comp id="563" class="1005" name="tmp3_reg_563">
<pin_list>
<pin id="564" dir="0" index="0" bw="64" slack="1"/>
<pin id="565" dir="1" index="1" bw="64" slack="1"/>
</pin_list>
<bind>
<opset="tmp3 "/>
</bind>
</comp>

<comp id="568" class="1005" name="gmem_addr_reg_568">
<pin_list>
<pin id="569" dir="0" index="0" bw="8" slack="1"/>
<pin id="570" dir="1" index="1" bw="8" slack="1"/>
</pin_list>
<bind>
<opset="gmem_addr "/>
</bind>
</comp>

<comp id="574" class="1005" name="tile_in_1_addr_reg_574">
<pin_list>
<pin id="575" dir="0" index="0" bw="10" slack="1"/>
<pin id="576" dir="1" index="1" bw="10" slack="1"/>
</pin_list>
<bind>
<opset="tile_in_1_addr "/>
</bind>
</comp>

<comp id="579" class="1005" name="tile_in_2_addr_reg_579">
<pin_list>
<pin id="580" dir="0" index="0" bw="10" slack="2"/>
<pin id="581" dir="1" index="1" bw="10" slack="2"/>
</pin_list>
<bind>
<opset="tile_in_2_addr "/>
</bind>
</comp>

</comp_list>

<net_list>
<net id="107"><net_src comp="22" pin="0"/><net_sink comp="104" pin=0"/></net>

<net id="111"><net_src comp="22" pin="0"/><net_sink comp="108" pin=0"/></net>

<net id="115"><net_src comp="22" pin="0"/><net_sink comp="112" pin=0"/></net>

<net id="120"><net_src comp="24" pin="0"/><net_sink comp="116" pin=0"/></net>

<net id="121"><net_src comp="20" pin="0"/><net_sink comp="116" pin=1"/></net>

<net id="126"><net_src comp="26" pin="0"/><net_sink comp="122" pin=0"/></net>

<net id="127"><net_src comp="18" pin="0"/><net_sink comp="122" pin=1"/></net>

<net id="132"><net_src comp="28" pin="0"/><net_sink comp="128" pin=0"/></net>

<net id="133"><net_src comp="16" pin="0"/><net_sink comp="128" pin=1"/></net>

<net id="138"><net_src comp="30" pin="0"/><net_sink comp="134" pin=0"/></net>

<net id="139"><net_src comp="14" pin="0"/><net_sink comp="134" pin=1"/></net>

<net id="144"><net_src comp="24" pin="0"/><net_sink comp="140" pin=0"/></net>

<net id="145"><net_src comp="6" pin="0"/><net_sink comp="140" pin=1"/></net>

<net id="150"><net_src comp="24" pin="0"/><net_sink comp="146" pin=0"/></net>

<net id="151"><net_src comp="4" pin="0"/><net_sink comp="146" pin=1"/></net>

<net id="156"><net_src comp="24" pin="0"/><net_sink comp="152" pin=0"/></net>

<net id="157"><net_src comp="2" pin="0"/><net_sink comp="152" pin=1"/></net>

<net id="163"><net_src comp="86" pin="0"/><net_sink comp="158" pin=0"/></net>

<net id="164"><net_src comp="88" pin="0"/><net_sink comp="158" pin=2"/></net>

<net id="169"><net_src comp="90" pin="0"/><net_sink comp="165" pin=0"/></net>

<net id="175"><net_src comp="8" pin="0"/><net_sink comp="170" pin=0"/></net>

<net id="176"><net_src comp="100" pin="0"/><net_sink comp="170" pin=1"/></net>

<net id="182"><net_src comp="10" pin="0"/><net_sink comp="177" pin=0"/></net>

<net id="183"><net_src comp="100" pin="0"/><net_sink comp="177" pin=1"/></net>

<net id="189"><net_src comp="12" pin="0"/><net_sink comp="184" pin=0"/></net>

<net id="190"><net_src comp="100" pin="0"/><net_sink comp="184" pin=1"/></net>

<net id="196"><net_src comp="170" pin="3"/><net_sink comp="191" pin=0"/></net>

<net id="214"><net_src comp="165" pin="2"/><net_sink comp="211" pin=0"/></net>

<net id="215"><net_src comp="211" pin="1"/><net_sink comp="191" pin=1"/></net>

<net id="216"><net_src comp="211" pin="1"/><net_sink comp="197" pin=1"/></net>

<net id="217"><net_src comp="211" pin="1"/><net_sink comp="202" pin=1"/></net>

<net id="221"><net_src comp="116" pin="2"/><net_sink comp="218" pin=0"/></net>

<net id="225"><net_src comp="134" pin="2"/><net_sink comp="222" pin=0"/></net>

<net id="229"><net_src comp="140" pin="2"/><net_sink comp="226" pin=0"/></net>

<net id="233"><net_src comp="146" pin="2"/><net_sink comp="230" pin=0"/></net>

<net id="237"><net_src comp="152" pin="2"/><net_sink comp="234" pin=0"/></net>

<net id="242"><net_src comp="58" pin="0"/><net_sink comp="238" pin=0"/></net>

<net id="247"><net_src comp="60" pin="0"/><net_sink comp="243" pin=0"/></net>

<net id="252"><net_src comp="60" pin="0"/><net_sink comp="248" pin=0"/></net>

<net id="260"><net_src comp="253" pin="1"/><net_sink comp="256" pin=0"/></net>

<net id="261"><net_src comp="64" pin="0"/><net_sink comp="256" pin=1"/></net>

<net id="266"><net_src comp="253" pin="1"/><net_sink comp="262" pin=0"/></net>

<net id="267"><net_src comp="66" pin="0"/><net_sink comp="262" pin=1"/></net>

<net id="278"><net_src comp="271" pin="1"/><net_sink comp="274" pin=0"/></net>

<net id="279"><net_src comp="68" pin="0"/><net_sink comp="274" pin=1"/></net>

<net id="284"><net_src comp="268" pin="1"/><net_sink comp="280" pin=0"/></net>

<net id="285"><net_src comp="70" pin="0"/><net_sink comp="280" pin=1"/></net>

<net id="291"><net_src comp="280" pin="2"/><net_sink comp="286" pin=0"/></net>

<net id="292"><net_src comp="60" pin="0"/><net_sink comp="286" pin=1"/></net>

<net id="293"><net_src comp="268" pin="1"/><net_sink comp="286" pin=2"/></net>

<net id="299"><net_src comp="280" pin="2"/><net_sink comp="294" pin=0"/></net>

<net id="300"><net_src comp="274" pin="2"/><net_sink comp="294" pin=1"/></net>

<net id="301"><net_src comp="271" pin="1"/><net_sink comp="294" pin=2"/></net>

<net id="305"><net_src comp="294" pin="3"/><net_sink comp="302" pin=0"/></net>

<net id="310"><net_src comp="262" pin="2"/><net_sink comp="306" pin=0"/></net>

<net id="315"><net_src comp="294" pin="3"/><net_sink comp="311" pin=0"/></net>

<net id="322"><net_src comp="319" pin="1"/><net_sink comp="207" pin=0"/></net>

<net id="327"><net_src comp="316" pin="1"/><net_sink comp="323" pin=0"/></net>

<net id="332"><net_src comp="323" pin="2"/><net_sink comp="328" pin=0"/></net>

<net id="340"><net_src comp="333" pin="1"/><net_sink comp="336" pin=0"/></net>

<net id="345"><net_src comp="336" pin="2"/><net_sink comp="341" pin=0"/></net>

<net id="350"><net_src comp="328" pin="2"/><net_sink comp="346" pin=0"/></net>

<net id="351"><net_src comp="341" pin="2"/><net_sink comp="346" pin=1"/></net>

<net id="356"><net_src comp="68" pin="0"/><net_sink comp="352" pin=1"/></net>

<net id="361"><net_src comp="352" pin="2"/><net_sink comp="357" pin=0"/></net>

<net id="367"><net_src comp="72" pin="0"/><net_sink comp="362" pin=0"/></net>

<net id="368"><net_src comp="74" pin="0"/><net_sink comp="362" pin=2"/></net>

<net id="376"><net_src comp="362" pin="3"/><net_sink comp="372" pin=0"/></net>

<net id="377"><net_src comp="369" pin="1"/><net_sink comp="372" pin=1"/></net>

<net id="385"><net_src comp="378" pin="1"/><net_sink comp="381" pin=0"/></net>

<net id="389"><net_src comp="381" pin="2"/><net_sink comp="386" pin=0"/></net>

<net id="395"><net_src comp="76" pin="0"/><net_sink comp="390" pin=0"/></net>

<net id="396"><net_src comp="381" pin="2"/><net_sink comp="390" pin=1"/></net>

<net id="397"><net_src comp="78" pin="0"/><net_sink comp="390" pin=2"/></net>

<net id="402"><net_src comp="390" pin="3"/><net_sink comp="398" pin=0"/></net>

<net id="403"><net_src comp="386" pin="1"/><net_sink comp="398" pin=1"/></net>

<net id="413"><net_src comp="80" pin="0"/><net_sink comp="408" pin=0"/></net>

<net id="414"><net_src comp="404" pin="2"/><net_sink comp="408" pin=1"/></net>

<net id="415"><net_src comp="82" pin="0"/><net_sink comp="408" pin=2"/></net>

<net id="421"><net_src comp="84" pin="0"/><net_sink comp="416" pin=0"/></net>

<net id="422"><net_src comp="404" pin="2"/><net_sink comp="416" pin=1"/></net>

<net id="423"><net_src comp="74" pin="0"/><net_sink comp="416" pin=2"/></net>

<net id="427"><net_src comp="416" pin="3"/><net_sink comp="424" pin=0"/></net>

<net id="432"><net_src comp="408" pin="3"/><net_sink comp="428" pin=0"/></net>

<net id="433"><net_src comp="424" pin="1"/><net_sink comp="428" pin=1"/></net>

<net id="441"><net_src comp="434" pin="1"/><net_sink comp="437" pin=0"/></net>

<net id="446"><net_src comp="437" pin="2"/><net_sink comp="442" pin=0"/></net>

<net id="451"><net_src comp="0" pin="0"/><net_sink comp="447" pin=0"/></net>

<net id="452"><net_src comp="442" pin="2"/><net_sink comp="447" pin=1"/></net>

<net id="456"><net_src comp="453" pin="1"/><net_sink comp="170" pin=2"/></net>

<net id="457"><net_src comp="453" pin="1"/><net_sink comp="177" pin=2"/></net>

<net id="458"><net_src comp="453" pin="1"/><net_sink comp="184" pin=2"/></net>

<net id="462"><net_src comp="104" pin="1"/><net_sink comp="459" pin=0"/></net>

<net id="463"><net_src comp="459" pin="1"/><net_sink comp="248" pin=1"/></net>

<net id="464"><net_src comp="459" pin="1"/><net_sink comp="268" pin=0"/></net>

<net id="465"><net_src comp="459" pin="1"/><net_sink comp="357" pin=1"/></net>

<net id="469"><net_src comp="108" pin="1"/><net_sink comp="466" pin=0"/></net>

<net id="470"><net_src comp="466" pin="1"/><net_sink comp="243" pin=1"/></net>

<net id="471"><net_src comp="466" pin="1"/><net_sink comp="271" pin=0"/></net>

<net id="472"><net_src comp="466" pin="1"/><net_sink comp="311" pin=1"/></net>

<net id="476"><net_src comp="112" pin="1"/><net_sink comp="473" pin=0"/></net>

<net id="477"><net_src comp="473" pin="1"/><net_sink comp="238" pin=1"/></net>

<net id="478"><net_src comp="473" pin="1"/><net_sink comp="253" pin=0"/></net>

<net id="479"><net_src comp="473" pin="1"/><net_sink comp="306" pin=1"/></net>

<net id="483"><net_src comp="122" pin="2"/><net_sink comp="480" pin=0"/></net>

<net id="484"><net_src comp="480" pin="1"/><net_sink comp="437" pin=1"/></net>

<net id="488"><net_src comp="128" pin="2"/><net_sink comp="485" pin=0"/></net>

<net id="489"><net_src comp="485" pin="1"/><net_sink comp="404" pin=1"/></net>

<net id="493"><net_src comp="218" pin="1"/><net_sink comp="490" pin=0"/></net>

<net id="494"><net_src comp="490" pin="1"/><net_sink comp="336" pin=1"/></net>

<net id="498"><net_src comp="222" pin="1"/><net_sink comp="495" pin=0"/></net>

<net id="499"><net_src comp="495" pin="1"/><net_sink comp="404" pin=0"/></net>

<net id="503"><net_src comp="226" pin="1"/><net_sink comp="500" pin=0"/></net>

<net id="504"><net_src comp="500" pin="1"/><net_sink comp="328" pin=1"/></net>

<net id="505"><net_src comp="500" pin="1"/><net_sink comp="341" pin=1"/></net>

<net id="509"><net_src comp="230" pin="1"/><net_sink comp="506" pin=0"/></net>

<net id="510"><net_src comp="506" pin="1"/><net_sink comp="323" pin=1"/></net>

<net id="514"><net_src comp="234" pin="1"/><net_sink comp="511" pin=0"/></net>

<net id="515"><net_src comp="511" pin="1"/><net_sink comp="207" pin=1"/></net>

<net id="519"><net_src comp="256" pin="2"/><net_sink comp="516" pin=0"/></net>

<net id="523"><net_src comp="286" pin="3"/><net_sink comp="520" pin=0"/></net>

<net id="524"><net_src comp="520" pin="1"/><net_sink comp="333" pin=0"/></net>

<net id="525"><net_src comp="520" pin="1"/><net_sink comp="352" pin=0"/></net>

<net id="526"><net_src comp="520" pin="1"/><net_sink comp="369" pin=0"/></net>

<net id="527"><net_src comp="520" pin="1"/><net_sink comp="378" pin=0"/></net>

<net id="531"><net_src comp="294" pin="3"/><net_sink comp="528" pin=0"/></net>

<net id="532"><net_src comp="528" pin="1"/><net_sink comp="316" pin=0"/></net>

<net id="533"><net_src comp="528" pin="1"/><net_sink comp="319" pin=0"/></net>

<net id="537"><net_src comp="302" pin="1"/><net_sink comp="534" pin=0"/></net>

<net id="538"><net_src comp="534" pin="1"/><net_sink comp="362" pin=1"/></net>

<net id="542"><net_src comp="319" pin="1"/><net_sink comp="539" pin=0"/></net>

<net id="543"><net_src comp="539" pin="1"/><net_sink comp="207" pin=0"/></net>

<net id="547"><net_src comp="346" pin="2"/><net_sink comp="544" pin=0"/></net>

<net id="551"><net_src comp="207" pin="2"/><net_sink comp="548" pin=0"/></net>

<net id="552"><net_src comp="548" pin="1"/><net_sink comp="381" pin=1"/></net>

<net id="556"><net_src comp="372" pin="2"/><net_sink comp="553" pin=0"/></net>

<net id="557"><net_src comp="553" pin="1"/><net_sink comp="453" pin=0"/></net>

<net id="561"><net_src comp="398" pin="2"/><net_sink comp="558" pin=0"/></net>

<net id="562"><net_src comp="558" pin="1"/><net_sink comp="434" pin=0"/></net>

<net id="566"><net_src comp="428" pin="2"/><net_sink comp="563" pin=0"/></net>

<net id="567"><net_src comp="563" pin="1"/><net_sink comp="442" pin=1"/></net>

<net id="571"><net_src comp="447" pin="2"/><net_sink comp="568" pin=0"/></net>

<net id="572"><net_src comp="568" pin="1"/><net_sink comp="158" pin=1"/></net>

<net id="573"><net_src comp="568" pin="1"/><net_sink comp="165" pin=1"/></net>

<net id="577"><net_src comp="177" pin="3"/><net_sink comp="574" pin=0"/></net>

<net id="578"><net_src comp="574" pin="1"/><net_sink comp="197" pin=0"/></net>

<net id="582"><net_src comp="184" pin="3"/><net_sink comp="579" pin=0"/></net>

<net id="583"><net_src comp="579" pin="1"/><net_sink comp="202" pin=0"/></net>

</net_list>

</model> 
---------------- Datapath Model END ------------------

* FSMD analyzer results:
  - Output states:
	Port: tile_in | {15 }
	Port: tile_in_1 | {16 }
	Port: tile_in_2 | {17 }
 - Input state : 
	Port: cnn_accel_Pipeline_VITIS_LOOP_35_3_VITIS_LOOP_36_4 : gmem | {6 7 8 9 10 11 12 13 14 15 16 }
	Port: cnn_accel_Pipeline_VITIS_LOOP_35_3_VITIS_LOOP_36_4 : size_cast9 | {1 }
	Port: cnn_accel_Pipeline_VITIS_LOOP_35_3_VITIS_LOOP_36_4 : ty | {1 }
	Port: cnn_accel_Pipeline_VITIS_LOOP_35_3_VITIS_LOOP_36_4 : size | {1 }
	Port: cnn_accel_Pipeline_VITIS_LOOP_35_3_VITIS_LOOP_36_4 : zext_ln32 | {1 }
	Port: cnn_accel_Pipeline_VITIS_LOOP_35_3_VITIS_LOOP_36_4 : phi_mul | {1 }
	Port: cnn_accel_Pipeline_VITIS_LOOP_35_3_VITIS_LOOP_36_4 : input_r | {1 }
	Port: cnn_accel_Pipeline_VITIS_LOOP_35_3_VITIS_LOOP_36_4 : tx | {1 }
  - Chain level:
	State 1
		store_ln0 : 1
		store_ln35 : 1
		store_ln36 : 1
		indvar_flatten_load : 1
		icmp_ln35 : 2
		add_ln35_1 : 2
		br_ln35 : 3
		x_load : 1
		y_load : 1
		add_ln35 : 2
		icmp_ln36 : 2
		select_ln35 : 3
		select_ln35_1 : 3
		trunc_ln45 : 4
		store_ln35 : 3
		store_ln35 : 4
	State 2
		empty : 1
		empty_27 : 1
		cmp14 : 2
		add_ln40_2 : 1
		icmp_ln42 : 2
		and_ln42 : 3
		br_ln42 : 3
		store_ln36 : 1
	State 3
	State 4
		add_ln45 : 1
		tmp : 1
		tmp_cast : 2
		p_shl1 : 2
		tmp1 : 3
		p_shl : 1
		tmp_1 : 1
		p_shl30 : 2
		tmp3 : 3
	State 5
		add_ln40 : 1
		add_ln40_1 : 2
		gmem_addr : 3
	State 6
	State 7
	State 8
	State 9
	State 10
	State 11
	State 12
	State 13
	State 14
	State 15
		tile_in_addr : 1
		tile_in_1_addr : 1
		tile_in_2_addr : 1
		store_ln45 : 2
	State 16
	State 17


============================================================
+ Verbose Summary: Datapath Resource usage 
============================================================

* Functional unit list:
|----------|-----------------------------|---------|---------|---------|
| Operation|       Functional Unit       |   DSP   |    FF   |   LUT   |
|----------|-----------------------------|---------|---------|---------|
|          |      add_ln35_1_fu_262      |    0    |    0    |    18   |
|          |       add_ln35_fu_274       |    0    |    0    |    14   |
|          |       empty_27_fu_323       |    0    |    0    |    38   |
|          |      add_ln40_2_fu_336      |    0    |    0    |    38   |
|    add   |       add_ln36_fu_352       |    0    |    0    |    14   |
|          |       add_ln45_fu_372       |    0    |    0    |    17   |
|          |          tmp_fu_381         |    0    |    0    |    43   |
|          |         tmp2_fu_404         |    0    |    0    |    64   |
|          |       add_ln40_fu_437       |    0    |    0    |    64   |
|          |      add_ln40_1_fu_442      |    0    |    0    |    64   |
|----------|-----------------------------|---------|---------|---------|
|    mul   |          grp_fu_207         |    2    |   141   |    48   |
|----------|-----------------------------|---------|---------|---------|
|    sub   |         tmp1_fu_398         |    0    |    0    |    45   |
|          |         tmp3_fu_428         |    0    |    0    |    71   |
|----------|-----------------------------|---------|---------|---------|
|          |       icmp_ln35_fu_256      |    0    |    0    |    18   |
|   icmp   |       icmp_ln36_fu_280      |    0    |    0    |    14   |
|          |         cmp14_fu_328        |    0    |    0    |    39   |
|          |       icmp_ln42_fu_341      |    0    |    0    |    39   |
|----------|-----------------------------|---------|---------|---------|
|  select  |      select_ln35_fu_286     |    0    |    0    |    6    |
|          |     select_ln35_1_fu_294    |    0    |    0    |    6    |
|----------|-----------------------------|---------|---------|---------|
|    and   |       and_ln42_fu_346       |    0    |    0    |    2    |
|----------|-----------------------------|---------|---------|---------|
|          |     tx_read_read_fu_116     |    0    |    0    |    0    |
|          |   input_r_read_read_fu_122  |    0    |    0    |    0    |
|          |   phi_mul_read_read_fu_128  |    0    |    0    |    0    |
|   read   |  zext_ln32_read_read_fu_134 |    0    |    0    |    0    |
|          |    size_read_read_fu_140    |    0    |    0    |    0    |
|          |     ty_read_read_fu_146     |    0    |    0    |    0    |
|          | size_cast9_read_read_fu_152 |    0    |    0    |    0    |
|          |       grp_read_fu_165       |    0    |    0    |    0    |
|----------|-----------------------------|---------|---------|---------|
|  readreq |      grp_readreq_fu_158     |    0    |    0    |    0    |
|----------|-----------------------------|---------|---------|---------|
|          |        tx_cast_fu_218       |    0    |    0    |    0    |
|          |    zext_ln32_cast_fu_222    |    0    |    0    |    0    |
|          |       size_cast_fu_226      |    0    |    0    |    0    |
|          |        ty_cast_fu_230       |    0    |    0    |    0    |
|          |    size_cast9_cast_fu_234   |    0    |    0    |    0    |
|          |       zext_ln35_fu_316      |    0    |    0    |    0    |
|   zext   |        y_cast_fu_319        |    0    |    0    |    0    |
|          |       zext_ln36_fu_333      |    0    |    0    |    0    |
|          |       zext_ln45_fu_369      |    0    |    0    |    0    |
|          |      zext_ln36_1_fu_378     |    0    |    0    |    0    |
|          |       tmp_cast_fu_386       |    0    |    0    |    0    |
|          |        p_shl30_fu_424       |    0    |    0    |    0    |
|          |       tmp1_cast_fu_434      |    0    |    0    |    0    |
|          |      zext_ln45_1_fu_453     |    0    |    0    |    0    |
|----------|-----------------------------|---------|---------|---------|
|   trunc  |      trunc_ln45_fu_302      |    0    |    0    |    0    |
|----------|-----------------------------|---------|---------|---------|
|          |         tmp_3_fu_362        |    0    |    0    |    0    |
|bitconcatenate|        p_shl1_fu_390        |    0    |    0    |    0    |
|          |         p_shl_fu_408        |    0    |    0    |    0    |
|          |         tmp_1_fu_416        |    0    |    0    |    0    |
|----------|-----------------------------|---------|---------|---------|
|   Total  |                             |    2    |   141   |   662   |
|----------|-----------------------------|---------|---------|---------|

Memories:
N/A

* Register list:
+-----------------------+--------+
|                       |   FF   |
+-----------------------+--------+
|    add_ln45_reg_553   |   10   |
|    and_ln42_reg_544   |    1   |
|     empty_reg_548     |   36   |
|   gmem_addr_reg_568   |    8   |
|   icmp_ln35_reg_516   |    1   |
| indvar_flatten_reg_473|   11   |
|  input_r_read_reg_480 |   64   |
|  phi_mul_read_reg_485 |   57   |
|        reg_211        |    8   |
| select_ln35_1_reg_528 |    6   |
|  select_ln35_reg_520  |    6   |
|size_cast9_cast_reg_511|   36   |
|   size_cast_reg_500   |   32   |
| tile_in_1_addr_reg_574|   10   |
| tile_in_2_addr_reg_579|   10   |
|      tmp1_reg_558     |   38   |
|      tmp3_reg_563     |   64   |
|   trunc_ln45_reg_534  |    5   |
|    tx_cast_reg_490    |   32   |
|    ty_cast_reg_506    |   32   |
|       x_reg_459       |    6   |
|     y_cast_reg_539    |   36   |
|       y_reg_466       |    6   |
| zext_ln32_cast_reg_495|   57   |
+-----------------------+--------+
|         Total         |   572  |
+-----------------------+--------+

* Multiplexer (MUX) list: 
|------------|------|------|------|--------||---------||---------||---------|
|    Comp    |  Pin | Size |  BW  | S x BW ||  Delay  ||    FF   ||   LUT   |
|------------|------|------|------|--------||---------||---------||---------|
| grp_fu_207 |  p0  |   2  |   6  |   12   ||    0    ||    9    |
|------------|------|------|------|--------||---------||---------||---------|
|    Total   |      |      |      |   12   ||   1.61  ||    0    ||    9    |
|------------|------|------|------|--------||---------||---------||---------|



* Summary:
+-----------+--------+--------+--------+--------+
|           |   DSP  |  Delay |   FF   |   LUT  |
+-----------+--------+--------+--------+--------+
|  Function |    2   |    -   |   141  |   662  |
|   Memory  |    -   |    -   |    -   |    -   |
|Multiplexer|    -   |    1   |    0   |    9   |
|  Register |    -   |    -   |   572  |    -   |
+-----------+--------+--------+--------+--------+
|   Total   |    2   |    1   |   713  |   671  |
+-----------+--------+--------+--------+--------+
