

================================================================
== Vitis HLS Report for 'cnn_accel_Pipeline_VITIS_LOOP_35_3_VITIS_LOOP_36_4'
================================================================
* Date:           Wed Apr 22 10:44:28 2026

* Version:        2024.2 (Build 5238294 on Nov  8 2024)
* Project:        cnn_accel
* Solution:       solution1 (Vivado IP Flow Target)
* Product family: artix7
* Target device:  xc7a200t-sbg484-1


================================================================
== Performance Estimates
================================================================
+ Timing: 
    * Summary: 
    +--------+----------+----------+------------+
    |  Clock |  Target  | Estimated| Uncertainty|
    +--------+----------+----------+------------+
    |ap_clk  |  10.00 ns|  7.300 ns|     2.70 ns|
    +--------+----------+----------+------------+

+ Latency: 
    * Summary: 
    +---------+---------+-----------+-----------+------+------+------------------------------------------------+
    |  Latency (cycles) |   Latency (absolute)  |   Interval  |                    Pipeline                    |
    |   min   |   max   |    min    |    max    |  min |  max |                      Type                      |
    +---------+---------+-----------+-----------+------+------+------------------------------------------------+
    |     3087|     3087|  30.870 us|  30.870 us|  3075|  3075|  loop auto-rewind stp (delay=0 clock cycles(s))|
    +---------+---------+-----------+-----------+------+------+------------------------------------------------+

    + Detail: 
        * Instance: 
        N/A

        * Loop: 
        +-----------------------------------+---------+---------+----------+-----------+-----------+------+----------+
        |                                   |  Latency (cycles) | Iteration|  Initiation Interval  | Trip |          |
        |             Loop Name             |   min   |   max   |  Latency |  achieved |   target  | Count| Pipelined|
        +-----------------------------------+---------+---------+----------+-----------+-----------+------+----------+
        |- VITIS_LOOP_35_3_VITIS_LOOP_36_4  |     3085|     3085|        17|          3|          1|  1024|       yes|
        +-----------------------------------+---------+---------+----------+-----------+-----------+------+----------+

============================================================
+ Verbose Summary: Synthesis Manager
============================================================
InlineROM: 1
ExposeGlobal: 0
============================================================
+ Verbose Summary: CDFG Model
============================================================
IsTopModel: 0
ResetActiveHigh: 1
IsCombinational: 0
IsDatapathOnly: 0
HasWiredReturn: 1
HasMFsm: 2
HasVarLatency: 1
IsPipeline: 0
IsRtlPipelined: 0
IsInstanceOverlapped: 0
IsDontTouch: 0
HasImplIP: 0
IsGatedGlobalClock: 0

+ Individual pipeline summary: 
  * Pipeline-0: initiation interval (II) = 3, depth = 17


============================================================
+ Verbose Summary: Schedule
============================================================
* Number of FSM states : 17
* Pipeline : 1
  Pipeline-0 : II = 3, D = 17, States = { 1 2 3 4 5 6 7 8 9 10 11 12 13 14 15 16 17 }
* Dataflow Pipeline: 0

* FSM state transitions: 
1 --> 2 
2 --> 3 
3 --> 4 
4 --> 5 
5 --> 6 
6 --> 7 
7 --> 8 
8 --> 9 
9 --> 10 
10 --> 11 
11 --> 12 
12 --> 13 
13 --> 14 
14 --> 15 
15 --> 16 
16 --> 17 
17 --> 

* FSM state operations: 

State 1 <SV = 0> <Delay = 5.83>
ST_1 : Operation 20 [1/1] (0.00ns)   --->   "%x = alloca i32 1" [cnn_accel.cpp:36]   --->   Operation 20 'alloca' 'x' <Predicate = true> <Delay = 0.00>
ST_1 : Operation 21 [1/1] (0.00ns)   --->   "%y = alloca i32 1" [cnn_accel.cpp:35]   --->   Operation 21 'alloca' 'y' <Predicate = true> <Delay = 0.00>
ST_1 : Operation 22 [1/1] (0.00ns)   --->   "%indvar_flatten = alloca i32 1"   --->   Operation 22 'alloca' 'indvar_flatten' <Predicate = true> <Delay = 0.00>
ST_1 : Operation 23 [1/1] (0.00ns)   --->   "%tx_read = read i31 @_ssdm_op_Read.ap_auto.i31, i31 %tx"   --->   Operation 23 'read' 'tx_read' <Predicate = true> <Delay = 0.00>
ST_1 : Operation 24 [1/1] (0.00ns)   --->   "%input_r_read = read i64 @_ssdm_op_Read.ap_auto.i64, i64 %input_r"   --->   Operation 24 'read' 'input_r_read' <Predicate = true> <Delay = 0.00>
ST_1 : Operation 25 [1/1] (0.00ns)   --->   "%phi_mul_read = read i57 @_ssdm_op_Read.ap_auto.i57, i57 %phi_mul"   --->   Operation 25 'read' 'phi_mul_read' <Predicate = true> <Delay = 0.00>
ST_1 : Operation 26 [1/1] (0.00ns)   --->   "%zext_ln32_read = read i26 @_ssdm_op_Read.ap_auto.i26, i26 %zext_ln32"   --->   Operation 26 'read' 'zext_ln32_read' <Predicate = true> <Delay = 0.00>
ST_1 : Operation 27 [1/1] (0.00ns)   --->   "%size_read = read i31 @_ssdm_op_Read.ap_auto.i31, i31 %size"   --->   Operation 27 'read' 'size_read' <Predicate = true> <Delay = 0.00>
ST_1 : Operation 28 [1/1] (0.00ns)   --->   "%ty_read = read i31 @_ssdm_op_Read.ap_auto.i31, i31 %ty"   --->   Operation 28 'read' 'ty_read' <Predicate = true> <Delay = 0.00>
ST_1 : Operation 29 [1/1] (0.00ns)   --->   "%size_cast9_read = read i31 @_ssdm_op_Read.ap_auto.i31, i31 %size_cast9"   --->   Operation 29 'read' 'size_cast9_read' <Predicate = true> <Delay = 0.00>
ST_1 : Operation 30 [1/1] (0.00ns)   --->   "%tx_cast = zext i31 %tx_read"   --->   Operation 30 'zext' 'tx_cast' <Predicate = true> <Delay = 0.00>
ST_1 : Operation 31 [1/1] (0.00ns)   --->   "%zext_ln32_cast = zext i26 %zext_ln32_read"   --->   Operation 31 'zext' 'zext_ln32_cast' <Predicate = true> <Delay = 0.00>
ST_1 : Operation 32 [1/1] (0.00ns)   --->   "%size_cast = zext i31 %size_read"   --->   Operation 32 'zext' 'size_cast' <Predicate = true> <Delay = 0.00>
ST_1 : Operation 33 [1/1] (0.00ns)   --->   "%ty_cast = zext i31 %ty_read"   --->   Operation 33 'zext' 'ty_cast' <Predicate = true> <Delay = 0.00>
ST_1 : Operation 34 [1/1] (0.00ns)   --->   "%size_cast9_cast = zext i31 %size_cast9_read"   --->   Operation 34 'zext' 'size_cast9_cast' <Predicate = true> <Delay = 0.00>
ST_1 : Operation 35 [1/1] (0.00ns)   --->   "%specmemcore_ln0 = specmemcore void @_ssdm_op_SpecMemCore, i8 %tile_in, i64 666, i64 30, i64 18446744073709551615"   --->   Operation 35 'specmemcore' 'specmemcore_ln0' <Predicate = true> <Delay = 0.00>
ST_1 : Operation 36 [1/1] (0.00ns)   --->   "%specmemcore_ln0 = specmemcore void @_ssdm_op_SpecMemCore, i8 %tile_in_1, i64 666, i64 30, i64 18446744073709551615"   --->   Operation 36 'specmemcore' 'specmemcore_ln0' <Predicate = true> <Delay = 0.00>
ST_1 : Operation 37 [1/1] (0.00ns)   --->   "%specmemcore_ln0 = specmemcore void @_ssdm_op_SpecMemCore, i8 %tile_in_2, i64 666, i64 30, i64 18446744073709551615"   --->   Operation 37 'specmemcore' 'specmemcore_ln0' <Predicate = true> <Delay = 0.00>
ST_1 : Operation 38 [1/1] (0.00ns)   --->   "%specinterface_ln0 = specinterface void @_ssdm_op_SpecInterface, i8 %gmem, void @empty_0, i32 0, i32 0, void @empty_1, i32 0, i32 2768896, void @empty_2, void @empty_3, void @empty_1, i32 16, i32 16, i32 16, i32 16, void @empty_1, void @empty_1, i32 4294967295, i32 0, i32 0"   --->   Operation 38 'specinterface' 'specinterface_ln0' <Predicate = true> <Delay = 0.00>
ST_1 : Operation 39 [1/1] (1.61ns)   --->   "%store_ln0 = store i11 0, i11 %indvar_flatten"   --->   Operation 39 'store' 'store_ln0' <Predicate = true> <Delay = 1.61>
ST_1 : Operation 40 [1/1] (1.61ns)   --->   "%store_ln35 = store i6 0, i6 %y" [cnn_accel.cpp:35]   --->   Operation 40 'store' 'store_ln35' <Predicate = true> <Delay = 1.61>
ST_1 : Operation 41 [1/1] (1.61ns)   --->   "%store_ln36 = store i6 0, i6 %x" [cnn_accel.cpp:36]   --->   Operation 41 'store' 'store_ln36' <Predicate = true> <Delay = 1.61>
ST_1 : Operation 42 [1/1] (0.00ns)   --->   "%br_ln0 = br void %for.body12"   --->   Operation 42 'br' 'br_ln0' <Predicate = true> <Delay = 0.00>
ST_1 : Operation 43 [1/1] (0.00ns)   --->   "%indvar_flatten_load = load i11 %indvar_flatten" [cnn_accel.cpp:35]   --->   Operation 43 'load' 'indvar_flatten_load' <Predicate = true> <Delay = 0.00>
ST_1 : Operation 44 [1/1] (0.00ns)   --->   "%specbitsmap_ln0 = specbitsmap void @_ssdm_op_SpecBitsMap, i8 %gmem"   --->   Operation 44 'specbitsmap' 'specbitsmap_ln0' <Predicate = true> <Delay = 0.00>
ST_1 : Operation 45 [1/1] (2.12ns)   --->   "%icmp_ln35 = icmp_eq  i11 %indvar_flatten_load, i11 1024" [cnn_accel.cpp:35]   --->   Operation 45 'icmp' 'icmp_ln35' <Predicate = true> <Delay = 2.12> <CoreInst = "Cmp">   --->   Core 9 'Cmp' <Latency = 0> <II = 1> <Delay = 2.12> <FuncUnit> <Opcode : 'seteq' 'setne' 'setle' 'setge' 'setlt' 'setgt'> <InPorts = 2> <OutPorts = 1>
ST_1 : Operation 46 [1/1] (2.12ns)   --->   "%add_ln35_1 = add i11 %indvar_flatten_load, i11 1" [cnn_accel.cpp:35]   --->   Operation 46 'add' 'add_ln35_1' <Predicate = true> <Delay = 2.12> <CoreInst = "Adder">   --->   Core 1 'Adder' <Latency = 0> <II = 1> <Delay = 2.12> <FuncUnit> <Opcode : 'add' 'sub'> <InPorts = 2> <OutPorts = 1>
ST_1 : Operation 47 [1/1] (0.00ns)   --->   "%br_ln35 = br i1 %icmp_ln35, void %for.inc40, void %VITIS_LOOP_57_7.preheader.exitStub" [cnn_accel.cpp:35]   --->   Operation 47 'br' 'br_ln35' <Predicate = true> <Delay = 0.00>
ST_1 : Operation 48 [1/1] (0.00ns)   --->   "%x_load = load i6 %x" [cnn_accel.cpp:36]   --->   Operation 48 'load' 'x_load' <Predicate = (!icmp_ln35)> <Delay = 0.00>
ST_1 : Operation 49 [1/1] (0.00ns)   --->   "%y_load = load i6 %y" [cnn_accel.cpp:35]   --->   Operation 49 'load' 'y_load' <Predicate = (!icmp_ln35)> <Delay = 0.00>
ST_1 : Operation 50 [1/1] (1.94ns)   --->   "%add_ln35 = add i6 %y_load, i6 1" [cnn_accel.cpp:35]   --->   Operation 50 'add' 'add_ln35' <Predicate = (!icmp_ln35)> <Delay = 1.94> <CoreInst = "Adder">   --->   Core 1 'Adder' <Latency = 0> <II = 1> <Delay = 1.94> <FuncUnit> <Opcode : 'add' 'sub'> <InPorts = 2> <OutPorts = 1>
ST_1 : Operation 51 [1/1] (1.94ns)   --->   "%icmp_ln36 = icmp_eq  i6 %x_load, i6 32" [cnn_accel.cpp:36]   --->   Operation 51 'icmp' 'icmp_ln36' <Predicate = (!icmp_ln35)> <Delay = 1.94> <CoreInst = "Cmp">   --->   Core 9 'Cmp' <Latency = 0> <II = 1> <Delay = 1.94> <FuncUnit> <Opcode : 'seteq' 'setne' 'setle' 'setge' 'setlt' 'setgt'> <InPorts = 2> <OutPorts = 1>
ST_1 : Operation 52 [1/1] (0.66ns)   --->   "%select_ln35 = select i1 %icmp_ln36, i6 0, i6 %x_load" [cnn_accel.cpp:35]   --->   Operation 52 'select' 'select_ln35' <Predicate = (!icmp_ln35)> <Delay = 0.66> <CoreInst = "Sel">   --->   Core 73 'Sel' <Latency = 0> <II = 1> <Delay = 0.66> <FuncUnit> <Opcode : 'select'> <InPorts = 3> <OutPorts = 1>
ST_1 : Operation 53 [1/1] (0.66ns)   --->   "%select_ln35_1 = select i1 %icmp_ln36, i6 %add_ln35, i6 %y_load" [cnn_accel.cpp:35]   --->   Operation 53 'select' 'select_ln35_1' <Predicate = (!icmp_ln35)> <Delay = 0.66> <CoreInst = "Sel">   --->   Core 73 'Sel' <Latency = 0> <II = 1> <Delay = 0.66> <FuncUnit> <Opcode : 'select'> <InPorts = 3> <OutPorts = 1>
ST_1 : Operation 54 [1/1] (0.00ns)   --->   "%trunc_ln45 = trunc i6 %select_ln35_1" [cnn_accel.cpp:45]   --->   Operation 54 'trunc' 'trunc_ln45' <Predicate = (!icmp_ln35)> <Delay = 0.00>
ST_1 : Operation 55 [1/1] (1.61ns)   --->   "%store_ln35 = store i11 %add_ln35_1, i11 %indvar_flatten" [cnn_accel.cpp:35]   --->   Operation 55 'store' 'store_ln35' <Predicate = (!icmp_ln35)> <Delay = 1.61>
ST_1 : Operation 56 [1/1] (1.61ns)   --->   "%store_ln35 = store i6 %select_ln35_1, i6 %y" [cnn_accel.cpp:35]   --->   Operation 56 'store' 'store_ln35' <Predicate = (!icmp_ln35)> <Delay = 1.61>

State 2 <SV = 1> <Delay = 6.86>
ST_2 : Operation 57 [1/1] (0.00ns)   --->   "%zext_ln35 = zext i6 %select_ln35_1" [cnn_accel.cpp:35]   --->   Operation 57 'zext' 'zext_ln35' <Predicate = (!icmp_ln35)> <Delay = 0.00>
ST_2 : Operation 58 [1/1] (0.00ns)   --->   "%y_cast = zext i6 %select_ln35_1" [cnn_accel.cpp:35]   --->   Operation 58 'zext' 'y_cast' <Predicate = (!icmp_ln35)> <Delay = 0.00>
ST_2 : Operation 59 [2/2] (6.86ns)   --->   "%empty = mul i36 %y_cast, i36 %size_cast9_cast" [cnn_accel.cpp:35]   --->   Operation 59 'mul' 'empty' <Predicate = (!icmp_ln35)> <Delay = 6.86> <CoreInst = "Multiplier">   --->   Core 3 'Multiplier' <Latency = 1> <II = 1> <Delay = 6.86> <FuncUnit> <Opcode : 'mul'> <InPorts = 2> <OutPorts = 1>
ST_2 : Operation 60 [1/1] (2.66ns)   --->   "%empty_27 = add i32 %zext_ln35, i32 %ty_cast" [cnn_accel.cpp:35]   --->   Operation 60 'add' 'empty_27' <Predicate = (!icmp_ln35)> <Delay = 2.66> <CoreInst = "Adder">   --->   Core 1 'Adder' <Latency = 0> <II = 1> <Delay = 2.66> <FuncUnit> <Opcode : 'add' 'sub'> <InPorts = 2> <OutPorts = 1>
ST_2 : Operation 61 [1/1] (2.70ns)   --->   "%cmp14 = icmp_slt  i32 %empty_27, i32 %size_cast" [cnn_accel.cpp:35]   --->   Operation 61 'icmp' 'cmp14' <Predicate = (!icmp_ln35)> <Delay = 2.70> <CoreInst = "Cmp">   --->   Core 9 'Cmp' <Latency = 0> <II = 1> <Delay = 2.70> <FuncUnit> <Opcode : 'seteq' 'setne' 'setle' 'setge' 'setlt' 'setgt'> <InPorts = 2> <OutPorts = 1>
ST_2 : Operation 62 [1/1] (0.00ns)   --->   "%zext_ln36 = zext i6 %select_ln35" [cnn_accel.cpp:36]   --->   Operation 62 'zext' 'zext_ln36' <Predicate = (!icmp_ln35)> <Delay = 0.00>
ST_2 : Operation 63 [1/1] (2.66ns)   --->   "%add_ln40_2 = add i32 %zext_ln36, i32 %tx_cast" [cnn_accel.cpp:40]   --->   Operation 63 'add' 'add_ln40_2' <Predicate = (!icmp_ln35)> <Delay = 2.66> <CoreInst = "Adder">   --->   Core 1 'Adder' <Latency = 0> <II = 1> <Delay = 2.66> <FuncUnit> <Opcode : 'add' 'sub'> <InPorts = 2> <OutPorts = 1>
ST_2 : Operation 64 [1/1] (2.70ns)   --->   "%icmp_ln42 = icmp_slt  i32 %add_ln40_2, i32 %size_cast" [cnn_accel.cpp:42]   --->   Operation 64 'icmp' 'icmp_ln42' <Predicate = (!icmp_ln35)> <Delay = 2.70> <CoreInst = "Cmp">   --->   Core 9 'Cmp' <Latency = 0> <II = 1> <Delay = 2.70> <FuncUnit> <Opcode : 'seteq' 'setne' 'setle' 'setge' 'setlt' 'setgt'> <InPorts = 2> <OutPorts = 1>
ST_2 : Operation 65 [1/1] (0.97ns)   --->   "%and_ln42 = and i1 %cmp14, i1 %icmp_ln42" [cnn_accel.cpp:42]   --->   Operation 65 'and' 'and_ln42' <Predicate = (!icmp_ln35)> <Delay = 0.97> <CoreInst = "LogicGate">   --->   Core 74 'LogicGate' <Latency = 0> <II = 1> <Delay = 0.97> <FuncUnit> <Opcode : 'and' 'or' 'xor'> <InPorts = 2> <OutPorts = 1>
ST_2 : Operation 66 [1/1] (0.00ns)   --->   "%br_ln42 = br i1 %and_ln42, void %for.inc, void %if.then" [cnn_accel.cpp:42]   --->   Operation 66 'br' 'br_ln42' <Predicate = (!icmp_ln35)> <Delay = 0.00>
ST_2 : Operation 67 [1/1] (1.94ns)   --->   "%add_ln36 = add i6 %select_ln35, i6 1" [cnn_accel.cpp:36]   --->   Operation 67 'add' 'add_ln36' <Predicate = (!icmp_ln35)> <Delay = 1.94> <CoreInst = "Adder">   --->   Core 1 'Adder' <Latency = 0> <II = 1> <Delay = 1.94> <FuncUnit> <Opcode : 'add' 'sub'> <InPorts = 2> <OutPorts = 1>
ST_2 : Operation 68 [1/1] (1.61ns)   --->   "%store_ln36 = store i6 %add_ln36, i6 %x" [cnn_accel.cpp:36]   --->   Operation 68 'store' 'store_ln36' <Predicate = (!icmp_ln35)> <Delay = 1.61>
ST_2 : Operation 69 [1/1] (0.00ns)   --->   "%br_ln36 = br void %for.body12" [cnn_accel.cpp:36]   --->   Operation 69 'br' 'br_ln36' <Predicate = (!icmp_ln35)> <Delay = 0.00>

State 3 <SV = 2> <Delay = 6.86>
ST_3 : Operation 70 [1/2] (6.86ns)   --->   "%empty = mul i36 %y_cast, i36 %size_cast9_cast" [cnn_accel.cpp:35]   --->   Operation 70 'mul' 'empty' <Predicate = (!icmp_ln35)> <Delay = 6.86> <CoreInst = "Multiplier">   --->   Core 3 'Multiplier' <Latency = 1> <II = 1> <Delay = 6.86> <FuncUnit> <Opcode : 'mul'> <InPorts = 2> <OutPorts = 1>

State 4 <SV = 3> <Delay = 6.93>
ST_4 : Operation 71 [1/1] (0.00ns)   --->   "%tmp_3 = bitconcatenate i10 @_ssdm_op_BitConcatenate.i10.i5.i5, i5 %trunc_ln45, i5 0" [cnn_accel.cpp:45]   --->   Operation 71 'bitconcatenate' 'tmp_3' <Predicate = true> <Delay = 0.00>
ST_4 : Operation 72 [1/1] (0.00ns)   --->   "%zext_ln45 = zext i6 %select_ln35" [cnn_accel.cpp:45]   --->   Operation 72 'zext' 'zext_ln45' <Predicate = true> <Delay = 0.00>
ST_4 : Operation 73 [1/1] (2.12ns)   --->   "%add_ln45 = add i10 %tmp_3, i10 %zext_ln45" [cnn_accel.cpp:45]   --->   Operation 73 'add' 'add_ln45' <Predicate = true> <Delay = 2.12> <CoreInst = "Adder">   --->   Core 1 'Adder' <Latency = 0> <II = 1> <Delay = 2.12> <FuncUnit> <Opcode : 'add' 'sub'> <InPorts = 2> <OutPorts = 1>
ST_4 : Operation 74 [1/1] (0.00ns)   --->   "%zext_ln36_1 = zext i6 %select_ln35" [cnn_accel.cpp:36]   --->   Operation 74 'zext' 'zext_ln36_1' <Predicate = true> <Delay = 0.00>
ST_4 : Operation 75 [1/1] (2.79ns)   --->   "%tmp = add i36 %zext_ln36_1, i36 %empty" [cnn_accel.cpp:36]   --->   Operation 75 'add' 'tmp' <Predicate = true> <Delay = 2.79> <CoreInst = "Adder">   --->   Core 1 'Adder' <Latency = 0> <II = 1> <Delay = 2.79> <FuncUnit> <Opcode : 'add' 'sub'> <InPorts = 2> <OutPorts = 1>
ST_4 : Operation 76 [1/1] (0.00ns)   --->   "%tmp_cast = zext i36 %tmp" [cnn_accel.cpp:36]   --->   Operation 76 'zext' 'tmp_cast' <Predicate = true> <Delay = 0.00>
ST_4 : Operation 77 [1/1] (0.00ns)   --->   "%p_shl1 = bitconcatenate i38 @_ssdm_op_BitConcatenate.i38.i36.i2, i36 %tmp, i2 0" [cnn_accel.cpp:36]   --->   Operation 77 'bitconcatenate' 'p_shl1' <Predicate = true> <Delay = 0.00>
ST_4 : Operation 78 [1/1] (2.83ns)   --->   "%tmp1 = sub i38 %p_shl1, i38 %tmp_cast" [cnn_accel.cpp:36]   --->   Operation 78 'sub' 'tmp1' <Predicate = true> <Delay = 2.83> <CoreInst = "Adder">   --->   Core 1 'Adder' <Latency = 0> <II = 1> <Delay = 2.83> <FuncUnit> <Opcode : 'add' 'sub'> <InPorts = 2> <OutPorts = 1>
ST_4 : Operation 79 [1/1] (3.37ns)   --->   "%tmp2 = add i57 %zext_ln32_cast, i57 %phi_mul_read"   --->   Operation 79 'add' 'tmp2' <Predicate = true> <Delay = 3.37> <CoreInst = "Adder">   --->   Core 1 'Adder' <Latency = 0> <II = 1> <Delay = 3.37> <FuncUnit> <Opcode : 'add' 'sub'> <InPorts = 2> <OutPorts = 1>
ST_4 : Operation 80 [1/1] (0.00ns)   --->   "%p_shl = bitconcatenate i64 @_ssdm_op_BitConcatenate.i64.i57.i7, i57 %tmp2, i7 0"   --->   Operation 80 'bitconcatenate' 'p_shl' <Predicate = true> <Delay = 0.00>
ST_4 : Operation 81 [1/1] (0.00ns)   --->   "%tmp_1 = bitconcatenate i62 @_ssdm_op_BitConcatenate.i62.i57.i5, i57 %tmp2, i5 0"   --->   Operation 81 'bitconcatenate' 'tmp_1' <Predicate = true> <Delay = 0.00>
ST_4 : Operation 82 [1/1] (0.00ns)   --->   "%p_shl30 = zext i62 %tmp_1"   --->   Operation 82 'zext' 'p_shl30' <Predicate = true> <Delay = 0.00>
ST_4 : Operation 83 [1/1] (3.56ns)   --->   "%tmp3 = sub i64 %p_shl, i64 %p_shl30"   --->   Operation 83 'sub' 'tmp3' <Predicate = true> <Delay = 3.56> <CoreInst = "Adder">   --->   Core 1 'Adder' <Latency = 0> <II = 1> <Delay = 3.56> <FuncUnit> <Opcode : 'add' 'sub'> <InPorts = 2> <OutPorts = 1>

State 5 <SV = 4> <Delay = 5.44>
ST_5 : Operation 84 [1/1] (0.00ns)   --->   "%tmp1_cast = zext i38 %tmp1" [cnn_accel.cpp:36]   --->   Operation 84 'zext' 'tmp1_cast' <Predicate = true> <Delay = 0.00>
ST_5 : Operation 85 [1/1] (0.00ns) (grouped into TernaryAdder)   --->   "%add_ln40 = add i64 %tmp1_cast, i64 %input_r_read" [cnn_accel.cpp:40]   --->   Operation 85 'add' 'add_ln40' <Predicate = true> <Delay = 0.00> <CoreInst = "TAddSub">   --->   Core 10 'TAddSub' <Latency = 0> <II = 1> <Delay = 2.72> <IPBlock> <Opcode : '' 'add' 'sub'> <InPorts = 3> <OutPorts = 1> <Sync> <CReg>
ST_5 : Operation 86 [1/1] (5.44ns) (root node of TernaryAdder)   --->   "%add_ln40_1 = add i64 %add_ln40, i64 %tmp3" [cnn_accel.cpp:40]   --->   Operation 86 'add' 'add_ln40_1' <Predicate = true> <Delay = 5.44> <CoreInst = "TAddSub">   --->   Core 10 'TAddSub' <Latency = 0> <II = 1> <Delay = 2.72> <IPBlock> <Opcode : '' 'add' 'sub'> <InPorts = 3> <OutPorts = 1> <Sync> <CReg>
ST_5 : Operation 87 [1/1] (0.00ns)   --->   "%gmem_addr = getelementptr i8 %gmem, i64 %add_ln40_1" [cnn_accel.cpp:45]   --->   Operation 87 'getelementptr' 'gmem_addr' <Predicate = (and_ln42)> <Delay = 0.00>

State 6 <SV = 5> <Delay = 7.30>
ST_6 : Operation 88 [8/8] (7.30ns)   --->   "%empty_28 = readreq i1 @_ssdm_op_ReadReq.m_axi.p1i8, i8 %gmem_addr, i64 3" [cnn_accel.cpp:45]   --->   Operation 88 'readreq' 'empty_28' <Predicate = (and_ln42)> <Delay = 7.30> <CoreInst = "m_axi">   --->   Core 111 'm_axi' <Latency = 6> <II = 1> <Delay = 1.00> <Adapter> <Opcode : 'read' 'write' 'readreq' 'writereq' 'writeresp'>

State 7 <SV = 6> <Delay = 7.30>
ST_7 : Operation 89 [7/8] (7.30ns)   --->   "%empty_28 = readreq i1 @_ssdm_op_ReadReq.m_axi.p1i8, i8 %gmem_addr, i64 3" [cnn_accel.cpp:45]   --->   Operation 89 'readreq' 'empty_28' <Predicate = (and_ln42)> <Delay = 7.30> <CoreInst = "m_axi">   --->   Core 111 'm_axi' <Latency = 6> <II = 1> <Delay = 1.00> <Adapter> <Opcode : 'read' 'write' 'readreq' 'writereq' 'writeresp'>

State 8 <SV = 7> <Delay = 7.30>
ST_8 : Operation 90 [6/8] (7.30ns)   --->   "%empty_28 = readreq i1 @_ssdm_op_ReadReq.m_axi.p1i8, i8 %gmem_addr, i64 3" [cnn_accel.cpp:45]   --->   Operation 90 'readreq' 'empty_28' <Predicate = (and_ln42)> <Delay = 7.30> <CoreInst = "m_axi">   --->   Core 111 'm_axi' <Latency = 6> <II = 1> <Delay = 1.00> <Adapter> <Opcode : 'read' 'write' 'readreq' 'writereq' 'writeresp'>

State 9 <SV = 8> <Delay = 7.30>
ST_9 : Operation 91 [5/8] (7.30ns)   --->   "%empty_28 = readreq i1 @_ssdm_op_ReadReq.m_axi.p1i8, i8 %gmem_addr, i64 3" [cnn_accel.cpp:45]   --->   Operation 91 'readreq' 'empty_28' <Predicate = (and_ln42)> <Delay = 7.30> <CoreInst = "m_axi">   --->   Core 111 'm_axi' <Latency = 6> <II = 1> <Delay = 1.00> <Adapter> <Opcode : 'read' 'write' 'readreq' 'writereq' 'writeresp'>

State 10 <SV = 9> <Delay = 7.30>
ST_10 : Operation 92 [4/8] (7.30ns)   --->   "%empty_28 = readreq i1 @_ssdm_op_ReadReq.m_axi.p1i8, i8 %gmem_addr, i64 3" [cnn_accel.cpp:45]   --->   Operation 92 'readreq' 'empty_28' <Predicate = (and_ln42)> <Delay = 7.30> <CoreInst = "m_axi">   --->   Core 111 'm_axi' <Latency = 6> <II = 1> <Delay = 1.00> <Adapter> <Opcode : 'read' 'write' 'readreq' 'writereq' 'writeresp'>

State 11 <SV = 10> <Delay = 7.30>
ST_11 : Operation 93 [3/8] (7.30ns)   --->   "%empty_28 = readreq i1 @_ssdm_op_ReadReq.m_axi.p1i8, i8 %gmem_addr, i64 3" [cnn_accel.cpp:45]   --->   Operation 93 'readreq' 'empty_28' <Predicate = (and_ln42)> <Delay = 7.30> <CoreInst = "m_axi">   --->   Core 111 'm_axi' <Latency = 6> <II = 1> <Delay = 1.00> <Adapter> <Opcode : 'read' 'write' 'readreq' 'writereq' 'writeresp'>

State 12 <SV = 11> <Delay = 7.30>
ST_12 : Operation 94 [2/8] (7.30ns)   --->   "%empty_28 = readreq i1 @_ssdm_op_ReadReq.m_axi.p1i8, i8 %gmem_addr, i64 3" [cnn_accel.cpp:45]   --->   Operation 94 'readreq' 'empty_28' <Predicate = (and_ln42)> <Delay = 7.30> <CoreInst = "m_axi">   --->   Core 111 'm_axi' <Latency = 6> <II = 1> <Delay = 1.00> <Adapter> <Opcode : 'read' 'write' 'readreq' 'writereq' 'writeresp'>

State 13 <SV = 12> <Delay = 7.30>
ST_13 : Operation 95 [1/8] (7.30ns)   --->   "%empty_28 = readreq i1 @_ssdm_op_ReadReq.m_axi.p1i8, i8 %gmem_addr, i64 3" [cnn_accel.cpp:45]   --->   Operation 95 'readreq' 'empty_28' <Predicate = (and_ln42)> <Delay = 7.30> <CoreInst = "m_axi">   --->   Core 111 'm_axi' <Latency = 6> <II = 1> <Delay = 1.00> <Adapter> <Opcode : 'read' 'write' 'readreq' 'writereq' 'writeresp'>

State 14 <SV = 13> <Delay = 7.30>
ST_14 : Operation 96 [1/1] (7.30ns)   --->   "%gmem_addr_read = read i8 @_ssdm_op_Read.m_axi.p1i8, i8 %gmem_addr" [cnn_accel.cpp:45]   --->   Operation 96 'read' 'gmem_addr_read' <Predicate = (and_ln42)> <Delay = 7.30> <CoreInst = "m_axi">   --->   Core 111 'm_axi' <Latency = 3> <II = 1> <Delay = 1.00> <Adapter> <Opcode : 'read' 'write' 'readreq' 'writereq' 'writeresp'>
ST_14 : Operation 110 [1/1] (1.61ns)   --->   "%ret_ln0 = ret"   --->   Operation 110 'ret' 'ret_ln0' <Predicate = (icmp_ln35)> <Delay = 1.61>

State 15 <SV = 14> <Delay = 7.30>
ST_15 : Operation 97 [1/1] (0.00ns)   --->   "%specloopname_ln0 = specloopname void @_ssdm_op_SpecLoopName, void @VITIS_LOOP_35_3_VITIS_LOOP_36_4_str"   --->   Operation 97 'specloopname' 'specloopname_ln0' <Predicate = true> <Delay = 0.00>
ST_15 : Operation 98 [1/1] (0.00ns)   --->   "%speclooptripcount_ln0 = speclooptripcount void @_ssdm_op_SpecLoopTripCount, i64 1024, i64 1024, i64 1024"   --->   Operation 98 'speclooptripcount' 'speclooptripcount_ln0' <Predicate = true> <Delay = 0.00>
ST_15 : Operation 99 [1/1] (0.00ns)   --->   "%zext_ln45_1 = zext i10 %add_ln45" [cnn_accel.cpp:45]   --->   Operation 99 'zext' 'zext_ln45_1' <Predicate = true> <Delay = 0.00>
ST_15 : Operation 100 [1/1] (0.00ns)   --->   "%tile_in_addr = getelementptr i8 %tile_in, i64 0, i64 %zext_ln45_1" [cnn_accel.cpp:45]   --->   Operation 100 'getelementptr' 'tile_in_addr' <Predicate = true> <Delay = 0.00>
ST_15 : Operation 101 [1/1] (0.00ns)   --->   "%tile_in_1_addr = getelementptr i8 %tile_in_1, i64 0, i64 %zext_ln45_1" [cnn_accel.cpp:46]   --->   Operation 101 'getelementptr' 'tile_in_1_addr' <Predicate = true> <Delay = 0.00>
ST_15 : Operation 102 [1/1] (0.00ns)   --->   "%tile_in_2_addr = getelementptr i8 %tile_in_2, i64 0, i64 %zext_ln45_1" [cnn_accel.cpp:47]   --->   Operation 102 'getelementptr' 'tile_in_2_addr' <Predicate = true> <Delay = 0.00>
ST_15 : Operation 103 [1/1] (0.00ns)   --->   "%specpipeline_ln37 = specpipeline void @_ssdm_op_SpecPipeline, i32 1, i32 0, i32 0, i32 0, void @empty_1" [cnn_accel.cpp:37]   --->   Operation 103 'specpipeline' 'specpipeline_ln37' <Predicate = true> <Delay = 0.00>
ST_15 : Operation 104 [1/1] (7.30ns)   --->   "%gmem_addr_read_1 = read i8 @_ssdm_op_Read.m_axi.p1i8, i8 %gmem_addr" [cnn_accel.cpp:45]   --->   Operation 104 'read' 'gmem_addr_read_1' <Predicate = (and_ln42)> <Delay = 7.30> <CoreInst = "m_axi">   --->   Core 111 'm_axi' <Latency = 3> <II = 1> <Delay = 1.00> <Adapter> <Opcode : 'read' 'write' 'readreq' 'writereq' 'writeresp'>
ST_15 : Operation 105 [1/1] ( I:3.25ns O:3.25ns )   --->   "%store_ln45 = store i8 %gmem_addr_read, i10 %tile_in_addr" [cnn_accel.cpp:45]   --->   Operation 105 'store' 'store_ln45' <Predicate = (and_ln42)> <Delay = 3.25> <CoreInst = "RAM_T2P_BRAM">   --->   Core 93 'RAM_T2P_BRAM' <Latency = 1> <II = 1> <Delay = 3.25> <Storage> <Opcode : 'load' 'store'> <Ports = 2> <Width = 8> <Depth = 1024> <RAM>

State 16 <SV = 15> <Delay = 7.30>
ST_16 : Operation 106 [1/1] (7.30ns)   --->   "%gmem_addr_read_2 = read i8 @_ssdm_op_Read.m_axi.p1i8, i8 %gmem_addr" [cnn_accel.cpp:45]   --->   Operation 106 'read' 'gmem_addr_read_2' <Predicate = (and_ln42)> <Delay = 7.30> <CoreInst = "m_axi">   --->   Core 111 'm_axi' <Latency = 3> <II = 1> <Delay = 1.00> <Adapter> <Opcode : 'read' 'write' 'readreq' 'writereq' 'writeresp'>
ST_16 : Operation 107 [1/1] ( I:3.25ns O:3.25ns )   --->   "%store_ln46 = store i8 %gmem_addr_read_1, i10 %tile_in_1_addr" [cnn_accel.cpp:46]   --->   Operation 107 'store' 'store_ln46' <Predicate = (and_ln42)> <Delay = 3.25> <CoreInst = "RAM_T2P_BRAM">   --->   Core 93 'RAM_T2P_BRAM' <Latency = 1> <II = 1> <Delay = 3.25> <Storage> <Opcode : 'load' 'store'> <Ports = 2> <Width = 8> <Depth = 1024> <RAM>

State 17 <SV = 16> <Delay = 3.25>
ST_17 : Operation 108 [1/1] ( I:3.25ns O:3.25ns )   --->   "%store_ln47 = store i8 %gmem_addr_read_2, i10 %tile_in_2_addr" [cnn_accel.cpp:47]   --->   Operation 108 'store' 'store_ln47' <Predicate = (and_ln42)> <Delay = 3.25> <CoreInst = "RAM_T2P_BRAM">   --->   Core 93 'RAM_T2P_BRAM' <Latency = 1> <II = 1> <Delay = 3.25> <Storage> <Opcode : 'load' 'store'> <Ports = 2> <Width = 8> <Depth = 1024> <RAM>
ST_17 : Operation 109 [1/1] (0.00ns)   --->   "%br_ln48 = br void %for.inc" [cnn_accel.cpp:48]   --->   Operation 109 'br' 'br_ln48' <Predicate = (and_ln42)> <Delay = 0.00>


============================================================
+ Verbose Summary: Timing violations
============================================================
Target clock period: 10.000ns, clock uncertainty: 2.700ns.

 <State 1>: 5.835ns
The critical path consists of the following:
	'store' operation 0 bit ('store_ln35', cnn_accel.cpp:35) of constant 0 on local variable 'y', cnn_accel.cpp:35 [32]  (1.610 ns)
	'load' operation 6 bit ('y_load', cnn_accel.cpp:35) on local variable 'y', cnn_accel.cpp:35 [43]  (0.000 ns)
	'add' operation 6 bit ('add_ln35', cnn_accel.cpp:35) [44]  (1.946 ns)
	'select' operation 6 bit ('select_ln35_1', cnn_accel.cpp:35) [49]  (0.669 ns)
	'store' operation 0 bit ('store_ln35', cnn_accel.cpp:35) of variable 'select_ln35_1', cnn_accel.cpp:35 on local variable 'y', cnn_accel.cpp:35 [95]  (1.610 ns)

 <State 2>: 6.860ns
The critical path consists of the following:
	'mul' operation 36 bit ('empty', cnn_accel.cpp:35) [54]  (6.860 ns)

 <State 3>: 6.860ns
The critical path consists of the following:
	'mul' operation 36 bit ('empty', cnn_accel.cpp:35) [54]  (6.860 ns)

 <State 4>: 6.937ns
The critical path consists of the following:
	'add' operation 57 bit ('tmp2') [71]  (3.377 ns)
	'sub' operation 64 bit ('tmp3') [75]  (3.560 ns)

 <State 5>: 5.441ns
The critical path consists of the following:
	'add' operation 64 bit ('add_ln40', cnn_accel.cpp:40) [76]  (0.000 ns)
	'add' operation 64 bit ('add_ln40_1', cnn_accel.cpp:40) [77]  (5.441 ns)
	'getelementptr' operation 8 bit ('gmem_addr', cnn_accel.cpp:45) [83]  (0.000 ns)

 <State 6>: 7.300ns
The critical path consists of the following:
	bus request operation ('empty_28', cnn_accel.cpp:45) on port 'gmem' (cnn_accel.cpp:45) [84]  (7.300 ns)

 <State 7>: 7.300ns
The critical path consists of the following:
	bus request operation ('empty_28', cnn_accel.cpp:45) on port 'gmem' (cnn_accel.cpp:45) [84]  (7.300 ns)

 <State 8>: 7.300ns
The critical path consists of the following:
	bus request operation ('empty_28', cnn_accel.cpp:45) on port 'gmem' (cnn_accel.cpp:45) [84]  (7.300 ns)

 <State 9>: 7.300ns
The critical path consists of the following:
	bus request operation ('empty_28', cnn_accel.cpp:45) on port 'gmem' (cnn_accel.cpp:45) [84]  (7.300 ns)

 <State 10>: 7.300ns
The critical path consists of the following:
	bus request operation ('empty_28', cnn_accel.cpp:45) on port 'gmem' (cnn_accel.cpp:45) [84]  (7.300 ns)

 <State 11>: 7.300ns
The critical path consists of the following:
	bus request operation ('empty_28', cnn_accel.cpp:45) on port 'gmem' (cnn_accel.cpp:45) [84]  (7.300 ns)

 <State 12>: 7.300ns
The critical path consists of the following:
	bus request operation ('empty_28', cnn_accel.cpp:45) on port 'gmem' (cnn_accel.cpp:45) [84]  (7.300 ns)

 <State 13>: 7.300ns
The critical path consists of the following:
	bus request operation ('empty_28', cnn_accel.cpp:45) on port 'gmem' (cnn_accel.cpp:45) [84]  (7.300 ns)

 <State 14>: 7.300ns
The critical path consists of the following:
	bus read operation ('gmem_addr_read', cnn_accel.cpp:45) on port 'gmem' (cnn_accel.cpp:45) [85]  (7.300 ns)

 <State 15>: 7.300ns
The critical path consists of the following:
	bus read operation ('gmem_addr_read_1', cnn_accel.cpp:45) on port 'gmem' (cnn_accel.cpp:45) [86]  (7.300 ns)

 <State 16>: 7.300ns
The critical path consists of the following:
	bus read operation ('gmem_addr_read_2', cnn_accel.cpp:45) on port 'gmem' (cnn_accel.cpp:45) [87]  (7.300 ns)

 <State 17>: 3.257ns
The critical path consists of the following:
	'store' operation 0 bit ('store_ln47', cnn_accel.cpp:47) of variable 'gmem_addr_read_2', cnn_accel.cpp:45 on array 'tile_in_2' [90]  (3.257 ns)


============================================================
+ Verbose Summary: Binding
============================================================
N/A
* FSMD analyzer results:
  - Output states:
 - Input state : 
  - Chain level:
	State 1
	State 2
	State 3
	State 4
	State 5
	State 6
	State 7
	State 8
	State 9
	State 10
	State 11
	State 12
	State 13
	State 14
	State 15
	State 16
	State 17


============================================================
+ Verbose Summary: Datapath Resource usage 
============================================================
N/A
