

================================================================
== Vitis HLS Report for 'cnn_accel_Pipeline_VITIS_LOOP_67_8_VITIS_LOOP_68_9'
================================================================
* Date:           Tue Apr  7 22:25:42 2026

* Version:        2024.2 (Build 5238294 on Nov  8 2024)
* Project:        cnn_accel
* Solution:       solution1 (Vivado IP Flow Target)
* Product family: artix7
* Target device:  xc7a200t-sbg484-1


================================================================
== Performance Estimates
================================================================
+ Timing: 
    * Summary: 
    +--------+----------+----------+------------+
    |  Clock |  Target  | Estimated| Uncertainty|
    +--------+----------+----------+------------+
    |ap_clk  |  10.00 ns|  7.300 ns|     2.70 ns|
    +--------+----------+----------+------------+

+ Latency: 
    * Summary: 
    +---------+---------+----------+----------+-------+-------+------------------------------------------------+
    |  Latency (cycles) |  Latency (absolute) |    Interval   |                    Pipeline                    |
    |   min   |   max   |    min   |    max   |  min  |  max  |                      Type                      |
    +---------+---------+----------+----------+-------+-------+------------------------------------------------+
    |    16397|    16397|  0.164 ms|  0.164 ms|  16396|  16396|  loop auto-rewind stp (delay=0 clock cycles(s))|
    +---------+---------+----------+----------+-------+-------+------------------------------------------------+

    + Detail: 
        * Instance: 
        N/A

        * Loop: 
        +-----------------------------------+---------+---------+----------+-----------+-----------+------+----------+
        |                                   |  Latency (cycles) | Iteration|  Initiation Interval  | Trip |          |
        |             Loop Name             |   min   |   max   |  Latency |  achieved |   target  | Count| Pipelined|
        +-----------------------------------+---------+---------+----------+-----------+-----------+------+----------+
        |- VITIS_LOOP_67_8_VITIS_LOOP_68_9  |    16395|    16395|        28|         16|          1|  1024|       yes|
        +-----------------------------------+---------+---------+----------+-----------+-----------+------+----------+

============================================================
+ Verbose Summary: Synthesis Manager
============================================================
InlineROM: 1
ExposeGlobal: 0
============================================================
+ Verbose Summary: CDFG Model
============================================================
IsTopModel: 0
ResetActiveHigh: 1
IsCombinational: 0
IsDatapathOnly: 0
HasWiredReturn: 1
HasMFsm: 2
HasVarLatency: 1
IsPipeline: 0
IsRtlPipelined: 0
IsInstanceOverlapped: 0
IsDontTouch: 0
HasImplIP: 0
IsGatedGlobalClock: 0

+ Individual pipeline summary: 
  * Pipeline-0: initiation interval (II) = 16, depth = 28


============================================================
+ Verbose Summary: Schedule
============================================================
* Number of FSM states : 28
* Pipeline : 1
  Pipeline-0 : II = 16, D = 28, States = { 1 2 3 4 5 6 7 8 9 10 11 12 13 14 15 16 17 18 19 20 21 22 23 24 25 26 27 28 }
* Dataflow Pipeline: 0

* FSM state transitions: 
1 --> 2 
2 --> 3 
3 --> 4 
4 --> 5 
5 --> 6 
6 --> 7 
7 --> 8 
8 --> 9 
9 --> 10 
10 --> 11 
11 --> 12 
12 --> 13 
13 --> 14 
14 --> 15 
15 --> 16 
16 --> 17 
17 --> 18 
18 --> 19 
19 --> 20 
20 --> 21 
21 --> 22 
22 --> 23 
23 --> 24 
24 --> 25 
25 --> 26 
26 --> 27 
27 --> 28 
28 --> 

* FSM state operations: 

State 1 <SV = 0> <Delay = 5.83>
ST_1 : Operation 31 [1/1] (0.00ns)   --->   "%x = alloca i32 1" [cnn_accel.cpp:68]   --->   Operation 31 'alloca' 'x' <Predicate = true> <Delay = 0.00>
ST_1 : Operation 32 [1/1] (0.00ns)   --->   "%y = alloca i32 1" [cnn_accel.cpp:67]   --->   Operation 32 'alloca' 'y' <Predicate = true> <Delay = 0.00>
ST_1 : Operation 33 [1/1] (0.00ns)   --->   "%indvar_flatten13 = alloca i32 1"   --->   Operation 33 'alloca' 'indvar_flatten13' <Predicate = true> <Delay = 0.00>
ST_1 : Operation 34 [1/1] (0.00ns)   --->   "%tx_read = read i31 @_ssdm_op_Read.ap_auto.i31, i31 %tx"   --->   Operation 34 'read' 'tx_read' <Predicate = true> <Delay = 0.00>
ST_1 : Operation 35 [1/1] (0.00ns)   --->   "%output_r_read = read i64 @_ssdm_op_Read.ap_auto.i64, i64 %output_r"   --->   Operation 35 'read' 'output_r_read' <Predicate = true> <Delay = 0.00>
ST_1 : Operation 36 [1/1] (0.00ns)   --->   "%size_read = read i31 @_ssdm_op_Read.ap_auto.i31, i31 %size"   --->   Operation 36 'read' 'size_read' <Predicate = true> <Delay = 0.00>
ST_1 : Operation 37 [1/1] (0.00ns)   --->   "%ty_read = read i31 @_ssdm_op_Read.ap_auto.i31, i31 %ty"   --->   Operation 37 'read' 'ty_read' <Predicate = true> <Delay = 0.00>
ST_1 : Operation 38 [1/1] (0.00ns)   --->   "%shl_ln1_read = read i32 @_ssdm_op_Read.ap_auto.i32, i32 %shl_ln1"   --->   Operation 38 'read' 'shl_ln1_read' <Predicate = true> <Delay = 0.00>
ST_1 : Operation 39 [1/1] (0.00ns)   --->   "%shl_ln_read = read i32 @_ssdm_op_Read.ap_auto.i32, i32 %shl_ln"   --->   Operation 39 'read' 'shl_ln_read' <Predicate = true> <Delay = 0.00>
ST_1 : Operation 40 [1/1] (0.00ns)   --->   "%tmp = read i28 @_ssdm_op_Read.ap_auto.i28, i28 %empty"   --->   Operation 40 'read' 'tmp' <Predicate = true> <Delay = 0.00>
ST_1 : Operation 41 [1/1] (0.00ns)   --->   "%tx_cast = zext i31 %tx_read"   --->   Operation 41 'zext' 'tx_cast' <Predicate = true> <Delay = 0.00>
ST_1 : Operation 42 [1/1] (0.00ns)   --->   "%size_cast = zext i31 %size_read"   --->   Operation 42 'zext' 'size_cast' <Predicate = true> <Delay = 0.00>
ST_1 : Operation 43 [1/1] (0.00ns)   --->   "%ty_cast = zext i31 %ty_read"   --->   Operation 43 'zext' 'ty_cast' <Predicate = true> <Delay = 0.00>
ST_1 : Operation 44 [1/1] (0.00ns)   --->   "%specmemcore_ln0 = specmemcore void @_ssdm_op_SpecMemCore, i8 %tile_out, i64 666, i64 30, i64 18446744073709551615"   --->   Operation 44 'specmemcore' 'specmemcore_ln0' <Predicate = true> <Delay = 0.00>
ST_1 : Operation 45 [1/1] (0.00ns)   --->   "%specmemcore_ln0 = specmemcore void @_ssdm_op_SpecMemCore, i8 %tile_out_1, i64 666, i64 30, i64 18446744073709551615"   --->   Operation 45 'specmemcore' 'specmemcore_ln0' <Predicate = true> <Delay = 0.00>
ST_1 : Operation 46 [1/1] (0.00ns)   --->   "%specmemcore_ln0 = specmemcore void @_ssdm_op_SpecMemCore, i8 %tile_out_2, i64 666, i64 30, i64 18446744073709551615"   --->   Operation 46 'specmemcore' 'specmemcore_ln0' <Predicate = true> <Delay = 0.00>
ST_1 : Operation 47 [1/1] (0.00ns)   --->   "%specmemcore_ln0 = specmemcore void @_ssdm_op_SpecMemCore, i8 %tile_out_3, i64 666, i64 30, i64 18446744073709551615"   --->   Operation 47 'specmemcore' 'specmemcore_ln0' <Predicate = true> <Delay = 0.00>
ST_1 : Operation 48 [1/1] (0.00ns)   --->   "%specmemcore_ln0 = specmemcore void @_ssdm_op_SpecMemCore, i8 %tile_out_4, i64 666, i64 30, i64 18446744073709551615"   --->   Operation 48 'specmemcore' 'specmemcore_ln0' <Predicate = true> <Delay = 0.00>
ST_1 : Operation 49 [1/1] (0.00ns)   --->   "%specmemcore_ln0 = specmemcore void @_ssdm_op_SpecMemCore, i8 %tile_out_5, i64 666, i64 30, i64 18446744073709551615"   --->   Operation 49 'specmemcore' 'specmemcore_ln0' <Predicate = true> <Delay = 0.00>
ST_1 : Operation 50 [1/1] (0.00ns)   --->   "%specmemcore_ln0 = specmemcore void @_ssdm_op_SpecMemCore, i8 %tile_out_6, i64 666, i64 30, i64 18446744073709551615"   --->   Operation 50 'specmemcore' 'specmemcore_ln0' <Predicate = true> <Delay = 0.00>
ST_1 : Operation 51 [1/1] (0.00ns)   --->   "%specmemcore_ln0 = specmemcore void @_ssdm_op_SpecMemCore, i8 %tile_out_7, i64 666, i64 30, i64 18446744073709551615"   --->   Operation 51 'specmemcore' 'specmemcore_ln0' <Predicate = true> <Delay = 0.00>
ST_1 : Operation 52 [1/1] (0.00ns)   --->   "%specmemcore_ln0 = specmemcore void @_ssdm_op_SpecMemCore, i8 %tile_out_8, i64 666, i64 30, i64 18446744073709551615"   --->   Operation 52 'specmemcore' 'specmemcore_ln0' <Predicate = true> <Delay = 0.00>
ST_1 : Operation 53 [1/1] (0.00ns)   --->   "%specmemcore_ln0 = specmemcore void @_ssdm_op_SpecMemCore, i8 %tile_out_9, i64 666, i64 30, i64 18446744073709551615"   --->   Operation 53 'specmemcore' 'specmemcore_ln0' <Predicate = true> <Delay = 0.00>
ST_1 : Operation 54 [1/1] (0.00ns)   --->   "%specmemcore_ln0 = specmemcore void @_ssdm_op_SpecMemCore, i8 %tile_out_10, i64 666, i64 30, i64 18446744073709551615"   --->   Operation 54 'specmemcore' 'specmemcore_ln0' <Predicate = true> <Delay = 0.00>
ST_1 : Operation 55 [1/1] (0.00ns)   --->   "%specmemcore_ln0 = specmemcore void @_ssdm_op_SpecMemCore, i8 %tile_out_11, i64 666, i64 30, i64 18446744073709551615"   --->   Operation 55 'specmemcore' 'specmemcore_ln0' <Predicate = true> <Delay = 0.00>
ST_1 : Operation 56 [1/1] (0.00ns)   --->   "%specmemcore_ln0 = specmemcore void @_ssdm_op_SpecMemCore, i8 %tile_out_12, i64 666, i64 30, i64 18446744073709551615"   --->   Operation 56 'specmemcore' 'specmemcore_ln0' <Predicate = true> <Delay = 0.00>
ST_1 : Operation 57 [1/1] (0.00ns)   --->   "%specmemcore_ln0 = specmemcore void @_ssdm_op_SpecMemCore, i8 %tile_out_13, i64 666, i64 30, i64 18446744073709551615"   --->   Operation 57 'specmemcore' 'specmemcore_ln0' <Predicate = true> <Delay = 0.00>
ST_1 : Operation 58 [1/1] (0.00ns)   --->   "%specmemcore_ln0 = specmemcore void @_ssdm_op_SpecMemCore, i8 %tile_out_14, i64 666, i64 30, i64 18446744073709551615"   --->   Operation 58 'specmemcore' 'specmemcore_ln0' <Predicate = true> <Delay = 0.00>
ST_1 : Operation 59 [1/1] (0.00ns)   --->   "%specmemcore_ln0 = specmemcore void @_ssdm_op_SpecMemCore, i8 %tile_out_15, i64 666, i64 30, i64 18446744073709551615"   --->   Operation 59 'specmemcore' 'specmemcore_ln0' <Predicate = true> <Delay = 0.00>
ST_1 : Operation 60 [1/1] (0.00ns)   --->   "%specinterface_ln0 = specinterface void @_ssdm_op_SpecInterface, i8 %gmem, void @empty_0, i32 0, i32 0, void @empty_1, i32 0, i32 0, void @empty_2, void @empty_8, void @empty_1, i32 16, i32 16, i32 16, i32 16, void @empty_1, void @empty_1, i32 4294967295, i32 0, i32 0"   --->   Operation 60 'specinterface' 'specinterface_ln0' <Predicate = true> <Delay = 0.00>
ST_1 : Operation 61 [1/1] (1.61ns)   --->   "%store_ln0 = store i11 0, i11 %indvar_flatten13"   --->   Operation 61 'store' 'store_ln0' <Predicate = true> <Delay = 1.61>
ST_1 : Operation 62 [1/1] (1.61ns)   --->   "%store_ln67 = store i6 0, i6 %y" [cnn_accel.cpp:67]   --->   Operation 62 'store' 'store_ln67' <Predicate = true> <Delay = 1.61>
ST_1 : Operation 63 [1/1] (1.61ns)   --->   "%store_ln68 = store i6 0, i6 %x" [cnn_accel.cpp:68]   --->   Operation 63 'store' 'store_ln68' <Predicate = true> <Delay = 1.61>
ST_1 : Operation 64 [1/1] (0.00ns)   --->   "%br_ln0 = br void %for.body102"   --->   Operation 64 'br' 'br_ln0' <Predicate = true> <Delay = 0.00>
ST_1 : Operation 65 [1/1] (0.00ns)   --->   "%indvar_flatten13_load = load i11 %indvar_flatten13" [cnn_accel.cpp:67]   --->   Operation 65 'load' 'indvar_flatten13_load' <Predicate = true> <Delay = 0.00>
ST_1 : Operation 66 [1/1] (0.00ns)   --->   "%specbitsmap_ln0 = specbitsmap void @_ssdm_op_SpecBitsMap, i8 %gmem"   --->   Operation 66 'specbitsmap' 'specbitsmap_ln0' <Predicate = true> <Delay = 0.00>
ST_1 : Operation 67 [1/1] (2.12ns)   --->   "%icmp_ln67 = icmp_eq  i11 %indvar_flatten13_load, i11 1024" [cnn_accel.cpp:67]   --->   Operation 67 'icmp' 'icmp_ln67' <Predicate = true> <Delay = 2.12> <CoreInst = "Cmp">   --->   Core 9 'Cmp' <Latency = 0> <II = 1> <Delay = 2.12> <FuncUnit> <Opcode : 'seteq' 'setne' 'setle' 'setge' 'setlt' 'setgt'> <InPorts = 2> <OutPorts = 1>
ST_1 : Operation 68 [1/1] (2.12ns)   --->   "%add_ln67_1 = add i11 %indvar_flatten13_load, i11 1" [cnn_accel.cpp:67]   --->   Operation 68 'add' 'add_ln67_1' <Predicate = true> <Delay = 2.12> <CoreInst = "Adder">   --->   Core 1 'Adder' <Latency = 0> <II = 1> <Delay = 2.12> <FuncUnit> <Opcode : 'add' 'sub'> <InPorts = 2> <OutPorts = 1>
ST_1 : Operation 69 [1/1] (0.00ns)   --->   "%br_ln67 = br i1 %icmp_ln67, void %for.inc136, void %for.inc139.exitStub" [cnn_accel.cpp:67]   --->   Operation 69 'br' 'br_ln67' <Predicate = true> <Delay = 0.00>
ST_1 : Operation 70 [1/1] (0.00ns)   --->   "%x_load = load i6 %x" [cnn_accel.cpp:68]   --->   Operation 70 'load' 'x_load' <Predicate = (!icmp_ln67)> <Delay = 0.00>
ST_1 : Operation 71 [1/1] (0.00ns)   --->   "%y_load = load i6 %y" [cnn_accel.cpp:67]   --->   Operation 71 'load' 'y_load' <Predicate = (!icmp_ln67)> <Delay = 0.00>
ST_1 : Operation 72 [1/1] (1.94ns)   --->   "%add_ln67 = add i6 %y_load, i6 1" [cnn_accel.cpp:67]   --->   Operation 72 'add' 'add_ln67' <Predicate = (!icmp_ln67)> <Delay = 1.94> <CoreInst = "Adder">   --->   Core 1 'Adder' <Latency = 0> <II = 1> <Delay = 1.94> <FuncUnit> <Opcode : 'add' 'sub'> <InPorts = 2> <OutPorts = 1>
ST_1 : Operation 73 [1/1] (1.94ns)   --->   "%icmp_ln68 = icmp_eq  i6 %x_load, i6 32" [cnn_accel.cpp:68]   --->   Operation 73 'icmp' 'icmp_ln68' <Predicate = (!icmp_ln67)> <Delay = 1.94> <CoreInst = "Cmp">   --->   Core 9 'Cmp' <Latency = 0> <II = 1> <Delay = 1.94> <FuncUnit> <Opcode : 'seteq' 'setne' 'setle' 'setge' 'setlt' 'setgt'> <InPorts = 2> <OutPorts = 1>
ST_1 : Operation 74 [1/1] (0.66ns)   --->   "%select_ln67_1 = select i1 %icmp_ln68, i6 %add_ln67, i6 %y_load" [cnn_accel.cpp:67]   --->   Operation 74 'select' 'select_ln67_1' <Predicate = (!icmp_ln67)> <Delay = 0.66> <CoreInst = "Sel">   --->   Core 73 'Sel' <Latency = 0> <II = 1> <Delay = 0.66> <FuncUnit> <Opcode : 'select'> <InPorts = 3> <OutPorts = 1>
ST_1 : Operation 75 [1/1] (0.00ns)   --->   "%trunc_ln78 = trunc i6 %select_ln67_1" [cnn_accel.cpp:78]   --->   Operation 75 'trunc' 'trunc_ln78' <Predicate = (!icmp_ln67)> <Delay = 0.00>
ST_1 : Operation 76 [1/1] (1.61ns)   --->   "%store_ln67 = store i11 %add_ln67_1, i11 %indvar_flatten13" [cnn_accel.cpp:67]   --->   Operation 76 'store' 'store_ln67' <Predicate = (!icmp_ln67)> <Delay = 1.61>
ST_1 : Operation 77 [1/1] (1.61ns)   --->   "%store_ln67 = store i6 %select_ln67_1, i6 %y" [cnn_accel.cpp:67]   --->   Operation 77 'store' 'store_ln67' <Predicate = (!icmp_ln67)> <Delay = 1.61>

State 2 <SV = 1> <Delay = 7.01>
ST_2 : Operation 78 [1/1] (0.66ns)   --->   "%select_ln67 = select i1 %icmp_ln68, i6 0, i6 %x_load" [cnn_accel.cpp:67]   --->   Operation 78 'select' 'select_ln67' <Predicate = (!icmp_ln67)> <Delay = 0.66> <CoreInst = "Sel">   --->   Core 73 'Sel' <Latency = 0> <II = 1> <Delay = 0.66> <FuncUnit> <Opcode : 'select'> <InPorts = 3> <OutPorts = 1>
ST_2 : Operation 79 [1/1] (0.00ns)   --->   "%tmp_6 = bitconcatenate i10 @_ssdm_op_BitConcatenate.i10.i5.i5, i5 %trunc_ln78, i5 0" [cnn_accel.cpp:78]   --->   Operation 79 'bitconcatenate' 'tmp_6' <Predicate = (!icmp_ln67)> <Delay = 0.00>
ST_2 : Operation 80 [1/1] (0.00ns)   --->   "%zext_ln67 = zext i6 %select_ln67_1" [cnn_accel.cpp:67]   --->   Operation 80 'zext' 'zext_ln67' <Predicate = (!icmp_ln67)> <Delay = 0.00>
ST_2 : Operation 81 [1/1] (0.00ns)   --->   "%select_ln67_1_cast3 = zext i6 %select_ln67_1" [cnn_accel.cpp:67]   --->   Operation 81 'zext' 'select_ln67_1_cast3' <Predicate = (!icmp_ln67)> <Delay = 0.00>
ST_2 : Operation 82 [3/3] (6.80ns)   --->   "%empty_21 = mul i28 %select_ln67_1_cast3, i28 %tmp" [cnn_accel.cpp:67]   --->   Operation 82 'mul' 'empty_21' <Predicate = (!icmp_ln67)> <Delay = 6.80> <CoreInst = "Multiplier">   --->   Core 3 'Multiplier' <Latency = 2> <II = 1> <Delay = 6.80> <FuncUnit> <Opcode : 'mul'> <InPorts = 2> <OutPorts = 1>
ST_2 : Operation 83 [1/1] (2.66ns)   --->   "%empty_22 = add i32 %zext_ln67, i32 %ty_cast" [cnn_accel.cpp:67]   --->   Operation 83 'add' 'empty_22' <Predicate = (!icmp_ln67)> <Delay = 2.66> <CoreInst = "Adder">   --->   Core 1 'Adder' <Latency = 0> <II = 1> <Delay = 2.66> <FuncUnit> <Opcode : 'add' 'sub'> <InPorts = 2> <OutPorts = 1>
ST_2 : Operation 84 [1/1] (2.70ns)   --->   "%cmp107 = icmp_slt  i32 %empty_22, i32 %size_cast" [cnn_accel.cpp:67]   --->   Operation 84 'icmp' 'cmp107' <Predicate = (!icmp_ln67)> <Delay = 2.70> <CoreInst = "Cmp">   --->   Core 9 'Cmp' <Latency = 0> <II = 1> <Delay = 2.70> <FuncUnit> <Opcode : 'seteq' 'setne' 'setle' 'setge' 'setlt' 'setgt'> <InPorts = 2> <OutPorts = 1>
ST_2 : Operation 85 [1/1] (0.00ns)   --->   "%zext_ln78 = zext i6 %select_ln67" [cnn_accel.cpp:78]   --->   Operation 85 'zext' 'zext_ln78' <Predicate = (!icmp_ln67)> <Delay = 0.00>
ST_2 : Operation 86 [1/1] (2.12ns)   --->   "%add_ln78 = add i10 %tmp_6, i10 %zext_ln78" [cnn_accel.cpp:78]   --->   Operation 86 'add' 'add_ln78' <Predicate = (!icmp_ln67)> <Delay = 2.12> <CoreInst = "Adder">   --->   Core 1 'Adder' <Latency = 0> <II = 1> <Delay = 2.12> <FuncUnit> <Opcode : 'add' 'sub'> <InPorts = 2> <OutPorts = 1>
ST_2 : Operation 87 [1/1] (0.00ns)   --->   "%zext_ln78_1 = zext i10 %add_ln78" [cnn_accel.cpp:78]   --->   Operation 87 'zext' 'zext_ln78_1' <Predicate = (!icmp_ln67)> <Delay = 0.00>
ST_2 : Operation 88 [1/1] (0.00ns)   --->   "%tile_out_addr = getelementptr i8 %tile_out, i64 0, i64 %zext_ln78_1" [cnn_accel.cpp:78]   --->   Operation 88 'getelementptr' 'tile_out_addr' <Predicate = (!icmp_ln67)> <Delay = 0.00>
ST_2 : Operation 89 [1/1] (0.00ns)   --->   "%tile_out_1_addr = getelementptr i8 %tile_out_1, i64 0, i64 %zext_ln78_1" [cnn_accel.cpp:78]   --->   Operation 89 'getelementptr' 'tile_out_1_addr' <Predicate = (!icmp_ln67)> <Delay = 0.00>
ST_2 : Operation 90 [1/1] (0.00ns)   --->   "%tile_out_2_addr = getelementptr i8 %tile_out_2, i64 0, i64 %zext_ln78_1" [cnn_accel.cpp:78]   --->   Operation 90 'getelementptr' 'tile_out_2_addr' <Predicate = (!icmp_ln67)> <Delay = 0.00>
ST_2 : Operation 91 [1/1] (0.00ns)   --->   "%tile_out_3_addr = getelementptr i8 %tile_out_3, i64 0, i64 %zext_ln78_1" [cnn_accel.cpp:78]   --->   Operation 91 'getelementptr' 'tile_out_3_addr' <Predicate = (!icmp_ln67)> <Delay = 0.00>
ST_2 : Operation 92 [1/1] (0.00ns)   --->   "%tile_out_4_addr = getelementptr i8 %tile_out_4, i64 0, i64 %zext_ln78_1" [cnn_accel.cpp:78]   --->   Operation 92 'getelementptr' 'tile_out_4_addr' <Predicate = (!icmp_ln67)> <Delay = 0.00>
ST_2 : Operation 93 [1/1] (0.00ns)   --->   "%tile_out_5_addr = getelementptr i8 %tile_out_5, i64 0, i64 %zext_ln78_1" [cnn_accel.cpp:78]   --->   Operation 93 'getelementptr' 'tile_out_5_addr' <Predicate = (!icmp_ln67)> <Delay = 0.00>
ST_2 : Operation 94 [1/1] (0.00ns)   --->   "%tile_out_6_addr = getelementptr i8 %tile_out_6, i64 0, i64 %zext_ln78_1" [cnn_accel.cpp:78]   --->   Operation 94 'getelementptr' 'tile_out_6_addr' <Predicate = (!icmp_ln67)> <Delay = 0.00>
ST_2 : Operation 95 [1/1] (0.00ns)   --->   "%tile_out_7_addr = getelementptr i8 %tile_out_7, i64 0, i64 %zext_ln78_1" [cnn_accel.cpp:78]   --->   Operation 95 'getelementptr' 'tile_out_7_addr' <Predicate = (!icmp_ln67)> <Delay = 0.00>
ST_2 : Operation 96 [1/1] (0.00ns)   --->   "%tile_out_8_addr = getelementptr i8 %tile_out_8, i64 0, i64 %zext_ln78_1" [cnn_accel.cpp:78]   --->   Operation 96 'getelementptr' 'tile_out_8_addr' <Predicate = (!icmp_ln67)> <Delay = 0.00>
ST_2 : Operation 97 [1/1] (0.00ns)   --->   "%tile_out_9_addr = getelementptr i8 %tile_out_9, i64 0, i64 %zext_ln78_1" [cnn_accel.cpp:78]   --->   Operation 97 'getelementptr' 'tile_out_9_addr' <Predicate = (!icmp_ln67)> <Delay = 0.00>
ST_2 : Operation 98 [1/1] (0.00ns)   --->   "%tile_out_10_addr = getelementptr i8 %tile_out_10, i64 0, i64 %zext_ln78_1" [cnn_accel.cpp:78]   --->   Operation 98 'getelementptr' 'tile_out_10_addr' <Predicate = (!icmp_ln67)> <Delay = 0.00>
ST_2 : Operation 99 [1/1] (0.00ns)   --->   "%tile_out_11_addr = getelementptr i8 %tile_out_11, i64 0, i64 %zext_ln78_1" [cnn_accel.cpp:78]   --->   Operation 99 'getelementptr' 'tile_out_11_addr' <Predicate = (!icmp_ln67)> <Delay = 0.00>
ST_2 : Operation 100 [1/1] (0.00ns)   --->   "%tile_out_12_addr = getelementptr i8 %tile_out_12, i64 0, i64 %zext_ln78_1" [cnn_accel.cpp:78]   --->   Operation 100 'getelementptr' 'tile_out_12_addr' <Predicate = (!icmp_ln67)> <Delay = 0.00>
ST_2 : Operation 101 [1/1] (0.00ns)   --->   "%tile_out_13_addr = getelementptr i8 %tile_out_13, i64 0, i64 %zext_ln78_1" [cnn_accel.cpp:78]   --->   Operation 101 'getelementptr' 'tile_out_13_addr' <Predicate = (!icmp_ln67)> <Delay = 0.00>
ST_2 : Operation 102 [1/1] (0.00ns)   --->   "%tile_out_14_addr = getelementptr i8 %tile_out_14, i64 0, i64 %zext_ln78_1" [cnn_accel.cpp:78]   --->   Operation 102 'getelementptr' 'tile_out_14_addr' <Predicate = (!icmp_ln67)> <Delay = 0.00>
ST_2 : Operation 103 [1/1] (0.00ns)   --->   "%tile_out_15_addr = getelementptr i8 %tile_out_15, i64 0, i64 %zext_ln78_1" [cnn_accel.cpp:78]   --->   Operation 103 'getelementptr' 'tile_out_15_addr' <Predicate = (!icmp_ln67)> <Delay = 0.00>
ST_2 : Operation 104 [1/1] (0.00ns)   --->   "%zext_ln68 = zext i6 %select_ln67" [cnn_accel.cpp:68]   --->   Operation 104 'zext' 'zext_ln68' <Predicate = (!icmp_ln67)> <Delay = 0.00>
ST_2 : Operation 105 [1/1] (0.00ns)   --->   "%trunc_ln72 = trunc i6 %select_ln67" [cnn_accel.cpp:72]   --->   Operation 105 'trunc' 'trunc_ln72' <Predicate = (!icmp_ln67)> <Delay = 0.00>
ST_2 : Operation 106 [1/1] (2.66ns)   --->   "%add_ln72_2 = add i32 %zext_ln68, i32 %tx_cast" [cnn_accel.cpp:72]   --->   Operation 106 'add' 'add_ln72_2' <Predicate = (!icmp_ln67)> <Delay = 2.66> <CoreInst = "Adder">   --->   Core 1 'Adder' <Latency = 0> <II = 1> <Delay = 2.66> <FuncUnit> <Opcode : 'add' 'sub'> <InPorts = 2> <OutPorts = 1>
ST_2 : Operation 107 [1/1] (2.70ns)   --->   "%icmp_ln74 = icmp_slt  i32 %add_ln72_2, i32 %size_cast" [cnn_accel.cpp:74]   --->   Operation 107 'icmp' 'icmp_ln74' <Predicate = (!icmp_ln67)> <Delay = 2.70> <CoreInst = "Cmp">   --->   Core 9 'Cmp' <Latency = 0> <II = 1> <Delay = 2.70> <FuncUnit> <Opcode : 'seteq' 'setne' 'setle' 'setge' 'setlt' 'setgt'> <InPorts = 2> <OutPorts = 1>
ST_2 : Operation 108 [1/1] (0.97ns)   --->   "%and_ln74 = and i1 %cmp107, i1 %icmp_ln74" [cnn_accel.cpp:74]   --->   Operation 108 'and' 'and_ln74' <Predicate = (!icmp_ln67)> <Delay = 0.97> <CoreInst = "LogicGate">   --->   Core 74 'LogicGate' <Latency = 0> <II = 1> <Delay = 0.97> <FuncUnit> <Opcode : 'and' 'or' 'xor'> <InPorts = 2> <OutPorts = 1>
ST_2 : Operation 109 [1/1] (0.00ns)   --->   "%br_ln74 = br i1 %and_ln74, void %for.inc133, void %VITIS_LOOP_77_10" [cnn_accel.cpp:74]   --->   Operation 109 'br' 'br_ln74' <Predicate = (!icmp_ln67)> <Delay = 0.00>
ST_2 : Operation 110 [2/2] (3.25ns)   --->   "%tile_out_load = load i10 %tile_out_addr" [cnn_accel.cpp:78]   --->   Operation 110 'load' 'tile_out_load' <Predicate = (!icmp_ln67 & and_ln74)> <Delay = 3.25> <CoreInst = "RAM_T2P_BRAM">   --->   Core 93 'RAM_T2P_BRAM' <Latency = 1> <II = 1> <Delay = 3.25> <Storage> <Opcode : 'load' 'store'> <Ports = 2> <Width = 8> <Depth = 1024> <RAM>
ST_2 : Operation 111 [2/2] (3.25ns)   --->   "%tile_out_1_load = load i10 %tile_out_1_addr" [cnn_accel.cpp:78]   --->   Operation 111 'load' 'tile_out_1_load' <Predicate = (!icmp_ln67 & and_ln74)> <Delay = 3.25> <CoreInst = "RAM_T2P_BRAM">   --->   Core 93 'RAM_T2P_BRAM' <Latency = 1> <II = 1> <Delay = 3.25> <Storage> <Opcode : 'load' 'store'> <Ports = 2> <Width = 8> <Depth = 1024> <RAM>
ST_2 : Operation 112 [2/2] (3.25ns)   --->   "%tile_out_2_load = load i10 %tile_out_2_addr" [cnn_accel.cpp:78]   --->   Operation 112 'load' 'tile_out_2_load' <Predicate = (!icmp_ln67 & and_ln74)> <Delay = 3.25> <CoreInst = "RAM_T2P_BRAM">   --->   Core 93 'RAM_T2P_BRAM' <Latency = 1> <II = 1> <Delay = 3.25> <Storage> <Opcode : 'load' 'store'> <Ports = 2> <Width = 8> <Depth = 1024> <RAM>
ST_2 : Operation 113 [2/2] (3.25ns)   --->   "%tile_out_3_load = load i10 %tile_out_3_addr" [cnn_accel.cpp:78]   --->   Operation 113 'load' 'tile_out_3_load' <Predicate = (!icmp_ln67 & and_ln74)> <Delay = 3.25> <CoreInst = "RAM_T2P_BRAM">   --->   Core 93 'RAM_T2P_BRAM' <Latency = 1> <II = 1> <Delay = 3.25> <Storage> <Opcode : 'load' 'store'> <Ports = 2> <Width = 8> <Depth = 1024> <RAM>
ST_2 : Operation 114 [2/2] (3.25ns)   --->   "%tile_out_4_load = load i10 %tile_out_4_addr" [cnn_accel.cpp:78]   --->   Operation 114 'load' 'tile_out_4_load' <Predicate = (!icmp_ln67 & and_ln74)> <Delay = 3.25> <CoreInst = "RAM_T2P_BRAM">   --->   Core 93 'RAM_T2P_BRAM' <Latency = 1> <II = 1> <Delay = 3.25> <Storage> <Opcode : 'load' 'store'> <Ports = 2> <Width = 8> <Depth = 1024> <RAM>
ST_2 : Operation 115 [2/2] (3.25ns)   --->   "%tile_out_5_load = load i10 %tile_out_5_addr" [cnn_accel.cpp:78]   --->   Operation 115 'load' 'tile_out_5_load' <Predicate = (!icmp_ln67 & and_ln74)> <Delay = 3.25> <CoreInst = "RAM_T2P_BRAM">   --->   Core 93 'RAM_T2P_BRAM' <Latency = 1> <II = 1> <Delay = 3.25> <Storage> <Opcode : 'load' 'store'> <Ports = 2> <Width = 8> <Depth = 1024> <RAM>
ST_2 : Operation 116 [2/2] (3.25ns)   --->   "%tile_out_6_load = load i10 %tile_out_6_addr" [cnn_accel.cpp:78]   --->   Operation 116 'load' 'tile_out_6_load' <Predicate = (!icmp_ln67 & and_ln74)> <Delay = 3.25> <CoreInst = "RAM_T2P_BRAM">   --->   Core 93 'RAM_T2P_BRAM' <Latency = 1> <II = 1> <Delay = 3.25> <Storage> <Opcode : 'load' 'store'> <Ports = 2> <Width = 8> <Depth = 1024> <RAM>
ST_2 : Operation 117 [2/2] (3.25ns)   --->   "%tile_out_7_load = load i10 %tile_out_7_addr" [cnn_accel.cpp:78]   --->   Operation 117 'load' 'tile_out_7_load' <Predicate = (!icmp_ln67 & and_ln74)> <Delay = 3.25> <CoreInst = "RAM_T2P_BRAM">   --->   Core 93 'RAM_T2P_BRAM' <Latency = 1> <II = 1> <Delay = 3.25> <Storage> <Opcode : 'load' 'store'> <Ports = 2> <Width = 8> <Depth = 1024> <RAM>
ST_2 : Operation 118 [2/2] (3.25ns)   --->   "%tile_out_8_load = load i10 %tile_out_8_addr" [cnn_accel.cpp:78]   --->   Operation 118 'load' 'tile_out_8_load' <Predicate = (!icmp_ln67 & and_ln74)> <Delay = 3.25> <CoreInst = "RAM_T2P_BRAM">   --->   Core 93 'RAM_T2P_BRAM' <Latency = 1> <II = 1> <Delay = 3.25> <Storage> <Opcode : 'load' 'store'> <Ports = 2> <Width = 8> <Depth = 1024> <RAM>
ST_2 : Operation 119 [2/2] (3.25ns)   --->   "%tile_out_9_load = load i10 %tile_out_9_addr" [cnn_accel.cpp:78]   --->   Operation 119 'load' 'tile_out_9_load' <Predicate = (!icmp_ln67 & and_ln74)> <Delay = 3.25> <CoreInst = "RAM_T2P_BRAM">   --->   Core 93 'RAM_T2P_BRAM' <Latency = 1> <II = 1> <Delay = 3.25> <Storage> <Opcode : 'load' 'store'> <Ports = 2> <Width = 8> <Depth = 1024> <RAM>
ST_2 : Operation 120 [2/2] (3.25ns)   --->   "%tile_out_10_load = load i10 %tile_out_10_addr" [cnn_accel.cpp:78]   --->   Operation 120 'load' 'tile_out_10_load' <Predicate = (!icmp_ln67 & and_ln74)> <Delay = 3.25> <CoreInst = "RAM_T2P_BRAM">   --->   Core 93 'RAM_T2P_BRAM' <Latency = 1> <II = 1> <Delay = 3.25> <Storage> <Opcode : 'load' 'store'> <Ports = 2> <Width = 8> <Depth = 1024> <RAM>
ST_2 : Operation 121 [2/2] (3.25ns)   --->   "%tile_out_11_load = load i10 %tile_out_11_addr" [cnn_accel.cpp:78]   --->   Operation 121 'load' 'tile_out_11_load' <Predicate = (!icmp_ln67 & and_ln74)> <Delay = 3.25> <CoreInst = "RAM_T2P_BRAM">   --->   Core 93 'RAM_T2P_BRAM' <Latency = 1> <II = 1> <Delay = 3.25> <Storage> <Opcode : 'load' 'store'> <Ports = 2> <Width = 8> <Depth = 1024> <RAM>
ST_2 : Operation 122 [1/1] (1.94ns)   --->   "%add_ln68 = add i6 %select_ln67, i6 1" [cnn_accel.cpp:68]   --->   Operation 122 'add' 'add_ln68' <Predicate = (!icmp_ln67)> <Delay = 1.94> <CoreInst = "Adder">   --->   Core 1 'Adder' <Latency = 0> <II = 1> <Delay = 1.94> <FuncUnit> <Opcode : 'add' 'sub'> <InPorts = 2> <OutPorts = 1>
ST_2 : Operation 123 [1/1] (1.61ns)   --->   "%store_ln68 = store i6 %add_ln68, i6 %x" [cnn_accel.cpp:68]   --->   Operation 123 'store' 'store_ln68' <Predicate = (!icmp_ln67)> <Delay = 1.61>
ST_2 : Operation 124 [1/1] (0.00ns)   --->   "%br_ln68 = br void %for.body102" [cnn_accel.cpp:68]   --->   Operation 124 'br' 'br_ln68' <Predicate = (!icmp_ln67)> <Delay = 0.00>

State 3 <SV = 2> <Delay = 6.80>
ST_3 : Operation 125 [2/3] (6.80ns)   --->   "%empty_21 = mul i28 %select_ln67_1_cast3, i28 %tmp" [cnn_accel.cpp:67]   --->   Operation 125 'mul' 'empty_21' <Predicate = (!icmp_ln67)> <Delay = 6.80> <CoreInst = "Multiplier">   --->   Core 3 'Multiplier' <Latency = 2> <II = 1> <Delay = 6.80> <FuncUnit> <Opcode : 'mul'> <InPorts = 2> <OutPorts = 1>
ST_3 : Operation 126 [1/2] ( I:3.25ns O:3.25ns )   --->   "%tile_out_load = load i10 %tile_out_addr" [cnn_accel.cpp:78]   --->   Operation 126 'load' 'tile_out_load' <Predicate = (!icmp_ln67 & and_ln74)> <Delay = 3.25> <CoreInst = "RAM_T2P_BRAM">   --->   Core 93 'RAM_T2P_BRAM' <Latency = 1> <II = 1> <Delay = 3.25> <Storage> <Opcode : 'load' 'store'> <Ports = 2> <Width = 8> <Depth = 1024> <RAM>
ST_3 : Operation 127 [1/2] ( I:3.25ns O:3.25ns )   --->   "%tile_out_1_load = load i10 %tile_out_1_addr" [cnn_accel.cpp:78]   --->   Operation 127 'load' 'tile_out_1_load' <Predicate = (!icmp_ln67 & and_ln74)> <Delay = 3.25> <CoreInst = "RAM_T2P_BRAM">   --->   Core 93 'RAM_T2P_BRAM' <Latency = 1> <II = 1> <Delay = 3.25> <Storage> <Opcode : 'load' 'store'> <Ports = 2> <Width = 8> <Depth = 1024> <RAM>
ST_3 : Operation 128 [1/2] ( I:3.25ns O:3.25ns )   --->   "%tile_out_2_load = load i10 %tile_out_2_addr" [cnn_accel.cpp:78]   --->   Operation 128 'load' 'tile_out_2_load' <Predicate = (!icmp_ln67 & and_ln74)> <Delay = 3.25> <CoreInst = "RAM_T2P_BRAM">   --->   Core 93 'RAM_T2P_BRAM' <Latency = 1> <II = 1> <Delay = 3.25> <Storage> <Opcode : 'load' 'store'> <Ports = 2> <Width = 8> <Depth = 1024> <RAM>
ST_3 : Operation 129 [1/2] ( I:3.25ns O:3.25ns )   --->   "%tile_out_3_load = load i10 %tile_out_3_addr" [cnn_accel.cpp:78]   --->   Operation 129 'load' 'tile_out_3_load' <Predicate = (!icmp_ln67 & and_ln74)> <Delay = 3.25> <CoreInst = "RAM_T2P_BRAM">   --->   Core 93 'RAM_T2P_BRAM' <Latency = 1> <II = 1> <Delay = 3.25> <Storage> <Opcode : 'load' 'store'> <Ports = 2> <Width = 8> <Depth = 1024> <RAM>
ST_3 : Operation 130 [1/2] ( I:3.25ns O:3.25ns )   --->   "%tile_out_4_load = load i10 %tile_out_4_addr" [cnn_accel.cpp:78]   --->   Operation 130 'load' 'tile_out_4_load' <Predicate = (!icmp_ln67 & and_ln74)> <Delay = 3.25> <CoreInst = "RAM_T2P_BRAM">   --->   Core 93 'RAM_T2P_BRAM' <Latency = 1> <II = 1> <Delay = 3.25> <Storage> <Opcode : 'load' 'store'> <Ports = 2> <Width = 8> <Depth = 1024> <RAM>
ST_3 : Operation 131 [1/2] ( I:3.25ns O:3.25ns )   --->   "%tile_out_5_load = load i10 %tile_out_5_addr" [cnn_accel.cpp:78]   --->   Operation 131 'load' 'tile_out_5_load' <Predicate = (!icmp_ln67 & and_ln74)> <Delay = 3.25> <CoreInst = "RAM_T2P_BRAM">   --->   Core 93 'RAM_T2P_BRAM' <Latency = 1> <II = 1> <Delay = 3.25> <Storage> <Opcode : 'load' 'store'> <Ports = 2> <Width = 8> <Depth = 1024> <RAM>
ST_3 : Operation 132 [1/2] ( I:3.25ns O:3.25ns )   --->   "%tile_out_6_load = load i10 %tile_out_6_addr" [cnn_accel.cpp:78]   --->   Operation 132 'load' 'tile_out_6_load' <Predicate = (!icmp_ln67 & and_ln74)> <Delay = 3.25> <CoreInst = "RAM_T2P_BRAM">   --->   Core 93 'RAM_T2P_BRAM' <Latency = 1> <II = 1> <Delay = 3.25> <Storage> <Opcode : 'load' 'store'> <Ports = 2> <Width = 8> <Depth = 1024> <RAM>
ST_3 : Operation 133 [1/2] ( I:3.25ns O:3.25ns )   --->   "%tile_out_7_load = load i10 %tile_out_7_addr" [cnn_accel.cpp:78]   --->   Operation 133 'load' 'tile_out_7_load' <Predicate = (!icmp_ln67 & and_ln74)> <Delay = 3.25> <CoreInst = "RAM_T2P_BRAM">   --->   Core 93 'RAM_T2P_BRAM' <Latency = 1> <II = 1> <Delay = 3.25> <Storage> <Opcode : 'load' 'store'> <Ports = 2> <Width = 8> <Depth = 1024> <RAM>
ST_3 : Operation 134 [1/2] ( I:3.25ns O:3.25ns )   --->   "%tile_out_8_load = load i10 %tile_out_8_addr" [cnn_accel.cpp:78]   --->   Operation 134 'load' 'tile_out_8_load' <Predicate = (!icmp_ln67 & and_ln74)> <Delay = 3.25> <CoreInst = "RAM_T2P_BRAM">   --->   Core 93 'RAM_T2P_BRAM' <Latency = 1> <II = 1> <Delay = 3.25> <Storage> <Opcode : 'load' 'store'> <Ports = 2> <Width = 8> <Depth = 1024> <RAM>
ST_3 : Operation 135 [1/2] ( I:3.25ns O:3.25ns )   --->   "%tile_out_9_load = load i10 %tile_out_9_addr" [cnn_accel.cpp:78]   --->   Operation 135 'load' 'tile_out_9_load' <Predicate = (!icmp_ln67 & and_ln74)> <Delay = 3.25> <CoreInst = "RAM_T2P_BRAM">   --->   Core 93 'RAM_T2P_BRAM' <Latency = 1> <II = 1> <Delay = 3.25> <Storage> <Opcode : 'load' 'store'> <Ports = 2> <Width = 8> <Depth = 1024> <RAM>
ST_3 : Operation 136 [1/2] ( I:3.25ns O:3.25ns )   --->   "%tile_out_10_load = load i10 %tile_out_10_addr" [cnn_accel.cpp:78]   --->   Operation 136 'load' 'tile_out_10_load' <Predicate = (!icmp_ln67 & and_ln74)> <Delay = 3.25> <CoreInst = "RAM_T2P_BRAM">   --->   Core 93 'RAM_T2P_BRAM' <Latency = 1> <II = 1> <Delay = 3.25> <Storage> <Opcode : 'load' 'store'> <Ports = 2> <Width = 8> <Depth = 1024> <RAM>
ST_3 : Operation 137 [1/2] ( I:3.25ns O:3.25ns )   --->   "%tile_out_11_load = load i10 %tile_out_11_addr" [cnn_accel.cpp:78]   --->   Operation 137 'load' 'tile_out_11_load' <Predicate = (!icmp_ln67 & and_ln74)> <Delay = 3.25> <CoreInst = "RAM_T2P_BRAM">   --->   Core 93 'RAM_T2P_BRAM' <Latency = 1> <II = 1> <Delay = 3.25> <Storage> <Opcode : 'load' 'store'> <Ports = 2> <Width = 8> <Depth = 1024> <RAM>

State 4 <SV = 3> <Delay = 6.80>
ST_4 : Operation 138 [1/3] (6.80ns)   --->   "%empty_21 = mul i28 %select_ln67_1_cast3, i28 %tmp" [cnn_accel.cpp:67]   --->   Operation 138 'mul' 'empty_21' <Predicate = (!icmp_ln67)> <Delay = 6.80> <CoreInst = "Multiplier">   --->   Core 3 'Multiplier' <Latency = 2> <II = 1> <Delay = 6.80> <FuncUnit> <Opcode : 'mul'> <InPorts = 2> <OutPorts = 1>

State 5 <SV = 4> <Delay = 7.20>
ST_5 : Operation 139 [1/1] (0.00ns)   --->   "%tmp_7 = bitconcatenate i32 @_ssdm_op_BitConcatenate.i32.i28.i4, i28 %empty_21, i4 0" [cnn_accel.cpp:67]   --->   Operation 139 'bitconcatenate' 'tmp_7' <Predicate = (!icmp_ln67)> <Delay = 0.00>
ST_5 : Operation 140 [1/1] (2.70ns)   --->   "%tmp6 = add i32 %shl_ln_read, i32 %tmp_7" [cnn_accel.cpp:67]   --->   Operation 140 'add' 'tmp6' <Predicate = (!icmp_ln67)> <Delay = 2.70> <CoreInst = "Adder">   --->   Core 1 'Adder' <Latency = 0> <II = 1> <Delay = 2.70> <FuncUnit> <Opcode : 'add' 'sub'> <InPorts = 2> <OutPorts = 1>
ST_5 : Operation 141 [1/1] (0.00ns) (grouped into TernaryAdder)   --->   "%add_ln72_3 = add i32 %tmp6, i32 %shl_ln1_read" [cnn_accel.cpp:72]   --->   Operation 141 'add' 'add_ln72_3' <Predicate = (!icmp_ln67)> <Delay = 0.00> <CoreInst = "TAddSub">   --->   Core 10 'TAddSub' <Latency = 0> <II = 1> <Delay = 2.25> <IPBlock> <Opcode : '' 'add' 'sub'> <InPorts = 3> <OutPorts = 1> <Sync> <CReg>
ST_5 : Operation 142 [1/1] (0.00ns)   --->   "%shl_ln2 = bitconcatenate i9 @_ssdm_op_BitConcatenate.i9.i5.i4, i5 %trunc_ln72, i4 0" [cnn_accel.cpp:72]   --->   Operation 142 'bitconcatenate' 'shl_ln2' <Predicate = (!icmp_ln67)> <Delay = 0.00>
ST_5 : Operation 143 [1/1] (0.00ns)   --->   "%zext_ln72 = zext i9 %shl_ln2" [cnn_accel.cpp:72]   --->   Operation 143 'zext' 'zext_ln72' <Predicate = (!icmp_ln67)> <Delay = 0.00>
ST_5 : Operation 144 [1/1] (4.50ns) (root node of TernaryAdder)   --->   "%add_ln72 = add i32 %add_ln72_3, i32 %zext_ln72" [cnn_accel.cpp:72]   --->   Operation 144 'add' 'add_ln72' <Predicate = (!icmp_ln67)> <Delay = 4.50> <CoreInst = "TAddSub">   --->   Core 10 'TAddSub' <Latency = 0> <II = 1> <Delay = 2.25> <IPBlock> <Opcode : '' 'add' 'sub'> <InPorts = 3> <OutPorts = 1> <Sync> <CReg>

State 6 <SV = 5> <Delay = 3.56>
ST_6 : Operation 145 [1/1] (0.00ns)   --->   "%specloopname_ln0 = specloopname void @_ssdm_op_SpecLoopName, void @VITIS_LOOP_67_8_VITIS_LOOP_68_9_str"   --->   Operation 145 'specloopname' 'specloopname_ln0' <Predicate = (!icmp_ln67)> <Delay = 0.00>
ST_6 : Operation 146 [1/1] (0.00ns)   --->   "%speclooptripcount_ln0 = speclooptripcount void @_ssdm_op_SpecLoopTripCount, i64 1024, i64 1024, i64 1024"   --->   Operation 146 'speclooptripcount' 'speclooptripcount_ln0' <Predicate = (!icmp_ln67)> <Delay = 0.00>
ST_6 : Operation 147 [1/1] (0.00ns)   --->   "%specpipeline_ln69 = specpipeline void @_ssdm_op_SpecPipeline, i32 4294967295, i32 0, i32 0, i32 0, void @empty_1" [cnn_accel.cpp:69]   --->   Operation 147 'specpipeline' 'specpipeline_ln69' <Predicate = (!icmp_ln67)> <Delay = 0.00>
ST_6 : Operation 148 [1/1] (0.00ns)   --->   "%sext_ln72 = sext i32 %add_ln72" [cnn_accel.cpp:72]   --->   Operation 148 'sext' 'sext_ln72' <Predicate = (!icmp_ln67)> <Delay = 0.00>
ST_6 : Operation 149 [1/1] (3.56ns)   --->   "%add_ln72_1 = add i64 %sext_ln72, i64 %output_r_read" [cnn_accel.cpp:72]   --->   Operation 149 'add' 'add_ln72_1' <Predicate = (!icmp_ln67)> <Delay = 3.56> <CoreInst = "Adder">   --->   Core 1 'Adder' <Latency = 0> <II = 1> <Delay = 3.56> <FuncUnit> <Opcode : 'add' 'sub'> <InPorts = 2> <OutPorts = 1>
ST_6 : Operation 150 [1/1] (0.00ns)   --->   "%gmem_addr = getelementptr i8 %gmem, i64 %add_ln72_1" [cnn_accel.cpp:80]   --->   Operation 150 'getelementptr' 'gmem_addr' <Predicate = (!icmp_ln67 & and_ln74)> <Delay = 0.00>

State 7 <SV = 6> <Delay = 7.30>
ST_7 : Operation 151 [1/1] (7.30ns)   --->   "%empty_23 = writereq i1 @_ssdm_op_WriteReq.m_axi.p1i8, i8 %gmem_addr, i64 16" [cnn_accel.cpp:80]   --->   Operation 151 'writereq' 'empty_23' <Predicate = (!icmp_ln67 & and_ln74)> <Delay = 7.30> <CoreInst = "m_axi">   --->   Core 111 'm_axi' <Latency = 9> <II = 1> <Delay = 1.00> <Adapter> <Opcode : 'read' 'write' 'readreq' 'writereq' 'writeresp'>

State 8 <SV = 7> <Delay = 7.30>
ST_8 : Operation 152 [1/1] (7.30ns)   --->   "%write_ln80 = write void @_ssdm_op_Write.m_axi.p1i8, i8 %gmem_addr, i8 %tile_out_load, i1 1" [cnn_accel.cpp:80]   --->   Operation 152 'write' 'write_ln80' <Predicate = (!icmp_ln67 & and_ln74)> <Delay = 7.30> <CoreInst = "m_axi">   --->   Core 111 'm_axi' <Latency = 5> <II = 1> <Delay = 1.00> <Adapter> <Opcode : 'read' 'write' 'readreq' 'writereq' 'writeresp'>

State 9 <SV = 8> <Delay = 7.30>
ST_9 : Operation 153 [1/1] (7.30ns)   --->   "%write_ln80 = write void @_ssdm_op_Write.m_axi.p1i8, i8 %gmem_addr, i8 %tile_out_1_load, i1 1" [cnn_accel.cpp:80]   --->   Operation 153 'write' 'write_ln80' <Predicate = (!icmp_ln67 & and_ln74)> <Delay = 7.30> <CoreInst = "m_axi">   --->   Core 111 'm_axi' <Latency = 5> <II = 1> <Delay = 1.00> <Adapter> <Opcode : 'read' 'write' 'readreq' 'writereq' 'writeresp'>

State 10 <SV = 9> <Delay = 7.30>
ST_10 : Operation 154 [1/1] (7.30ns)   --->   "%write_ln80 = write void @_ssdm_op_Write.m_axi.p1i8, i8 %gmem_addr, i8 %tile_out_2_load, i1 1" [cnn_accel.cpp:80]   --->   Operation 154 'write' 'write_ln80' <Predicate = (!icmp_ln67 & and_ln74)> <Delay = 7.30> <CoreInst = "m_axi">   --->   Core 111 'm_axi' <Latency = 5> <II = 1> <Delay = 1.00> <Adapter> <Opcode : 'read' 'write' 'readreq' 'writereq' 'writeresp'>

State 11 <SV = 10> <Delay = 7.30>
ST_11 : Operation 155 [1/1] (7.30ns)   --->   "%write_ln80 = write void @_ssdm_op_Write.m_axi.p1i8, i8 %gmem_addr, i8 %tile_out_3_load, i1 1" [cnn_accel.cpp:80]   --->   Operation 155 'write' 'write_ln80' <Predicate = (!icmp_ln67 & and_ln74)> <Delay = 7.30> <CoreInst = "m_axi">   --->   Core 111 'm_axi' <Latency = 5> <II = 1> <Delay = 1.00> <Adapter> <Opcode : 'read' 'write' 'readreq' 'writereq' 'writeresp'>

State 12 <SV = 11> <Delay = 7.30>
ST_12 : Operation 156 [1/1] (7.30ns)   --->   "%write_ln80 = write void @_ssdm_op_Write.m_axi.p1i8, i8 %gmem_addr, i8 %tile_out_4_load, i1 1" [cnn_accel.cpp:80]   --->   Operation 156 'write' 'write_ln80' <Predicate = (!icmp_ln67 & and_ln74)> <Delay = 7.30> <CoreInst = "m_axi">   --->   Core 111 'm_axi' <Latency = 5> <II = 1> <Delay = 1.00> <Adapter> <Opcode : 'read' 'write' 'readreq' 'writereq' 'writeresp'>
ST_12 : Operation 182 [1/1] (1.61ns)   --->   "%ret_ln0 = ret"   --->   Operation 182 'ret' 'ret_ln0' <Predicate = (icmp_ln67)> <Delay = 1.61>

State 13 <SV = 12> <Delay = 7.30>
ST_13 : Operation 157 [1/1] (7.30ns)   --->   "%write_ln80 = write void @_ssdm_op_Write.m_axi.p1i8, i8 %gmem_addr, i8 %tile_out_5_load, i1 1" [cnn_accel.cpp:80]   --->   Operation 157 'write' 'write_ln80' <Predicate = (!icmp_ln67 & and_ln74)> <Delay = 7.30> <CoreInst = "m_axi">   --->   Core 111 'm_axi' <Latency = 5> <II = 1> <Delay = 1.00> <Adapter> <Opcode : 'read' 'write' 'readreq' 'writereq' 'writeresp'>

State 14 <SV = 13> <Delay = 7.30>
ST_14 : Operation 158 [1/1] (7.30ns)   --->   "%write_ln80 = write void @_ssdm_op_Write.m_axi.p1i8, i8 %gmem_addr, i8 %tile_out_6_load, i1 1" [cnn_accel.cpp:80]   --->   Operation 158 'write' 'write_ln80' <Predicate = (!icmp_ln67 & and_ln74)> <Delay = 7.30> <CoreInst = "m_axi">   --->   Core 111 'm_axi' <Latency = 5> <II = 1> <Delay = 1.00> <Adapter> <Opcode : 'read' 'write' 'readreq' 'writereq' 'writeresp'>

State 15 <SV = 14> <Delay = 7.30>
ST_15 : Operation 159 [1/1] (7.30ns)   --->   "%write_ln80 = write void @_ssdm_op_Write.m_axi.p1i8, i8 %gmem_addr, i8 %tile_out_7_load, i1 1" [cnn_accel.cpp:80]   --->   Operation 159 'write' 'write_ln80' <Predicate = (!icmp_ln67 & and_ln74)> <Delay = 7.30> <CoreInst = "m_axi">   --->   Core 111 'm_axi' <Latency = 5> <II = 1> <Delay = 1.00> <Adapter> <Opcode : 'read' 'write' 'readreq' 'writereq' 'writeresp'>

State 16 <SV = 15> <Delay = 7.30>
ST_16 : Operation 160 [1/1] (7.30ns)   --->   "%write_ln80 = write void @_ssdm_op_Write.m_axi.p1i8, i8 %gmem_addr, i8 %tile_out_8_load, i1 1" [cnn_accel.cpp:80]   --->   Operation 160 'write' 'write_ln80' <Predicate = (!icmp_ln67 & and_ln74)> <Delay = 7.30> <CoreInst = "m_axi">   --->   Core 111 'm_axi' <Latency = 5> <II = 1> <Delay = 1.00> <Adapter> <Opcode : 'read' 'write' 'readreq' 'writereq' 'writeresp'>

State 17 <SV = 16> <Delay = 7.30>
ST_17 : Operation 161 [1/1] (7.30ns)   --->   "%write_ln80 = write void @_ssdm_op_Write.m_axi.p1i8, i8 %gmem_addr, i8 %tile_out_9_load, i1 1" [cnn_accel.cpp:80]   --->   Operation 161 'write' 'write_ln80' <Predicate = (and_ln74)> <Delay = 7.30> <CoreInst = "m_axi">   --->   Core 111 'm_axi' <Latency = 5> <II = 1> <Delay = 1.00> <Adapter> <Opcode : 'read' 'write' 'readreq' 'writereq' 'writeresp'>

State 18 <SV = 17> <Delay = 7.30>
ST_18 : Operation 162 [2/2] (3.25ns)   --->   "%tile_out_12_load = load i10 %tile_out_12_addr" [cnn_accel.cpp:78]   --->   Operation 162 'load' 'tile_out_12_load' <Predicate = (and_ln74)> <Delay = 3.25> <CoreInst = "RAM_T2P_BRAM">   --->   Core 93 'RAM_T2P_BRAM' <Latency = 1> <II = 1> <Delay = 3.25> <Storage> <Opcode : 'load' 'store'> <Ports = 2> <Width = 8> <Depth = 1024> <RAM>
ST_18 : Operation 163 [2/2] (3.25ns)   --->   "%tile_out_13_load = load i10 %tile_out_13_addr" [cnn_accel.cpp:78]   --->   Operation 163 'load' 'tile_out_13_load' <Predicate = (and_ln74)> <Delay = 3.25> <CoreInst = "RAM_T2P_BRAM">   --->   Core 93 'RAM_T2P_BRAM' <Latency = 1> <II = 1> <Delay = 3.25> <Storage> <Opcode : 'load' 'store'> <Ports = 2> <Width = 8> <Depth = 1024> <RAM>
ST_18 : Operation 164 [2/2] (3.25ns)   --->   "%tile_out_14_load = load i10 %tile_out_14_addr" [cnn_accel.cpp:78]   --->   Operation 164 'load' 'tile_out_14_load' <Predicate = (and_ln74)> <Delay = 3.25> <CoreInst = "RAM_T2P_BRAM">   --->   Core 93 'RAM_T2P_BRAM' <Latency = 1> <II = 1> <Delay = 3.25> <Storage> <Opcode : 'load' 'store'> <Ports = 2> <Width = 8> <Depth = 1024> <RAM>
ST_18 : Operation 165 [2/2] (3.25ns)   --->   "%tile_out_15_load = load i10 %tile_out_15_addr" [cnn_accel.cpp:78]   --->   Operation 165 'load' 'tile_out_15_load' <Predicate = (and_ln74)> <Delay = 3.25> <CoreInst = "RAM_T2P_BRAM">   --->   Core 93 'RAM_T2P_BRAM' <Latency = 1> <II = 1> <Delay = 3.25> <Storage> <Opcode : 'load' 'store'> <Ports = 2> <Width = 8> <Depth = 1024> <RAM>
ST_18 : Operation 166 [1/1] (7.30ns)   --->   "%write_ln80 = write void @_ssdm_op_Write.m_axi.p1i8, i8 %gmem_addr, i8 %tile_out_10_load, i1 1" [cnn_accel.cpp:80]   --->   Operation 166 'write' 'write_ln80' <Predicate = (and_ln74)> <Delay = 7.30> <CoreInst = "m_axi">   --->   Core 111 'm_axi' <Latency = 5> <II = 1> <Delay = 1.00> <Adapter> <Opcode : 'read' 'write' 'readreq' 'writereq' 'writeresp'>

State 19 <SV = 18> <Delay = 7.30>
ST_19 : Operation 167 [1/2] ( I:3.25ns O:3.25ns )   --->   "%tile_out_12_load = load i10 %tile_out_12_addr" [cnn_accel.cpp:78]   --->   Operation 167 'load' 'tile_out_12_load' <Predicate = (and_ln74)> <Delay = 3.25> <CoreInst = "RAM_T2P_BRAM">   --->   Core 93 'RAM_T2P_BRAM' <Latency = 1> <II = 1> <Delay = 3.25> <Storage> <Opcode : 'load' 'store'> <Ports = 2> <Width = 8> <Depth = 1024> <RAM>
ST_19 : Operation 168 [1/2] ( I:3.25ns O:3.25ns )   --->   "%tile_out_13_load = load i10 %tile_out_13_addr" [cnn_accel.cpp:78]   --->   Operation 168 'load' 'tile_out_13_load' <Predicate = (and_ln74)> <Delay = 3.25> <CoreInst = "RAM_T2P_BRAM">   --->   Core 93 'RAM_T2P_BRAM' <Latency = 1> <II = 1> <Delay = 3.25> <Storage> <Opcode : 'load' 'store'> <Ports = 2> <Width = 8> <Depth = 1024> <RAM>
ST_19 : Operation 169 [1/2] ( I:3.25ns O:3.25ns )   --->   "%tile_out_14_load = load i10 %tile_out_14_addr" [cnn_accel.cpp:78]   --->   Operation 169 'load' 'tile_out_14_load' <Predicate = (and_ln74)> <Delay = 3.25> <CoreInst = "RAM_T2P_BRAM">   --->   Core 93 'RAM_T2P_BRAM' <Latency = 1> <II = 1> <Delay = 3.25> <Storage> <Opcode : 'load' 'store'> <Ports = 2> <Width = 8> <Depth = 1024> <RAM>
ST_19 : Operation 170 [1/2] ( I:3.25ns O:3.25ns )   --->   "%tile_out_15_load = load i10 %tile_out_15_addr" [cnn_accel.cpp:78]   --->   Operation 170 'load' 'tile_out_15_load' <Predicate = (and_ln74)> <Delay = 3.25> <CoreInst = "RAM_T2P_BRAM">   --->   Core 93 'RAM_T2P_BRAM' <Latency = 1> <II = 1> <Delay = 3.25> <Storage> <Opcode : 'load' 'store'> <Ports = 2> <Width = 8> <Depth = 1024> <RAM>
ST_19 : Operation 171 [1/1] (7.30ns)   --->   "%write_ln80 = write void @_ssdm_op_Write.m_axi.p1i8, i8 %gmem_addr, i8 %tile_out_11_load, i1 1" [cnn_accel.cpp:80]   --->   Operation 171 'write' 'write_ln80' <Predicate = (and_ln74)> <Delay = 7.30> <CoreInst = "m_axi">   --->   Core 111 'm_axi' <Latency = 5> <II = 1> <Delay = 1.00> <Adapter> <Opcode : 'read' 'write' 'readreq' 'writereq' 'writeresp'>

State 20 <SV = 19> <Delay = 7.30>
ST_20 : Operation 172 [1/1] (7.30ns)   --->   "%write_ln80 = write void @_ssdm_op_Write.m_axi.p1i8, i8 %gmem_addr, i8 %tile_out_12_load, i1 1" [cnn_accel.cpp:80]   --->   Operation 172 'write' 'write_ln80' <Predicate = (and_ln74)> <Delay = 7.30> <CoreInst = "m_axi">   --->   Core 111 'm_axi' <Latency = 5> <II = 1> <Delay = 1.00> <Adapter> <Opcode : 'read' 'write' 'readreq' 'writereq' 'writeresp'>

State 21 <SV = 20> <Delay = 7.30>
ST_21 : Operation 173 [1/1] (7.30ns)   --->   "%write_ln80 = write void @_ssdm_op_Write.m_axi.p1i8, i8 %gmem_addr, i8 %tile_out_13_load, i1 1" [cnn_accel.cpp:80]   --->   Operation 173 'write' 'write_ln80' <Predicate = (and_ln74)> <Delay = 7.30> <CoreInst = "m_axi">   --->   Core 111 'm_axi' <Latency = 5> <II = 1> <Delay = 1.00> <Adapter> <Opcode : 'read' 'write' 'readreq' 'writereq' 'writeresp'>

State 22 <SV = 21> <Delay = 7.30>
ST_22 : Operation 174 [1/1] (7.30ns)   --->   "%write_ln80 = write void @_ssdm_op_Write.m_axi.p1i8, i8 %gmem_addr, i8 %tile_out_14_load, i1 1" [cnn_accel.cpp:80]   --->   Operation 174 'write' 'write_ln80' <Predicate = (and_ln74)> <Delay = 7.30> <CoreInst = "m_axi">   --->   Core 111 'm_axi' <Latency = 5> <II = 1> <Delay = 1.00> <Adapter> <Opcode : 'read' 'write' 'readreq' 'writereq' 'writeresp'>

State 23 <SV = 22> <Delay = 7.30>
ST_23 : Operation 175 [1/1] (7.30ns)   --->   "%write_ln80 = write void @_ssdm_op_Write.m_axi.p1i8, i8 %gmem_addr, i8 %tile_out_15_load, i1 1" [cnn_accel.cpp:80]   --->   Operation 175 'write' 'write_ln80' <Predicate = (and_ln74)> <Delay = 7.30> <CoreInst = "m_axi">   --->   Core 111 'm_axi' <Latency = 5> <II = 1> <Delay = 1.00> <Adapter> <Opcode : 'read' 'write' 'readreq' 'writereq' 'writeresp'>

State 24 <SV = 23> <Delay = 7.30>
ST_24 : Operation 176 [5/5] (7.30ns)   --->   "%empty_24 = writeresp i1 @_ssdm_op_WriteResp.m_axi.p1i8, i8 %gmem_addr" [cnn_accel.cpp:80]   --->   Operation 176 'writeresp' 'empty_24' <Predicate = (and_ln74)> <Delay = 7.30> <CoreInst = "m_axi">   --->   Core 111 'm_axi' <Latency = 3> <II = 1> <Delay = 1.00> <Adapter> <Opcode : 'read' 'write' 'readreq' 'writereq' 'writeresp'>

State 25 <SV = 24> <Delay = 7.30>
ST_25 : Operation 177 [4/5] (7.30ns)   --->   "%empty_24 = writeresp i1 @_ssdm_op_WriteResp.m_axi.p1i8, i8 %gmem_addr" [cnn_accel.cpp:80]   --->   Operation 177 'writeresp' 'empty_24' <Predicate = (and_ln74)> <Delay = 7.30> <CoreInst = "m_axi">   --->   Core 111 'm_axi' <Latency = 3> <II = 1> <Delay = 1.00> <Adapter> <Opcode : 'read' 'write' 'readreq' 'writereq' 'writeresp'>

State 26 <SV = 25> <Delay = 7.30>
ST_26 : Operation 178 [3/5] (7.30ns)   --->   "%empty_24 = writeresp i1 @_ssdm_op_WriteResp.m_axi.p1i8, i8 %gmem_addr" [cnn_accel.cpp:80]   --->   Operation 178 'writeresp' 'empty_24' <Predicate = (and_ln74)> <Delay = 7.30> <CoreInst = "m_axi">   --->   Core 111 'm_axi' <Latency = 3> <II = 1> <Delay = 1.00> <Adapter> <Opcode : 'read' 'write' 'readreq' 'writereq' 'writeresp'>

State 27 <SV = 26> <Delay = 7.30>
ST_27 : Operation 179 [2/5] (7.30ns)   --->   "%empty_24 = writeresp i1 @_ssdm_op_WriteResp.m_axi.p1i8, i8 %gmem_addr" [cnn_accel.cpp:80]   --->   Operation 179 'writeresp' 'empty_24' <Predicate = (and_ln74)> <Delay = 7.30> <CoreInst = "m_axi">   --->   Core 111 'm_axi' <Latency = 3> <II = 1> <Delay = 1.00> <Adapter> <Opcode : 'read' 'write' 'readreq' 'writereq' 'writeresp'>

State 28 <SV = 27> <Delay = 7.30>
ST_28 : Operation 180 [1/5] (7.30ns)   --->   "%empty_24 = writeresp i1 @_ssdm_op_WriteResp.m_axi.p1i8, i8 %gmem_addr" [cnn_accel.cpp:80]   --->   Operation 180 'writeresp' 'empty_24' <Predicate = (and_ln74)> <Delay = 7.30> <CoreInst = "m_axi">   --->   Core 111 'm_axi' <Latency = 3> <II = 1> <Delay = 1.00> <Adapter> <Opcode : 'read' 'write' 'readreq' 'writereq' 'writeresp'>
ST_28 : Operation 181 [1/1] (0.00ns)   --->   "%br_ln80 = br void %for.inc133" [cnn_accel.cpp:80]   --->   Operation 181 'br' 'br_ln80' <Predicate = (and_ln74)> <Delay = 0.00>


============================================================
+ Verbose Summary: Timing violations
============================================================
Target clock period: 10.000ns, clock uncertainty: 2.700ns.

 <State 1>: 5.835ns
The critical path consists of the following:
	'store' operation 0 bit ('store_ln67', cnn_accel.cpp:67) of constant 0 on local variable 'y', cnn_accel.cpp:67 [56]  (1.610 ns)
	'load' operation 6 bit ('y_load', cnn_accel.cpp:67) on local variable 'y', cnn_accel.cpp:67 [67]  (0.000 ns)
	'add' operation 6 bit ('add_ln67', cnn_accel.cpp:67) [68]  (1.946 ns)
	'select' operation 6 bit ('select_ln67_1', cnn_accel.cpp:67) [73]  (0.669 ns)
	'store' operation 0 bit ('store_ln67', cnn_accel.cpp:67) of variable 'select_ln67_1', cnn_accel.cpp:67 on local variable 'y', cnn_accel.cpp:67 [155]  (1.610 ns)

 <State 2>: 7.016ns
The critical path consists of the following:
	'select' operation 6 bit ('select_ln67', cnn_accel.cpp:67) [72]  (0.669 ns)
	'add' operation 32 bit ('add_ln72_2', cnn_accel.cpp:72) [111]  (2.667 ns)
	'icmp' operation 1 bit ('icmp_ln74', cnn_accel.cpp:74) [112]  (2.702 ns)
	'and' operation 1 bit ('and_ln74', cnn_accel.cpp:74) [113]  (0.978 ns)

 <State 3>: 6.800ns
The critical path consists of the following:
	'mul' operation 28 bit ('empty_21', cnn_accel.cpp:67) [78]  (6.800 ns)

 <State 4>: 6.800ns
The critical path consists of the following:
	'mul' operation 28 bit ('empty_21', cnn_accel.cpp:67) [78]  (6.800 ns)

 <State 5>: 7.207ns
The critical path consists of the following:
	'add' operation 32 bit ('tmp6', cnn_accel.cpp:67) [80]  (2.702 ns)
	'add' operation 32 bit ('add_ln72_3', cnn_accel.cpp:72) [81]  (0.000 ns)
	'add' operation 32 bit ('add_ln72', cnn_accel.cpp:72) [108]  (4.505 ns)

 <State 6>: 3.560ns
The critical path consists of the following:
	'add' operation 64 bit ('add_ln72_1', cnn_accel.cpp:72) [110]  (3.560 ns)
	'getelementptr' operation 8 bit ('gmem_addr', cnn_accel.cpp:80) [132]  (0.000 ns)

 <State 7>: 7.300ns
The critical path consists of the following:
	bus request operation ('empty_23', cnn_accel.cpp:80) on port 'gmem' (cnn_accel.cpp:80) [133]  (7.300 ns)

 <State 8>: 7.300ns
The critical path consists of the following:
	bus write operation ('write_ln80', cnn_accel.cpp:80) on port 'gmem' (cnn_accel.cpp:80) [134]  (7.300 ns)

 <State 9>: 7.300ns
The critical path consists of the following:
	bus write operation ('write_ln80', cnn_accel.cpp:80) on port 'gmem' (cnn_accel.cpp:80) [135]  (7.300 ns)

 <State 10>: 7.300ns
The critical path consists of the following:
	bus write operation ('write_ln80', cnn_accel.cpp:80) on port 'gmem' (cnn_accel.cpp:80) [136]  (7.300 ns)

 <State 11>: 7.300ns
The critical path consists of the following:
	bus write operation ('write_ln80', cnn_accel.cpp:80) on port 'gmem' (cnn_accel.cpp:80) [137]  (7.300 ns)

 <State 12>: 7.300ns
The critical path consists of the following:
	bus write operation ('write_ln80', cnn_accel.cpp:80) on port 'gmem' (cnn_accel.cpp:80) [138]  (7.300 ns)

 <State 13>: 7.300ns
The critical path consists of the following:
	bus write operation ('write_ln80', cnn_accel.cpp:80) on port 'gmem' (cnn_accel.cpp:80) [139]  (7.300 ns)

 <State 14>: 7.300ns
The critical path consists of the following:
	bus write operation ('write_ln80', cnn_accel.cpp:80) on port 'gmem' (cnn_accel.cpp:80) [140]  (7.300 ns)

 <State 15>: 7.300ns
The critical path consists of the following:
	bus write operation ('write_ln80', cnn_accel.cpp:80) on port 'gmem' (cnn_accel.cpp:80) [141]  (7.300 ns)

 <State 16>: 7.300ns
The critical path consists of the following:
	bus write operation ('write_ln80', cnn_accel.cpp:80) on port 'gmem' (cnn_accel.cpp:80) [142]  (7.300 ns)

 <State 17>: 7.300ns
The critical path consists of the following:
	bus write operation ('write_ln80', cnn_accel.cpp:80) on port 'gmem' (cnn_accel.cpp:80) [143]  (7.300 ns)

 <State 18>: 7.300ns
The critical path consists of the following:
	bus write operation ('write_ln80', cnn_accel.cpp:80) on port 'gmem' (cnn_accel.cpp:80) [144]  (7.300 ns)

 <State 19>: 7.300ns
The critical path consists of the following:
	bus write operation ('write_ln80', cnn_accel.cpp:80) on port 'gmem' (cnn_accel.cpp:80) [145]  (7.300 ns)

 <State 20>: 7.300ns
The critical path consists of the following:
	bus write operation ('write_ln80', cnn_accel.cpp:80) on port 'gmem' (cnn_accel.cpp:80) [146]  (7.300 ns)

 <State 21>: 7.300ns
The critical path consists of the following:
	bus write operation ('write_ln80', cnn_accel.cpp:80) on port 'gmem' (cnn_accel.cpp:80) [147]  (7.300 ns)

 <State 22>: 7.300ns
The critical path consists of the following:
	bus write operation ('write_ln80', cnn_accel.cpp:80) on port 'gmem' (cnn_accel.cpp:80) [148]  (7.300 ns)

 <State 23>: 7.300ns
The critical path consists of the following:
	bus write operation ('write_ln80', cnn_accel.cpp:80) on port 'gmem' (cnn_accel.cpp:80) [149]  (7.300 ns)

 <State 24>: 7.300ns
The critical path consists of the following:
	bus response operation ('empty_24', cnn_accel.cpp:80) on port 'gmem' (cnn_accel.cpp:80) [150]  (7.300 ns)

 <State 25>: 7.300ns
The critical path consists of the following:
	bus response operation ('empty_24', cnn_accel.cpp:80) on port 'gmem' (cnn_accel.cpp:80) [150]  (7.300 ns)

 <State 26>: 7.300ns
The critical path consists of the following:
	bus response operation ('empty_24', cnn_accel.cpp:80) on port 'gmem' (cnn_accel.cpp:80) [150]  (7.300 ns)

 <State 27>: 7.300ns
The critical path consists of the following:
	bus response operation ('empty_24', cnn_accel.cpp:80) on port 'gmem' (cnn_accel.cpp:80) [150]  (7.300 ns)

 <State 28>: 7.300ns
The critical path consists of the following:
	bus response operation ('empty_24', cnn_accel.cpp:80) on port 'gmem' (cnn_accel.cpp:80) [150]  (7.300 ns)


============================================================
+ Verbose Summary: Binding
============================================================
N/A
* FSMD analyzer results:
  - Output states:
 - Input state : 
  - Chain level:
	State 1
	State 2
	State 3
	State 4
	State 5
	State 6
	State 7
	State 8
	State 9
	State 10
	State 11
	State 12
	State 13
	State 14
	State 15
	State 16
	State 17
	State 18
	State 19
	State 20
	State 21
	State 22
	State 23
	State 24
	State 25
	State 26
	State 27
	State 28


============================================================
+ Verbose Summary: Datapath Resource usage 
============================================================
N/A
