

================================================================
== Vitis HLS Report for 'cnn_accel'
================================================================
* Date:           Wed Apr 22 11:39:53 2026

* Version:        2024.2 (Build 5238294 on Nov  8 2024)
* Project:        cnn_accel
* Solution:       solution1 (Vivado IP Flow Target)
* Product family: artix7
* Target device:  xc7a200t-sbg484-1


================================================================
== Performance Estimates
================================================================
+ Timing: 
    * Summary: 
    +--------+----------+----------+------------+
    |  Clock |  Target  | Estimated| Uncertainty|
    +--------+----------+----------+------------+
    |ap_clk  |  10.00 ns|  7.300 ns|     2.70 ns|
    +--------+----------+----------+------------+

+ Latency: 
    * Summary: 
    +---------+------------+----------+------------+-------+------------+---------+
    |   Latency (cycles)   |   Latency (absolute)  |      Interval      | Pipeline|
    |   min   |     max    |    min   |     max    |  min  |     max    |   Type  |
    +---------+------------+----------+------------+-------+------------+---------+
    |    20522|  3550763856|  0.205 ms|  35.508 sec|  20523|  3550763857|       no|
    +---------+------------+----------+------------+-------+------------+---------+

    + Detail: 
        * Instance: 
        +---------------------------------------------------------------+----------------------------------------------------+---------+---------+-----------+-----------+-------+-------+------------------------------------------------+
        |                                                               |                                                    |  Latency (cycles) |   Latency (absolute)  |    Interval   |                    Pipeline                    |
        |                            Instance                           |                       Module                       |   min   |   max   |    min    |    max    |  min  |  max  |                      Type                      |
        +---------------------------------------------------------------+----------------------------------------------------+---------+---------+-----------+-----------+-------+-------+------------------------------------------------+
        |grp_cnn_accel_Pipeline_VITIS_LOOP_42_3_VITIS_LOOP_43_4_fu_235  |cnn_accel_Pipeline_VITIS_LOOP_42_3_VITIS_LOOP_43_4  |     3087|     3087|  30.870 us|  30.870 us|   3075|   3075|  loop auto-rewind stp (delay=0 clock cycles(s))|
        |grp_cnn_accel_Pipeline_VITIS_LOOP_65_5_VITIS_LOOP_66_6_fu_249  |cnn_accel_Pipeline_VITIS_LOOP_65_5_VITIS_LOOP_66_6  |     1029|     1029|  10.290 us|  10.290 us|   1025|   1025|  loop auto-rewind stp (delay=0 clock cycles(s))|
        |grp_cnn_accel_Pipeline_VITIS_LOOP_83_8_VITIS_LOOP_84_9_fu_272  |cnn_accel_Pipeline_VITIS_LOOP_83_8_VITIS_LOOP_84_9  |    16396|    16396|   0.164 ms|   0.164 ms|  16395|  16395|  loop auto-rewind stp (delay=0 clock cycles(s))|
        +---------------------------------------------------------------+----------------------------------------------------+---------+---------+-----------+-----------+-------+-------+------------------------------------------------+

        * Loop: 
        +--------------------+---------+------------+-----------------+-----------+-----------+---------+----------+
        |                    |   Latency (cycles)   |    Iteration    |  Initiation Interval  |   Trip  |          |
        |      Loop Name     |   min   |     max    |     Latency     |  achieved |   target  |  Count  | Pipelined|
        +--------------------+---------+------------+-----------------+-----------+-----------+---------+----------+
        |- VITIS_LOOP_35_1   |    20520|  3550763840|  20520 ~ 8535490|          -|          -|  1 ~ 416|        no|
        | + VITIS_LOOP_38_2  |    20518|     8535488|            20518|          -|          -|  1 ~ 416|        no|
        +--------------------+---------+------------+-----------------+-----------+-----------+---------+----------+

============================================================
+ Verbose Summary: Synthesis Manager
============================================================
InlineROM: 1
ExposeGlobal: 0
============================================================
+ Verbose Summary: CDFG Model
============================================================
IsTopModel: 1
ResetActiveHigh: 1
IsCombinational: 0
IsDatapathOnly: 0
HasWiredReturn: 1
HasMFsm: 0
HasVarLatency: 1
IsPipeline: 0
IsRtlPipelined: 0
IsInstanceOverlapped: 0
IsDontTouch: 0
HasImplIP: 0
IsGatedGlobalClock: 0


============================================================
+ Verbose Summary: Schedule
============================================================
* Number of FSM states : 23
* Pipeline : 0
* Dataflow Pipeline: 0

* FSM state transitions: 
1 --> 2 16 
2 --> 3 
3 --> 4 
4 --> 5 
5 --> 6 
6 --> 7 
7 --> 8 
8 --> 9 
9 --> 10 
10 --> 11 
11 --> 12 
12 --> 13 
13 --> 14 
14 --> 15 
15 --> 16 
16 --> 17 
17 --> 18 
18 --> 19 17 
19 --> 20 
20 --> 21 
21 --> 22 
22 --> 23 
23 --> 18 

* FSM state operations: 

State 1 <SV = 0> <Delay = 3.70>
ST_1 : Operation 24 [1/1] (0.00ns)   --->   "%spectopmodule_ln9 = spectopmodule void @_ssdm_op_SpecTopModule, void @empty_8" [cnn_accel.cpp:9]   --->   Operation 24 'spectopmodule' 'spectopmodule_ln9' <Predicate = true> <Delay = 0.00>
ST_1 : Operation 25 [1/1] (0.00ns)   --->   "%specinterface_ln9 = specinterface void @_ssdm_op_SpecInterface, i32 0, void @empty_9, i32 0, i32 0, void @empty_1, i32 0, i32 0, void @empty_1, void @empty_1, void @empty_1, i32 0, i32 0, i32 0, i32 0, void @empty_1, void @empty_1, i32 4294967295, i32 0, i32 0" [cnn_accel.cpp:9]   --->   Operation 25 'specinterface' 'specinterface_ln9' <Predicate = true> <Delay = 0.00>
ST_1 : Operation 26 [1/1] (0.00ns)   --->   "%specinterface_ln0 = specinterface void @_ssdm_op_SpecInterface, i8 %gmem, void @empty_0, i32 0, i32 0, void @empty_1, i32 0, i32 2768896, void @empty_2, void @empty_3, void @empty_1, i32 16, i32 16, i32 16, i32 16, void @empty_1, void @empty_1, i32 4294967295, i32 0, i32 0"   --->   Operation 26 'specinterface' 'specinterface_ln0' <Predicate = true> <Delay = 0.00>
ST_1 : Operation 27 [1/1] (0.00ns)   --->   "%specbitsmap_ln0 = specbitsmap void @_ssdm_op_SpecBitsMap, i8 %gmem"   --->   Operation 27 'specbitsmap' 'specbitsmap_ln0' <Predicate = true> <Delay = 0.00>
ST_1 : Operation 28 [1/1] (0.00ns)   --->   "%specinterface_ln0 = specinterface void @_ssdm_op_SpecInterface, i64 %input_r, void @empty_4, i32 0, i32 0, void @empty_1, i32 0, i32 0, void @empty_12, void @empty_13, void @empty_1, i32 0, i32 0, i32 0, i32 0, void @empty_1, void @empty_10, i32 4294967295, i32 0, i32 0"   --->   Operation 28 'specinterface' 'specinterface_ln0' <Predicate = true> <Delay = 0.00>
ST_1 : Operation 29 [1/1] (0.00ns)   --->   "%specinterface_ln0 = specinterface void @_ssdm_op_SpecInterface, i64 %input_r, void @empty_14, i32 0, i32 0, void @empty_1, i32 0, i32 0, void @empty_1, void @empty_1, void @empty_1, i32 0, i32 0, i32 0, i32 0, void @empty_1, void @empty_10, i32 4294967295, i32 0, i32 0"   --->   Operation 29 'specinterface' 'specinterface_ln0' <Predicate = true> <Delay = 0.00>
ST_1 : Operation 30 [1/1] (0.00ns)   --->   "%specinterface_ln0 = specinterface void @_ssdm_op_SpecInterface, i64 %output_r, void @empty_4, i32 0, i32 0, void @empty_1, i32 0, i32 0, void @empty_12, void @empty, void @empty_1, i32 0, i32 0, i32 0, i32 0, void @empty_1, void @empty_10, i32 4294967295, i32 0, i32 0"   --->   Operation 30 'specinterface' 'specinterface_ln0' <Predicate = true> <Delay = 0.00>
ST_1 : Operation 31 [1/1] (0.00ns)   --->   "%specinterface_ln0 = specinterface void @_ssdm_op_SpecInterface, i64 %output_r, void @empty_14, i32 0, i32 0, void @empty_1, i32 0, i32 0, void @empty_1, void @empty_1, void @empty_1, i32 0, i32 0, i32 0, i32 0, void @empty_1, void @empty_10, i32 4294967295, i32 0, i32 0"   --->   Operation 31 'specinterface' 'specinterface_ln0' <Predicate = true> <Delay = 0.00>
ST_1 : Operation 32 [1/1] (0.00ns)   --->   "%specbitsmap_ln0 = specbitsmap void @_ssdm_op_SpecBitsMap, i32 %size"   --->   Operation 32 'specbitsmap' 'specbitsmap_ln0' <Predicate = true> <Delay = 0.00>
ST_1 : Operation 33 [1/1] (0.00ns)   --->   "%specinterface_ln0 = specinterface void @_ssdm_op_SpecInterface, i32 %size, void @empty_4, i32 4294967295, i32 4294967295, void @empty_11, i32 0, i32 0, void @empty_7, void @empty_13, void @empty_1, i32 0, i32 0, i32 0, i32 0, void @empty_1, void @empty_1, i32 4294967295, i32 0, i32 0"   --->   Operation 33 'specinterface' 'specinterface_ln0' <Predicate = true> <Delay = 0.00>
ST_1 : Operation 34 [1/1] (0.00ns)   --->   "%specinterface_ln0 = specinterface void @_ssdm_op_SpecInterface, i32 %size, void @empty_14, i32 4294967295, i32 4294967295, void @empty_1, i32 0, i32 0, void @empty_1, void @empty_1, void @empty_1, i32 0, i32 0, i32 0, i32 0, void @empty_1, void @empty_1, i32 4294967295, i32 0, i32 0"   --->   Operation 34 'specinterface' 'specinterface_ln0' <Predicate = true> <Delay = 0.00>
ST_1 : Operation 35 [1/1] (0.00ns)   --->   "%specinterface_ln0 = specinterface void @_ssdm_op_SpecInterface, i32 0, void @empty_4, i32 0, i32 0, void @empty_1, i32 0, i32 0, void @empty_7, void @empty_1, void @empty_1, i32 0, i32 0, i32 0, i32 0, void @empty_1, void @empty_1, i32 4294967295, i32 0, i32 0"   --->   Operation 35 'specinterface' 'specinterface_ln0' <Predicate = true> <Delay = 0.00>
ST_1 : Operation 36 [1/1] (1.00ns)   --->   "%size_read = read i32 @_ssdm_op_Read.s_axilite.i32, i32 %size"   --->   Operation 36 'read' 'size_read' <Predicate = true> <Delay = 1.00> <CoreInst = "s_axilite">   --->   Core 112 's_axilite' <Latency = 0> <II = 1> <Delay = 1.00> <Adapter> <Opcode : 'read' 'write'>
ST_1 : Operation 37 [1/1] (1.00ns)   --->   "%output_r_read = read i64 @_ssdm_op_Read.s_axilite.i64, i64 %output_r"   --->   Operation 37 'read' 'output_r_read' <Predicate = true> <Delay = 1.00> <CoreInst = "s_axilite">   --->   Core 112 's_axilite' <Latency = 0> <II = 1> <Delay = 1.00> <Adapter> <Opcode : 'read' 'write'>
ST_1 : Operation 38 [1/1] (1.00ns)   --->   "%input_r_read = read i64 @_ssdm_op_Read.s_axilite.i64, i64 %input_r"   --->   Operation 38 'read' 'input_r_read' <Predicate = true> <Delay = 1.00> <CoreInst = "s_axilite">   --->   Core 112 's_axilite' <Latency = 0> <II = 1> <Delay = 1.00> <Adapter> <Opcode : 'read' 'write'>
ST_1 : Operation 39 [1/1] (3.25ns)   --->   "%tile_in = alloca i64 1" [cnn_accel.cpp:28]   --->   Operation 39 'alloca' 'tile_in' <Predicate = true> <Delay = 3.25> <CoreInst = "RAM_T2P_BRAM">   --->   Core 93 'RAM_T2P_BRAM' <Latency = 1> <II = 1> <Delay = 3.25> <Storage> <Opcode : 'load' 'store'> <Ports = 2> <Width = 8> <Depth = 1024> <RAM>
ST_1 : Operation 40 [1/1] (3.25ns)   --->   "%tile_in_1 = alloca i64 1" [cnn_accel.cpp:28]   --->   Operation 40 'alloca' 'tile_in_1' <Predicate = true> <Delay = 3.25> <CoreInst = "RAM_T2P_BRAM">   --->   Core 93 'RAM_T2P_BRAM' <Latency = 1> <II = 1> <Delay = 3.25> <Storage> <Opcode : 'load' 'store'> <Ports = 2> <Width = 8> <Depth = 1024> <RAM>
ST_1 : Operation 41 [1/1] (3.25ns)   --->   "%tile_in_2 = alloca i64 1" [cnn_accel.cpp:28]   --->   Operation 41 'alloca' 'tile_in_2' <Predicate = true> <Delay = 3.25> <CoreInst = "RAM_T2P_BRAM">   --->   Core 93 'RAM_T2P_BRAM' <Latency = 1> <II = 1> <Delay = 3.25> <Storage> <Opcode : 'load' 'store'> <Ports = 2> <Width = 8> <Depth = 1024> <RAM>
ST_1 : Operation 42 [1/1] (3.25ns)   --->   "%tile_out = alloca i64 1" [cnn_accel.cpp:31]   --->   Operation 42 'alloca' 'tile_out' <Predicate = true> <Delay = 3.25> <CoreInst = "RAM_T2P_BRAM">   --->   Core 93 'RAM_T2P_BRAM' <Latency = 1> <II = 1> <Delay = 3.25> <Storage> <Opcode : 'load' 'store'> <Ports = 2> <Width = 8> <Depth = 1024> <RAM>
ST_1 : Operation 43 [1/1] (3.25ns)   --->   "%tile_out_1 = alloca i64 1" [cnn_accel.cpp:31]   --->   Operation 43 'alloca' 'tile_out_1' <Predicate = true> <Delay = 3.25> <CoreInst = "RAM_T2P_BRAM">   --->   Core 93 'RAM_T2P_BRAM' <Latency = 1> <II = 1> <Delay = 3.25> <Storage> <Opcode : 'load' 'store'> <Ports = 2> <Width = 8> <Depth = 1024> <RAM>
ST_1 : Operation 44 [1/1] (3.25ns)   --->   "%tile_out_2 = alloca i64 1" [cnn_accel.cpp:31]   --->   Operation 44 'alloca' 'tile_out_2' <Predicate = true> <Delay = 3.25> <CoreInst = "RAM_T2P_BRAM">   --->   Core 93 'RAM_T2P_BRAM' <Latency = 1> <II = 1> <Delay = 3.25> <Storage> <Opcode : 'load' 'store'> <Ports = 2> <Width = 8> <Depth = 1024> <RAM>
ST_1 : Operation 45 [1/1] (3.25ns)   --->   "%tile_out_3 = alloca i64 1" [cnn_accel.cpp:31]   --->   Operation 45 'alloca' 'tile_out_3' <Predicate = true> <Delay = 3.25> <CoreInst = "RAM_T2P_BRAM">   --->   Core 93 'RAM_T2P_BRAM' <Latency = 1> <II = 1> <Delay = 3.25> <Storage> <Opcode : 'load' 'store'> <Ports = 2> <Width = 8> <Depth = 1024> <RAM>
ST_1 : Operation 46 [1/1] (3.25ns)   --->   "%tile_out_4 = alloca i64 1" [cnn_accel.cpp:31]   --->   Operation 46 'alloca' 'tile_out_4' <Predicate = true> <Delay = 3.25> <CoreInst = "RAM_T2P_BRAM">   --->   Core 93 'RAM_T2P_BRAM' <Latency = 1> <II = 1> <Delay = 3.25> <Storage> <Opcode : 'load' 'store'> <Ports = 2> <Width = 8> <Depth = 1024> <RAM>
ST_1 : Operation 47 [1/1] (3.25ns)   --->   "%tile_out_5 = alloca i64 1" [cnn_accel.cpp:31]   --->   Operation 47 'alloca' 'tile_out_5' <Predicate = true> <Delay = 3.25> <CoreInst = "RAM_T2P_BRAM">   --->   Core 93 'RAM_T2P_BRAM' <Latency = 1> <II = 1> <Delay = 3.25> <Storage> <Opcode : 'load' 'store'> <Ports = 2> <Width = 8> <Depth = 1024> <RAM>
ST_1 : Operation 48 [1/1] (3.25ns)   --->   "%tile_out_6 = alloca i64 1" [cnn_accel.cpp:31]   --->   Operation 48 'alloca' 'tile_out_6' <Predicate = true> <Delay = 3.25> <CoreInst = "RAM_T2P_BRAM">   --->   Core 93 'RAM_T2P_BRAM' <Latency = 1> <II = 1> <Delay = 3.25> <Storage> <Opcode : 'load' 'store'> <Ports = 2> <Width = 8> <Depth = 1024> <RAM>
ST_1 : Operation 49 [1/1] (3.25ns)   --->   "%tile_out_7 = alloca i64 1" [cnn_accel.cpp:31]   --->   Operation 49 'alloca' 'tile_out_7' <Predicate = true> <Delay = 3.25> <CoreInst = "RAM_T2P_BRAM">   --->   Core 93 'RAM_T2P_BRAM' <Latency = 1> <II = 1> <Delay = 3.25> <Storage> <Opcode : 'load' 'store'> <Ports = 2> <Width = 8> <Depth = 1024> <RAM>
ST_1 : Operation 50 [1/1] (3.25ns)   --->   "%tile_out_8 = alloca i64 1" [cnn_accel.cpp:31]   --->   Operation 50 'alloca' 'tile_out_8' <Predicate = true> <Delay = 3.25> <CoreInst = "RAM_T2P_BRAM">   --->   Core 93 'RAM_T2P_BRAM' <Latency = 1> <II = 1> <Delay = 3.25> <Storage> <Opcode : 'load' 'store'> <Ports = 2> <Width = 8> <Depth = 1024> <RAM>
ST_1 : Operation 51 [1/1] (3.25ns)   --->   "%tile_out_9 = alloca i64 1" [cnn_accel.cpp:31]   --->   Operation 51 'alloca' 'tile_out_9' <Predicate = true> <Delay = 3.25> <CoreInst = "RAM_T2P_BRAM">   --->   Core 93 'RAM_T2P_BRAM' <Latency = 1> <II = 1> <Delay = 3.25> <Storage> <Opcode : 'load' 'store'> <Ports = 2> <Width = 8> <Depth = 1024> <RAM>
ST_1 : Operation 52 [1/1] (3.25ns)   --->   "%tile_out_10 = alloca i64 1" [cnn_accel.cpp:31]   --->   Operation 52 'alloca' 'tile_out_10' <Predicate = true> <Delay = 3.25> <CoreInst = "RAM_T2P_BRAM">   --->   Core 93 'RAM_T2P_BRAM' <Latency = 1> <II = 1> <Delay = 3.25> <Storage> <Opcode : 'load' 'store'> <Ports = 2> <Width = 8> <Depth = 1024> <RAM>
ST_1 : Operation 53 [1/1] (3.25ns)   --->   "%tile_out_11 = alloca i64 1" [cnn_accel.cpp:31]   --->   Operation 53 'alloca' 'tile_out_11' <Predicate = true> <Delay = 3.25> <CoreInst = "RAM_T2P_BRAM">   --->   Core 93 'RAM_T2P_BRAM' <Latency = 1> <II = 1> <Delay = 3.25> <Storage> <Opcode : 'load' 'store'> <Ports = 2> <Width = 8> <Depth = 1024> <RAM>
ST_1 : Operation 54 [1/1] (3.25ns)   --->   "%tile_out_12 = alloca i64 1" [cnn_accel.cpp:31]   --->   Operation 54 'alloca' 'tile_out_12' <Predicate = true> <Delay = 3.25> <CoreInst = "RAM_T2P_BRAM">   --->   Core 93 'RAM_T2P_BRAM' <Latency = 1> <II = 1> <Delay = 3.25> <Storage> <Opcode : 'load' 'store'> <Ports = 2> <Width = 8> <Depth = 1024> <RAM>
ST_1 : Operation 55 [1/1] (3.25ns)   --->   "%tile_out_13 = alloca i64 1" [cnn_accel.cpp:31]   --->   Operation 55 'alloca' 'tile_out_13' <Predicate = true> <Delay = 3.25> <CoreInst = "RAM_T2P_BRAM">   --->   Core 93 'RAM_T2P_BRAM' <Latency = 1> <II = 1> <Delay = 3.25> <Storage> <Opcode : 'load' 'store'> <Ports = 2> <Width = 8> <Depth = 1024> <RAM>
ST_1 : Operation 56 [1/1] (3.25ns)   --->   "%tile_out_14 = alloca i64 1" [cnn_accel.cpp:31]   --->   Operation 56 'alloca' 'tile_out_14' <Predicate = true> <Delay = 3.25> <CoreInst = "RAM_T2P_BRAM">   --->   Core 93 'RAM_T2P_BRAM' <Latency = 1> <II = 1> <Delay = 3.25> <Storage> <Opcode : 'load' 'store'> <Ports = 2> <Width = 8> <Depth = 1024> <RAM>
ST_1 : Operation 57 [1/1] (3.25ns)   --->   "%tile_out_15 = alloca i64 1" [cnn_accel.cpp:31]   --->   Operation 57 'alloca' 'tile_out_15' <Predicate = true> <Delay = 3.25> <CoreInst = "RAM_T2P_BRAM">   --->   Core 93 'RAM_T2P_BRAM' <Latency = 1> <II = 1> <Delay = 3.25> <Storage> <Opcode : 'load' 'store'> <Ports = 2> <Width = 8> <Depth = 1024> <RAM>
ST_1 : Operation 58 [1/1] (2.70ns)   --->   "%icmp_ln24 = icmp_sgt  i32 %size_read, i32 0" [cnn_accel.cpp:24]   --->   Operation 58 'icmp' 'icmp_ln24' <Predicate = true> <Delay = 2.70> <CoreInst = "Cmp">   --->   Core 9 'Cmp' <Latency = 0> <II = 1> <Delay = 2.70> <FuncUnit> <Opcode : 'seteq' 'setne' 'setle' 'setge' 'setlt' 'setgt'> <InPorts = 2> <OutPorts = 1>
ST_1 : Operation 59 [1/1] (0.00ns)   --->   "%br_ln24 = br i1 %icmp_ln24, void %if.end, void %if.then" [cnn_accel.cpp:24]   --->   Operation 59 'br' 'br_ln24' <Predicate = true> <Delay = 0.00>

State 2 <SV = 1> <Delay = 7.30>
ST_2 : Operation 60 [1/1] (0.00ns)   --->   "%gmem_addr = getelementptr i8 %gmem, i64 %input_r_read" [cnn_accel.cpp:25]   --->   Operation 60 'getelementptr' 'gmem_addr' <Predicate = true> <Delay = 0.00>
ST_2 : Operation 61 [8/8] (7.30ns)   --->   "%gmem_load_req = readreq i1 @_ssdm_op_ReadReq.m_axi.i8P1A, i8 %gmem_addr, i64 1" [cnn_accel.cpp:25]   --->   Operation 61 'readreq' 'gmem_load_req' <Predicate = true> <Delay = 7.30> <CoreInst = "m_axi">   --->   Core 111 'm_axi' <Latency = 6> <II = 1> <Delay = 1.00> <Adapter> <Opcode : 'read' 'write' 'readreq' 'writereq' 'writeresp'>

State 3 <SV = 2> <Delay = 7.30>
ST_3 : Operation 62 [7/8] (7.30ns)   --->   "%gmem_load_req = readreq i1 @_ssdm_op_ReadReq.m_axi.i8P1A, i8 %gmem_addr, i64 1" [cnn_accel.cpp:25]   --->   Operation 62 'readreq' 'gmem_load_req' <Predicate = true> <Delay = 7.30> <CoreInst = "m_axi">   --->   Core 111 'm_axi' <Latency = 6> <II = 1> <Delay = 1.00> <Adapter> <Opcode : 'read' 'write' 'readreq' 'writereq' 'writeresp'>

State 4 <SV = 3> <Delay = 7.30>
ST_4 : Operation 63 [6/8] (7.30ns)   --->   "%gmem_load_req = readreq i1 @_ssdm_op_ReadReq.m_axi.i8P1A, i8 %gmem_addr, i64 1" [cnn_accel.cpp:25]   --->   Operation 63 'readreq' 'gmem_load_req' <Predicate = true> <Delay = 7.30> <CoreInst = "m_axi">   --->   Core 111 'm_axi' <Latency = 6> <II = 1> <Delay = 1.00> <Adapter> <Opcode : 'read' 'write' 'readreq' 'writereq' 'writeresp'>

State 5 <SV = 4> <Delay = 7.30>
ST_5 : Operation 64 [5/8] (7.30ns)   --->   "%gmem_load_req = readreq i1 @_ssdm_op_ReadReq.m_axi.i8P1A, i8 %gmem_addr, i64 1" [cnn_accel.cpp:25]   --->   Operation 64 'readreq' 'gmem_load_req' <Predicate = true> <Delay = 7.30> <CoreInst = "m_axi">   --->   Core 111 'm_axi' <Latency = 6> <II = 1> <Delay = 1.00> <Adapter> <Opcode : 'read' 'write' 'readreq' 'writereq' 'writeresp'>

State 6 <SV = 5> <Delay = 7.30>
ST_6 : Operation 65 [4/8] (7.30ns)   --->   "%gmem_load_req = readreq i1 @_ssdm_op_ReadReq.m_axi.i8P1A, i8 %gmem_addr, i64 1" [cnn_accel.cpp:25]   --->   Operation 65 'readreq' 'gmem_load_req' <Predicate = true> <Delay = 7.30> <CoreInst = "m_axi">   --->   Core 111 'm_axi' <Latency = 6> <II = 1> <Delay = 1.00> <Adapter> <Opcode : 'read' 'write' 'readreq' 'writereq' 'writeresp'>

State 7 <SV = 6> <Delay = 7.30>
ST_7 : Operation 66 [3/8] (7.30ns)   --->   "%gmem_load_req = readreq i1 @_ssdm_op_ReadReq.m_axi.i8P1A, i8 %gmem_addr, i64 1" [cnn_accel.cpp:25]   --->   Operation 66 'readreq' 'gmem_load_req' <Predicate = true> <Delay = 7.30> <CoreInst = "m_axi">   --->   Core 111 'm_axi' <Latency = 6> <II = 1> <Delay = 1.00> <Adapter> <Opcode : 'read' 'write' 'readreq' 'writereq' 'writeresp'>

State 8 <SV = 7> <Delay = 7.30>
ST_8 : Operation 67 [2/8] (7.30ns)   --->   "%gmem_load_req = readreq i1 @_ssdm_op_ReadReq.m_axi.i8P1A, i8 %gmem_addr, i64 1" [cnn_accel.cpp:25]   --->   Operation 67 'readreq' 'gmem_load_req' <Predicate = true> <Delay = 7.30> <CoreInst = "m_axi">   --->   Core 111 'm_axi' <Latency = 6> <II = 1> <Delay = 1.00> <Adapter> <Opcode : 'read' 'write' 'readreq' 'writereq' 'writeresp'>

State 9 <SV = 8> <Delay = 7.30>
ST_9 : Operation 68 [1/8] (7.30ns)   --->   "%gmem_load_req = readreq i1 @_ssdm_op_ReadReq.m_axi.i8P1A, i8 %gmem_addr, i64 1" [cnn_accel.cpp:25]   --->   Operation 68 'readreq' 'gmem_load_req' <Predicate = true> <Delay = 7.30> <CoreInst = "m_axi">   --->   Core 111 'm_axi' <Latency = 6> <II = 1> <Delay = 1.00> <Adapter> <Opcode : 'read' 'write' 'readreq' 'writereq' 'writeresp'>

State 10 <SV = 9> <Delay = 7.30>
ST_10 : Operation 69 [1/1] (7.30ns)   --->   "%gmem_addr_read = read i8 @_ssdm_op_Read.m_axi.volatile.i8P1A, i8 %gmem_addr" [cnn_accel.cpp:25]   --->   Operation 69 'read' 'gmem_addr_read' <Predicate = true> <Delay = 7.30> <CoreInst = "m_axi">   --->   Core 111 'm_axi' <Latency = 3> <II = 1> <Delay = 1.00> <Adapter> <Opcode : 'read' 'write' 'readreq' 'writereq' 'writeresp'>
ST_10 : Operation 70 [1/1] (0.00ns)   --->   "%gmem_addr_1 = getelementptr i8 %gmem, i64 %output_r_read" [cnn_accel.cpp:25]   --->   Operation 70 'getelementptr' 'gmem_addr_1' <Predicate = true> <Delay = 0.00>
ST_10 : Operation 71 [1/1] (7.30ns)   --->   "%gmem_addr_1_req = writereq i1 @_ssdm_op_WriteReq.m_axi.i8P1A, i8 %gmem_addr_1, i64 1" [cnn_accel.cpp:25]   --->   Operation 71 'writereq' 'gmem_addr_1_req' <Predicate = true> <Delay = 7.30> <CoreInst = "m_axi">   --->   Core 111 'm_axi' <Latency = 9> <II = 1> <Delay = 1.00> <Adapter> <Opcode : 'read' 'write' 'readreq' 'writereq' 'writeresp'>

State 11 <SV = 10> <Delay = 7.30>
ST_11 : Operation 72 [1/1] (7.30ns)   --->   "%write_ln25 = write void @_ssdm_op_Write.m_axi.volatile.i8P1A, i8 %gmem_addr_1, i8 %gmem_addr_read, i1 1" [cnn_accel.cpp:25]   --->   Operation 72 'write' 'write_ln25' <Predicate = true> <Delay = 7.30> <CoreInst = "m_axi">   --->   Core 111 'm_axi' <Latency = 5> <II = 1> <Delay = 1.00> <Adapter> <Opcode : 'read' 'write' 'readreq' 'writereq' 'writeresp'>

State 12 <SV = 11> <Delay = 7.30>
ST_12 : Operation 73 [5/5] (7.30ns)   --->   "%gmem_addr_1_resp = writeresp i1 @_ssdm_op_WriteResp.m_axi.i8P1A, i8 %gmem_addr_1" [cnn_accel.cpp:25]   --->   Operation 73 'writeresp' 'gmem_addr_1_resp' <Predicate = true> <Delay = 7.30> <CoreInst = "m_axi">   --->   Core 111 'm_axi' <Latency = 3> <II = 1> <Delay = 1.00> <Adapter> <Opcode : 'read' 'write' 'readreq' 'writereq' 'writeresp'>

State 13 <SV = 12> <Delay = 7.30>
ST_13 : Operation 74 [4/5] (7.30ns)   --->   "%gmem_addr_1_resp = writeresp i1 @_ssdm_op_WriteResp.m_axi.i8P1A, i8 %gmem_addr_1" [cnn_accel.cpp:25]   --->   Operation 74 'writeresp' 'gmem_addr_1_resp' <Predicate = true> <Delay = 7.30> <CoreInst = "m_axi">   --->   Core 111 'm_axi' <Latency = 3> <II = 1> <Delay = 1.00> <Adapter> <Opcode : 'read' 'write' 'readreq' 'writereq' 'writeresp'>

State 14 <SV = 13> <Delay = 7.30>
ST_14 : Operation 75 [3/5] (7.30ns)   --->   "%gmem_addr_1_resp = writeresp i1 @_ssdm_op_WriteResp.m_axi.i8P1A, i8 %gmem_addr_1" [cnn_accel.cpp:25]   --->   Operation 75 'writeresp' 'gmem_addr_1_resp' <Predicate = true> <Delay = 7.30> <CoreInst = "m_axi">   --->   Core 111 'm_axi' <Latency = 3> <II = 1> <Delay = 1.00> <Adapter> <Opcode : 'read' 'write' 'readreq' 'writereq' 'writeresp'>

State 15 <SV = 14> <Delay = 7.30>
ST_15 : Operation 76 [2/5] (7.30ns)   --->   "%gmem_addr_1_resp = writeresp i1 @_ssdm_op_WriteResp.m_axi.i8P1A, i8 %gmem_addr_1" [cnn_accel.cpp:25]   --->   Operation 76 'writeresp' 'gmem_addr_1_resp' <Predicate = true> <Delay = 7.30> <CoreInst = "m_axi">   --->   Core 111 'm_axi' <Latency = 3> <II = 1> <Delay = 1.00> <Adapter> <Opcode : 'read' 'write' 'readreq' 'writereq' 'writeresp'>

State 16 <SV = 15> <Delay = 7.30>
ST_16 : Operation 77 [1/5] (7.30ns)   --->   "%gmem_addr_1_resp = writeresp i1 @_ssdm_op_WriteResp.m_axi.i8P1A, i8 %gmem_addr_1" [cnn_accel.cpp:25]   --->   Operation 77 'writeresp' 'gmem_addr_1_resp' <Predicate = (icmp_ln24)> <Delay = 7.30> <CoreInst = "m_axi">   --->   Core 111 'm_axi' <Latency = 3> <II = 1> <Delay = 1.00> <Adapter> <Opcode : 'read' 'write' 'readreq' 'writereq' 'writeresp'>
ST_16 : Operation 78 [1/1] (0.00ns)   --->   "%br_ln26 = br void %if.end" [cnn_accel.cpp:26]   --->   Operation 78 'br' 'br_ln26' <Predicate = (icmp_ln24)> <Delay = 0.00>
ST_16 : Operation 79 [1/1] (0.00ns)   --->   "%ty = alloca i32 1" [cnn_accel.cpp:35]   --->   Operation 79 'alloca' 'ty' <Predicate = true> <Delay = 0.00>
ST_16 : Operation 80 [1/1] (0.00ns)   --->   "%specmemcore_ln29 = specmemcore void @_ssdm_op_SpecMemCore, i8 %tile_in_2, i64 666, i64 30, i64 18446744073709551615" [cnn_accel.cpp:29]   --->   Operation 80 'specmemcore' 'specmemcore_ln29' <Predicate = true> <Delay = 0.00>
ST_16 : Operation 81 [1/1] (0.00ns)   --->   "%specmemcore_ln29 = specmemcore void @_ssdm_op_SpecMemCore, i8 %tile_in_1, i64 666, i64 30, i64 18446744073709551615" [cnn_accel.cpp:29]   --->   Operation 81 'specmemcore' 'specmemcore_ln29' <Predicate = true> <Delay = 0.00>
ST_16 : Operation 82 [1/1] (0.00ns)   --->   "%specmemcore_ln29 = specmemcore void @_ssdm_op_SpecMemCore, i8 %tile_in, i64 666, i64 30, i64 18446744073709551615" [cnn_accel.cpp:29]   --->   Operation 82 'specmemcore' 'specmemcore_ln29' <Predicate = true> <Delay = 0.00>
ST_16 : Operation 83 [1/1] (0.00ns)   --->   "%specmemcore_ln32 = specmemcore void @_ssdm_op_SpecMemCore, i8 %tile_out_15, i64 666, i64 30, i64 18446744073709551615" [cnn_accel.cpp:32]   --->   Operation 83 'specmemcore' 'specmemcore_ln32' <Predicate = true> <Delay = 0.00>
ST_16 : Operation 84 [1/1] (0.00ns)   --->   "%specmemcore_ln32 = specmemcore void @_ssdm_op_SpecMemCore, i8 %tile_out_14, i64 666, i64 30, i64 18446744073709551615" [cnn_accel.cpp:32]   --->   Operation 84 'specmemcore' 'specmemcore_ln32' <Predicate = true> <Delay = 0.00>
ST_16 : Operation 85 [1/1] (0.00ns)   --->   "%specmemcore_ln32 = specmemcore void @_ssdm_op_SpecMemCore, i8 %tile_out_13, i64 666, i64 30, i64 18446744073709551615" [cnn_accel.cpp:32]   --->   Operation 85 'specmemcore' 'specmemcore_ln32' <Predicate = true> <Delay = 0.00>
ST_16 : Operation 86 [1/1] (0.00ns)   --->   "%specmemcore_ln32 = specmemcore void @_ssdm_op_SpecMemCore, i8 %tile_out_12, i64 666, i64 30, i64 18446744073709551615" [cnn_accel.cpp:32]   --->   Operation 86 'specmemcore' 'specmemcore_ln32' <Predicate = true> <Delay = 0.00>
ST_16 : Operation 87 [1/1] (0.00ns)   --->   "%specmemcore_ln32 = specmemcore void @_ssdm_op_SpecMemCore, i8 %tile_out_11, i64 666, i64 30, i64 18446744073709551615" [cnn_accel.cpp:32]   --->   Operation 87 'specmemcore' 'specmemcore_ln32' <Predicate = true> <Delay = 0.00>
ST_16 : Operation 88 [1/1] (0.00ns)   --->   "%specmemcore_ln32 = specmemcore void @_ssdm_op_SpecMemCore, i8 %tile_out_10, i64 666, i64 30, i64 18446744073709551615" [cnn_accel.cpp:32]   --->   Operation 88 'specmemcore' 'specmemcore_ln32' <Predicate = true> <Delay = 0.00>
ST_16 : Operation 89 [1/1] (0.00ns)   --->   "%specmemcore_ln32 = specmemcore void @_ssdm_op_SpecMemCore, i8 %tile_out_9, i64 666, i64 30, i64 18446744073709551615" [cnn_accel.cpp:32]   --->   Operation 89 'specmemcore' 'specmemcore_ln32' <Predicate = true> <Delay = 0.00>
ST_16 : Operation 90 [1/1] (0.00ns)   --->   "%specmemcore_ln32 = specmemcore void @_ssdm_op_SpecMemCore, i8 %tile_out_8, i64 666, i64 30, i64 18446744073709551615" [cnn_accel.cpp:32]   --->   Operation 90 'specmemcore' 'specmemcore_ln32' <Predicate = true> <Delay = 0.00>
ST_16 : Operation 91 [1/1] (0.00ns)   --->   "%specmemcore_ln32 = specmemcore void @_ssdm_op_SpecMemCore, i8 %tile_out_7, i64 666, i64 30, i64 18446744073709551615" [cnn_accel.cpp:32]   --->   Operation 91 'specmemcore' 'specmemcore_ln32' <Predicate = true> <Delay = 0.00>
ST_16 : Operation 92 [1/1] (0.00ns)   --->   "%specmemcore_ln32 = specmemcore void @_ssdm_op_SpecMemCore, i8 %tile_out_6, i64 666, i64 30, i64 18446744073709551615" [cnn_accel.cpp:32]   --->   Operation 92 'specmemcore' 'specmemcore_ln32' <Predicate = true> <Delay = 0.00>
ST_16 : Operation 93 [1/1] (0.00ns)   --->   "%specmemcore_ln32 = specmemcore void @_ssdm_op_SpecMemCore, i8 %tile_out_5, i64 666, i64 30, i64 18446744073709551615" [cnn_accel.cpp:32]   --->   Operation 93 'specmemcore' 'specmemcore_ln32' <Predicate = true> <Delay = 0.00>
ST_16 : Operation 94 [1/1] (0.00ns)   --->   "%specmemcore_ln32 = specmemcore void @_ssdm_op_SpecMemCore, i8 %tile_out_4, i64 666, i64 30, i64 18446744073709551615" [cnn_accel.cpp:32]   --->   Operation 94 'specmemcore' 'specmemcore_ln32' <Predicate = true> <Delay = 0.00>
ST_16 : Operation 95 [1/1] (0.00ns)   --->   "%specmemcore_ln32 = specmemcore void @_ssdm_op_SpecMemCore, i8 %tile_out_3, i64 666, i64 30, i64 18446744073709551615" [cnn_accel.cpp:32]   --->   Operation 95 'specmemcore' 'specmemcore_ln32' <Predicate = true> <Delay = 0.00>
ST_16 : Operation 96 [1/1] (0.00ns)   --->   "%specmemcore_ln32 = specmemcore void @_ssdm_op_SpecMemCore, i8 %tile_out_2, i64 666, i64 30, i64 18446744073709551615" [cnn_accel.cpp:32]   --->   Operation 96 'specmemcore' 'specmemcore_ln32' <Predicate = true> <Delay = 0.00>
ST_16 : Operation 97 [1/1] (0.00ns)   --->   "%specmemcore_ln32 = specmemcore void @_ssdm_op_SpecMemCore, i8 %tile_out_1, i64 666, i64 30, i64 18446744073709551615" [cnn_accel.cpp:32]   --->   Operation 97 'specmemcore' 'specmemcore_ln32' <Predicate = true> <Delay = 0.00>
ST_16 : Operation 98 [1/1] (0.00ns)   --->   "%specmemcore_ln32 = specmemcore void @_ssdm_op_SpecMemCore, i8 %tile_out, i64 666, i64 30, i64 18446744073709551615" [cnn_accel.cpp:32]   --->   Operation 98 'specmemcore' 'specmemcore_ln32' <Predicate = true> <Delay = 0.00>
ST_16 : Operation 99 [1/1] (0.00ns)   --->   "%trunc_ln35 = trunc i32 %size_read" [cnn_accel.cpp:35]   --->   Operation 99 'trunc' 'trunc_ln35' <Predicate = true> <Delay = 0.00>
ST_16 : Operation 100 [1/1] (0.00ns)   --->   "%sext_ln35 = sext i32 %size_read" [cnn_accel.cpp:35]   --->   Operation 100 'sext' 'sext_ln35' <Predicate = true> <Delay = 0.00>
ST_16 : Operation 101 [1/1] (1.61ns)   --->   "%store_ln35 = store i32 0, i32 %ty" [cnn_accel.cpp:35]   --->   Operation 101 'store' 'store_ln35' <Predicate = true> <Delay = 1.61>
ST_16 : Operation 102 [1/1] (0.00ns)   --->   "%br_ln35 = br void %VITIS_LOOP_38_2" [cnn_accel.cpp:35]   --->   Operation 102 'br' 'br_ln35' <Predicate = true> <Delay = 0.00>

State 17 <SV = 16> <Delay = 4.31>
ST_17 : Operation 103 [1/1] (0.00ns)   --->   "%ty_1 = load i32 %ty" [cnn_accel.cpp:35]   --->   Operation 103 'load' 'ty_1' <Predicate = true> <Delay = 0.00>
ST_17 : Operation 104 [1/1] (0.00ns)   --->   "%zext_ln35 = zext i32 %ty_1" [cnn_accel.cpp:35]   --->   Operation 104 'zext' 'zext_ln35' <Predicate = true> <Delay = 0.00>
ST_17 : Operation 105 [1/1] (2.70ns)   --->   "%icmp_ln35 = icmp_slt  i33 %zext_ln35, i33 %sext_ln35" [cnn_accel.cpp:35]   --->   Operation 105 'icmp' 'icmp_ln35' <Predicate = true> <Delay = 2.70> <CoreInst = "Cmp">   --->   Core 9 'Cmp' <Latency = 0> <II = 1> <Delay = 2.70> <FuncUnit> <Opcode : 'seteq' 'setne' 'setle' 'setge' 'setlt' 'setgt'> <InPorts = 2> <OutPorts = 1>
ST_17 : Operation 106 [1/1] (0.00ns)   --->   "%br_ln35 = br i1 %icmp_ln35, void %for.end164.loopexit, void %VITIS_LOOP_38_2.split" [cnn_accel.cpp:35]   --->   Operation 106 'br' 'br_ln35' <Predicate = true> <Delay = 0.00>
ST_17 : Operation 107 [1/1] (0.00ns)   --->   "%trunc_ln35_1 = trunc i32 %ty_1" [cnn_accel.cpp:35]   --->   Operation 107 'trunc' 'trunc_ln35_1' <Predicate = (icmp_ln35)> <Delay = 0.00>
ST_17 : Operation 108 [1/1] (0.00ns)   --->   "%speclooptripcount_ln36 = speclooptripcount void @_ssdm_op_SpecLoopTripCount, i64 1, i64 416, i64 208" [cnn_accel.cpp:36]   --->   Operation 108 'speclooptripcount' 'speclooptripcount_ln36' <Predicate = (icmp_ln35)> <Delay = 0.00>
ST_17 : Operation 109 [1/1] (0.00ns)   --->   "%specloopname_ln35 = specloopname void @_ssdm_op_SpecLoopName, void @empty_6" [cnn_accel.cpp:35]   --->   Operation 109 'specloopname' 'specloopname_ln35' <Predicate = (icmp_ln35)> <Delay = 0.00>
ST_17 : Operation 110 [1/1] (1.61ns)   --->   "%br_ln38 = br void %VITIS_LOOP_42_3" [cnn_accel.cpp:38]   --->   Operation 110 'br' 'br_ln38' <Predicate = (icmp_ln35)> <Delay = 1.61>
ST_17 : Operation 111 [1/1] (0.00ns)   --->   "%ret_ln101 = ret" [cnn_accel.cpp:101]   --->   Operation 111 'ret' 'ret_ln101' <Predicate = (!icmp_ln35)> <Delay = 0.00>

State 18 <SV = 17> <Delay = 5.36>
ST_18 : Operation 112 [1/1] (0.00ns)   --->   "%tx = phi i32 0, void %VITIS_LOOP_38_2.split, i32 %add_ln38, void %VITIS_LOOP_42_3.split" [cnn_accel.cpp:38]   --->   Operation 112 'phi' 'tx' <Predicate = true> <Delay = 0.00>
ST_18 : Operation 113 [1/1] (0.00ns)   --->   "%zext_ln38 = zext i32 %tx" [cnn_accel.cpp:38]   --->   Operation 113 'zext' 'zext_ln38' <Predicate = true> <Delay = 0.00>
ST_18 : Operation 114 [1/1] (2.70ns)   --->   "%icmp_ln38 = icmp_slt  i33 %zext_ln38, i33 %sext_ln35" [cnn_accel.cpp:38]   --->   Operation 114 'icmp' 'icmp_ln38' <Predicate = true> <Delay = 2.70> <CoreInst = "Cmp">   --->   Core 9 'Cmp' <Latency = 0> <II = 1> <Delay = 2.70> <FuncUnit> <Opcode : 'seteq' 'setne' 'setle' 'setge' 'setlt' 'setgt'> <InPorts = 2> <OutPorts = 1>
ST_18 : Operation 115 [1/1] (0.00ns)   --->   "%br_ln38 = br i1 %icmp_ln38, void %for.inc162, void %VITIS_LOOP_42_3.split" [cnn_accel.cpp:38]   --->   Operation 115 'br' 'br_ln38' <Predicate = true> <Delay = 0.00>
ST_18 : Operation 116 [1/1] (0.00ns)   --->   "%trunc_ln38 = trunc i32 %tx" [cnn_accel.cpp:38]   --->   Operation 116 'trunc' 'trunc_ln38' <Predicate = (icmp_ln38)> <Delay = 0.00>
ST_18 : Operation 117 [2/2] (2.66ns)   --->   "%call_ln35 = call void @cnn_accel_Pipeline_VITIS_LOOP_42_3_VITIS_LOOP_43_4, i8 %gmem, i64 %input_r_read, i31 %trunc_ln35_1, i32 %size_read, i32 %size_read, i8 %tile_in, i8 %tile_in_1, i8 %tile_in_2, i31 %trunc_ln38" [cnn_accel.cpp:35]   --->   Operation 117 'call' 'call_ln35' <Predicate = (icmp_ln38)> <Delay = 2.66> <CoreType = "Generic">   --->   Generic Core
ST_18 : Operation 118 [1/1] (2.70ns)   --->   "%add_ln38 = add i32 %tx, i32 32" [cnn_accel.cpp:38]   --->   Operation 118 'add' 'add_ln38' <Predicate = (icmp_ln38)> <Delay = 2.70> <CoreInst = "Adder">   --->   Core 1 'Adder' <Latency = 0> <II = 1> <Delay = 2.70> <FuncUnit> <Opcode : 'add' 'sub'> <InPorts = 2> <OutPorts = 1>
ST_18 : Operation 119 [1/1] (2.70ns)   --->   "%add_ln35 = add i32 %ty_1, i32 32" [cnn_accel.cpp:35]   --->   Operation 119 'add' 'add_ln35' <Predicate = (!icmp_ln38)> <Delay = 2.70> <CoreInst = "Adder">   --->   Core 1 'Adder' <Latency = 0> <II = 1> <Delay = 2.70> <FuncUnit> <Opcode : 'add' 'sub'> <InPorts = 2> <OutPorts = 1>
ST_18 : Operation 120 [1/1] (1.61ns)   --->   "%store_ln35 = store i32 %add_ln35, i32 %ty" [cnn_accel.cpp:35]   --->   Operation 120 'store' 'store_ln35' <Predicate = (!icmp_ln38)> <Delay = 1.61>
ST_18 : Operation 121 [1/1] (0.00ns)   --->   "%br_ln35 = br void %VITIS_LOOP_38_2" [cnn_accel.cpp:35]   --->   Operation 121 'br' 'br_ln35' <Predicate = (!icmp_ln38)> <Delay = 0.00>

State 19 <SV = 18> <Delay = 0.00>
ST_19 : Operation 122 [1/2] (0.00ns)   --->   "%call_ln35 = call void @cnn_accel_Pipeline_VITIS_LOOP_42_3_VITIS_LOOP_43_4, i8 %gmem, i64 %input_r_read, i31 %trunc_ln35_1, i32 %size_read, i32 %size_read, i8 %tile_in, i8 %tile_in_1, i8 %tile_in_2, i31 %trunc_ln38" [cnn_accel.cpp:35]   --->   Operation 122 'call' 'call_ln35' <Predicate = true> <Delay = 0.00> <CoreType = "Generic">   --->   Generic Core

State 20 <SV = 19> <Delay = 0.00>
ST_20 : Operation 123 [2/2] (0.00ns)   --->   "%call_ln0 = call void @cnn_accel_Pipeline_VITIS_LOOP_65_5_VITIS_LOOP_66_6, i8 %tile_in, i8 %tile_in_1, i8 %tile_in_2, i8 %tile_out, i8 %tile_out_1, i8 %tile_out_2, i8 %tile_out_3, i8 %tile_out_4, i8 %tile_out_5, i8 %tile_out_6, i8 %tile_out_7, i8 %tile_out_8, i8 %tile_out_9, i8 %tile_out_10, i8 %tile_out_11, i8 %tile_out_12, i8 %tile_out_13, i8 %tile_out_14, i8 %tile_out_15"   --->   Operation 123 'call' 'call_ln0' <Predicate = true> <Delay = 0.00> <CoreType = "Generic">   --->   Generic Core

State 21 <SV = 20> <Delay = 0.00>
ST_21 : Operation 124 [1/2] (0.00ns)   --->   "%call_ln0 = call void @cnn_accel_Pipeline_VITIS_LOOP_65_5_VITIS_LOOP_66_6, i8 %tile_in, i8 %tile_in_1, i8 %tile_in_2, i8 %tile_out, i8 %tile_out_1, i8 %tile_out_2, i8 %tile_out_3, i8 %tile_out_4, i8 %tile_out_5, i8 %tile_out_6, i8 %tile_out_7, i8 %tile_out_8, i8 %tile_out_9, i8 %tile_out_10, i8 %tile_out_11, i8 %tile_out_12, i8 %tile_out_13, i8 %tile_out_14, i8 %tile_out_15"   --->   Operation 124 'call' 'call_ln0' <Predicate = true> <Delay = 0.00> <CoreType = "Generic">   --->   Generic Core

State 22 <SV = 21> <Delay = 2.66>
ST_22 : Operation 125 [2/2] (2.66ns)   --->   "%call_ln35 = call void @cnn_accel_Pipeline_VITIS_LOOP_83_8_VITIS_LOOP_84_9, i8 %gmem, i31 %trunc_ln35_1, i32 %size_read, i28 %trunc_ln35, i8 %tile_out, i8 %tile_out_1, i8 %tile_out_2, i8 %tile_out_3, i8 %tile_out_4, i8 %tile_out_5, i8 %tile_out_6, i8 %tile_out_7, i8 %tile_out_8, i8 %tile_out_9, i8 %tile_out_10, i8 %tile_out_11, i8 %tile_out_12, i8 %tile_out_13, i8 %tile_out_14, i8 %tile_out_15, i31 %trunc_ln38, i64 %output_r_read" [cnn_accel.cpp:35]   --->   Operation 125 'call' 'call_ln35' <Predicate = true> <Delay = 2.66> <CoreType = "Generic">   --->   Generic Core

State 23 <SV = 22> <Delay = 0.00>
ST_23 : Operation 126 [1/1] (0.00ns)   --->   "%speclooptripcount_ln39 = speclooptripcount void @_ssdm_op_SpecLoopTripCount, i64 1, i64 416, i64 208" [cnn_accel.cpp:39]   --->   Operation 126 'speclooptripcount' 'speclooptripcount_ln39' <Predicate = true> <Delay = 0.00>
ST_23 : Operation 127 [1/1] (0.00ns)   --->   "%specloopname_ln38 = specloopname void @_ssdm_op_SpecLoopName, void @empty_5" [cnn_accel.cpp:38]   --->   Operation 127 'specloopname' 'specloopname_ln38' <Predicate = true> <Delay = 0.00>
ST_23 : Operation 128 [1/2] (0.00ns)   --->   "%call_ln35 = call void @cnn_accel_Pipeline_VITIS_LOOP_83_8_VITIS_LOOP_84_9, i8 %gmem, i31 %trunc_ln35_1, i32 %size_read, i28 %trunc_ln35, i8 %tile_out, i8 %tile_out_1, i8 %tile_out_2, i8 %tile_out_3, i8 %tile_out_4, i8 %tile_out_5, i8 %tile_out_6, i8 %tile_out_7, i8 %tile_out_8, i8 %tile_out_9, i8 %tile_out_10, i8 %tile_out_11, i8 %tile_out_12, i8 %tile_out_13, i8 %tile_out_14, i8 %tile_out_15, i31 %trunc_ln38, i64 %output_r_read" [cnn_accel.cpp:35]   --->   Operation 128 'call' 'call_ln35' <Predicate = true> <Delay = 0.00> <CoreType = "Generic">   --->   Generic Core
ST_23 : Operation 129 [1/1] (0.00ns)   --->   "%br_ln38 = br void %VITIS_LOOP_42_3" [cnn_accel.cpp:38]   --->   Operation 129 'br' 'br_ln38' <Predicate = true> <Delay = 0.00>


============================================================
+ Verbose Summary: Binding
============================================================
STG Binding: 
---------------- STG Properties BEGIN ----------------
- Is combinational: 0
- Is one-state seq: 0
- Is datapath-only: 0
- Is pipelined: 0
- Is top level: 1
Port [ Return ] is wired: 1; IO mode=ap_ctrl_hs:ce=0
Port [ gmem]:  wired=1; compound=1; hidden=0; nouse=0; global=0; static=0; extern=0; dir=2; type=4; pingpong=0; private_global=0; IO mode=m_axi:ce=0
Port [ input_r]:  wired=1; compound=0; hidden=0; nouse=0; global=0; static=0; extern=0; dir=0; type=0; pingpong=0; private_global=0; IO mode=ap_none:ce=0
Port [ output_r]:  wired=1; compound=0; hidden=0; nouse=0; global=0; static=0; extern=0; dir=0; type=0; pingpong=0; private_global=0; IO mode=ap_none:ce=0
Port [ size]:  wired=1; compound=0; hidden=0; nouse=0; global=0; static=0; extern=0; dir=0; type=0; pingpong=0; private_global=0; IO mode=ap_none:ce=0
---------------- STG Properties END ------------------

---------------- Datapath Model BEGIN ----------------

<LifeTime>
<method=bitvector/>
spectopmodule_ln9      (spectopmodule    ) [ 000000000000000000000000]
specinterface_ln9      (specinterface    ) [ 000000000000000000000000]
specinterface_ln0      (specinterface    ) [ 000000000000000000000000]
specbitsmap_ln0        (specbitsmap      ) [ 000000000000000000000000]
specinterface_ln0      (specinterface    ) [ 000000000000000000000000]
specinterface_ln0      (specinterface    ) [ 000000000000000000000000]
specinterface_ln0      (specinterface    ) [ 000000000000000000000000]
specinterface_ln0      (specinterface    ) [ 000000000000000000000000]
specbitsmap_ln0        (specbitsmap      ) [ 000000000000000000000000]
specinterface_ln0      (specinterface    ) [ 000000000000000000000000]
specinterface_ln0      (specinterface    ) [ 000000000000000000000000]
specinterface_ln0      (specinterface    ) [ 000000000000000000000000]
size_read              (read             ) [ 001111111111111111111111]
output_r_read          (read             ) [ 001111111111111111111111]
input_r_read           (read             ) [ 001111111111111111111111]
tile_in                (alloca           ) [ 001111111111111111111111]
tile_in_1              (alloca           ) [ 001111111111111111111111]
tile_in_2              (alloca           ) [ 001111111111111111111111]
tile_out               (alloca           ) [ 001111111111111111111111]
tile_out_1             (alloca           ) [ 001111111111111111111111]
tile_out_2             (alloca           ) [ 001111111111111111111111]
tile_out_3             (alloca           ) [ 001111111111111111111111]
tile_out_4             (alloca           ) [ 001111111111111111111111]
tile_out_5             (alloca           ) [ 001111111111111111111111]
tile_out_6             (alloca           ) [ 001111111111111111111111]
tile_out_7             (alloca           ) [ 001111111111111111111111]
tile_out_8             (alloca           ) [ 001111111111111111111111]
tile_out_9             (alloca           ) [ 001111111111111111111111]
tile_out_10            (alloca           ) [ 001111111111111111111111]
tile_out_11            (alloca           ) [ 001111111111111111111111]
tile_out_12            (alloca           ) [ 001111111111111111111111]
tile_out_13            (alloca           ) [ 001111111111111111111111]
tile_out_14            (alloca           ) [ 001111111111111111111111]
tile_out_15            (alloca           ) [ 001111111111111111111111]
icmp_ln24              (icmp             ) [ 011111111111111110000000]
br_ln24                (br               ) [ 000000000000000000000000]
gmem_addr              (getelementptr    ) [ 000111111110000000000000]
gmem_load_req          (readreq          ) [ 000000000000000000000000]
gmem_addr_read         (read             ) [ 000000000001000000000000]
gmem_addr_1            (getelementptr    ) [ 000000000001111110000000]
gmem_addr_1_req        (writereq         ) [ 000000000000000000000000]
write_ln25             (write            ) [ 000000000000000000000000]
gmem_addr_1_resp       (writeresp        ) [ 000000000000000000000000]
br_ln26                (br               ) [ 000000000000000000000000]
ty                     (alloca           ) [ 000000000000000011111111]
specmemcore_ln29       (specmemcore      ) [ 000000000000000000000000]
specmemcore_ln29       (specmemcore      ) [ 000000000000000000000000]
specmemcore_ln29       (specmemcore      ) [ 000000000000000000000000]
specmemcore_ln32       (specmemcore      ) [ 000000000000000000000000]
specmemcore_ln32       (specmemcore      ) [ 000000000000000000000000]
specmemcore_ln32       (specmemcore      ) [ 000000000000000000000000]
specmemcore_ln32       (specmemcore      ) [ 000000000000000000000000]
specmemcore_ln32       (specmemcore      ) [ 000000000000000000000000]
specmemcore_ln32       (specmemcore      ) [ 000000000000000000000000]
specmemcore_ln32       (specmemcore      ) [ 000000000000000000000000]
specmemcore_ln32       (specmemcore      ) [ 000000000000000000000000]
specmemcore_ln32       (specmemcore      ) [ 000000000000000000000000]
specmemcore_ln32       (specmemcore      ) [ 000000000000000000000000]
specmemcore_ln32       (specmemcore      ) [ 000000000000000000000000]
specmemcore_ln32       (specmemcore      ) [ 000000000000000000000000]
specmemcore_ln32       (specmemcore      ) [ 000000000000000000000000]
specmemcore_ln32       (specmemcore      ) [ 000000000000000000000000]
specmemcore_ln32       (specmemcore      ) [ 000000000000000000000000]
specmemcore_ln32       (specmemcore      ) [ 000000000000000000000000]
trunc_ln35             (trunc            ) [ 000000000000000001111111]
sext_ln35              (sext             ) [ 000000000000000001111111]
store_ln35             (store            ) [ 000000000000000000000000]
br_ln35                (br               ) [ 000000000000000000000000]
ty_1                   (load             ) [ 000000000000000000111111]
zext_ln35              (zext             ) [ 000000000000000000000000]
icmp_ln35              (icmp             ) [ 000000000000000001111111]
br_ln35                (br               ) [ 000000000000000000000000]
trunc_ln35_1           (trunc            ) [ 000000000000000000111111]
speclooptripcount_ln36 (speclooptripcount) [ 000000000000000000000000]
specloopname_ln35      (specloopname     ) [ 000000000000000000000000]
br_ln38                (br               ) [ 000000000000000001111111]
ret_ln101              (ret              ) [ 000000000000000000000000]
tx                     (phi              ) [ 000000000000000000100000]
zext_ln38              (zext             ) [ 000000000000000000000000]
icmp_ln38              (icmp             ) [ 000000000000000001111111]
br_ln38                (br               ) [ 000000000000000000000000]
trunc_ln38             (trunc            ) [ 000000000000000000011111]
add_ln38               (add              ) [ 000000000000000001111111]
add_ln35               (add              ) [ 000000000000000000000000]
store_ln35             (store            ) [ 000000000000000000000000]
br_ln35                (br               ) [ 000000000000000000000000]
call_ln35              (call             ) [ 000000000000000000000000]
call_ln0               (call             ) [ 000000000000000000000000]
speclooptripcount_ln39 (speclooptripcount) [ 000000000000000000000000]
specloopname_ln38      (specloopname     ) [ 000000000000000000000000]
call_ln35              (call             ) [ 000000000000000000000000]
br_ln38                (br               ) [ 000000000000000001111111]
</LifeTime>

<model>

<comp_list>
<comp id="0" class="1000" name="gmem">
<pin_list>
<pin id="1" dir="1" index="0" bw="1" slack="0"/>
</pin_list>
<bind>
<StgValue><ssdm name="gmem"/><MemPortTyVec>2 </MemPortTyVec>
</StgValue>
</bind>
</comp>

<comp id="2" class="1000" name="input_r">
<pin_list>
<pin id="3" dir="1" index="0" bw="1" slack="0"/>
</pin_list>
<bind>
<StgValue><ssdm name="input_r"/></StgValue>
</bind>
</comp>

<comp id="4" class="1000" name="output_r">
<pin_list>
<pin id="5" dir="1" index="0" bw="1" slack="0"/>
</pin_list>
<bind>
<StgValue><ssdm name="output_r"/></StgValue>
</bind>
</comp>

<comp id="6" class="1000" name="size">
<pin_list>
<pin id="7" dir="1" index="0" bw="1" slack="0"/>
</pin_list>
<bind>
<StgValue><ssdm name="size"/></StgValue>
</bind>
</comp>

<comp id="8" class="1001" name="const_8">
<pin_list>
<pin id="9" dir="1" index="0" bw="1" slack="2147483647"/>
</pin_list>
<bind>
<StgValue><ssdm name="_ssdm_op_SpecTopModule"/></StgValue>
</bind>
</comp>

<comp id="10" class="1001" name="const_10">
<pin_list>
<pin id="11" dir="1" index="0" bw="1" slack="2147483647"/>
</pin_list>
<bind>
<StgValue><ssdm name="empty_8"/></StgValue>
</bind>
</comp>

<comp id="12" class="1001" name="const_12">
<pin_list>
<pin id="13" dir="1" index="0" bw="1" slack="2147483647"/>
</pin_list>
<bind>
<StgValue><ssdm name="_ssdm_op_SpecInterface"/></StgValue>
</bind>
</comp>

<comp id="14" class="1001" name="const_14">
<pin_list>
<pin id="15" dir="1" index="0" bw="1" slack="0"/>
</pin_list>
<bind>
<StgValue><ssdm name=""/></StgValue>
</bind>
</comp>

<comp id="16" class="1001" name="const_16">
<pin_list>
<pin id="17" dir="1" index="0" bw="1" slack="2147483647"/>
</pin_list>
<bind>
<StgValue><ssdm name="empty_9"/></StgValue>
</bind>
</comp>

<comp id="18" class="1001" name="const_18">
<pin_list>
<pin id="19" dir="1" index="0" bw="1" slack="2147483647"/>
</pin_list>
<bind>
<StgValue><ssdm name="empty_1"/></StgValue>
</bind>
</comp>

<comp id="20" class="1001" name="const_20">
<pin_list>
<pin id="21" dir="1" index="0" bw="1" slack="2147483647"/>
</pin_list>
<bind>
<StgValue><ssdm name=""/></StgValue>
</bind>
</comp>

<comp id="22" class="1001" name="const_22">
<pin_list>
<pin id="23" dir="1" index="0" bw="1" slack="2147483647"/>
</pin_list>
<bind>
<StgValue><ssdm name="empty_0"/></StgValue>
</bind>
</comp>

<comp id="24" class="1001" name="const_24">
<pin_list>
<pin id="25" dir="1" index="0" bw="1" slack="2147483647"/>
</pin_list>
<bind>
<StgValue><ssdm name=""/></StgValue>
</bind>
</comp>

<comp id="26" class="1001" name="const_26">
<pin_list>
<pin id="27" dir="1" index="0" bw="1" slack="2147483647"/>
</pin_list>
<bind>
<StgValue><ssdm name="empty_2"/></StgValue>
</bind>
</comp>

<comp id="28" class="1001" name="const_28">
<pin_list>
<pin id="29" dir="1" index="0" bw="1" slack="2147483647"/>
</pin_list>
<bind>
<StgValue><ssdm name="empty_3"/></StgValue>
</bind>
</comp>

<comp id="30" class="1001" name="const_30">
<pin_list>
<pin id="31" dir="1" index="0" bw="1" slack="2147483647"/>
</pin_list>
<bind>
<StgValue><ssdm name=""/></StgValue>
</bind>
</comp>

<comp id="32" class="1001" name="const_32">
<pin_list>
<pin id="33" dir="1" index="0" bw="1" slack="2147483647"/>
</pin_list>
<bind>
<StgValue><ssdm name="_ssdm_op_SpecBitsMap"/></StgValue>
</bind>
</comp>

<comp id="34" class="1001" name="const_34">
<pin_list>
<pin id="35" dir="1" index="0" bw="1" slack="2147483647"/>
</pin_list>
<bind>
<StgValue><ssdm name="empty_4"/></StgValue>
</bind>
</comp>

<comp id="36" class="1001" name="const_36">
<pin_list>
<pin id="37" dir="1" index="0" bw="1" slack="2147483647"/>
</pin_list>
<bind>
<StgValue><ssdm name="empty_12"/></StgValue>
</bind>
</comp>

<comp id="38" class="1001" name="const_38">
<pin_list>
<pin id="39" dir="1" index="0" bw="1" slack="2147483647"/>
</pin_list>
<bind>
<StgValue><ssdm name="empty_13"/></StgValue>
</bind>
</comp>

<comp id="40" class="1001" name="const_40">
<pin_list>
<pin id="41" dir="1" index="0" bw="1" slack="2147483647"/>
</pin_list>
<bind>
<StgValue><ssdm name="empty_10"/></StgValue>
</bind>
</comp>

<comp id="42" class="1001" name="const_42">
<pin_list>
<pin id="43" dir="1" index="0" bw="1" slack="2147483647"/>
</pin_list>
<bind>
<StgValue><ssdm name="empty_14"/></StgValue>
</bind>
</comp>

<comp id="44" class="1001" name="const_44">
<pin_list>
<pin id="45" dir="1" index="0" bw="1" slack="2147483647"/>
</pin_list>
<bind>
<StgValue><ssdm name="empty"/></StgValue>
</bind>
</comp>

<comp id="46" class="1001" name="const_46">
<pin_list>
<pin id="47" dir="1" index="0" bw="1" slack="2147483647"/>
</pin_list>
<bind>
<StgValue><ssdm name="empty_11"/></StgValue>
</bind>
</comp>

<comp id="48" class="1001" name="const_48">
<pin_list>
<pin id="49" dir="1" index="0" bw="1" slack="2147483647"/>
</pin_list>
<bind>
<StgValue><ssdm name="empty_7"/></StgValue>
</bind>
</comp>

<comp id="50" class="1001" name="const_50">
<pin_list>
<pin id="51" dir="1" index="0" bw="1" slack="0"/>
</pin_list>
<bind>
<StgValue><ssdm name="_ssdm_op_Read.s_axilite.i32"/></StgValue>
</bind>
</comp>

<comp id="52" class="1001" name="const_52">
<pin_list>
<pin id="53" dir="1" index="0" bw="1" slack="0"/>
</pin_list>
<bind>
<StgValue><ssdm name="_ssdm_op_Read.s_axilite.i64"/></StgValue>
</bind>
</comp>

<comp id="54" class="1001" name="const_54">
<pin_list>
<pin id="55" dir="1" index="0" bw="1" slack="0"/>
</pin_list>
<bind>
<StgValue><ssdm name=""/></StgValue>
</bind>
</comp>

<comp id="56" class="1001" name="const_56">
<pin_list>
<pin id="57" dir="1" index="0" bw="1" slack="0"/>
</pin_list>
<bind>
<StgValue><ssdm name="_ssdm_op_ReadReq.m_axi.i8P1A"/></StgValue>
</bind>
</comp>

<comp id="58" class="1001" name="const_58">
<pin_list>
<pin id="59" dir="1" index="0" bw="1" slack="0"/>
</pin_list>
<bind>
<StgValue><ssdm name="_ssdm_op_Read.m_axi.volatile.i8P1A"/></StgValue>
</bind>
</comp>

<comp id="60" class="1001" name="const_60">
<pin_list>
<pin id="61" dir="1" index="0" bw="1" slack="0"/>
</pin_list>
<bind>
<StgValue><ssdm name="_ssdm_op_WriteReq.m_axi.i8P1A"/></StgValue>
</bind>
</comp>

<comp id="62" class="1001" name="const_62">
<pin_list>
<pin id="63" dir="1" index="0" bw="1" slack="0"/>
</pin_list>
<bind>
<StgValue><ssdm name="_ssdm_op_Write.m_axi.volatile.i8P1A"/></StgValue>
</bind>
</comp>

<comp id="64" class="1001" name="const_64">
<pin_list>
<pin id="65" dir="1" index="0" bw="1" slack="0"/>
</pin_list>
<bind>
<StgValue><ssdm name=""/></StgValue>
</bind>
</comp>

<comp id="66" class="1001" name="const_66">
<pin_list>
<pin id="67" dir="1" index="0" bw="1" slack="0"/>
</pin_list>
<bind>
<StgValue><ssdm name="_ssdm_op_WriteResp.m_axi.i8P1A"/></StgValue>
</bind>
</comp>

<comp id="68" class="1001" name="const_68">
<pin_list>
<pin id="69" dir="1" index="0" bw="1" slack="0"/>
</pin_list>
<bind>
<StgValue><ssdm name=""/></StgValue>
</bind>
</comp>

<comp id="70" class="1001" name="const_70">
<pin_list>
<pin id="71" dir="1" index="0" bw="1" slack="2147483647"/>
</pin_list>
<bind>
<StgValue><ssdm name="_ssdm_op_SpecMemCore"/></StgValue>
</bind>
</comp>

<comp id="72" class="1001" name="const_72">
<pin_list>
<pin id="73" dir="1" index="0" bw="1" slack="2147483647"/>
</pin_list>
<bind>
<StgValue><ssdm name=""/></StgValue>
</bind>
</comp>

<comp id="74" class="1001" name="const_74">
<pin_list>
<pin id="75" dir="1" index="0" bw="1" slack="2147483647"/>
</pin_list>
<bind>
<StgValue><ssdm name=""/></StgValue>
</bind>
</comp>

<comp id="76" class="1001" name="const_76">
<pin_list>
<pin id="77" dir="1" index="0" bw="1" slack="2147483647"/>
</pin_list>
<bind>
<StgValue><ssdm name=""/></StgValue>
</bind>
</comp>

<comp id="78" class="1001" name="const_78">
<pin_list>
<pin id="79" dir="1" index="0" bw="1" slack="2147483647"/>
</pin_list>
<bind>
<StgValue><ssdm name="_ssdm_op_SpecLoopTripCount"/></StgValue>
</bind>
</comp>

<comp id="80" class="1001" name="const_80">
<pin_list>
<pin id="81" dir="1" index="0" bw="1" slack="2147483647"/>
</pin_list>
<bind>
<StgValue><ssdm name=""/></StgValue>
</bind>
</comp>

<comp id="82" class="1001" name="const_82">
<pin_list>
<pin id="83" dir="1" index="0" bw="1" slack="2147483647"/>
</pin_list>
<bind>
<StgValue><ssdm name=""/></StgValue>
</bind>
</comp>

<comp id="84" class="1001" name="const_84">
<pin_list>
<pin id="85" dir="1" index="0" bw="1" slack="2147483647"/>
</pin_list>
<bind>
<StgValue><ssdm name="_ssdm_op_SpecLoopName"/></StgValue>
</bind>
</comp>

<comp id="86" class="1001" name="const_86">
<pin_list>
<pin id="87" dir="1" index="0" bw="1" slack="2147483647"/>
</pin_list>
<bind>
<StgValue><ssdm name="empty_6"/></StgValue>
</bind>
</comp>

<comp id="88" class="1001" name="const_88">
<pin_list>
<pin id="89" dir="1" index="0" bw="1" slack="0"/>
</pin_list>
<bind>
<StgValue><ssdm name="cnn_accel_Pipeline_VITIS_LOOP_42_3_VITIS_LOOP_43_4"/></StgValue>
</bind>
</comp>

<comp id="90" class="1001" name="const_90">
<pin_list>
<pin id="91" dir="1" index="0" bw="1" slack="0"/>
</pin_list>
<bind>
<StgValue><ssdm name=""/></StgValue>
</bind>
</comp>

<comp id="92" class="1001" name="const_92">
<pin_list>
<pin id="93" dir="1" index="0" bw="1" slack="0"/>
</pin_list>
<bind>
<StgValue><ssdm name="cnn_accel_Pipeline_VITIS_LOOP_65_5_VITIS_LOOP_66_6"/></StgValue>
</bind>
</comp>

<comp id="94" class="1001" name="const_94">
<pin_list>
<pin id="95" dir="1" index="0" bw="1" slack="0"/>
</pin_list>
<bind>
<StgValue><ssdm name="cnn_accel_Pipeline_VITIS_LOOP_83_8_VITIS_LOOP_84_9"/></StgValue>
</bind>
</comp>

<comp id="96" class="1001" name="const_96">
<pin_list>
<pin id="97" dir="1" index="0" bw="1" slack="2147483647"/>
</pin_list>
<bind>
<StgValue><ssdm name="empty_5"/></StgValue>
</bind>
</comp>

<comp id="98" class="1004" name="tile_in_alloca_fu_98">
<pin_list>
<pin id="99" dir="0" index="0" bw="1" slack="0"/>
<pin id="100" dir="1" index="1" bw="8" slack="2147483647"/>
</pin_list>
<bind>
<opcode="alloca(26) " fcode="alloca"/>
<opset="tile_in/1 "/>
</bind>
</comp>

<comp id="102" class="1004" name="tile_in_1_alloca_fu_102">
<pin_list>
<pin id="103" dir="0" index="0" bw="1" slack="0"/>
<pin id="104" dir="1" index="1" bw="8" slack="2147483647"/>
</pin_list>
<bind>
<opcode="alloca(26) " fcode="alloca"/>
<opset="tile_in_1/1 "/>
</bind>
</comp>

<comp id="106" class="1004" name="tile_in_2_alloca_fu_106">
<pin_list>
<pin id="107" dir="0" index="0" bw="1" slack="0"/>
<pin id="108" dir="1" index="1" bw="8" slack="2147483647"/>
</pin_list>
<bind>
<opcode="alloca(26) " fcode="alloca"/>
<opset="tile_in_2/1 "/>
</bind>
</comp>

<comp id="110" class="1004" name="tile_out_alloca_fu_110">
<pin_list>
<pin id="111" dir="0" index="0" bw="1" slack="0"/>
<pin id="112" dir="1" index="1" bw="8" slack="2147483647"/>
</pin_list>
<bind>
<opcode="alloca(26) " fcode="alloca"/>
<opset="tile_out/1 "/>
</bind>
</comp>

<comp id="114" class="1004" name="tile_out_1_alloca_fu_114">
<pin_list>
<pin id="115" dir="0" index="0" bw="1" slack="0"/>
<pin id="116" dir="1" index="1" bw="8" slack="2147483647"/>
</pin_list>
<bind>
<opcode="alloca(26) " fcode="alloca"/>
<opset="tile_out_1/1 "/>
</bind>
</comp>

<comp id="118" class="1004" name="tile_out_2_alloca_fu_118">
<pin_list>
<pin id="119" dir="0" index="0" bw="1" slack="0"/>
<pin id="120" dir="1" index="1" bw="8" slack="2147483647"/>
</pin_list>
<bind>
<opcode="alloca(26) " fcode="alloca"/>
<opset="tile_out_2/1 "/>
</bind>
</comp>

<comp id="122" class="1004" name="tile_out_3_alloca_fu_122">
<pin_list>
<pin id="123" dir="0" index="0" bw="1" slack="0"/>
<pin id="124" dir="1" index="1" bw="8" slack="2147483647"/>
</pin_list>
<bind>
<opcode="alloca(26) " fcode="alloca"/>
<opset="tile_out_3/1 "/>
</bind>
</comp>

<comp id="126" class="1004" name="tile_out_4_alloca_fu_126">
<pin_list>
<pin id="127" dir="0" index="0" bw="1" slack="0"/>
<pin id="128" dir="1" index="1" bw="8" slack="2147483647"/>
</pin_list>
<bind>
<opcode="alloca(26) " fcode="alloca"/>
<opset="tile_out_4/1 "/>
</bind>
</comp>

<comp id="130" class="1004" name="tile_out_5_alloca_fu_130">
<pin_list>
<pin id="131" dir="0" index="0" bw="1" slack="0"/>
<pin id="132" dir="1" index="1" bw="8" slack="2147483647"/>
</pin_list>
<bind>
<opcode="alloca(26) " fcode="alloca"/>
<opset="tile_out_5/1 "/>
</bind>
</comp>

<comp id="134" class="1004" name="tile_out_6_alloca_fu_134">
<pin_list>
<pin id="135" dir="0" index="0" bw="1" slack="0"/>
<pin id="136" dir="1" index="1" bw="8" slack="2147483647"/>
</pin_list>
<bind>
<opcode="alloca(26) " fcode="alloca"/>
<opset="tile_out_6/1 "/>
</bind>
</comp>

<comp id="138" class="1004" name="tile_out_7_alloca_fu_138">
<pin_list>
<pin id="139" dir="0" index="0" bw="1" slack="0"/>
<pin id="140" dir="1" index="1" bw="8" slack="2147483647"/>
</pin_list>
<bind>
<opcode="alloca(26) " fcode="alloca"/>
<opset="tile_out_7/1 "/>
</bind>
</comp>

<comp id="142" class="1004" name="tile_out_8_alloca_fu_142">
<pin_list>
<pin id="143" dir="0" index="0" bw="1" slack="0"/>
<pin id="144" dir="1" index="1" bw="8" slack="2147483647"/>
</pin_list>
<bind>
<opcode="alloca(26) " fcode="alloca"/>
<opset="tile_out_8/1 "/>
</bind>
</comp>

<comp id="146" class="1004" name="tile_out_9_alloca_fu_146">
<pin_list>
<pin id="147" dir="0" index="0" bw="1" slack="0"/>
<pin id="148" dir="1" index="1" bw="8" slack="2147483647"/>
</pin_list>
<bind>
<opcode="alloca(26) " fcode="alloca"/>
<opset="tile_out_9/1 "/>
</bind>
</comp>

<comp id="150" class="1004" name="tile_out_10_alloca_fu_150">
<pin_list>
<pin id="151" dir="0" index="0" bw="1" slack="0"/>
<pin id="152" dir="1" index="1" bw="8" slack="2147483647"/>
</pin_list>
<bind>
<opcode="alloca(26) " fcode="alloca"/>
<opset="tile_out_10/1 "/>
</bind>
</comp>

<comp id="154" class="1004" name="tile_out_11_alloca_fu_154">
<pin_list>
<pin id="155" dir="0" index="0" bw="1" slack="0"/>
<pin id="156" dir="1" index="1" bw="8" slack="2147483647"/>
</pin_list>
<bind>
<opcode="alloca(26) " fcode="alloca"/>
<opset="tile_out_11/1 "/>
</bind>
</comp>

<comp id="158" class="1004" name="tile_out_12_alloca_fu_158">
<pin_list>
<pin id="159" dir="0" index="0" bw="1" slack="0"/>
<pin id="160" dir="1" index="1" bw="8" slack="2147483647"/>
</pin_list>
<bind>
<opcode="alloca(26) " fcode="alloca"/>
<opset="tile_out_12/1 "/>
</bind>
</comp>

<comp id="162" class="1004" name="tile_out_13_alloca_fu_162">
<pin_list>
<pin id="163" dir="0" index="0" bw="1" slack="0"/>
<pin id="164" dir="1" index="1" bw="8" slack="2147483647"/>
</pin_list>
<bind>
<opcode="alloca(26) " fcode="alloca"/>
<opset="tile_out_13/1 "/>
</bind>
</comp>

<comp id="166" class="1004" name="tile_out_14_alloca_fu_166">
<pin_list>
<pin id="167" dir="0" index="0" bw="1" slack="0"/>
<pin id="168" dir="1" index="1" bw="8" slack="2147483647"/>
</pin_list>
<bind>
<opcode="alloca(26) " fcode="alloca"/>
<opset="tile_out_14/1 "/>
</bind>
</comp>

<comp id="170" class="1004" name="tile_out_15_alloca_fu_170">
<pin_list>
<pin id="171" dir="0" index="0" bw="1" slack="0"/>
<pin id="172" dir="1" index="1" bw="8" slack="2147483647"/>
</pin_list>
<bind>
<opcode="alloca(26) " fcode="alloca"/>
<opset="tile_out_15/1 "/>
</bind>
</comp>

<comp id="174" class="1004" name="ty_fu_174">
<pin_list>
<pin id="175" dir="0" index="0" bw="1" slack="0"/>
<pin id="176" dir="1" index="1" bw="32" slack="0"/>
</pin_list>
<bind>
<opcode="alloca(26) " fcode="alloca"/>
<opset="ty/16 "/>
</bind>
</comp>

<comp id="178" class="1004" name="size_read_read_fu_178">
<pin_list>
<pin id="179" dir="0" index="0" bw="32" slack="0"/>
<pin id="180" dir="0" index="1" bw="32" slack="0"/>
<pin id="181" dir="1" index="2" bw="32" slack="0"/>
</pin_list>
<bind>
<opcode="read(1150) " fcode="read"/>
<opset="size_read/1 "/>
</bind>
</comp>

<comp id="184" class="1004" name="output_r_read_read_fu_184">
<pin_list>
<pin id="185" dir="0" index="0" bw="64" slack="0"/>
<pin id="186" dir="0" index="1" bw="64" slack="0"/>
<pin id="187" dir="1" index="2" bw="64" slack="9"/>
</pin_list>
<bind>
<opcode="read(1150) " fcode="read"/>
<opset="output_r_read/1 "/>
</bind>
</comp>

<comp id="190" class="1004" name="input_r_read_read_fu_190">
<pin_list>
<pin id="191" dir="0" index="0" bw="64" slack="0"/>
<pin id="192" dir="0" index="1" bw="64" slack="0"/>
<pin id="193" dir="1" index="2" bw="64" slack="1"/>
</pin_list>
<bind>
<opcode="read(1150) " fcode="read"/>
<opset="input_r_read/1 "/>
</bind>
</comp>

<comp id="196" class="1004" name="grp_readreq_fu_196">
<pin_list>
<pin id="197" dir="0" index="0" bw="1" slack="0"/>
<pin id="198" dir="0" index="1" bw="8" slack="0"/>
<pin id="199" dir="0" index="2" bw="1" slack="0"/>
<pin id="200" dir="1" index="3" bw="1" slack="2147483647"/>
</pin_list>
<bind>
<opcode="readreq(1154) " fcode="readreq"/>
<opset="gmem_load_req/2 "/>
</bind>
</comp>

<comp id="203" class="1004" name="gmem_addr_read_read_fu_203">
<pin_list>
<pin id="204" dir="0" index="0" bw="8" slack="0"/>
<pin id="205" dir="0" index="1" bw="8" slack="8"/>
<pin id="206" dir="1" index="2" bw="8" slack="1"/>
</pin_list>
<bind>
<opcode="read(1150) " fcode="read"/>
<opset="gmem_addr_read/10 "/>
</bind>
</comp>

<comp id="208" class="1004" name="grp_writeresp_fu_208">
<pin_list>
<pin id="209" dir="0" index="0" bw="1" slack="0"/>
<pin id="210" dir="0" index="1" bw="8" slack="0"/>
<pin id="211" dir="0" index="2" bw="1" slack="0"/>
<pin id="212" dir="1" index="3" bw="1" slack="2147483647"/>
</pin_list>
<bind>
<opcode="writereq(1155) writeresp(1158) " fcode="writeresp"/>
<opset="gmem_addr_1_req/10 gmem_addr_1_resp/12 "/>
</bind>
</comp>

<comp id="215" class="1004" name="write_ln25_write_fu_215">
<pin_list>
<pin id="216" dir="0" index="0" bw="0" slack="0"/>
<pin id="217" dir="0" index="1" bw="8" slack="1"/>
<pin id="218" dir="0" index="2" bw="8" slack="1"/>
<pin id="219" dir="0" index="3" bw="1" slack="0"/>
<pin id="220" dir="1" index="4" bw="0" slack="2147483647"/>
</pin_list>
<bind>
<opcode="write(1151) " fcode="write"/>
<opset="write_ln25/11 "/>
</bind>
</comp>

<comp id="224" class="1005" name="tx_reg_224">
<pin_list>
<pin id="225" dir="0" index="0" bw="32" slack="1"/>
<pin id="226" dir="1" index="1" bw="32" slack="1"/>
</pin_list>
<bind>
<opset="tx (phireg) "/>
</bind>
</comp>

<comp id="228" class="1004" name="tx_phi_fu_228">
<pin_list>
<pin id="229" dir="0" index="0" bw="1" slack="1"/>
<pin id="230" dir="0" index="1" bw="0" slack="2147483647"/>
<pin id="231" dir="0" index="2" bw="32" slack="0"/>
<pin id="232" dir="0" index="3" bw="0" slack="2147483647"/>
<pin id="233" dir="1" index="4" bw="32" slack="0"/>
</pin_list>
<bind>
<opcode="phi(47) " fcode="phi"/>
<opset="tx/18 "/>
</bind>
</comp>

<comp id="235" class="1004" name="grp_cnn_accel_Pipeline_VITIS_LOOP_42_3_VITIS_LOOP_43_4_fu_235">
<pin_list>
<pin id="236" dir="0" index="0" bw="0" slack="0"/>
<pin id="237" dir="0" index="1" bw="8" slack="0"/>
<pin id="238" dir="0" index="2" bw="64" slack="17"/>
<pin id="239" dir="0" index="3" bw="31" slack="1"/>
<pin id="240" dir="0" index="4" bw="32" slack="17"/>
<pin id="241" dir="0" index="5" bw="32" slack="17"/>
<pin id="242" dir="0" index="6" bw="8" slack="2147483647"/>
<pin id="243" dir="0" index="7" bw="8" slack="2147483647"/>
<pin id="244" dir="0" index="8" bw="8" slack="2147483647"/>
<pin id="245" dir="0" index="9" bw="31" slack="0"/>
<pin id="246" dir="1" index="10" bw="0" slack="2147483647"/>
</pin_list>
<bind>
<opcode="call(48) " fcode="call"/>
<opset="call_ln35/18 "/>
</bind>
</comp>

<comp id="249" class="1004" name="grp_cnn_accel_Pipeline_VITIS_LOOP_65_5_VITIS_LOOP_66_6_fu_249">
<pin_list>
<pin id="250" dir="0" index="0" bw="0" slack="0"/>
<pin id="251" dir="0" index="1" bw="8" slack="2147483647"/>
<pin id="252" dir="0" index="2" bw="8" slack="2147483647"/>
<pin id="253" dir="0" index="3" bw="8" slack="2147483647"/>
<pin id="254" dir="0" index="4" bw="8" slack="2147483647"/>
<pin id="255" dir="0" index="5" bw="8" slack="2147483647"/>
<pin id="256" dir="0" index="6" bw="8" slack="2147483647"/>
<pin id="257" dir="0" index="7" bw="8" slack="2147483647"/>
<pin id="258" dir="0" index="8" bw="8" slack="2147483647"/>
<pin id="259" dir="0" index="9" bw="8" slack="2147483647"/>
<pin id="260" dir="0" index="10" bw="8" slack="2147483647"/>
<pin id="261" dir="0" index="11" bw="8" slack="2147483647"/>
<pin id="262" dir="0" index="12" bw="8" slack="2147483647"/>
<pin id="263" dir="0" index="13" bw="8" slack="2147483647"/>
<pin id="264" dir="0" index="14" bw="8" slack="2147483647"/>
<pin id="265" dir="0" index="15" bw="8" slack="2147483647"/>
<pin id="266" dir="0" index="16" bw="8" slack="2147483647"/>
<pin id="267" dir="0" index="17" bw="8" slack="2147483647"/>
<pin id="268" dir="0" index="18" bw="8" slack="2147483647"/>
<pin id="269" dir="0" index="19" bw="8" slack="2147483647"/>
<pin id="270" dir="1" index="20" bw="0" slack="2147483647"/>
</pin_list>
<bind>
<opcode="call(48) " fcode="call"/>
<opset="call_ln0/20 "/>
</bind>
</comp>

<comp id="272" class="1004" name="grp_cnn_accel_Pipeline_VITIS_LOOP_83_8_VITIS_LOOP_84_9_fu_272">
<pin_list>
<pin id="273" dir="0" index="0" bw="0" slack="0"/>
<pin id="274" dir="0" index="1" bw="8" slack="0"/>
<pin id="275" dir="0" index="2" bw="31" slack="5"/>
<pin id="276" dir="0" index="3" bw="32" slack="21"/>
<pin id="277" dir="0" index="4" bw="28" slack="6"/>
<pin id="278" dir="0" index="5" bw="8" slack="2147483647"/>
<pin id="279" dir="0" index="6" bw="8" slack="2147483647"/>
<pin id="280" dir="0" index="7" bw="8" slack="2147483647"/>
<pin id="281" dir="0" index="8" bw="8" slack="2147483647"/>
<pin id="282" dir="0" index="9" bw="8" slack="2147483647"/>
<pin id="283" dir="0" index="10" bw="8" slack="2147483647"/>
<pin id="284" dir="0" index="11" bw="8" slack="2147483647"/>
<pin id="285" dir="0" index="12" bw="8" slack="2147483647"/>
<pin id="286" dir="0" index="13" bw="8" slack="2147483647"/>
<pin id="287" dir="0" index="14" bw="8" slack="2147483647"/>
<pin id="288" dir="0" index="15" bw="8" slack="2147483647"/>
<pin id="289" dir="0" index="16" bw="8" slack="2147483647"/>
<pin id="290" dir="0" index="17" bw="8" slack="2147483647"/>
<pin id="291" dir="0" index="18" bw="8" slack="2147483647"/>
<pin id="292" dir="0" index="19" bw="8" slack="2147483647"/>
<pin id="293" dir="0" index="20" bw="8" slack="2147483647"/>
<pin id="294" dir="0" index="21" bw="31" slack="4"/>
<pin id="295" dir="0" index="22" bw="64" slack="21"/>
<pin id="296" dir="1" index="23" bw="0" slack="2147483647"/>
</pin_list>
<bind>
<opcode="call(48) " fcode="call"/>
<opset="call_ln35/22 "/>
</bind>
</comp>

<comp id="299" class="1004" name="icmp_ln24_fu_299">
<pin_list>
<pin id="300" dir="0" index="0" bw="32" slack="0"/>
<pin id="301" dir="0" index="1" bw="1" slack="0"/>
<pin id="302" dir="1" index="2" bw="1" slack="15"/>
</pin_list>
<bind>
<opcode="icmp(45) " fcode="icmp"/>
<opset="icmp_ln24/1 "/>
</bind>
</comp>

<comp id="305" class="1004" name="gmem_addr_fu_305">
<pin_list>
<pin id="306" dir="0" index="0" bw="8" slack="0"/>
<pin id="307" dir="0" index="1" bw="64" slack="1"/>
<pin id="308" dir="1" index="2" bw="8" slack="0"/>
</pin_list>
<bind>
<opcode="getelementptr(29) " fcode="getelementptr"/>
<opset="gmem_addr/2 "/>
</bind>
</comp>

<comp id="311" class="1004" name="gmem_addr_1_fu_311">
<pin_list>
<pin id="312" dir="0" index="0" bw="8" slack="0"/>
<pin id="313" dir="0" index="1" bw="64" slack="9"/>
<pin id="314" dir="1" index="2" bw="8" slack="0"/>
</pin_list>
<bind>
<opcode="getelementptr(29) " fcode="getelementptr"/>
<opset="gmem_addr_1/10 "/>
</bind>
</comp>

<comp id="317" class="1004" name="trunc_ln35_fu_317">
<pin_list>
<pin id="318" dir="0" index="0" bw="32" slack="15"/>
<pin id="319" dir="1" index="1" bw="28" slack="6"/>
</pin_list>
<bind>
<opcode="trunc(33) " fcode="trunc"/>
<opset="trunc_ln35/16 "/>
</bind>
</comp>

<comp id="320" class="1004" name="sext_ln35_fu_320">
<pin_list>
<pin id="321" dir="0" index="0" bw="32" slack="15"/>
<pin id="322" dir="1" index="1" bw="33" slack="1"/>
</pin_list>
<bind>
<opcode="sext(35) " fcode="sext"/>
<opset="sext_ln35/16 "/>
</bind>
</comp>

<comp id="323" class="1004" name="store_ln35_store_fu_323">
<pin_list>
<pin id="324" dir="0" index="0" bw="1" slack="0"/>
<pin id="325" dir="0" index="1" bw="32" slack="0"/>
<pin id="326" dir="1" index="2" bw="0" slack="2147483647"/>
</pin_list>
<bind>
<opcode="store(28) " fcode="store"/>
<opset="store_ln35/16 "/>
</bind>
</comp>

<comp id="328" class="1004" name="ty_1_load_fu_328">
<pin_list>
<pin id="329" dir="0" index="0" bw="32" slack="1"/>
<pin id="330" dir="1" index="1" bw="32" slack="0"/>
</pin_list>
<bind>
<opcode="load(27) " fcode="load"/>
<opset="ty_1/17 "/>
</bind>
</comp>

<comp id="331" class="1004" name="zext_ln35_fu_331">
<pin_list>
<pin id="332" dir="0" index="0" bw="32" slack="0"/>
<pin id="333" dir="1" index="1" bw="33" slack="0"/>
</pin_list>
<bind>
<opcode="zext(34) " fcode="zext"/>
<opset="zext_ln35/17 "/>
</bind>
</comp>

<comp id="335" class="1004" name="icmp_ln35_fu_335">
<pin_list>
<pin id="336" dir="0" index="0" bw="32" slack="0"/>
<pin id="337" dir="0" index="1" bw="32" slack="1"/>
<pin id="338" dir="1" index="2" bw="1" slack="2147483647"/>
</pin_list>
<bind>
<opcode="icmp(45) " fcode="icmp"/>
<opset="icmp_ln35/17 "/>
</bind>
</comp>

<comp id="340" class="1004" name="trunc_ln35_1_fu_340">
<pin_list>
<pin id="341" dir="0" index="0" bw="32" slack="0"/>
<pin id="342" dir="1" index="1" bw="31" slack="1"/>
</pin_list>
<bind>
<opcode="trunc(33) " fcode="trunc"/>
<opset="trunc_ln35_1/17 "/>
</bind>
</comp>

<comp id="344" class="1004" name="zext_ln38_fu_344">
<pin_list>
<pin id="345" dir="0" index="0" bw="32" slack="0"/>
<pin id="346" dir="1" index="1" bw="33" slack="0"/>
</pin_list>
<bind>
<opcode="zext(34) " fcode="zext"/>
<opset="zext_ln38/18 "/>
</bind>
</comp>

<comp id="348" class="1004" name="icmp_ln38_fu_348">
<pin_list>
<pin id="349" dir="0" index="0" bw="32" slack="0"/>
<pin id="350" dir="0" index="1" bw="32" slack="2"/>
<pin id="351" dir="1" index="2" bw="1" slack="2147483647"/>
</pin_list>
<bind>
<opcode="icmp(45) " fcode="icmp"/>
<opset="icmp_ln38/18 "/>
</bind>
</comp>

<comp id="353" class="1004" name="trunc_ln38_fu_353">
<pin_list>
<pin id="354" dir="0" index="0" bw="32" slack="0"/>
<pin id="355" dir="1" index="1" bw="31" slack="0"/>
</pin_list>
<bind>
<opcode="trunc(33) " fcode="trunc"/>
<opset="trunc_ln38/18 "/>
</bind>
</comp>

<comp id="358" class="1004" name="add_ln38_fu_358">
<pin_list>
<pin id="359" dir="0" index="0" bw="32" slack="0"/>
<pin id="360" dir="0" index="1" bw="7" slack="0"/>
<pin id="361" dir="1" index="2" bw="32" slack="0"/>
</pin_list>
<bind>
<opcode="add(8) " fcode="add"/>
<opset="add_ln38/18 "/>
</bind>
</comp>

<comp id="364" class="1004" name="add_ln35_fu_364">
<pin_list>
<pin id="365" dir="0" index="0" bw="32" slack="2147483647"/>
<pin id="366" dir="0" index="1" bw="7" slack="0"/>
<pin id="367" dir="1" index="2" bw="32" slack="0"/>
</pin_list>
<bind>
<opcode="add(8) " fcode="add"/>
<opset="add_ln35/18 "/>
</bind>
</comp>

<comp id="369" class="1004" name="store_ln35_store_fu_369">
<pin_list>
<pin id="370" dir="0" index="0" bw="32" slack="0"/>
<pin id="371" dir="0" index="1" bw="32" slack="2"/>
<pin id="372" dir="1" index="2" bw="0" slack="2147483647"/>
</pin_list>
<bind>
<opcode="store(28) " fcode="store"/>
<opset="store_ln35/18 "/>
</bind>
</comp>

<comp id="374" class="1005" name="size_read_reg_374">
<pin_list>
<pin id="375" dir="0" index="0" bw="32" slack="15"/>
<pin id="376" dir="1" index="1" bw="32" slack="15"/>
</pin_list>
<bind>
<opset="size_read "/>
</bind>
</comp>

<comp id="383" class="1005" name="output_r_read_reg_383">
<pin_list>
<pin id="384" dir="0" index="0" bw="64" slack="9"/>
<pin id="385" dir="1" index="1" bw="64" slack="9"/>
</pin_list>
<bind>
<opset="output_r_read "/>
</bind>
</comp>

<comp id="389" class="1005" name="input_r_read_reg_389">
<pin_list>
<pin id="390" dir="0" index="0" bw="64" slack="1"/>
<pin id="391" dir="1" index="1" bw="64" slack="1"/>
</pin_list>
<bind>
<opset="input_r_read "/>
</bind>
</comp>

<comp id="395" class="1005" name="icmp_ln24_reg_395">
<pin_list>
<pin id="396" dir="0" index="0" bw="1" slack="15"/>
<pin id="397" dir="1" index="1" bw="1" slack="2147483647"/>
</pin_list>
<bind>
<opset="icmp_ln24 "/>
</bind>
</comp>

<comp id="399" class="1005" name="gmem_addr_reg_399">
<pin_list>
<pin id="400" dir="0" index="0" bw="8" slack="1"/>
<pin id="401" dir="1" index="1" bw="8" slack="1"/>
</pin_list>
<bind>
<opset="gmem_addr "/>
</bind>
</comp>

<comp id="405" class="1005" name="gmem_addr_read_reg_405">
<pin_list>
<pin id="406" dir="0" index="0" bw="8" slack="1"/>
<pin id="407" dir="1" index="1" bw="8" slack="1"/>
</pin_list>
<bind>
<opset="gmem_addr_read "/>
</bind>
</comp>

<comp id="410" class="1005" name="gmem_addr_1_reg_410">
<pin_list>
<pin id="411" dir="0" index="0" bw="8" slack="1"/>
<pin id="412" dir="1" index="1" bw="8" slack="1"/>
</pin_list>
<bind>
<opset="gmem_addr_1 "/>
</bind>
</comp>

<comp id="416" class="1005" name="ty_reg_416">
<pin_list>
<pin id="417" dir="0" index="0" bw="32" slack="0"/>
<pin id="418" dir="1" index="1" bw="32" slack="0"/>
</pin_list>
<bind>
<opset="ty "/>
</bind>
</comp>

<comp id="423" class="1005" name="trunc_ln35_reg_423">
<pin_list>
<pin id="424" dir="0" index="0" bw="28" slack="6"/>
<pin id="425" dir="1" index="1" bw="28" slack="6"/>
</pin_list>
<bind>
<opset="trunc_ln35 "/>
</bind>
</comp>

<comp id="428" class="1005" name="sext_ln35_reg_428">
<pin_list>
<pin id="429" dir="0" index="0" bw="33" slack="1"/>
<pin id="430" dir="1" index="1" bw="33" slack="1"/>
</pin_list>
<bind>
<opset="sext_ln35 "/>
</bind>
</comp>

<comp id="440" class="1005" name="trunc_ln35_1_reg_440">
<pin_list>
<pin id="441" dir="0" index="0" bw="31" slack="1"/>
<pin id="442" dir="1" index="1" bw="31" slack="1"/>
</pin_list>
<bind>
<opset="trunc_ln35_1 "/>
</bind>
</comp>

<comp id="449" class="1005" name="trunc_ln38_reg_449">
<pin_list>
<pin id="450" dir="0" index="0" bw="31" slack="1"/>
<pin id="451" dir="1" index="1" bw="31" slack="1"/>
</pin_list>
<bind>
<opset="trunc_ln38 "/>
</bind>
</comp>

<comp id="455" class="1005" name="add_ln38_reg_455">
<pin_list>
<pin id="456" dir="0" index="0" bw="32" slack="0"/>
<pin id="457" dir="1" index="1" bw="32" slack="0"/>
</pin_list>
<bind>
<opset="add_ln38 "/>
</bind>
</comp>

</comp_list>

<net_list>
<net id="101"><net_src comp="54" pin="0"/><net_sink comp="98" pin=0"/></net>

<net id="105"><net_src comp="54" pin="0"/><net_sink comp="102" pin=0"/></net>

<net id="109"><net_src comp="54" pin="0"/><net_sink comp="106" pin=0"/></net>

<net id="113"><net_src comp="54" pin="0"/><net_sink comp="110" pin=0"/></net>

<net id="117"><net_src comp="54" pin="0"/><net_sink comp="114" pin=0"/></net>

<net id="121"><net_src comp="54" pin="0"/><net_sink comp="118" pin=0"/></net>

<net id="125"><net_src comp="54" pin="0"/><net_sink comp="122" pin=0"/></net>

<net id="129"><net_src comp="54" pin="0"/><net_sink comp="126" pin=0"/></net>

<net id="133"><net_src comp="54" pin="0"/><net_sink comp="130" pin=0"/></net>

<net id="137"><net_src comp="54" pin="0"/><net_sink comp="134" pin=0"/></net>

<net id="141"><net_src comp="54" pin="0"/><net_sink comp="138" pin=0"/></net>

<net id="145"><net_src comp="54" pin="0"/><net_sink comp="142" pin=0"/></net>

<net id="149"><net_src comp="54" pin="0"/><net_sink comp="146" pin=0"/></net>

<net id="153"><net_src comp="54" pin="0"/><net_sink comp="150" pin=0"/></net>

<net id="157"><net_src comp="54" pin="0"/><net_sink comp="154" pin=0"/></net>

<net id="161"><net_src comp="54" pin="0"/><net_sink comp="158" pin=0"/></net>

<net id="165"><net_src comp="54" pin="0"/><net_sink comp="162" pin=0"/></net>

<net id="169"><net_src comp="54" pin="0"/><net_sink comp="166" pin=0"/></net>

<net id="173"><net_src comp="54" pin="0"/><net_sink comp="170" pin=0"/></net>

<net id="177"><net_src comp="68" pin="0"/><net_sink comp="174" pin=0"/></net>

<net id="182"><net_src comp="50" pin="0"/><net_sink comp="178" pin=0"/></net>

<net id="183"><net_src comp="6" pin="0"/><net_sink comp="178" pin=1"/></net>

<net id="188"><net_src comp="52" pin="0"/><net_sink comp="184" pin=0"/></net>

<net id="189"><net_src comp="4" pin="0"/><net_sink comp="184" pin=1"/></net>

<net id="194"><net_src comp="52" pin="0"/><net_sink comp="190" pin=0"/></net>

<net id="195"><net_src comp="2" pin="0"/><net_sink comp="190" pin=1"/></net>

<net id="201"><net_src comp="56" pin="0"/><net_sink comp="196" pin=0"/></net>

<net id="202"><net_src comp="54" pin="0"/><net_sink comp="196" pin=2"/></net>

<net id="207"><net_src comp="58" pin="0"/><net_sink comp="203" pin=0"/></net>

<net id="213"><net_src comp="60" pin="0"/><net_sink comp="208" pin=0"/></net>

<net id="214"><net_src comp="54" pin="0"/><net_sink comp="208" pin=2"/></net>

<net id="221"><net_src comp="62" pin="0"/><net_sink comp="215" pin=0"/></net>

<net id="222"><net_src comp="64" pin="0"/><net_sink comp="215" pin=3"/></net>

<net id="223"><net_src comp="66" pin="0"/><net_sink comp="208" pin=0"/></net>

<net id="227"><net_src comp="14" pin="0"/><net_sink comp="224" pin=0"/></net>

<net id="234"><net_src comp="224" pin="1"/><net_sink comp="228" pin=0"/></net>

<net id="247"><net_src comp="88" pin="0"/><net_sink comp="235" pin=0"/></net>

<net id="248"><net_src comp="0" pin="0"/><net_sink comp="235" pin=1"/></net>

<net id="271"><net_src comp="92" pin="0"/><net_sink comp="249" pin=0"/></net>

<net id="297"><net_src comp="94" pin="0"/><net_sink comp="272" pin=0"/></net>

<net id="298"><net_src comp="0" pin="0"/><net_sink comp="272" pin=1"/></net>

<net id="303"><net_src comp="178" pin="2"/><net_sink comp="299" pin=0"/></net>

<net id="304"><net_src comp="14" pin="0"/><net_sink comp="299" pin=1"/></net>

<net id="309"><net_src comp="0" pin="0"/><net_sink comp="305" pin=0"/></net>

<net id="310"><net_src comp="305" pin="2"/><net_sink comp="196" pin=1"/></net>

<net id="315"><net_src comp="0" pin="0"/><net_sink comp="311" pin=0"/></net>

<net id="316"><net_src comp="311" pin="2"/><net_sink comp="208" pin=1"/></net>

<net id="327"><net_src comp="14" pin="0"/><net_sink comp="323" pin=0"/></net>

<net id="334"><net_src comp="328" pin="1"/><net_sink comp="331" pin=0"/></net>

<net id="339"><net_src comp="331" pin="1"/><net_sink comp="335" pin=0"/></net>

<net id="343"><net_src comp="328" pin="1"/><net_sink comp="340" pin=0"/></net>

<net id="347"><net_src comp="228" pin="4"/><net_sink comp="344" pin=0"/></net>

<net id="352"><net_src comp="344" pin="1"/><net_sink comp="348" pin=0"/></net>

<net id="356"><net_src comp="228" pin="4"/><net_sink comp="353" pin=0"/></net>

<net id="357"><net_src comp="353" pin="1"/><net_sink comp="235" pin=9"/></net>

<net id="362"><net_src comp="228" pin="4"/><net_sink comp="358" pin=0"/></net>

<net id="363"><net_src comp="90" pin="0"/><net_sink comp="358" pin=1"/></net>

<net id="368"><net_src comp="90" pin="0"/><net_sink comp="364" pin=1"/></net>

<net id="373"><net_src comp="364" pin="2"/><net_sink comp="369" pin=0"/></net>

<net id="377"><net_src comp="178" pin="2"/><net_sink comp="374" pin=0"/></net>

<net id="378"><net_src comp="374" pin="1"/><net_sink comp="317" pin=0"/></net>

<net id="379"><net_src comp="374" pin="1"/><net_sink comp="320" pin=0"/></net>

<net id="380"><net_src comp="374" pin="1"/><net_sink comp="235" pin=4"/></net>

<net id="381"><net_src comp="374" pin="1"/><net_sink comp="235" pin=5"/></net>

<net id="382"><net_src comp="374" pin="1"/><net_sink comp="272" pin=3"/></net>

<net id="386"><net_src comp="184" pin="2"/><net_sink comp="383" pin=0"/></net>

<net id="387"><net_src comp="383" pin="1"/><net_sink comp="311" pin=1"/></net>

<net id="388"><net_src comp="383" pin="1"/><net_sink comp="272" pin=22"/></net>

<net id="392"><net_src comp="190" pin="2"/><net_sink comp="389" pin=0"/></net>

<net id="393"><net_src comp="389" pin="1"/><net_sink comp="305" pin=1"/></net>

<net id="394"><net_src comp="389" pin="1"/><net_sink comp="235" pin=2"/></net>

<net id="398"><net_src comp="299" pin="2"/><net_sink comp="395" pin=0"/></net>

<net id="402"><net_src comp="305" pin="2"/><net_sink comp="399" pin=0"/></net>

<net id="403"><net_src comp="399" pin="1"/><net_sink comp="196" pin=1"/></net>

<net id="404"><net_src comp="399" pin="1"/><net_sink comp="203" pin=1"/></net>

<net id="408"><net_src comp="203" pin="2"/><net_sink comp="405" pin=0"/></net>

<net id="409"><net_src comp="405" pin="1"/><net_sink comp="215" pin=2"/></net>

<net id="413"><net_src comp="311" pin="2"/><net_sink comp="410" pin=0"/></net>

<net id="414"><net_src comp="410" pin="1"/><net_sink comp="215" pin=1"/></net>

<net id="415"><net_src comp="410" pin="1"/><net_sink comp="208" pin=1"/></net>

<net id="419"><net_src comp="174" pin="1"/><net_sink comp="416" pin=0"/></net>

<net id="420"><net_src comp="416" pin="1"/><net_sink comp="323" pin=1"/></net>

<net id="421"><net_src comp="416" pin="1"/><net_sink comp="328" pin=0"/></net>

<net id="422"><net_src comp="416" pin="1"/><net_sink comp="369" pin=1"/></net>

<net id="426"><net_src comp="317" pin="1"/><net_sink comp="423" pin=0"/></net>

<net id="427"><net_src comp="423" pin="1"/><net_sink comp="272" pin=4"/></net>

<net id="431"><net_src comp="320" pin="1"/><net_sink comp="428" pin=0"/></net>

<net id="432"><net_src comp="428" pin="1"/><net_sink comp="335" pin=1"/></net>

<net id="433"><net_src comp="428" pin="1"/><net_sink comp="348" pin=1"/></net>

<net id="443"><net_src comp="340" pin="1"/><net_sink comp="440" pin=0"/></net>

<net id="444"><net_src comp="440" pin="1"/><net_sink comp="235" pin=3"/></net>

<net id="445"><net_src comp="440" pin="1"/><net_sink comp="272" pin=2"/></net>

<net id="452"><net_src comp="353" pin="1"/><net_sink comp="449" pin=0"/></net>

<net id="453"><net_src comp="449" pin="1"/><net_sink comp="235" pin=9"/></net>

<net id="454"><net_src comp="449" pin="1"/><net_sink comp="272" pin=21"/></net>

<net id="458"><net_src comp="358" pin="2"/><net_sink comp="455" pin=0"/></net>

<net id="459"><net_src comp="455" pin="1"/><net_sink comp="228" pin=2"/></net>

</net_list>

</model> 
---------------- Datapath Model END ------------------

* FSMD analyzer results:
  - Output states:
	Port: gmem | {10 11 12 13 14 15 16 22 23 }
 - Input state : 
	Port: cnn_accel : gmem | {2 3 4 5 6 7 8 9 10 18 19 }
	Port: cnn_accel : input_r | {1 }
	Port: cnn_accel : output_r | {1 }
	Port: cnn_accel : size | {1 }
  - Chain level:
	State 1
		br_ln24 : 1
	State 2
		gmem_load_req : 1
	State 3
	State 4
	State 5
	State 6
	State 7
	State 8
	State 9
	State 10
		gmem_addr_1_req : 1
	State 11
	State 12
	State 13
	State 14
	State 15
	State 16
		store_ln35 : 1
	State 17
		zext_ln35 : 1
		icmp_ln35 : 2
		br_ln35 : 3
		trunc_ln35_1 : 1
	State 18
		zext_ln38 : 1
		icmp_ln38 : 2
		br_ln38 : 3
		trunc_ln38 : 1
		call_ln35 : 2
		add_ln38 : 1
		store_ln35 : 1
	State 19
	State 20
	State 21
	State 22
	State 23


============================================================
+ Verbose Summary: Datapath Resource usage 
============================================================

* Functional unit list:
|----------|---------------------------------------------------------------|---------|---------|---------|---------|
| Operation|                        Functional Unit                        |   DSP   |  Delay  |    FF   |   LUT   |
|----------|---------------------------------------------------------------|---------|---------|---------|---------|
|          | grp_cnn_accel_Pipeline_VITIS_LOOP_42_3_VITIS_LOOP_43_4_fu_235 |    4    |   8.05  |   697   |   825   |
|   call   | grp_cnn_accel_Pipeline_VITIS_LOOP_65_5_VITIS_LOOP_66_6_fu_249 |    0    |   4.83  |   136   |   151   |
|          | grp_cnn_accel_Pipeline_VITIS_LOOP_83_8_VITIS_LOOP_84_9_fu_272 |    3    |  46.69  |   893   |   1663  |
|----------|---------------------------------------------------------------|---------|---------|---------|---------|
|          |                        icmp_ln24_fu_299                       |    0    |    0    |    0    |    39   |
|   icmp   |                        icmp_ln35_fu_335                       |    0    |    0    |    0    |    39   |
|          |                        icmp_ln38_fu_348                       |    0    |    0    |    0    |    39   |
|----------|---------------------------------------------------------------|---------|---------|---------|---------|
|    add   |                        add_ln38_fu_358                        |    0    |    0    |    0    |    39   |
|          |                        add_ln35_fu_364                        |    0    |    0    |    0    |    39   |
|----------|---------------------------------------------------------------|---------|---------|---------|---------|
|          |                     size_read_read_fu_178                     |    0    |    0    |    0    |    0    |
|   read   |                   output_r_read_read_fu_184                   |    0    |    0    |    0    |    0    |
|          |                    input_r_read_read_fu_190                   |    0    |    0    |    0    |    0    |
|          |                   gmem_addr_read_read_fu_203                  |    0    |    0    |    0    |    0    |
|----------|---------------------------------------------------------------|---------|---------|---------|---------|
|  readreq |                       grp_readreq_fu_196                      |    0    |    0    |    0    |    0    |
|----------|---------------------------------------------------------------|---------|---------|---------|---------|
| writeresp|                      grp_writeresp_fu_208                     |    0    |    0    |    0    |    0    |
|----------|---------------------------------------------------------------|---------|---------|---------|---------|
|   write  |                    write_ln25_write_fu_215                    |    0    |    0    |    0    |    0    |
|----------|---------------------------------------------------------------|---------|---------|---------|---------|
|          |                       trunc_ln35_fu_317                       |    0    |    0    |    0    |    0    |
|   trunc  |                      trunc_ln35_1_fu_340                      |    0    |    0    |    0    |    0    |
|          |                       trunc_ln38_fu_353                       |    0    |    0    |    0    |    0    |
|----------|---------------------------------------------------------------|---------|---------|---------|---------|
|   sext   |                        sext_ln35_fu_320                       |    0    |    0    |    0    |    0    |
|----------|---------------------------------------------------------------|---------|---------|---------|---------|
|   zext   |                        zext_ln35_fu_331                       |    0    |    0    |    0    |    0    |
|          |                        zext_ln38_fu_344                       |    0    |    0    |    0    |    0    |
|----------|---------------------------------------------------------------|---------|---------|---------|---------|
|   Total  |                                                               |    7    |  59.57  |   1726  |   2834  |
|----------|---------------------------------------------------------------|---------|---------|---------|---------|

Memories:
+-----------+--------+--------+--------+
|           |  BRAM  |   FF   |   LUT  |
+-----------+--------+--------+--------+
|  tile_in  |    1   |    0   |    0   |
| tile_in_1 |    1   |    0   |    0   |
| tile_in_2 |    1   |    0   |    0   |
|  tile_out |    1   |    0   |    0   |
| tile_out_1|    1   |    0   |    0   |
|tile_out_10|    1   |    0   |    0   |
|tile_out_11|    1   |    0   |    0   |
|tile_out_12|    1   |    0   |    0   |
|tile_out_13|    1   |    0   |    0   |
|tile_out_14|    1   |    0   |    0   |
|tile_out_15|    1   |    0   |    0   |
| tile_out_2|    1   |    0   |    0   |
| tile_out_3|    1   |    0   |    0   |
| tile_out_4|    1   |    0   |    0   |
| tile_out_5|    1   |    0   |    0   |
| tile_out_6|    1   |    0   |    0   |
| tile_out_7|    1   |    0   |    0   |
| tile_out_8|    1   |    0   |    0   |
| tile_out_9|    1   |    0   |    0   |
+-----------+--------+--------+--------+
|   Total   |   19   |    0   |    0   |
+-----------+--------+--------+--------+

* Register list:
+----------------------+--------+
|                      |   FF   |
+----------------------+--------+
|   add_ln38_reg_455   |   32   |
|  gmem_addr_1_reg_410 |    8   |
|gmem_addr_read_reg_405|    8   |
|   gmem_addr_reg_399  |    8   |
|   icmp_ln24_reg_395  |    1   |
| input_r_read_reg_389 |   64   |
| output_r_read_reg_383|   64   |
|   sext_ln35_reg_428  |   33   |
|   size_read_reg_374  |   32   |
| trunc_ln35_1_reg_440 |   31   |
|  trunc_ln35_reg_423  |   28   |
|  trunc_ln38_reg_449  |   31   |
|      tx_reg_224      |   32   |
|      ty_reg_416      |   32   |
+----------------------+--------+
|         Total        |   404  |
+----------------------+--------+

* Multiplexer (MUX) list: 
|---------------------------------------------------------------|------|------|------|--------||---------||---------||---------|
|                              Comp                             |  Pin | Size |  BW  | S x BW ||  Delay  ||    FF   ||   LUT   |
|---------------------------------------------------------------|------|------|------|--------||---------||---------||---------|
|                       grp_readreq_fu_196                      |  p1  |   2  |   8  |   16   ||    0    ||    9    |
|                      grp_writeresp_fu_208                     |  p0  |   2  |   1  |    2   |
|                      grp_writeresp_fu_208                     |  p1  |   2  |   8  |   16   ||    0    ||    9    |
| grp_cnn_accel_Pipeline_VITIS_LOOP_42_3_VITIS_LOOP_43_4_fu_235 |  p9  |   2  |  31  |   62   ||    0    ||    9    |
|---------------------------------------------------------------|------|------|------|--------||---------||---------||---------|
|                             Total                             |      |      |      |   96   ||   6.44  ||    0    ||    27   |
|---------------------------------------------------------------|------|------|------|--------||---------||---------||---------|



* Summary:
+-----------+--------+--------+--------+--------+--------+
|           |  BRAM  |   DSP  |  Delay |   FF   |   LUT  |
+-----------+--------+--------+--------+--------+--------+
|  Function |    -   |    7   |   59   |  1726  |  2834  |
|   Memory  |   19   |    -   |    -   |    0   |    0   |
|Multiplexer|    -   |    -   |    6   |    0   |   27   |
|  Register |    -   |    -   |    -   |   404  |    -   |
+-----------+--------+--------+--------+--------+--------+
|   Total   |   19   |    7   |   66   |  2130  |  2861  |
+-----------+--------+--------+--------+--------+--------+
