

================================================================
== Vitis HLS Report for 'cnn_accel_Pipeline_VITIS_LOOP_34_3_VITIS_LOOP_35_4'
================================================================
* Date:           Thu Apr 16 14:46:56 2026

* Version:        2024.2 (Build 5238294 on Nov  8 2024)
* Project:        cnn_accel
* Solution:       solution1 (Vivado IP Flow Target)
* Product family: artix7
* Target device:  xc7a200t-sbg484-1


================================================================
== Performance Estimates
================================================================
+ Timing: 
    * Summary: 
    +--------+----------+----------+------------+
    |  Clock |  Target  | Estimated| Uncertainty|
    +--------+----------+----------+------------+
    |ap_clk  |  10.00 ns|  6.937 ns|     2.70 ns|
    +--------+----------+----------+------------+

+ Latency: 
    * Summary: 
    +---------+---------+-----------+-----------+------+------+------------------------------------------------+
    |  Latency (cycles) |   Latency (absolute)  |   Interval  |                    Pipeline                    |
    |   min   |   max   |    min    |    max    |  min |  max |                      Type                      |
    +---------+---------+-----------+-----------+------+------+------------------------------------------------+
    |     1027|     1027|  10.270 us|  10.270 us|  1025|  1025|  loop auto-rewind stp (delay=0 clock cycles(s))|
    +---------+---------+-----------+-----------+------+------+------------------------------------------------+

    + Detail: 
        * Instance: 
        N/A

        * Loop: 
        +-----------------------------------+---------+---------+----------+-----------+-----------+------+----------+
        |                                   |  Latency (cycles) | Iteration|  Initiation Interval  | Trip |          |
        |             Loop Name             |   min   |   max   |  Latency |  achieved |   target  | Count| Pipelined|
        +-----------------------------------+---------+---------+----------+-----------+-----------+------+----------+
        |- VITIS_LOOP_34_3_VITIS_LOOP_35_4  |     1025|     1025|         3|          1|          1|  1024|       yes|
        +-----------------------------------+---------+---------+----------+-----------+-----------+------+----------+



================================================================
== Utilization Estimates
================================================================
* Summary: 
+-----------------+---------+-----+--------+--------+-----+
|       Name      | BRAM_18K| DSP |   FF   |   LUT  | URAM|
+-----------------+---------+-----+--------+--------+-----+
|DSP              |        -|    -|       -|       -|    -|
|Expression       |        -|    -|       0|     268|    -|
|FIFO             |        -|    -|       -|       -|    -|
|Instance         |        -|    -|       -|       -|    -|
|Memory           |        -|    -|       -|       -|    -|
|Multiplexer      |        -|    -|       0|      54|    -|
|Register         |        -|    -|     164|       -|    -|
+-----------------+---------+-----+--------+--------+-----+
|Total            |        0|    0|     164|     322|    0|
+-----------------+---------+-----+--------+--------+-----+
|Available        |      730|  740|  269200|  134600|    0|
+-----------------+---------+-----+--------+--------+-----+
|Utilization (%)  |        0|    0|      ~0|      ~0|    0|
+-----------------+---------+-----+--------+--------+-----+

+ Detail: 
    * Instance: 
    N/A

    * DSP: 
    N/A

    * Memory: 
    N/A

    * FIFO: 
    N/A

    * Expression: 
    +-------------------------+----------+----+---+----+------------+------------+
    |      Variable Name      | Operation| DSP| FF| LUT| Bitwidth P0| Bitwidth P1|
    +-------------------------+----------+----+---+----+------------+------------+
    |add_ln34_1_fu_169_p2     |         +|   0|  0|  18|          11|           1|
    |add_ln34_fu_186_p2       |         +|   0|  0|  14|           6|           1|
    |add_ln35_fu_254_p2       |         +|   0|  0|  14|           6|           1|
    |add_ln39_fu_249_p2       |         +|   0|  0|  39|          32|          32|
    |add_ln44_fu_239_p2       |         +|   0|  0|  17|          10|          10|
    |empty_fu_230_p2          |         +|   0|  0|  39|          32|          32|
    |and_ln41_fu_284_p2       |       and|   0|  0|   2|           1|           1|
    |cmp14_fu_270_p2          |      icmp|   0|  0|  39|          32|          32|
    |icmp_ln34_fu_163_p2      |      icmp|   0|  0|  19|          11|          12|
    |icmp_ln35_fu_192_p2      |      icmp|   0|  0|  14|           6|           7|
    |icmp_ln41_fu_280_p2      |      icmp|   0|  0|  39|          32|          32|
    |select_ln34_1_fu_206_p3  |    select|   0|  0|   6|           1|           6|
    |select_ln34_fu_198_p3    |    select|   0|  0|   6|           1|           1|
    |ap_enable_pp0            |       xor|   0|  0|   2|           1|           2|
    +-------------------------+----------+----+---+----+------------+------------+
    |Total                    |          |   0|  0| 268|         182|         170|
    +-------------------------+----------+----+---+----+------------+------------+

    * Multiplexer: 
    +--------------------------------------+----+-----------+-----+-----------+
    |                 Name                 | LUT| Input Size| Bits| Total Bits|
    +--------------------------------------+----+-----------+-----+-----------+
    |ap_done_int                           |   9|          2|    1|          2|
    |ap_enable_reg_pp0_iter1               |   9|          2|    1|          2|
    |ap_sig_allocacmp_indvar_flatten_load  |   9|          2|   11|         22|
    |indvar_flatten_fu_70                  |   9|          2|   11|         22|
    |x_fu_62                               |   9|          2|    6|         12|
    |y_fu_66                               |   9|          2|    6|         12|
    +--------------------------------------+----+-----------+-----+-----------+
    |Total                                 |  54|         12|   36|         72|
    +--------------------------------------+----+-----------+-----+-----------+

    * Register: 
    +----------------------------------+----+----+-----+-----------+
    |               Name               | FF | LUT| Bits| Const Bits|
    +----------------------------------+----+----+-----+-----------+
    |add_ln39_reg_348                  |  32|   0|   32|          0|
    |add_ln44_reg_343                  |  10|   0|   10|          0|
    |ap_CS_fsm                         |   1|   0|    1|          0|
    |ap_done_reg                       |   1|   0|    1|          0|
    |ap_enable_reg_pp0_iter1           |   1|   0|    1|          0|
    |ap_enable_reg_pp0_iter2           |   1|   0|    1|          0|
    |ap_loop_exit_ready_pp0_iter1_reg  |   1|   0|    1|          0|
    |empty_reg_338                     |  32|   0|   32|          0|
    |indvar_flatten_fu_70              |  11|   0|   11|          0|
    |tx_cast_reg_324                   |  31|   0|   32|          1|
    |ty_cast_reg_329                   |  31|   0|   32|          1|
    |x_fu_62                           |   6|   0|    6|          0|
    |y_fu_66                           |   6|   0|    6|          0|
    +----------------------------------+----+----+-----+-----------+
    |Total                             | 164|   0|  166|          2|
    +----------------------------------+----+----+-----+-----------+



================================================================
== Interface
================================================================
* Summary: 
+--------------------+-----+-----+------------+----------------------------------------------------+--------------+
|      RTL Ports     | Dir | Bits|  Protocol  |                    Source Object                   |    C Type    |
+--------------------+-----+-----+------------+----------------------------------------------------+--------------+
|ap_clk              |   in|    1|  ap_ctrl_hs|  cnn_accel_Pipeline_VITIS_LOOP_34_3_VITIS_LOOP_35_4|  return value|
|ap_rst              |   in|    1|  ap_ctrl_hs|  cnn_accel_Pipeline_VITIS_LOOP_34_3_VITIS_LOOP_35_4|  return value|
|ap_start            |   in|    1|  ap_ctrl_hs|  cnn_accel_Pipeline_VITIS_LOOP_34_3_VITIS_LOOP_35_4|  return value|
|ap_done             |  out|    1|  ap_ctrl_hs|  cnn_accel_Pipeline_VITIS_LOOP_34_3_VITIS_LOOP_35_4|  return value|
|ap_idle             |  out|    1|  ap_ctrl_hs|  cnn_accel_Pipeline_VITIS_LOOP_34_3_VITIS_LOOP_35_4|  return value|
|ap_ready            |  out|    1|  ap_ctrl_hs|  cnn_accel_Pipeline_VITIS_LOOP_34_3_VITIS_LOOP_35_4|  return value|
|ty                  |   in|   31|     ap_none|                                                  ty|        scalar|
|size                |   in|   32|     ap_none|                                                size|        scalar|
|tile_in_address0    |  out|   10|   ap_memory|                                             tile_in|         array|
|tile_in_ce0         |  out|    1|   ap_memory|                                             tile_in|         array|
|tile_in_we0         |  out|    1|   ap_memory|                                             tile_in|         array|
|tile_in_d0          |  out|    8|   ap_memory|                                             tile_in|         array|
|tile_in_1_address0  |  out|   10|   ap_memory|                                           tile_in_1|         array|
|tile_in_1_ce0       |  out|    1|   ap_memory|                                           tile_in_1|         array|
|tile_in_1_we0       |  out|    1|   ap_memory|                                           tile_in_1|         array|
|tile_in_1_d0        |  out|    8|   ap_memory|                                           tile_in_1|         array|
|tile_in_2_address0  |  out|   10|   ap_memory|                                           tile_in_2|         array|
|tile_in_2_ce0       |  out|    1|   ap_memory|                                           tile_in_2|         array|
|tile_in_2_we0       |  out|    1|   ap_memory|                                           tile_in_2|         array|
|tile_in_2_d0        |  out|    8|   ap_memory|                                           tile_in_2|         array|
|tx                  |   in|   31|     ap_none|                                                  tx|        scalar|
|input_r_load        |   in|    8|     ap_none|                                        input_r_load|        scalar|
+--------------------+-----+-----+------------+----------------------------------------------------+--------------+

============================================================
+ Verbose Summary: Synthesis Manager
============================================================
InlineROM: 1
ExposeGlobal: 0
============================================================
+ Verbose Summary: CDFG Model
============================================================
IsTopModel: 0
ResetActiveHigh: 1
IsCombinational: 2
IsDatapathOnly: 2
HasWiredReturn: 1
HasMFsm: 2
HasVarLatency: 1
IsPipeline: 0
IsRtlPipelined: 0
IsInstanceOverlapped: 0
IsDontTouch: 0
HasImplIP: 0
IsGatedGlobalClock: 0

+ Individual pipeline summary: 
  * Pipeline-0: initiation interval (II) = 1, depth = 3


============================================================
+ Verbose Summary: Schedule
============================================================
* Number of FSM states : 3
* Pipeline : 1
  Pipeline-0 : II = 1, D = 3, States = { 1 2 3 }
* Dataflow Pipeline: 0

* FSM state transitions: 
1 --> 2 
2 --> 3 
3 --> 

* FSM state operations: 

State 1 <SV = 0> <Delay = 5.34>
ST_1 : Operation 6 [1/1] (0.00ns)   --->   "%x = alloca i32 1" [cnn_accel.cpp:35]   --->   Operation 6 'alloca' 'x' <Predicate = true> <Delay = 0.00>
ST_1 : Operation 7 [1/1] (0.00ns)   --->   "%y = alloca i32 1" [cnn_accel.cpp:34]   --->   Operation 7 'alloca' 'y' <Predicate = true> <Delay = 0.00>
ST_1 : Operation 8 [1/1] (0.00ns)   --->   "%indvar_flatten = alloca i32 1"   --->   Operation 8 'alloca' 'indvar_flatten' <Predicate = true> <Delay = 0.00>
ST_1 : Operation 9 [1/1] (0.00ns)   --->   "%input_r_load_read = read i8 @_ssdm_op_Read.ap_auto.i8, i8 %input_r_load"   --->   Operation 9 'read' 'input_r_load_read' <Predicate = true> <Delay = 0.00>
ST_1 : Operation 10 [1/1] (0.00ns)   --->   "%tx_read = read i31 @_ssdm_op_Read.ap_auto.i31, i31 %tx"   --->   Operation 10 'read' 'tx_read' <Predicate = true> <Delay = 0.00>
ST_1 : Operation 11 [1/1] (0.00ns)   --->   "%size_read = read i32 @_ssdm_op_Read.ap_auto.i32, i32 %size"   --->   Operation 11 'read' 'size_read' <Predicate = true> <Delay = 0.00>
ST_1 : Operation 12 [1/1] (0.00ns)   --->   "%ty_read = read i31 @_ssdm_op_Read.ap_auto.i31, i31 %ty"   --->   Operation 12 'read' 'ty_read' <Predicate = true> <Delay = 0.00>
ST_1 : Operation 13 [1/1] (0.00ns)   --->   "%tx_cast = zext i31 %tx_read"   --->   Operation 13 'zext' 'tx_cast' <Predicate = true> <Delay = 0.00>
ST_1 : Operation 14 [1/1] (0.00ns)   --->   "%ty_cast = zext i31 %ty_read"   --->   Operation 14 'zext' 'ty_cast' <Predicate = true> <Delay = 0.00>
ST_1 : Operation 15 [1/1] (0.00ns)   --->   "%specmemcore_ln0 = specmemcore void @_ssdm_op_SpecMemCore, i8 %tile_in, i64 666, i64 30, i64 18446744073709551615"   --->   Operation 15 'specmemcore' 'specmemcore_ln0' <Predicate = true> <Delay = 0.00>
ST_1 : Operation 16 [1/1] (0.00ns)   --->   "%specmemcore_ln0 = specmemcore void @_ssdm_op_SpecMemCore, i8 %tile_in_1, i64 666, i64 30, i64 18446744073709551615"   --->   Operation 16 'specmemcore' 'specmemcore_ln0' <Predicate = true> <Delay = 0.00>
ST_1 : Operation 17 [1/1] (0.00ns)   --->   "%specmemcore_ln0 = specmemcore void @_ssdm_op_SpecMemCore, i8 %tile_in_2, i64 666, i64 30, i64 18446744073709551615"   --->   Operation 17 'specmemcore' 'specmemcore_ln0' <Predicate = true> <Delay = 0.00>
ST_1 : Operation 18 [1/1] (1.61ns)   --->   "%store_ln0 = store i11 0, i11 %indvar_flatten"   --->   Operation 18 'store' 'store_ln0' <Predicate = true> <Delay = 1.61>
ST_1 : Operation 19 [1/1] (1.61ns)   --->   "%store_ln34 = store i6 0, i6 %y" [cnn_accel.cpp:34]   --->   Operation 19 'store' 'store_ln34' <Predicate = true> <Delay = 1.61>
ST_1 : Operation 20 [1/1] (1.61ns)   --->   "%store_ln35 = store i6 0, i6 %x" [cnn_accel.cpp:35]   --->   Operation 20 'store' 'store_ln35' <Predicate = true> <Delay = 1.61>
ST_1 : Operation 21 [1/1] (0.00ns)   --->   "%br_ln0 = br void %for.body12"   --->   Operation 21 'br' 'br_ln0' <Predicate = true> <Delay = 0.00>
ST_1 : Operation 22 [1/1] (0.00ns)   --->   "%indvar_flatten_load = load i11 %indvar_flatten" [cnn_accel.cpp:34]   --->   Operation 22 'load' 'indvar_flatten_load' <Predicate = true> <Delay = 0.00>
ST_1 : Operation 23 [1/1] (2.12ns)   --->   "%icmp_ln34 = icmp_eq  i11 %indvar_flatten_load, i11 1024" [cnn_accel.cpp:34]   --->   Operation 23 'icmp' 'icmp_ln34' <Predicate = true> <Delay = 2.12> <CoreInst = "Cmp">   --->   Core 9 'Cmp' <Latency = 0> <II = 1> <Delay = 2.13> <FuncUnit> <Opcode : 'seteq' 'setne' 'setle' 'setge' 'setlt' 'setgt'> <InPorts = 2> <OutPorts = 1>
ST_1 : Operation 24 [1/1] (2.12ns)   --->   "%add_ln34_1 = add i11 %indvar_flatten_load, i11 1" [cnn_accel.cpp:34]   --->   Operation 24 'add' 'add_ln34_1' <Predicate = true> <Delay = 2.12> <CoreInst = "Adder">   --->   Core 1 'Adder' <Latency = 0> <II = 1> <Delay = 2.12> <FuncUnit> <Opcode : 'add' 'sub'> <InPorts = 2> <OutPorts = 1>
ST_1 : Operation 25 [1/1] (0.00ns)   --->   "%br_ln34 = br i1 %icmp_ln34, void %for.inc40, void %VITIS_LOOP_56_7.preheader.exitStub" [cnn_accel.cpp:34]   --->   Operation 25 'br' 'br_ln34' <Predicate = true> <Delay = 0.00>
ST_1 : Operation 26 [1/1] (1.61ns)   --->   "%store_ln34 = store i11 %add_ln34_1, i11 %indvar_flatten" [cnn_accel.cpp:34]   --->   Operation 26 'store' 'store_ln34' <Predicate = (!icmp_ln34)> <Delay = 1.61>

State 2 <SV = 1> <Delay = 6.17>
ST_2 : Operation 27 [1/1] (0.00ns)   --->   "%x_load = load i6 %x" [cnn_accel.cpp:35]   --->   Operation 27 'load' 'x_load' <Predicate = true> <Delay = 0.00>
ST_2 : Operation 28 [1/1] (0.00ns)   --->   "%y_load = load i6 %y" [cnn_accel.cpp:34]   --->   Operation 28 'load' 'y_load' <Predicate = true> <Delay = 0.00>
ST_2 : Operation 29 [1/1] (1.94ns)   --->   "%add_ln34 = add i6 %y_load, i6 1" [cnn_accel.cpp:34]   --->   Operation 29 'add' 'add_ln34' <Predicate = true> <Delay = 1.94> <CoreInst = "Adder">   --->   Core 1 'Adder' <Latency = 0> <II = 1> <Delay = 1.94> <FuncUnit> <Opcode : 'add' 'sub'> <InPorts = 2> <OutPorts = 1>
ST_2 : Operation 30 [1/1] (1.94ns)   --->   "%icmp_ln35 = icmp_eq  i6 %x_load, i6 32" [cnn_accel.cpp:35]   --->   Operation 30 'icmp' 'icmp_ln35' <Predicate = true> <Delay = 1.94> <CoreInst = "Cmp">   --->   Core 9 'Cmp' <Latency = 0> <II = 1> <Delay = 2.03> <FuncUnit> <Opcode : 'seteq' 'setne' 'setle' 'setge' 'setlt' 'setgt'> <InPorts = 2> <OutPorts = 1>
ST_2 : Operation 31 [1/1] (0.66ns)   --->   "%select_ln34 = select i1 %icmp_ln35, i6 0, i6 %x_load" [cnn_accel.cpp:34]   --->   Operation 31 'select' 'select_ln34' <Predicate = true> <Delay = 0.66> <CoreInst = "Sel">   --->   Core 73 'Sel' <Latency = 0> <II = 1> <Delay = 0.66> <FuncUnit> <Opcode : 'select'> <InPorts = 3> <OutPorts = 1>
ST_2 : Operation 32 [1/1] (0.66ns)   --->   "%select_ln34_1 = select i1 %icmp_ln35, i6 %add_ln34, i6 %y_load" [cnn_accel.cpp:34]   --->   Operation 32 'select' 'select_ln34_1' <Predicate = true> <Delay = 0.66> <CoreInst = "Sel">   --->   Core 73 'Sel' <Latency = 0> <II = 1> <Delay = 0.66> <FuncUnit> <Opcode : 'select'> <InPorts = 3> <OutPorts = 1>
ST_2 : Operation 33 [1/1] (0.00ns)   --->   "%trunc_ln44 = trunc i6 %select_ln34_1" [cnn_accel.cpp:44]   --->   Operation 33 'trunc' 'trunc_ln44' <Predicate = true> <Delay = 0.00>
ST_2 : Operation 34 [1/1] (0.00ns)   --->   "%tmp_1 = bitconcatenate i10 @_ssdm_op_BitConcatenate.i10.i5.i5, i5 %trunc_ln44, i5 0" [cnn_accel.cpp:44]   --->   Operation 34 'bitconcatenate' 'tmp_1' <Predicate = true> <Delay = 0.00>
ST_2 : Operation 35 [1/1] (0.00ns)   --->   "%zext_ln34 = zext i6 %select_ln34_1" [cnn_accel.cpp:34]   --->   Operation 35 'zext' 'zext_ln34' <Predicate = true> <Delay = 0.00>
ST_2 : Operation 36 [1/1] (2.66ns)   --->   "%empty = add i32 %zext_ln34, i32 %ty_cast" [cnn_accel.cpp:34]   --->   Operation 36 'add' 'empty' <Predicate = true> <Delay = 2.66> <CoreInst = "Adder">   --->   Core 1 'Adder' <Latency = 0> <II = 1> <Delay = 2.70> <FuncUnit> <Opcode : 'add' 'sub'> <InPorts = 2> <OutPorts = 1>
ST_2 : Operation 37 [1/1] (0.00ns)   --->   "%zext_ln44 = zext i6 %select_ln34" [cnn_accel.cpp:44]   --->   Operation 37 'zext' 'zext_ln44' <Predicate = true> <Delay = 0.00>
ST_2 : Operation 38 [1/1] (2.12ns)   --->   "%add_ln44 = add i10 %tmp_1, i10 %zext_ln44" [cnn_accel.cpp:44]   --->   Operation 38 'add' 'add_ln44' <Predicate = true> <Delay = 2.12> <CoreInst = "Adder">   --->   Core 1 'Adder' <Latency = 0> <II = 1> <Delay = 2.12> <FuncUnit> <Opcode : 'add' 'sub'> <InPorts = 2> <OutPorts = 1>
ST_2 : Operation 39 [1/1] (0.00ns)   --->   "%zext_ln35 = zext i6 %select_ln34" [cnn_accel.cpp:35]   --->   Operation 39 'zext' 'zext_ln35' <Predicate = true> <Delay = 0.00>
ST_2 : Operation 40 [1/1] (2.66ns)   --->   "%add_ln39 = add i32 %zext_ln35, i32 %tx_cast" [cnn_accel.cpp:39]   --->   Operation 40 'add' 'add_ln39' <Predicate = true> <Delay = 2.66> <CoreInst = "Adder">   --->   Core 1 'Adder' <Latency = 0> <II = 1> <Delay = 2.70> <FuncUnit> <Opcode : 'add' 'sub'> <InPorts = 2> <OutPorts = 1>
ST_2 : Operation 41 [1/1] (1.94ns)   --->   "%add_ln35 = add i6 %select_ln34, i6 1" [cnn_accel.cpp:35]   --->   Operation 41 'add' 'add_ln35' <Predicate = true> <Delay = 1.94> <CoreInst = "Adder">   --->   Core 1 'Adder' <Latency = 0> <II = 1> <Delay = 1.94> <FuncUnit> <Opcode : 'add' 'sub'> <InPorts = 2> <OutPorts = 1>
ST_2 : Operation 42 [1/1] (1.61ns)   --->   "%store_ln34 = store i6 %select_ln34_1, i6 %y" [cnn_accel.cpp:34]   --->   Operation 42 'store' 'store_ln34' <Predicate = true> <Delay = 1.61>
ST_2 : Operation 43 [1/1] (1.61ns)   --->   "%store_ln35 = store i6 %add_ln35, i6 %x" [cnn_accel.cpp:35]   --->   Operation 43 'store' 'store_ln35' <Predicate = true> <Delay = 1.61>
ST_2 : Operation 44 [1/1] (0.00ns)   --->   "%br_ln35 = br void %for.body12" [cnn_accel.cpp:35]   --->   Operation 44 'br' 'br_ln35' <Predicate = true> <Delay = 0.00>
ST_2 : Operation 60 [1/1] (1.61ns)   --->   "%ret_ln0 = ret"   --->   Operation 60 'ret' 'ret_ln0' <Predicate = (icmp_ln34)> <Delay = 1.61>

State 3 <SV = 2> <Delay = 6.93>
ST_3 : Operation 45 [1/1] (0.00ns)   --->   "%specloopname_ln0 = specloopname void @_ssdm_op_SpecLoopName, void @VITIS_LOOP_34_3_VITIS_LOOP_35_4_str"   --->   Operation 45 'specloopname' 'specloopname_ln0' <Predicate = true> <Delay = 0.00>
ST_3 : Operation 46 [1/1] (0.00ns)   --->   "%speclooptripcount_ln0 = speclooptripcount void @_ssdm_op_SpecLoopTripCount, i64 1024, i64 1024, i64 1024"   --->   Operation 46 'speclooptripcount' 'speclooptripcount_ln0' <Predicate = true> <Delay = 0.00>
ST_3 : Operation 47 [1/1] (2.70ns)   --->   "%cmp14 = icmp_slt  i32 %empty, i32 %size_read" [cnn_accel.cpp:34]   --->   Operation 47 'icmp' 'cmp14' <Predicate = true> <Delay = 2.70> <CoreInst = "Cmp">   --->   Core 9 'Cmp' <Latency = 0> <II = 1> <Delay = 2.70> <FuncUnit> <Opcode : 'seteq' 'setne' 'setle' 'setge' 'setlt' 'setgt'> <InPorts = 2> <OutPorts = 1>
ST_3 : Operation 48 [1/1] (0.00ns)   --->   "%zext_ln44_1 = zext i10 %add_ln44" [cnn_accel.cpp:44]   --->   Operation 48 'zext' 'zext_ln44_1' <Predicate = true> <Delay = 0.00>
ST_3 : Operation 49 [1/1] (0.00ns)   --->   "%tile_in_addr = getelementptr i8 %tile_in, i64 0, i64 %zext_ln44_1" [cnn_accel.cpp:44]   --->   Operation 49 'getelementptr' 'tile_in_addr' <Predicate = true> <Delay = 0.00>
ST_3 : Operation 50 [1/1] (0.00ns)   --->   "%tile_in_1_addr = getelementptr i8 %tile_in_1, i64 0, i64 %zext_ln44_1" [cnn_accel.cpp:45]   --->   Operation 50 'getelementptr' 'tile_in_1_addr' <Predicate = true> <Delay = 0.00>
ST_3 : Operation 51 [1/1] (0.00ns)   --->   "%tile_in_2_addr = getelementptr i8 %tile_in_2, i64 0, i64 %zext_ln44_1" [cnn_accel.cpp:46]   --->   Operation 51 'getelementptr' 'tile_in_2_addr' <Predicate = true> <Delay = 0.00>
ST_3 : Operation 52 [1/1] (0.00ns)   --->   "%specpipeline_ln36 = specpipeline void @_ssdm_op_SpecPipeline, i32 1, i32 0, i32 0, i32 0, void @empty_2" [cnn_accel.cpp:36]   --->   Operation 52 'specpipeline' 'specpipeline_ln36' <Predicate = true> <Delay = 0.00>
ST_3 : Operation 53 [1/1] (2.70ns)   --->   "%icmp_ln41 = icmp_slt  i32 %add_ln39, i32 %size_read" [cnn_accel.cpp:41]   --->   Operation 53 'icmp' 'icmp_ln41' <Predicate = true> <Delay = 2.70> <CoreInst = "Cmp">   --->   Core 9 'Cmp' <Latency = 0> <II = 1> <Delay = 2.70> <FuncUnit> <Opcode : 'seteq' 'setne' 'setle' 'setge' 'setlt' 'setgt'> <InPorts = 2> <OutPorts = 1>
ST_3 : Operation 54 [1/1] (0.97ns)   --->   "%and_ln41 = and i1 %cmp14, i1 %icmp_ln41" [cnn_accel.cpp:41]   --->   Operation 54 'and' 'and_ln41' <Predicate = true> <Delay = 0.97> <CoreInst = "LogicGate">   --->   Core 74 'LogicGate' <Latency = 0> <II = 1> <Delay = 0.97> <FuncUnit> <Opcode : 'and' 'or' 'xor'> <InPorts = 2> <OutPorts = 1>
ST_3 : Operation 55 [1/1] (0.00ns)   --->   "%br_ln41 = br i1 %and_ln41, void %for.inc, void %if.then" [cnn_accel.cpp:41]   --->   Operation 55 'br' 'br_ln41' <Predicate = true> <Delay = 0.00>
ST_3 : Operation 56 [1/1] ( I:3.25ns O:3.25ns )   --->   "%store_ln44 = store i8 %input_r_load_read, i10 %tile_in_addr" [cnn_accel.cpp:44]   --->   Operation 56 'store' 'store_ln44' <Predicate = (and_ln41)> <Delay = 3.25> <CoreInst = "RAM_T2P_BRAM">   --->   Core 93 'RAM_T2P_BRAM' <Latency = 1> <II = 1> <Delay = 3.25> <Storage> <Opcode : 'load' 'store'> <Ports = 2> <Width = 8> <Depth = 1024> <RAM>
ST_3 : Operation 57 [1/1] ( I:3.25ns O:3.25ns )   --->   "%store_ln45 = store i8 %input_r_load_read, i10 %tile_in_1_addr" [cnn_accel.cpp:45]   --->   Operation 57 'store' 'store_ln45' <Predicate = (and_ln41)> <Delay = 3.25> <CoreInst = "RAM_T2P_BRAM">   --->   Core 93 'RAM_T2P_BRAM' <Latency = 1> <II = 1> <Delay = 3.25> <Storage> <Opcode : 'load' 'store'> <Ports = 2> <Width = 8> <Depth = 1024> <RAM>
ST_3 : Operation 58 [1/1] ( I:3.25ns O:3.25ns )   --->   "%store_ln46 = store i8 %input_r_load_read, i10 %tile_in_2_addr" [cnn_accel.cpp:46]   --->   Operation 58 'store' 'store_ln46' <Predicate = (and_ln41)> <Delay = 3.25> <CoreInst = "RAM_T2P_BRAM">   --->   Core 93 'RAM_T2P_BRAM' <Latency = 1> <II = 1> <Delay = 3.25> <Storage> <Opcode : 'load' 'store'> <Ports = 2> <Width = 8> <Depth = 1024> <RAM>
ST_3 : Operation 59 [1/1] (0.00ns)   --->   "%br_ln47 = br void %for.inc" [cnn_accel.cpp:47]   --->   Operation 59 'br' 'br_ln47' <Predicate = (and_ln41)> <Delay = 0.00>


============================================================
+ Verbose Summary: Binding
============================================================
STG Binding: 
---------------- STG Properties BEGIN ----------------
- Is combinational: 0
- Is one-state seq: 0
- Is datapath-only: 0
- Is pipelined: 0
- Is top level: 0
Port [ Return ] is wired: 1; IO mode=ap_ctrl_hs:ce=0
Port [ ty]:  wired=1; compound=0; hidden=0; nouse=0; global=0; static=0; extern=0; dir=0; type=0; pingpong=0; private_global=0; IO mode=ap_none:ce=0
Port [ size]:  wired=1; compound=0; hidden=0; nouse=0; global=0; static=0; extern=0; dir=0; type=0; pingpong=0; private_global=0; IO mode=ap_none:ce=0
Port [ tile_in]:  wired=1; compound=1; hidden=0; nouse=0; global=0; static=0; extern=0; dir=1; type=1; pingpong=0; private_global=0; MemPort=[03]; IO mode=ap_memory:ce=0
Port [ tile_in_1]:  wired=1; compound=1; hidden=0; nouse=0; global=0; static=0; extern=0; dir=1; type=1; pingpong=0; private_global=0; MemPort=[03]; IO mode=ap_memory:ce=0
Port [ tile_in_2]:  wired=1; compound=1; hidden=0; nouse=0; global=0; static=0; extern=0; dir=1; type=1; pingpong=0; private_global=0; MemPort=[03]; IO mode=ap_memory:ce=0
Port [ tx]:  wired=1; compound=0; hidden=0; nouse=0; global=0; static=0; extern=0; dir=0; type=0; pingpong=0; private_global=0; IO mode=ap_none:ce=0
Port [ input_r_load]:  wired=1; compound=0; hidden=0; nouse=0; global=0; static=0; extern=0; dir=0; type=0; pingpong=0; private_global=0; IO mode=ap_none:ce=0
---------------- STG Properties END ------------------

---------------- Datapath Model BEGIN ----------------

<LifeTime>
<method=bitvector/>
x                     (alloca           ) [ 0110]
y                     (alloca           ) [ 0110]
indvar_flatten        (alloca           ) [ 0100]
input_r_load_read     (read             ) [ 0111]
tx_read               (read             ) [ 0000]
size_read             (read             ) [ 0111]
ty_read               (read             ) [ 0000]
tx_cast               (zext             ) [ 0110]
ty_cast               (zext             ) [ 0110]
specmemcore_ln0       (specmemcore      ) [ 0000]
specmemcore_ln0       (specmemcore      ) [ 0000]
specmemcore_ln0       (specmemcore      ) [ 0000]
store_ln0             (store            ) [ 0000]
store_ln34            (store            ) [ 0000]
store_ln35            (store            ) [ 0000]
br_ln0                (br               ) [ 0000]
indvar_flatten_load   (load             ) [ 0000]
icmp_ln34             (icmp             ) [ 0110]
add_ln34_1            (add              ) [ 0000]
br_ln34               (br               ) [ 0000]
store_ln34            (store            ) [ 0000]
x_load                (load             ) [ 0000]
y_load                (load             ) [ 0000]
add_ln34              (add              ) [ 0000]
icmp_ln35             (icmp             ) [ 0000]
select_ln34           (select           ) [ 0000]
select_ln34_1         (select           ) [ 0000]
trunc_ln44            (trunc            ) [ 0000]
tmp_1                 (bitconcatenate   ) [ 0000]
zext_ln34             (zext             ) [ 0000]
empty                 (add              ) [ 0101]
zext_ln44             (zext             ) [ 0000]
add_ln44              (add              ) [ 0101]
zext_ln35             (zext             ) [ 0000]
add_ln39              (add              ) [ 0101]
add_ln35              (add              ) [ 0000]
store_ln34            (store            ) [ 0000]
store_ln35            (store            ) [ 0000]
br_ln35               (br               ) [ 0000]
specloopname_ln0      (specloopname     ) [ 0000]
speclooptripcount_ln0 (speclooptripcount) [ 0000]
cmp14                 (icmp             ) [ 0000]
zext_ln44_1           (zext             ) [ 0000]
tile_in_addr          (getelementptr    ) [ 0000]
tile_in_1_addr        (getelementptr    ) [ 0000]
tile_in_2_addr        (getelementptr    ) [ 0000]
specpipeline_ln36     (specpipeline     ) [ 0000]
icmp_ln41             (icmp             ) [ 0000]
and_ln41              (and              ) [ 0101]
br_ln41               (br               ) [ 0000]
store_ln44            (store            ) [ 0000]
store_ln45            (store            ) [ 0000]
store_ln46            (store            ) [ 0000]
br_ln47               (br               ) [ 0000]
ret_ln0               (ret              ) [ 0000]
</LifeTime>

<model>

<comp_list>
<comp id="0" class="1000" name="ty">
<pin_list>
<pin id="1" dir="1" index="0" bw="1" slack="0"/>
</pin_list>
<bind>
<StgValue><ssdm name="ty"/></StgValue>
</bind>
</comp>

<comp id="2" class="1000" name="size">
<pin_list>
<pin id="3" dir="1" index="0" bw="1" slack="0"/>
</pin_list>
<bind>
<StgValue><ssdm name="size"/></StgValue>
</bind>
</comp>

<comp id="4" class="1000" name="tile_in">
<pin_list>
<pin id="5" dir="1" index="0" bw="1" slack="0"/>
</pin_list>
<bind>
<StgValue><ssdm name="tile_in"/><MemPortTyVec>0 3 </MemPortTyVec>
</StgValue>
</bind>
</comp>

<comp id="6" class="1000" name="tile_in_1">
<pin_list>
<pin id="7" dir="1" index="0" bw="1" slack="0"/>
</pin_list>
<bind>
<StgValue><ssdm name="tile_in_1"/><MemPortTyVec>0 3 </MemPortTyVec>
</StgValue>
</bind>
</comp>

<comp id="8" class="1000" name="tile_in_2">
<pin_list>
<pin id="9" dir="1" index="0" bw="1" slack="0"/>
</pin_list>
<bind>
<StgValue><ssdm name="tile_in_2"/><MemPortTyVec>0 3 </MemPortTyVec>
</StgValue>
</bind>
</comp>

<comp id="10" class="1000" name="tx">
<pin_list>
<pin id="11" dir="1" index="0" bw="1" slack="0"/>
</pin_list>
<bind>
<StgValue><ssdm name="tx"/></StgValue>
</bind>
</comp>

<comp id="12" class="1000" name="input_r_load">
<pin_list>
<pin id="13" dir="1" index="0" bw="1" slack="0"/>
</pin_list>
<bind>
<StgValue><ssdm name="input_r_load"/></StgValue>
</bind>
</comp>

<comp id="14" class="1001" name="const_14">
<pin_list>
<pin id="15" dir="1" index="0" bw="1" slack="0"/>
</pin_list>
<bind>
<StgValue><ssdm name=""/></StgValue>
</bind>
</comp>

<comp id="16" class="1001" name="const_16">
<pin_list>
<pin id="17" dir="1" index="0" bw="1" slack="0"/>
</pin_list>
<bind>
<StgValue><ssdm name="_ssdm_op_Read.ap_auto.i8"/></StgValue>
</bind>
</comp>

<comp id="18" class="1001" name="const_18">
<pin_list>
<pin id="19" dir="1" index="0" bw="1" slack="0"/>
</pin_list>
<bind>
<StgValue><ssdm name="_ssdm_op_Read.ap_auto.i31"/></StgValue>
</bind>
</comp>

<comp id="20" class="1001" name="const_20">
<pin_list>
<pin id="21" dir="1" index="0" bw="1" slack="0"/>
</pin_list>
<bind>
<StgValue><ssdm name="_ssdm_op_Read.ap_auto.i32"/></StgValue>
</bind>
</comp>

<comp id="22" class="1001" name="const_22">
<pin_list>
<pin id="23" dir="1" index="0" bw="1" slack="2147483647"/>
</pin_list>
<bind>
<StgValue><ssdm name="_ssdm_op_SpecMemCore"/></StgValue>
</bind>
</comp>

<comp id="24" class="1001" name="const_24">
<pin_list>
<pin id="25" dir="1" index="0" bw="1" slack="2147483647"/>
</pin_list>
<bind>
<StgValue><ssdm name=""/></StgValue>
</bind>
</comp>

<comp id="26" class="1001" name="const_26">
<pin_list>
<pin id="27" dir="1" index="0" bw="1" slack="2147483647"/>
</pin_list>
<bind>
<StgValue><ssdm name=""/></StgValue>
</bind>
</comp>

<comp id="28" class="1001" name="const_28">
<pin_list>
<pin id="29" dir="1" index="0" bw="1" slack="2147483647"/>
</pin_list>
<bind>
<StgValue><ssdm name=""/></StgValue>
</bind>
</comp>

<comp id="30" class="1001" name="const_30">
<pin_list>
<pin id="31" dir="1" index="0" bw="1" slack="0"/>
</pin_list>
<bind>
<StgValue><ssdm name=""/></StgValue>
</bind>
</comp>

<comp id="32" class="1001" name="const_32">
<pin_list>
<pin id="33" dir="1" index="0" bw="1" slack="0"/>
</pin_list>
<bind>
<StgValue><ssdm name=""/></StgValue>
</bind>
</comp>

<comp id="34" class="1001" name="const_34">
<pin_list>
<pin id="35" dir="1" index="0" bw="1" slack="0"/>
</pin_list>
<bind>
<StgValue><ssdm name=""/></StgValue>
</bind>
</comp>

<comp id="36" class="1001" name="const_36">
<pin_list>
<pin id="37" dir="1" index="0" bw="1" slack="0"/>
</pin_list>
<bind>
<StgValue><ssdm name=""/></StgValue>
</bind>
</comp>

<comp id="38" class="1001" name="const_38">
<pin_list>
<pin id="39" dir="1" index="0" bw="1" slack="0"/>
</pin_list>
<bind>
<StgValue><ssdm name=""/></StgValue>
</bind>
</comp>

<comp id="40" class="1001" name="const_40">
<pin_list>
<pin id="41" dir="1" index="0" bw="1" slack="0"/>
</pin_list>
<bind>
<StgValue><ssdm name=""/></StgValue>
</bind>
</comp>

<comp id="42" class="1001" name="const_42">
<pin_list>
<pin id="43" dir="1" index="0" bw="1" slack="0"/>
</pin_list>
<bind>
<StgValue><ssdm name="_ssdm_op_BitConcatenate.i10.i5.i5"/></StgValue>
</bind>
</comp>

<comp id="44" class="1001" name="const_44">
<pin_list>
<pin id="45" dir="1" index="0" bw="1" slack="0"/>
</pin_list>
<bind>
<StgValue><ssdm name=""/></StgValue>
</bind>
</comp>

<comp id="46" class="1001" name="const_46">
<pin_list>
<pin id="47" dir="1" index="0" bw="1" slack="2147483647"/>
</pin_list>
<bind>
<StgValue><ssdm name="_ssdm_op_SpecLoopName"/></StgValue>
</bind>
</comp>

<comp id="48" class="1001" name="const_48">
<pin_list>
<pin id="49" dir="1" index="0" bw="1" slack="2147483647"/>
</pin_list>
<bind>
<StgValue><ssdm name="VITIS_LOOP_34_3_VITIS_LOOP_35_4_str"/></StgValue>
</bind>
</comp>

<comp id="50" class="1001" name="const_50">
<pin_list>
<pin id="51" dir="1" index="0" bw="1" slack="2147483647"/>
</pin_list>
<bind>
<StgValue><ssdm name="_ssdm_op_SpecLoopTripCount"/></StgValue>
</bind>
</comp>

<comp id="52" class="1001" name="const_52">
<pin_list>
<pin id="53" dir="1" index="0" bw="1" slack="2147483647"/>
</pin_list>
<bind>
<StgValue><ssdm name=""/></StgValue>
</bind>
</comp>

<comp id="54" class="1001" name="const_54">
<pin_list>
<pin id="55" dir="1" index="0" bw="1" slack="0"/>
</pin_list>
<bind>
<StgValue><ssdm name=""/></StgValue>
</bind>
</comp>

<comp id="56" class="1001" name="const_56">
<pin_list>
<pin id="57" dir="1" index="0" bw="1" slack="2147483647"/>
</pin_list>
<bind>
<StgValue><ssdm name="_ssdm_op_SpecPipeline"/></StgValue>
</bind>
</comp>

<comp id="58" class="1001" name="const_58">
<pin_list>
<pin id="59" dir="1" index="0" bw="1" slack="2147483647"/>
</pin_list>
<bind>
<StgValue><ssdm name=""/></StgValue>
</bind>
</comp>

<comp id="60" class="1001" name="const_60">
<pin_list>
<pin id="61" dir="1" index="0" bw="1" slack="2147483647"/>
</pin_list>
<bind>
<StgValue><ssdm name="empty_2"/></StgValue>
</bind>
</comp>

<comp id="62" class="1004" name="x_fu_62">
<pin_list>
<pin id="63" dir="0" index="0" bw="1" slack="0"/>
<pin id="64" dir="1" index="1" bw="6" slack="0"/>
</pin_list>
<bind>
<opcode="alloca(26) " fcode="alloca"/>
<opset="x/1 "/>
</bind>
</comp>

<comp id="66" class="1004" name="y_fu_66">
<pin_list>
<pin id="67" dir="0" index="0" bw="1" slack="0"/>
<pin id="68" dir="1" index="1" bw="6" slack="0"/>
</pin_list>
<bind>
<opcode="alloca(26) " fcode="alloca"/>
<opset="y/1 "/>
</bind>
</comp>

<comp id="70" class="1004" name="indvar_flatten_fu_70">
<pin_list>
<pin id="71" dir="0" index="0" bw="1" slack="0"/>
<pin id="72" dir="1" index="1" bw="11" slack="0"/>
</pin_list>
<bind>
<opcode="alloca(26) " fcode="alloca"/>
<opset="indvar_flatten/1 "/>
</bind>
</comp>

<comp id="74" class="1004" name="input_r_load_read_read_fu_74">
<pin_list>
<pin id="75" dir="0" index="0" bw="8" slack="0"/>
<pin id="76" dir="0" index="1" bw="8" slack="0"/>
<pin id="77" dir="1" index="2" bw="8" slack="2"/>
</pin_list>
<bind>
<opcode="read(1150) " fcode="read"/>
<opset="input_r_load_read/1 "/>
</bind>
</comp>

<comp id="80" class="1004" name="tx_read_read_fu_80">
<pin_list>
<pin id="81" dir="0" index="0" bw="31" slack="0"/>
<pin id="82" dir="0" index="1" bw="31" slack="0"/>
<pin id="83" dir="1" index="2" bw="31" slack="0"/>
</pin_list>
<bind>
<opcode="read(1150) " fcode="read"/>
<opset="tx_read/1 "/>
</bind>
</comp>

<comp id="86" class="1004" name="size_read_read_fu_86">
<pin_list>
<pin id="87" dir="0" index="0" bw="32" slack="0"/>
<pin id="88" dir="0" index="1" bw="32" slack="0"/>
<pin id="89" dir="1" index="2" bw="32" slack="2"/>
</pin_list>
<bind>
<opcode="read(1150) " fcode="read"/>
<opset="size_read/1 "/>
</bind>
</comp>

<comp id="92" class="1004" name="ty_read_read_fu_92">
<pin_list>
<pin id="93" dir="0" index="0" bw="31" slack="0"/>
<pin id="94" dir="0" index="1" bw="31" slack="0"/>
<pin id="95" dir="1" index="2" bw="31" slack="0"/>
</pin_list>
<bind>
<opcode="read(1150) " fcode="read"/>
<opset="ty_read/1 "/>
</bind>
</comp>

<comp id="98" class="1004" name="tile_in_addr_gep_fu_98">
<pin_list>
<pin id="99" dir="0" index="0" bw="8" slack="0"/>
<pin id="100" dir="0" index="1" bw="1" slack="0"/>
<pin id="101" dir="0" index="2" bw="10" slack="0"/>
<pin id="102" dir="1" index="3" bw="10" slack="0"/>
</pin_list>
<bind>
<opcode="getelementptr(29) " fcode="getelementptr"/>
<opset="tile_in_addr/3 "/>
</bind>
</comp>

<comp id="105" class="1004" name="tile_in_1_addr_gep_fu_105">
<pin_list>
<pin id="106" dir="0" index="0" bw="8" slack="0"/>
<pin id="107" dir="0" index="1" bw="1" slack="0"/>
<pin id="108" dir="0" index="2" bw="10" slack="0"/>
<pin id="109" dir="1" index="3" bw="10" slack="0"/>
</pin_list>
<bind>
<opcode="getelementptr(29) " fcode="getelementptr"/>
<opset="tile_in_1_addr/3 "/>
</bind>
</comp>

<comp id="112" class="1004" name="tile_in_2_addr_gep_fu_112">
<pin_list>
<pin id="113" dir="0" index="0" bw="8" slack="0"/>
<pin id="114" dir="0" index="1" bw="1" slack="0"/>
<pin id="115" dir="0" index="2" bw="10" slack="0"/>
<pin id="116" dir="1" index="3" bw="10" slack="0"/>
</pin_list>
<bind>
<opcode="getelementptr(29) " fcode="getelementptr"/>
<opset="tile_in_2_addr/3 "/>
</bind>
</comp>

<comp id="119" class="1004" name="store_ln44_access_fu_119">
<pin_list>
<pin id="120" dir="0" index="0" bw="10" slack="0"/>
<pin id="121" dir="0" index="1" bw="8" slack="2"/>
<pin id="122" dir="0" index="2" bw="0" slack="2147483647"/>
<pin id="123" dir="1" index="3" bw="8" slack="2147483647"/>
</pin_list>
<bind>
<opcode="store(28) " fcode="store"/>
<opset="store_ln44/3 "/>
</bind>
</comp>

<comp id="125" class="1004" name="store_ln45_access_fu_125">
<pin_list>
<pin id="126" dir="0" index="0" bw="10" slack="0"/>
<pin id="127" dir="0" index="1" bw="8" slack="2"/>
<pin id="128" dir="0" index="2" bw="0" slack="2147483647"/>
<pin id="129" dir="1" index="3" bw="8" slack="2147483647"/>
</pin_list>
<bind>
<opcode="store(28) " fcode="store"/>
<opset="store_ln45/3 "/>
</bind>
</comp>

<comp id="131" class="1004" name="store_ln46_access_fu_131">
<pin_list>
<pin id="132" dir="0" index="0" bw="10" slack="0"/>
<pin id="133" dir="0" index="1" bw="8" slack="2"/>
<pin id="134" dir="0" index="2" bw="0" slack="2147483647"/>
<pin id="135" dir="1" index="3" bw="8" slack="2147483647"/>
</pin_list>
<bind>
<opcode="store(28) " fcode="store"/>
<opset="store_ln46/3 "/>
</bind>
</comp>

<comp id="137" class="1004" name="tx_cast_fu_137">
<pin_list>
<pin id="138" dir="0" index="0" bw="31" slack="0"/>
<pin id="139" dir="1" index="1" bw="32" slack="1"/>
</pin_list>
<bind>
<opcode="zext(34) " fcode="zext"/>
<opset="tx_cast/1 "/>
</bind>
</comp>

<comp id="141" class="1004" name="ty_cast_fu_141">
<pin_list>
<pin id="142" dir="0" index="0" bw="31" slack="0"/>
<pin id="143" dir="1" index="1" bw="32" slack="1"/>
</pin_list>
<bind>
<opcode="zext(34) " fcode="zext"/>
<opset="ty_cast/1 "/>
</bind>
</comp>

<comp id="145" class="1004" name="store_ln0_store_fu_145">
<pin_list>
<pin id="146" dir="0" index="0" bw="1" slack="0"/>
<pin id="147" dir="0" index="1" bw="11" slack="0"/>
<pin id="148" dir="1" index="2" bw="0" slack="2147483647"/>
</pin_list>
<bind>
<opcode="store(28) " fcode="store"/>
<opset="store_ln0/1 "/>
</bind>
</comp>

<comp id="150" class="1004" name="store_ln34_store_fu_150">
<pin_list>
<pin id="151" dir="0" index="0" bw="1" slack="0"/>
<pin id="152" dir="0" index="1" bw="6" slack="0"/>
<pin id="153" dir="1" index="2" bw="0" slack="2147483647"/>
</pin_list>
<bind>
<opcode="store(28) " fcode="store"/>
<opset="store_ln34/1 "/>
</bind>
</comp>

<comp id="155" class="1004" name="store_ln35_store_fu_155">
<pin_list>
<pin id="156" dir="0" index="0" bw="1" slack="0"/>
<pin id="157" dir="0" index="1" bw="6" slack="0"/>
<pin id="158" dir="1" index="2" bw="0" slack="2147483647"/>
</pin_list>
<bind>
<opcode="store(28) " fcode="store"/>
<opset="store_ln35/1 "/>
</bind>
</comp>

<comp id="160" class="1004" name="indvar_flatten_load_load_fu_160">
<pin_list>
<pin id="161" dir="0" index="0" bw="11" slack="0"/>
<pin id="162" dir="1" index="1" bw="11" slack="0"/>
</pin_list>
<bind>
<opcode="load(27) " fcode="load"/>
<opset="indvar_flatten_load/1 "/>
</bind>
</comp>

<comp id="163" class="1004" name="icmp_ln34_fu_163">
<pin_list>
<pin id="164" dir="0" index="0" bw="11" slack="0"/>
<pin id="165" dir="0" index="1" bw="11" slack="0"/>
<pin id="166" dir="1" index="2" bw="1" slack="1"/>
</pin_list>
<bind>
<opcode="icmp(45) " fcode="icmp"/>
<opset="icmp_ln34/1 "/>
</bind>
</comp>

<comp id="169" class="1004" name="add_ln34_1_fu_169">
<pin_list>
<pin id="170" dir="0" index="0" bw="11" slack="0"/>
<pin id="171" dir="0" index="1" bw="1" slack="0"/>
<pin id="172" dir="1" index="2" bw="11" slack="0"/>
</pin_list>
<bind>
<opcode="add(8) " fcode="add"/>
<opset="add_ln34_1/1 "/>
</bind>
</comp>

<comp id="175" class="1004" name="store_ln34_store_fu_175">
<pin_list>
<pin id="176" dir="0" index="0" bw="11" slack="0"/>
<pin id="177" dir="0" index="1" bw="11" slack="0"/>
<pin id="178" dir="1" index="2" bw="0" slack="2147483647"/>
</pin_list>
<bind>
<opcode="store(28) " fcode="store"/>
<opset="store_ln34/1 "/>
</bind>
</comp>

<comp id="180" class="1004" name="x_load_load_fu_180">
<pin_list>
<pin id="181" dir="0" index="0" bw="6" slack="1"/>
<pin id="182" dir="1" index="1" bw="6" slack="0"/>
</pin_list>
<bind>
<opcode="load(27) " fcode="load"/>
<opset="x_load/2 "/>
</bind>
</comp>

<comp id="183" class="1004" name="y_load_load_fu_183">
<pin_list>
<pin id="184" dir="0" index="0" bw="6" slack="1"/>
<pin id="185" dir="1" index="1" bw="6" slack="0"/>
</pin_list>
<bind>
<opcode="load(27) " fcode="load"/>
<opset="y_load/2 "/>
</bind>
</comp>

<comp id="186" class="1004" name="add_ln34_fu_186">
<pin_list>
<pin id="187" dir="0" index="0" bw="6" slack="0"/>
<pin id="188" dir="0" index="1" bw="1" slack="0"/>
<pin id="189" dir="1" index="2" bw="6" slack="0"/>
</pin_list>
<bind>
<opcode="add(8) " fcode="add"/>
<opset="add_ln34/2 "/>
</bind>
</comp>

<comp id="192" class="1004" name="icmp_ln35_fu_192">
<pin_list>
<pin id="193" dir="0" index="0" bw="6" slack="0"/>
<pin id="194" dir="0" index="1" bw="6" slack="0"/>
<pin id="195" dir="1" index="2" bw="1" slack="0"/>
</pin_list>
<bind>
<opcode="icmp(45) " fcode="icmp"/>
<opset="icmp_ln35/2 "/>
</bind>
</comp>

<comp id="198" class="1004" name="select_ln34_fu_198">
<pin_list>
<pin id="199" dir="0" index="0" bw="1" slack="0"/>
<pin id="200" dir="0" index="1" bw="6" slack="0"/>
<pin id="201" dir="0" index="2" bw="6" slack="0"/>
<pin id="202" dir="1" index="3" bw="6" slack="0"/>
</pin_list>
<bind>
<opcode="select(49) " fcode="select"/>
<opset="select_ln34/2 "/>
</bind>
</comp>

<comp id="206" class="1004" name="select_ln34_1_fu_206">
<pin_list>
<pin id="207" dir="0" index="0" bw="1" slack="0"/>
<pin id="208" dir="0" index="1" bw="6" slack="0"/>
<pin id="209" dir="0" index="2" bw="6" slack="0"/>
<pin id="210" dir="1" index="3" bw="6" slack="0"/>
</pin_list>
<bind>
<opcode="select(49) " fcode="select"/>
<opset="select_ln34_1/2 "/>
</bind>
</comp>

<comp id="214" class="1004" name="trunc_ln44_fu_214">
<pin_list>
<pin id="215" dir="0" index="0" bw="6" slack="0"/>
<pin id="216" dir="1" index="1" bw="5" slack="0"/>
</pin_list>
<bind>
<opcode="trunc(33) " fcode="trunc"/>
<opset="trunc_ln44/2 "/>
</bind>
</comp>

<comp id="218" class="1004" name="tmp_1_fu_218">
<pin_list>
<pin id="219" dir="0" index="0" bw="10" slack="0"/>
<pin id="220" dir="0" index="1" bw="5" slack="0"/>
<pin id="221" dir="0" index="2" bw="1" slack="0"/>
<pin id="222" dir="1" index="3" bw="10" slack="0"/>
</pin_list>
<bind>
<opcode="bitconcatenate(1004) " fcode="bitconcatenate"/>
<opset="tmp_1/2 "/>
</bind>
</comp>

<comp id="226" class="1004" name="zext_ln34_fu_226">
<pin_list>
<pin id="227" dir="0" index="0" bw="6" slack="0"/>
<pin id="228" dir="1" index="1" bw="32" slack="0"/>
</pin_list>
<bind>
<opcode="zext(34) " fcode="zext"/>
<opset="zext_ln34/2 "/>
</bind>
</comp>

<comp id="230" class="1004" name="empty_fu_230">
<pin_list>
<pin id="231" dir="0" index="0" bw="6" slack="0"/>
<pin id="232" dir="0" index="1" bw="31" slack="1"/>
<pin id="233" dir="1" index="2" bw="32" slack="1"/>
</pin_list>
<bind>
<opcode="add(8) " fcode="add"/>
<opset="empty/2 "/>
</bind>
</comp>

<comp id="235" class="1004" name="zext_ln44_fu_235">
<pin_list>
<pin id="236" dir="0" index="0" bw="6" slack="0"/>
<pin id="237" dir="1" index="1" bw="10" slack="0"/>
</pin_list>
<bind>
<opcode="zext(34) " fcode="zext"/>
<opset="zext_ln44/2 "/>
</bind>
</comp>

<comp id="239" class="1004" name="add_ln44_fu_239">
<pin_list>
<pin id="240" dir="0" index="0" bw="10" slack="0"/>
<pin id="241" dir="0" index="1" bw="6" slack="0"/>
<pin id="242" dir="1" index="2" bw="10" slack="1"/>
</pin_list>
<bind>
<opcode="add(8) " fcode="add"/>
<opset="add_ln44/2 "/>
</bind>
</comp>

<comp id="245" class="1004" name="zext_ln35_fu_245">
<pin_list>
<pin id="246" dir="0" index="0" bw="6" slack="0"/>
<pin id="247" dir="1" index="1" bw="32" slack="0"/>
</pin_list>
<bind>
<opcode="zext(34) " fcode="zext"/>
<opset="zext_ln35/2 "/>
</bind>
</comp>

<comp id="249" class="1004" name="add_ln39_fu_249">
<pin_list>
<pin id="250" dir="0" index="0" bw="6" slack="0"/>
<pin id="251" dir="0" index="1" bw="31" slack="1"/>
<pin id="252" dir="1" index="2" bw="32" slack="1"/>
</pin_list>
<bind>
<opcode="add(8) " fcode="add"/>
<opset="add_ln39/2 "/>
</bind>
</comp>

<comp id="254" class="1004" name="add_ln35_fu_254">
<pin_list>
<pin id="255" dir="0" index="0" bw="6" slack="0"/>
<pin id="256" dir="0" index="1" bw="1" slack="0"/>
<pin id="257" dir="1" index="2" bw="6" slack="0"/>
</pin_list>
<bind>
<opcode="add(8) " fcode="add"/>
<opset="add_ln35/2 "/>
</bind>
</comp>

<comp id="260" class="1004" name="store_ln34_store_fu_260">
<pin_list>
<pin id="261" dir="0" index="0" bw="6" slack="0"/>
<pin id="262" dir="0" index="1" bw="6" slack="1"/>
<pin id="263" dir="1" index="2" bw="0" slack="2147483647"/>
</pin_list>
<bind>
<opcode="store(28) " fcode="store"/>
<opset="store_ln34/2 "/>
</bind>
</comp>

<comp id="265" class="1004" name="store_ln35_store_fu_265">
<pin_list>
<pin id="266" dir="0" index="0" bw="6" slack="0"/>
<pin id="267" dir="0" index="1" bw="6" slack="1"/>
<pin id="268" dir="1" index="2" bw="0" slack="2147483647"/>
</pin_list>
<bind>
<opcode="store(28) " fcode="store"/>
<opset="store_ln35/2 "/>
</bind>
</comp>

<comp id="270" class="1004" name="cmp14_fu_270">
<pin_list>
<pin id="271" dir="0" index="0" bw="32" slack="1"/>
<pin id="272" dir="0" index="1" bw="32" slack="2"/>
<pin id="273" dir="1" index="2" bw="1" slack="0"/>
</pin_list>
<bind>
<opcode="icmp(45) " fcode="icmp"/>
<opset="cmp14/3 "/>
</bind>
</comp>

<comp id="274" class="1004" name="zext_ln44_1_fu_274">
<pin_list>
<pin id="275" dir="0" index="0" bw="10" slack="1"/>
<pin id="276" dir="1" index="1" bw="64" slack="0"/>
</pin_list>
<bind>
<opcode="zext(34) " fcode="zext"/>
<opset="zext_ln44_1/3 "/>
</bind>
</comp>

<comp id="280" class="1004" name="icmp_ln41_fu_280">
<pin_list>
<pin id="281" dir="0" index="0" bw="32" slack="1"/>
<pin id="282" dir="0" index="1" bw="32" slack="2"/>
<pin id="283" dir="1" index="2" bw="1" slack="0"/>
</pin_list>
<bind>
<opcode="icmp(45) " fcode="icmp"/>
<opset="icmp_ln41/3 "/>
</bind>
</comp>

<comp id="284" class="1004" name="and_ln41_fu_284">
<pin_list>
<pin id="285" dir="0" index="0" bw="1" slack="0"/>
<pin id="286" dir="0" index="1" bw="1" slack="0"/>
<pin id="287" dir="1" index="2" bw="1" slack="2147483647"/>
</pin_list>
<bind>
<opcode="and(23) " fcode="and"/>
<opset="and_ln41/3 "/>
</bind>
</comp>

<comp id="290" class="1005" name="x_reg_290">
<pin_list>
<pin id="291" dir="0" index="0" bw="6" slack="0"/>
<pin id="292" dir="1" index="1" bw="6" slack="0"/>
</pin_list>
<bind>
<opset="x "/>
</bind>
</comp>

<comp id="297" class="1005" name="y_reg_297">
<pin_list>
<pin id="298" dir="0" index="0" bw="6" slack="0"/>
<pin id="299" dir="1" index="1" bw="6" slack="0"/>
</pin_list>
<bind>
<opset="y "/>
</bind>
</comp>

<comp id="304" class="1005" name="indvar_flatten_reg_304">
<pin_list>
<pin id="305" dir="0" index="0" bw="11" slack="0"/>
<pin id="306" dir="1" index="1" bw="11" slack="0"/>
</pin_list>
<bind>
<opset="indvar_flatten "/>
</bind>
</comp>

<comp id="311" class="1005" name="input_r_load_read_reg_311">
<pin_list>
<pin id="312" dir="0" index="0" bw="8" slack="2"/>
<pin id="313" dir="1" index="1" bw="8" slack="2"/>
</pin_list>
<bind>
<opset="input_r_load_read "/>
</bind>
</comp>

<comp id="318" class="1005" name="size_read_reg_318">
<pin_list>
<pin id="319" dir="0" index="0" bw="32" slack="2"/>
<pin id="320" dir="1" index="1" bw="32" slack="2"/>
</pin_list>
<bind>
<opset="size_read "/>
</bind>
</comp>

<comp id="324" class="1005" name="tx_cast_reg_324">
<pin_list>
<pin id="325" dir="0" index="0" bw="32" slack="1"/>
<pin id="326" dir="1" index="1" bw="32" slack="1"/>
</pin_list>
<bind>
<opset="tx_cast "/>
</bind>
</comp>

<comp id="329" class="1005" name="ty_cast_reg_329">
<pin_list>
<pin id="330" dir="0" index="0" bw="32" slack="1"/>
<pin id="331" dir="1" index="1" bw="32" slack="1"/>
</pin_list>
<bind>
<opset="ty_cast "/>
</bind>
</comp>

<comp id="334" class="1005" name="icmp_ln34_reg_334">
<pin_list>
<pin id="335" dir="0" index="0" bw="1" slack="1"/>
<pin id="336" dir="1" index="1" bw="1" slack="2147483647"/>
</pin_list>
<bind>
<opset="icmp_ln34 "/>
</bind>
</comp>

<comp id="338" class="1005" name="empty_reg_338">
<pin_list>
<pin id="339" dir="0" index="0" bw="32" slack="1"/>
<pin id="340" dir="1" index="1" bw="32" slack="1"/>
</pin_list>
<bind>
<opset="empty "/>
</bind>
</comp>

<comp id="343" class="1005" name="add_ln44_reg_343">
<pin_list>
<pin id="344" dir="0" index="0" bw="10" slack="1"/>
<pin id="345" dir="1" index="1" bw="10" slack="1"/>
</pin_list>
<bind>
<opset="add_ln44 "/>
</bind>
</comp>

<comp id="348" class="1005" name="add_ln39_reg_348">
<pin_list>
<pin id="349" dir="0" index="0" bw="32" slack="1"/>
<pin id="350" dir="1" index="1" bw="32" slack="1"/>
</pin_list>
<bind>
<opset="add_ln39 "/>
</bind>
</comp>

</comp_list>

<net_list>
<net id="65"><net_src comp="14" pin="0"/><net_sink comp="62" pin=0"/></net>

<net id="69"><net_src comp="14" pin="0"/><net_sink comp="66" pin=0"/></net>

<net id="73"><net_src comp="14" pin="0"/><net_sink comp="70" pin=0"/></net>

<net id="78"><net_src comp="16" pin="0"/><net_sink comp="74" pin=0"/></net>

<net id="79"><net_src comp="12" pin="0"/><net_sink comp="74" pin=1"/></net>

<net id="84"><net_src comp="18" pin="0"/><net_sink comp="80" pin=0"/></net>

<net id="85"><net_src comp="10" pin="0"/><net_sink comp="80" pin=1"/></net>

<net id="90"><net_src comp="20" pin="0"/><net_sink comp="86" pin=0"/></net>

<net id="91"><net_src comp="2" pin="0"/><net_sink comp="86" pin=1"/></net>

<net id="96"><net_src comp="18" pin="0"/><net_sink comp="92" pin=0"/></net>

<net id="97"><net_src comp="0" pin="0"/><net_sink comp="92" pin=1"/></net>

<net id="103"><net_src comp="4" pin="0"/><net_sink comp="98" pin=0"/></net>

<net id="104"><net_src comp="54" pin="0"/><net_sink comp="98" pin=1"/></net>

<net id="110"><net_src comp="6" pin="0"/><net_sink comp="105" pin=0"/></net>

<net id="111"><net_src comp="54" pin="0"/><net_sink comp="105" pin=1"/></net>

<net id="117"><net_src comp="8" pin="0"/><net_sink comp="112" pin=0"/></net>

<net id="118"><net_src comp="54" pin="0"/><net_sink comp="112" pin=1"/></net>

<net id="124"><net_src comp="98" pin="3"/><net_sink comp="119" pin=0"/></net>

<net id="130"><net_src comp="105" pin="3"/><net_sink comp="125" pin=0"/></net>

<net id="136"><net_src comp="112" pin="3"/><net_sink comp="131" pin=0"/></net>

<net id="140"><net_src comp="80" pin="2"/><net_sink comp="137" pin=0"/></net>

<net id="144"><net_src comp="92" pin="2"/><net_sink comp="141" pin=0"/></net>

<net id="149"><net_src comp="30" pin="0"/><net_sink comp="145" pin=0"/></net>

<net id="154"><net_src comp="32" pin="0"/><net_sink comp="150" pin=0"/></net>

<net id="159"><net_src comp="32" pin="0"/><net_sink comp="155" pin=0"/></net>

<net id="167"><net_src comp="160" pin="1"/><net_sink comp="163" pin=0"/></net>

<net id="168"><net_src comp="34" pin="0"/><net_sink comp="163" pin=1"/></net>

<net id="173"><net_src comp="160" pin="1"/><net_sink comp="169" pin=0"/></net>

<net id="174"><net_src comp="36" pin="0"/><net_sink comp="169" pin=1"/></net>

<net id="179"><net_src comp="169" pin="2"/><net_sink comp="175" pin=0"/></net>

<net id="190"><net_src comp="183" pin="1"/><net_sink comp="186" pin=0"/></net>

<net id="191"><net_src comp="38" pin="0"/><net_sink comp="186" pin=1"/></net>

<net id="196"><net_src comp="180" pin="1"/><net_sink comp="192" pin=0"/></net>

<net id="197"><net_src comp="40" pin="0"/><net_sink comp="192" pin=1"/></net>

<net id="203"><net_src comp="192" pin="2"/><net_sink comp="198" pin=0"/></net>

<net id="204"><net_src comp="32" pin="0"/><net_sink comp="198" pin=1"/></net>

<net id="205"><net_src comp="180" pin="1"/><net_sink comp="198" pin=2"/></net>

<net id="211"><net_src comp="192" pin="2"/><net_sink comp="206" pin=0"/></net>

<net id="212"><net_src comp="186" pin="2"/><net_sink comp="206" pin=1"/></net>

<net id="213"><net_src comp="183" pin="1"/><net_sink comp="206" pin=2"/></net>

<net id="217"><net_src comp="206" pin="3"/><net_sink comp="214" pin=0"/></net>

<net id="223"><net_src comp="42" pin="0"/><net_sink comp="218" pin=0"/></net>

<net id="224"><net_src comp="214" pin="1"/><net_sink comp="218" pin=1"/></net>

<net id="225"><net_src comp="44" pin="0"/><net_sink comp="218" pin=2"/></net>

<net id="229"><net_src comp="206" pin="3"/><net_sink comp="226" pin=0"/></net>

<net id="234"><net_src comp="226" pin="1"/><net_sink comp="230" pin=0"/></net>

<net id="238"><net_src comp="198" pin="3"/><net_sink comp="235" pin=0"/></net>

<net id="243"><net_src comp="218" pin="3"/><net_sink comp="239" pin=0"/></net>

<net id="244"><net_src comp="235" pin="1"/><net_sink comp="239" pin=1"/></net>

<net id="248"><net_src comp="198" pin="3"/><net_sink comp="245" pin=0"/></net>

<net id="253"><net_src comp="245" pin="1"/><net_sink comp="249" pin=0"/></net>

<net id="258"><net_src comp="198" pin="3"/><net_sink comp="254" pin=0"/></net>

<net id="259"><net_src comp="38" pin="0"/><net_sink comp="254" pin=1"/></net>

<net id="264"><net_src comp="206" pin="3"/><net_sink comp="260" pin=0"/></net>

<net id="269"><net_src comp="254" pin="2"/><net_sink comp="265" pin=0"/></net>

<net id="277"><net_src comp="274" pin="1"/><net_sink comp="98" pin=2"/></net>

<net id="278"><net_src comp="274" pin="1"/><net_sink comp="105" pin=2"/></net>

<net id="279"><net_src comp="274" pin="1"/><net_sink comp="112" pin=2"/></net>

<net id="288"><net_src comp="270" pin="2"/><net_sink comp="284" pin=0"/></net>

<net id="289"><net_src comp="280" pin="2"/><net_sink comp="284" pin=1"/></net>

<net id="293"><net_src comp="62" pin="1"/><net_sink comp="290" pin=0"/></net>

<net id="294"><net_src comp="290" pin="1"/><net_sink comp="155" pin=1"/></net>

<net id="295"><net_src comp="290" pin="1"/><net_sink comp="180" pin=0"/></net>

<net id="296"><net_src comp="290" pin="1"/><net_sink comp="265" pin=1"/></net>

<net id="300"><net_src comp="66" pin="1"/><net_sink comp="297" pin=0"/></net>

<net id="301"><net_src comp="297" pin="1"/><net_sink comp="150" pin=1"/></net>

<net id="302"><net_src comp="297" pin="1"/><net_sink comp="183" pin=0"/></net>

<net id="303"><net_src comp="297" pin="1"/><net_sink comp="260" pin=1"/></net>

<net id="307"><net_src comp="70" pin="1"/><net_sink comp="304" pin=0"/></net>

<net id="308"><net_src comp="304" pin="1"/><net_sink comp="145" pin=1"/></net>

<net id="309"><net_src comp="304" pin="1"/><net_sink comp="160" pin=0"/></net>

<net id="310"><net_src comp="304" pin="1"/><net_sink comp="175" pin=1"/></net>

<net id="314"><net_src comp="74" pin="2"/><net_sink comp="311" pin=0"/></net>

<net id="315"><net_src comp="311" pin="1"/><net_sink comp="119" pin=1"/></net>

<net id="316"><net_src comp="311" pin="1"/><net_sink comp="125" pin=1"/></net>

<net id="317"><net_src comp="311" pin="1"/><net_sink comp="131" pin=1"/></net>

<net id="321"><net_src comp="86" pin="2"/><net_sink comp="318" pin=0"/></net>

<net id="322"><net_src comp="318" pin="1"/><net_sink comp="270" pin=1"/></net>

<net id="323"><net_src comp="318" pin="1"/><net_sink comp="280" pin=1"/></net>

<net id="327"><net_src comp="137" pin="1"/><net_sink comp="324" pin=0"/></net>

<net id="328"><net_src comp="324" pin="1"/><net_sink comp="249" pin=1"/></net>

<net id="332"><net_src comp="141" pin="1"/><net_sink comp="329" pin=0"/></net>

<net id="333"><net_src comp="329" pin="1"/><net_sink comp="230" pin=1"/></net>

<net id="337"><net_src comp="163" pin="2"/><net_sink comp="334" pin=0"/></net>

<net id="341"><net_src comp="230" pin="2"/><net_sink comp="338" pin=0"/></net>

<net id="342"><net_src comp="338" pin="1"/><net_sink comp="270" pin=0"/></net>

<net id="346"><net_src comp="239" pin="2"/><net_sink comp="343" pin=0"/></net>

<net id="347"><net_src comp="343" pin="1"/><net_sink comp="274" pin=0"/></net>

<net id="351"><net_src comp="249" pin="2"/><net_sink comp="348" pin=0"/></net>

<net id="352"><net_src comp="348" pin="1"/><net_sink comp="280" pin=0"/></net>

</net_list>

</model> 
---------------- Datapath Model END ------------------

* FSMD analyzer results:
  - Output states:
	Port: tile_in | {3 }
	Port: tile_in_1 | {3 }
	Port: tile_in_2 | {3 }
 - Input state : 
	Port: cnn_accel_Pipeline_VITIS_LOOP_34_3_VITIS_LOOP_35_4 : ty | {1 }
	Port: cnn_accel_Pipeline_VITIS_LOOP_34_3_VITIS_LOOP_35_4 : size | {1 }
	Port: cnn_accel_Pipeline_VITIS_LOOP_34_3_VITIS_LOOP_35_4 : tx | {1 }
	Port: cnn_accel_Pipeline_VITIS_LOOP_34_3_VITIS_LOOP_35_4 : input_r_load | {1 }
  - Chain level:
	State 1
		store_ln0 : 1
		store_ln34 : 1
		store_ln35 : 1
		indvar_flatten_load : 1
		icmp_ln34 : 2
		add_ln34_1 : 2
		br_ln34 : 3
		store_ln34 : 3
	State 2
		add_ln34 : 1
		icmp_ln35 : 1
		select_ln34 : 2
		select_ln34_1 : 2
		trunc_ln44 : 3
		tmp_1 : 4
		zext_ln34 : 3
		empty : 4
		zext_ln44 : 3
		add_ln44 : 5
		zext_ln35 : 3
		add_ln39 : 4
		add_ln35 : 3
		store_ln34 : 3
		store_ln35 : 4
	State 3
		tile_in_addr : 1
		tile_in_1_addr : 1
		tile_in_2_addr : 1
		and_ln41 : 1
		br_ln41 : 1
		store_ln44 : 2
		store_ln45 : 2
		store_ln46 : 2


============================================================
+ Verbose Summary: Datapath Resource usage 
============================================================

* Functional unit list:
|----------|------------------------------|---------|---------|
| Operation|        Functional Unit       |    FF   |   LUT   |
|----------|------------------------------|---------|---------|
|          |       add_ln34_1_fu_169      |    0    |    18   |
|          |        add_ln34_fu_186       |    0    |    14   |
|    add   |         empty_fu_230         |    0    |    38   |
|          |        add_ln44_fu_239       |    0    |    17   |
|          |        add_ln39_fu_249       |    0    |    38   |
|          |        add_ln35_fu_254       |    0    |    14   |
|----------|------------------------------|---------|---------|
|          |       icmp_ln34_fu_163       |    0    |    18   |
|   icmp   |       icmp_ln35_fu_192       |    0    |    14   |
|          |         cmp14_fu_270         |    0    |    39   |
|          |       icmp_ln41_fu_280       |    0    |    39   |
|----------|------------------------------|---------|---------|
|  select  |      select_ln34_fu_198      |    0    |    6    |
|          |     select_ln34_1_fu_206     |    0    |    6    |
|----------|------------------------------|---------|---------|
|    and   |        and_ln41_fu_284       |    0    |    2    |
|----------|------------------------------|---------|---------|
|          | input_r_load_read_read_fu_74 |    0    |    0    |
|   read   |      tx_read_read_fu_80      |    0    |    0    |
|          |     size_read_read_fu_86     |    0    |    0    |
|          |      ty_read_read_fu_92      |    0    |    0    |
|----------|------------------------------|---------|---------|
|          |        tx_cast_fu_137        |    0    |    0    |
|          |        ty_cast_fu_141        |    0    |    0    |
|   zext   |       zext_ln34_fu_226       |    0    |    0    |
|          |       zext_ln44_fu_235       |    0    |    0    |
|          |       zext_ln35_fu_245       |    0    |    0    |
|          |      zext_ln44_1_fu_274      |    0    |    0    |
|----------|------------------------------|---------|---------|
|   trunc  |       trunc_ln44_fu_214      |    0    |    0    |
|----------|------------------------------|---------|---------|
|bitconcatenate|         tmp_1_fu_218         |    0    |    0    |
|----------|------------------------------|---------|---------|
|   Total  |                              |    0    |   263   |
|----------|------------------------------|---------|---------|

Memories:
N/A

* Register list:
+-------------------------+--------+
|                         |   FF   |
+-------------------------+--------+
|     add_ln39_reg_348    |   32   |
|     add_ln44_reg_343    |   10   |
|      empty_reg_338      |   32   |
|    icmp_ln34_reg_334    |    1   |
|  indvar_flatten_reg_304 |   11   |
|input_r_load_read_reg_311|    8   |
|    size_read_reg_318    |   32   |
|     tx_cast_reg_324     |   32   |
|     ty_cast_reg_329     |   32   |
|        x_reg_290        |    6   |
|        y_reg_297        |    6   |
+-------------------------+--------+
|          Total          |   202  |
+-------------------------+--------+

* Multiplexer (MUX) list: 
|--------|------|------|------|--------|
|  Comp  |  Pin | Size |  BW  | S x BW |
|--------|------|------|------|--------|
|  Total |      |      |      |    0   |
|--------|------|------|------|--------|



* Summary:
+-----------+--------+--------+
|           |   FF   |   LUT  |
+-----------+--------+--------+
|  Function |    0   |   263  |
|   Memory  |    -   |    -   |
|Multiplexer|    -   |    -   |
|  Register |   202  |    -   |
+-----------+--------+--------+
|   Total   |   202  |   263  |
+-----------+--------+--------+
