

================================================================
== Vitis HLS Report for 'cnn_accel_Pipeline_VITIS_LOOP_52_5_VITIS_LOOP_53_6'
================================================================
* Date:           Thu Apr 16 14:46:56 2026

* Version:        2024.2 (Build 5238294 on Nov  8 2024)
* Project:        cnn_accel
* Solution:       solution1 (Vivado IP Flow Target)
* Product family: artix7
* Target device:  xc7a200t-sbg484-1


================================================================
== Performance Estimates
================================================================
+ Timing: 
    * Summary: 
    +--------+----------+----------+------------+
    |  Clock |  Target  | Estimated| Uncertainty|
    +--------+----------+----------+------------+
    |ap_clk  |  10.00 ns|  6.980 ns|     2.70 ns|
    +--------+----------+----------+------------+

+ Latency: 
    * Summary: 
    +---------+---------+-----------+-----------+------+------+------------------------------------------------+
    |  Latency (cycles) |   Latency (absolute)  |   Interval  |                    Pipeline                    |
    |   min   |   max   |    min    |    max    |  min |  max |                      Type                      |
    +---------+---------+-----------+-----------+------+------+------------------------------------------------+
    |     1029|     1029|  10.290 us|  10.290 us|  1025|  1025|  loop auto-rewind stp (delay=0 clock cycles(s))|
    +---------+---------+-----------+-----------+------+------+------------------------------------------------+

    + Detail: 
        * Instance: 
        N/A

        * Loop: 
        +-----------------------------------+---------+---------+----------+-----------+-----------+------+----------+
        |                                   |  Latency (cycles) | Iteration|  Initiation Interval  | Trip |          |
        |             Loop Name             |   min   |   max   |  Latency |  achieved |   target  | Count| Pipelined|
        +-----------------------------------+---------+---------+----------+-----------+-----------+------+----------+
        |- VITIS_LOOP_52_5_VITIS_LOOP_53_6  |     1027|     1027|         5|          1|          1|  1024|       yes|
        +-----------------------------------+---------+---------+----------+-----------+-----------+------+----------+



================================================================
== Utilization Estimates
================================================================
* Summary: 
+-----------------+---------+-----+--------+--------+-----+
|       Name      | BRAM_18K| DSP |   FF   |   LUT  | URAM|
+-----------------+---------+-----+--------+--------+-----+
|DSP              |        -|    -|       -|       -|    -|
|Expression       |        -|    -|       0|     128|    -|
|FIFO             |        -|    -|       -|       -|    -|
|Instance         |        -|    -|       -|       -|    -|
|Memory           |        -|    -|       -|       -|    -|
|Multiplexer      |        -|    -|       0|      54|    -|
|Register         |        -|    -|      70|       -|    -|
+-----------------+---------+-----+--------+--------+-----+
|Total            |        0|    0|      70|     182|    0|
+-----------------+---------+-----+--------+--------+-----+
|Available        |      730|  740|  269200|  134600|    0|
+-----------------+---------+-----+--------+--------+-----+
|Utilization (%)  |        0|    0|      ~0|      ~0|    0|
+-----------------+---------+-----+--------+--------+-----+

+ Detail: 
    * Instance: 
    N/A

    * DSP: 
    N/A

    * Memory: 
    N/A

    * FIFO: 
    N/A

    * Expression: 
    +-------------------------+----------+----+---+----+------------+------------+
    |      Variable Name      | Operation| DSP| FF| LUT| Bitwidth P0| Bitwidth P1|
    +-------------------------+----------+----+---+----+------------+------------+
    |add_ln52_1_fu_142_p2     |         +|   0|  0|  18|          11|           1|
    |add_ln52_fu_159_p2       |         +|   0|  0|  14|           6|           1|
    |add_ln53_fu_209_p2       |         +|   0|  0|  14|           6|           1|
    |empty_14_fu_203_p2       |         +|   0|  0|  17|          10|          10|
    |sum_fu_249_p2            |         +|   0|  0|   9|           9|           9|
    |tmp_fu_243_p2            |         +|   0|  0|   9|           9|           9|
    |icmp_ln52_fu_136_p2      |      icmp|   0|  0|  19|          11|          12|
    |icmp_ln53_fu_165_p2      |      icmp|   0|  0|  14|           6|           7|
    |select_ln52_1_fu_179_p3  |    select|   0|  0|   6|           1|           6|
    |select_ln52_fu_171_p3    |    select|   0|  0|   6|           1|           1|
    |ap_enable_pp0            |       xor|   0|  0|   2|           1|           2|
    +-------------------------+----------+----+---+----+------------+------------+
    |Total                    |          |   0|  0| 128|          71|          59|
    +-------------------------+----------+----+---+----+------------+------------+

    * Multiplexer: 
    +---------------------------------------+----+-----------+-----+-----------+
    |                  Name                 | LUT| Input Size| Bits| Total Bits|
    +---------------------------------------+----+-----------+-----+-----------+
    |ap_done_int                            |   9|          2|    1|          2|
    |ap_enable_reg_pp0_iter1                |   9|          2|    1|          2|
    |ap_sig_allocacmp_indvar_flatten6_load  |   9|          2|   11|         22|
    |indvar_flatten6_fu_62                  |   9|          2|   11|         22|
    |x_fu_54                                |   9|          2|    6|         12|
    |y_fu_58                                |   9|          2|    6|         12|
    +---------------------------------------+----+-----------+-----+-----------+
    |Total                                  |  54|         12|   36|         72|
    +---------------------------------------+----+-----------+-----+-----------+

    * Register: 
    +----------------------------------+----+----+-----+-----------+
    |               Name               | FF | LUT| Bits| Const Bits|
    +----------------------------------+----+----+-----+-----------+
    |ap_CS_fsm                         |   1|   0|    1|          0|
    |ap_done_reg                       |   1|   0|    1|          0|
    |ap_enable_reg_pp0_iter1           |   1|   0|    1|          0|
    |ap_enable_reg_pp0_iter2           |   1|   0|    1|          0|
    |ap_enable_reg_pp0_iter3           |   1|   0|    1|          0|
    |ap_enable_reg_pp0_iter4           |   1|   0|    1|          0|
    |ap_loop_exit_ready_pp0_iter1_reg  |   1|   0|    1|          0|
    |ap_loop_exit_ready_pp0_iter2_reg  |   1|   0|    1|          0|
    |ap_loop_exit_ready_pp0_iter3_reg  |   1|   0|    1|          0|
    |conv_reg_315                      |   8|   0|    8|          0|
    |empty_14_reg_290                  |  10|   0|   10|          0|
    |indvar_flatten6_fu_62             |  11|   0|   11|          0|
    |p_cast_reg_295                    |  10|   0|   64|         54|
    |p_cast_reg_295_pp0_iter3_reg      |  10|   0|   64|         54|
    |x_fu_54                           |   6|   0|    6|          0|
    |y_fu_58                           |   6|   0|    6|          0|
    +----------------------------------+----+----+-----+-----------+
    |Total                             |  70|   0|  178|        108|
    +----------------------------------+----+----+-----+-----------+



================================================================
== Interface
================================================================
* Summary: 
+--------------------+-----+-----+------------+----------------------------------------------------+--------------+
|      RTL Ports     | Dir | Bits|  Protocol  |                    Source Object                   |    C Type    |
+--------------------+-----+-----+------------+----------------------------------------------------+--------------+
|ap_clk              |   in|    1|  ap_ctrl_hs|  cnn_accel_Pipeline_VITIS_LOOP_52_5_VITIS_LOOP_53_6|  return value|
|ap_rst              |   in|    1|  ap_ctrl_hs|  cnn_accel_Pipeline_VITIS_LOOP_52_5_VITIS_LOOP_53_6|  return value|
|ap_start            |   in|    1|  ap_ctrl_hs|  cnn_accel_Pipeline_VITIS_LOOP_52_5_VITIS_LOOP_53_6|  return value|
|ap_done             |  out|    1|  ap_ctrl_hs|  cnn_accel_Pipeline_VITIS_LOOP_52_5_VITIS_LOOP_53_6|  return value|
|ap_idle             |  out|    1|  ap_ctrl_hs|  cnn_accel_Pipeline_VITIS_LOOP_52_5_VITIS_LOOP_53_6|  return value|
|ap_ready            |  out|    1|  ap_ctrl_hs|  cnn_accel_Pipeline_VITIS_LOOP_52_5_VITIS_LOOP_53_6|  return value|
|tile_in_address0    |  out|   10|   ap_memory|                                             tile_in|         array|
|tile_in_ce0         |  out|    1|   ap_memory|                                             tile_in|         array|
|tile_in_q0          |   in|    8|   ap_memory|                                             tile_in|         array|
|tile_in_1_address0  |  out|   10|   ap_memory|                                           tile_in_1|         array|
|tile_in_1_ce0       |  out|    1|   ap_memory|                                           tile_in_1|         array|
|tile_in_1_q0        |   in|    8|   ap_memory|                                           tile_in_1|         array|
|tile_in_2_address0  |  out|   10|   ap_memory|                                           tile_in_2|         array|
|tile_in_2_ce0       |  out|    1|   ap_memory|                                           tile_in_2|         array|
|tile_in_2_q0        |   in|    8|   ap_memory|                                           tile_in_2|         array|
|tile_out_address0   |  out|   10|   ap_memory|                                            tile_out|         array|
|tile_out_ce0        |  out|    1|   ap_memory|                                            tile_out|         array|
|tile_out_we0        |  out|    1|   ap_memory|                                            tile_out|         array|
|tile_out_d0         |  out|    8|   ap_memory|                                            tile_out|         array|
+--------------------+-----+-----+------------+----------------------------------------------------+--------------+

============================================================
+ Verbose Summary: Synthesis Manager
============================================================
InlineROM: 1
ExposeGlobal: 0
============================================================
+ Verbose Summary: CDFG Model
============================================================
IsTopModel: 0
ResetActiveHigh: 1
IsCombinational: 2
IsDatapathOnly: 2
HasWiredReturn: 1
HasMFsm: 2
HasVarLatency: 1
IsPipeline: 0
IsRtlPipelined: 0
IsInstanceOverlapped: 0
IsDontTouch: 0
HasImplIP: 0
IsGatedGlobalClock: 0

+ Individual pipeline summary: 
  * Pipeline-0: initiation interval (II) = 1, depth = 5


============================================================
+ Verbose Summary: Schedule
============================================================
* Number of FSM states : 5
* Pipeline : 1
  Pipeline-0 : II = 1, D = 5, States = { 1 2 3 4 5 }
* Dataflow Pipeline: 0

* FSM state transitions: 
1 --> 2 
2 --> 3 
3 --> 4 
4 --> 5 
5 --> 

* FSM state operations: 

State 1 <SV = 0> <Delay = 5.34>
ST_1 : Operation 8 [1/1] (0.00ns)   --->   "%x = alloca i32 1" [cnn_accel.cpp:53]   --->   Operation 8 'alloca' 'x' <Predicate = true> <Delay = 0.00>
ST_1 : Operation 9 [1/1] (0.00ns)   --->   "%y = alloca i32 1" [cnn_accel.cpp:52]   --->   Operation 9 'alloca' 'y' <Predicate = true> <Delay = 0.00>
ST_1 : Operation 10 [1/1] (0.00ns)   --->   "%indvar_flatten6 = alloca i32 1"   --->   Operation 10 'alloca' 'indvar_flatten6' <Predicate = true> <Delay = 0.00>
ST_1 : Operation 11 [1/1] (0.00ns)   --->   "%specmemcore_ln0 = specmemcore void @_ssdm_op_SpecMemCore, i8 %tile_out, i64 666, i64 30, i64 18446744073709551615"   --->   Operation 11 'specmemcore' 'specmemcore_ln0' <Predicate = true> <Delay = 0.00>
ST_1 : Operation 12 [1/1] (0.00ns)   --->   "%specmemcore_ln0 = specmemcore void @_ssdm_op_SpecMemCore, i8 %tile_in, i64 666, i64 30, i64 18446744073709551615"   --->   Operation 12 'specmemcore' 'specmemcore_ln0' <Predicate = true> <Delay = 0.00>
ST_1 : Operation 13 [1/1] (0.00ns)   --->   "%specmemcore_ln0 = specmemcore void @_ssdm_op_SpecMemCore, i8 %tile_in_1, i64 666, i64 30, i64 18446744073709551615"   --->   Operation 13 'specmemcore' 'specmemcore_ln0' <Predicate = true> <Delay = 0.00>
ST_1 : Operation 14 [1/1] (0.00ns)   --->   "%specmemcore_ln0 = specmemcore void @_ssdm_op_SpecMemCore, i8 %tile_in_2, i64 666, i64 30, i64 18446744073709551615"   --->   Operation 14 'specmemcore' 'specmemcore_ln0' <Predicate = true> <Delay = 0.00>
ST_1 : Operation 15 [1/1] (1.61ns)   --->   "%store_ln0 = store i11 0, i11 %indvar_flatten6"   --->   Operation 15 'store' 'store_ln0' <Predicate = true> <Delay = 1.61>
ST_1 : Operation 16 [1/1] (1.61ns)   --->   "%store_ln52 = store i6 0, i6 %y" [cnn_accel.cpp:52]   --->   Operation 16 'store' 'store_ln52' <Predicate = true> <Delay = 1.61>
ST_1 : Operation 17 [1/1] (1.61ns)   --->   "%store_ln53 = store i6 0, i6 %x" [cnn_accel.cpp:53]   --->   Operation 17 'store' 'store_ln53' <Predicate = true> <Delay = 1.61>
ST_1 : Operation 18 [1/1] (0.00ns)   --->   "%br_ln0 = br void %VITIS_LOOP_56_7"   --->   Operation 18 'br' 'br_ln0' <Predicate = true> <Delay = 0.00>
ST_1 : Operation 19 [1/1] (0.00ns)   --->   "%indvar_flatten6_load = load i11 %indvar_flatten6" [cnn_accel.cpp:52]   --->   Operation 19 'load' 'indvar_flatten6_load' <Predicate = true> <Delay = 0.00>
ST_1 : Operation 20 [1/1] (2.12ns)   --->   "%icmp_ln52 = icmp_eq  i11 %indvar_flatten6_load, i11 1024" [cnn_accel.cpp:52]   --->   Operation 20 'icmp' 'icmp_ln52' <Predicate = true> <Delay = 2.12> <CoreInst = "Cmp">   --->   Core 9 'Cmp' <Latency = 0> <II = 1> <Delay = 2.13> <FuncUnit> <Opcode : 'seteq' 'setne' 'setle' 'setge' 'setlt' 'setgt'> <InPorts = 2> <OutPorts = 1>
ST_1 : Operation 21 [1/1] (2.12ns)   --->   "%add_ln52_1 = add i11 %indvar_flatten6_load, i11 1" [cnn_accel.cpp:52]   --->   Operation 21 'add' 'add_ln52_1' <Predicate = true> <Delay = 2.12> <CoreInst = "Adder">   --->   Core 1 'Adder' <Latency = 0> <II = 1> <Delay = 2.12> <FuncUnit> <Opcode : 'add' 'sub'> <InPorts = 2> <OutPorts = 1>
ST_1 : Operation 22 [1/1] (0.00ns)   --->   "%br_ln52 = br i1 %icmp_ln52, void %for.inc90, void %for.body102.preheader.exitStub" [cnn_accel.cpp:52]   --->   Operation 22 'br' 'br_ln52' <Predicate = true> <Delay = 0.00>
ST_1 : Operation 23 [1/1] (1.61ns)   --->   "%store_ln52 = store i11 %add_ln52_1, i11 %indvar_flatten6" [cnn_accel.cpp:52]   --->   Operation 23 'store' 'store_ln52' <Predicate = (!icmp_ln52)> <Delay = 1.61>

State 2 <SV = 1> <Delay = 6.17>
ST_2 : Operation 24 [1/1] (0.00ns)   --->   "%x_load = load i6 %x" [cnn_accel.cpp:53]   --->   Operation 24 'load' 'x_load' <Predicate = true> <Delay = 0.00>
ST_2 : Operation 25 [1/1] (0.00ns)   --->   "%y_load = load i6 %y" [cnn_accel.cpp:52]   --->   Operation 25 'load' 'y_load' <Predicate = true> <Delay = 0.00>
ST_2 : Operation 26 [1/1] (1.94ns)   --->   "%add_ln52 = add i6 %y_load, i6 1" [cnn_accel.cpp:52]   --->   Operation 26 'add' 'add_ln52' <Predicate = true> <Delay = 1.94> <CoreInst = "Adder">   --->   Core 1 'Adder' <Latency = 0> <II = 1> <Delay = 1.94> <FuncUnit> <Opcode : 'add' 'sub'> <InPorts = 2> <OutPorts = 1>
ST_2 : Operation 27 [1/1] (1.94ns)   --->   "%icmp_ln53 = icmp_eq  i6 %x_load, i6 32" [cnn_accel.cpp:53]   --->   Operation 27 'icmp' 'icmp_ln53' <Predicate = true> <Delay = 1.94> <CoreInst = "Cmp">   --->   Core 9 'Cmp' <Latency = 0> <II = 1> <Delay = 2.03> <FuncUnit> <Opcode : 'seteq' 'setne' 'setle' 'setge' 'setlt' 'setgt'> <InPorts = 2> <OutPorts = 1>
ST_2 : Operation 28 [1/1] (0.66ns)   --->   "%select_ln52 = select i1 %icmp_ln53, i6 0, i6 %x_load" [cnn_accel.cpp:52]   --->   Operation 28 'select' 'select_ln52' <Predicate = true> <Delay = 0.66> <CoreInst = "Sel">   --->   Core 73 'Sel' <Latency = 0> <II = 1> <Delay = 0.66> <FuncUnit> <Opcode : 'select'> <InPorts = 3> <OutPorts = 1>
ST_2 : Operation 29 [1/1] (0.66ns)   --->   "%select_ln52_1 = select i1 %icmp_ln53, i6 %add_ln52, i6 %y_load" [cnn_accel.cpp:52]   --->   Operation 29 'select' 'select_ln52_1' <Predicate = true> <Delay = 0.66> <CoreInst = "Sel">   --->   Core 73 'Sel' <Latency = 0> <II = 1> <Delay = 0.66> <FuncUnit> <Opcode : 'select'> <InPorts = 3> <OutPorts = 1>
ST_2 : Operation 30 [1/1] (0.00ns)   --->   "%empty = trunc i6 %select_ln52_1" [cnn_accel.cpp:52]   --->   Operation 30 'trunc' 'empty' <Predicate = true> <Delay = 0.00>
ST_2 : Operation 31 [1/1] (0.00ns)   --->   "%tmp_2 = bitconcatenate i10 @_ssdm_op_BitConcatenate.i10.i5.i5, i5 %empty, i5 0" [cnn_accel.cpp:52]   --->   Operation 31 'bitconcatenate' 'tmp_2' <Predicate = true> <Delay = 0.00>
ST_2 : Operation 32 [1/1] (0.00ns)   --->   "%select_ln52_cast = zext i6 %select_ln52" [cnn_accel.cpp:52]   --->   Operation 32 'zext' 'select_ln52_cast' <Predicate = true> <Delay = 0.00>
ST_2 : Operation 33 [1/1] (2.12ns)   --->   "%empty_14 = add i10 %tmp_2, i10 %select_ln52_cast" [cnn_accel.cpp:52]   --->   Operation 33 'add' 'empty_14' <Predicate = true> <Delay = 2.12> <CoreInst = "Adder">   --->   Core 1 'Adder' <Latency = 0> <II = 1> <Delay = 2.12> <FuncUnit> <Opcode : 'add' 'sub'> <InPorts = 2> <OutPorts = 1>
ST_2 : Operation 34 [1/1] (1.94ns)   --->   "%add_ln53 = add i6 %select_ln52, i6 1" [cnn_accel.cpp:53]   --->   Operation 34 'add' 'add_ln53' <Predicate = true> <Delay = 1.94> <CoreInst = "Adder">   --->   Core 1 'Adder' <Latency = 0> <II = 1> <Delay = 1.94> <FuncUnit> <Opcode : 'add' 'sub'> <InPorts = 2> <OutPorts = 1>
ST_2 : Operation 35 [1/1] (1.61ns)   --->   "%store_ln52 = store i6 %select_ln52_1, i6 %y" [cnn_accel.cpp:52]   --->   Operation 35 'store' 'store_ln52' <Predicate = true> <Delay = 1.61>
ST_2 : Operation 36 [1/1] (1.61ns)   --->   "%store_ln53 = store i6 %add_ln53, i6 %x" [cnn_accel.cpp:53]   --->   Operation 36 'store' 'store_ln53' <Predicate = true> <Delay = 1.61>

State 3 <SV = 2> <Delay = 3.25>
ST_3 : Operation 37 [1/1] (0.00ns)   --->   "%p_cast = zext i10 %empty_14" [cnn_accel.cpp:52]   --->   Operation 37 'zext' 'p_cast' <Predicate = true> <Delay = 0.00>
ST_3 : Operation 38 [1/1] (0.00ns)   --->   "%tile_in_addr = getelementptr i8 %tile_in, i64 0, i64 %p_cast" [cnn_accel.cpp:52]   --->   Operation 38 'getelementptr' 'tile_in_addr' <Predicate = true> <Delay = 0.00>
ST_3 : Operation 39 [1/1] (0.00ns)   --->   "%tile_in_1_addr = getelementptr i8 %tile_in_1, i64 0, i64 %p_cast" [cnn_accel.cpp:52]   --->   Operation 39 'getelementptr' 'tile_in_1_addr' <Predicate = true> <Delay = 0.00>
ST_3 : Operation 40 [1/1] (0.00ns)   --->   "%tile_in_2_addr = getelementptr i8 %tile_in_2, i64 0, i64 %p_cast" [cnn_accel.cpp:52]   --->   Operation 40 'getelementptr' 'tile_in_2_addr' <Predicate = true> <Delay = 0.00>
ST_3 : Operation 41 [2/2] (3.25ns)   --->   "%tile_in_load = load i10 %tile_in_addr" [cnn_accel.cpp:52]   --->   Operation 41 'load' 'tile_in_load' <Predicate = true> <Delay = 3.25> <CoreInst = "RAM_T2P_BRAM">   --->   Core 93 'RAM_T2P_BRAM' <Latency = 1> <II = 1> <Delay = 3.25> <Storage> <Opcode : 'load' 'store'> <Ports = 2> <Width = 8> <Depth = 1024> <RAM>
ST_3 : Operation 42 [2/2] (3.25ns)   --->   "%tile_in_1_load = load i10 %tile_in_1_addr" [cnn_accel.cpp:52]   --->   Operation 42 'load' 'tile_in_1_load' <Predicate = true> <Delay = 3.25> <CoreInst = "RAM_T2P_BRAM">   --->   Core 93 'RAM_T2P_BRAM' <Latency = 1> <II = 1> <Delay = 3.25> <Storage> <Opcode : 'load' 'store'> <Ports = 2> <Width = 8> <Depth = 1024> <RAM>
ST_3 : Operation 43 [2/2] (3.25ns)   --->   "%tile_in_2_load = load i10 %tile_in_2_addr" [cnn_accel.cpp:52]   --->   Operation 43 'load' 'tile_in_2_load' <Predicate = true> <Delay = 3.25> <CoreInst = "RAM_T2P_BRAM">   --->   Core 93 'RAM_T2P_BRAM' <Latency = 1> <II = 1> <Delay = 3.25> <Storage> <Opcode : 'load' 'store'> <Ports = 2> <Width = 8> <Depth = 1024> <RAM>

State 4 <SV = 3> <Delay = 6.97>
ST_4 : Operation 44 [1/2] ( I:3.25ns O:3.25ns )   --->   "%tile_in_load = load i10 %tile_in_addr" [cnn_accel.cpp:52]   --->   Operation 44 'load' 'tile_in_load' <Predicate = true> <Delay = 3.25> <CoreInst = "RAM_T2P_BRAM">   --->   Core 93 'RAM_T2P_BRAM' <Latency = 1> <II = 1> <Delay = 3.25> <Storage> <Opcode : 'load' 'store'> <Ports = 2> <Width = 8> <Depth = 1024> <RAM>
ST_4 : Operation 45 [1/1] (0.00ns)   --->   "%tile_in_load_cast = sext i8 %tile_in_load" [cnn_accel.cpp:52]   --->   Operation 45 'sext' 'tile_in_load_cast' <Predicate = true> <Delay = 0.00>
ST_4 : Operation 46 [1/2] ( I:3.25ns O:3.25ns )   --->   "%tile_in_1_load = load i10 %tile_in_1_addr" [cnn_accel.cpp:52]   --->   Operation 46 'load' 'tile_in_1_load' <Predicate = true> <Delay = 3.25> <CoreInst = "RAM_T2P_BRAM">   --->   Core 93 'RAM_T2P_BRAM' <Latency = 1> <II = 1> <Delay = 3.25> <Storage> <Opcode : 'load' 'store'> <Ports = 2> <Width = 8> <Depth = 1024> <RAM>
ST_4 : Operation 47 [1/1] (0.00ns)   --->   "%tile_in_1_load_cast = sext i8 %tile_in_1_load" [cnn_accel.cpp:52]   --->   Operation 47 'sext' 'tile_in_1_load_cast' <Predicate = true> <Delay = 0.00>
ST_4 : Operation 48 [1/2] ( I:3.25ns O:3.25ns )   --->   "%tile_in_2_load = load i10 %tile_in_2_addr" [cnn_accel.cpp:52]   --->   Operation 48 'load' 'tile_in_2_load' <Predicate = true> <Delay = 3.25> <CoreInst = "RAM_T2P_BRAM">   --->   Core 93 'RAM_T2P_BRAM' <Latency = 1> <II = 1> <Delay = 3.25> <Storage> <Opcode : 'load' 'store'> <Ports = 2> <Width = 8> <Depth = 1024> <RAM>
ST_4 : Operation 49 [1/1] (0.00ns)   --->   "%tile_in_2_load_cast = sext i8 %tile_in_2_load" [cnn_accel.cpp:52]   --->   Operation 49 'sext' 'tile_in_2_load_cast' <Predicate = true> <Delay = 0.00>
ST_4 : Operation 50 [1/1] (0.00ns) (grouped into TernaryAdder)   --->   "%tmp = add i9 %tile_in_load_cast, i9 %tile_in_2_load_cast" [cnn_accel.cpp:52]   --->   Operation 50 'add' 'tmp' <Predicate = true> <Delay = 0.00> <CoreInst = "TAddSub">   --->   Core 10 'TAddSub' <Latency = 0> <II = 1> <Delay = 1.86> <IPBlock> <Opcode : '' 'add' 'sub'> <InPorts = 3> <OutPorts = 1> <Sync> <CReg>
ST_4 : Operation 51 [1/1] (3.72ns) (root node of TernaryAdder)   --->   "%sum = add i9 %tmp, i9 %tile_in_1_load_cast" [cnn_accel.cpp:52]   --->   Operation 51 'add' 'sum' <Predicate = true> <Delay = 3.72> <CoreInst = "TAddSub">   --->   Core 10 'TAddSub' <Latency = 0> <II = 1> <Delay = 1.86> <IPBlock> <Opcode : '' 'add' 'sub'> <InPorts = 3> <OutPorts = 1> <Sync> <CReg>
ST_4 : Operation 52 [1/1] (0.00ns)   --->   "%conv = partselect i8 @_ssdm_op_PartSelect.i8.i9.i32.i32, i9 %sum, i32 1, i32 8" [cnn_accel.cpp:52]   --->   Operation 52 'partselect' 'conv' <Predicate = true> <Delay = 0.00>
ST_4 : Operation 59 [1/1] (1.61ns)   --->   "%ret_ln0 = ret"   --->   Operation 59 'ret' 'ret_ln0' <Predicate = (icmp_ln52)> <Delay = 1.61>

State 5 <SV = 4> <Delay = 3.25>
ST_5 : Operation 53 [1/1] (0.00ns)   --->   "%specloopname_ln0 = specloopname void @_ssdm_op_SpecLoopName, void @VITIS_LOOP_52_5_VITIS_LOOP_53_6_str"   --->   Operation 53 'specloopname' 'specloopname_ln0' <Predicate = true> <Delay = 0.00>
ST_5 : Operation 54 [1/1] (0.00ns)   --->   "%speclooptripcount_ln0 = speclooptripcount void @_ssdm_op_SpecLoopTripCount, i64 1024, i64 1024, i64 1024"   --->   Operation 54 'speclooptripcount' 'speclooptripcount_ln0' <Predicate = true> <Delay = 0.00>
ST_5 : Operation 55 [1/1] (0.00ns)   --->   "%tile_out_addr = getelementptr i8 %tile_out, i64 0, i64 %p_cast" [cnn_accel.cpp:64]   --->   Operation 55 'getelementptr' 'tile_out_addr' <Predicate = true> <Delay = 0.00>
ST_5 : Operation 56 [1/1] (0.00ns)   --->   "%specpipeline_ln54 = specpipeline void @_ssdm_op_SpecPipeline, i32 1, i32 0, i32 0, i32 0, void @empty_2" [cnn_accel.cpp:54]   --->   Operation 56 'specpipeline' 'specpipeline_ln54' <Predicate = true> <Delay = 0.00>
ST_5 : Operation 57 [1/1] ( I:3.25ns O:3.25ns )   --->   "%store_ln64 = store i8 %conv, i10 %tile_out_addr" [cnn_accel.cpp:64]   --->   Operation 57 'store' 'store_ln64' <Predicate = true> <Delay = 3.25> <CoreInst = "RAM_T2P_BRAM">   --->   Core 93 'RAM_T2P_BRAM' <Latency = 1> <II = 1> <Delay = 3.25> <Storage> <Opcode : 'load' 'store'> <Ports = 2> <Width = 8> <Depth = 1024> <RAM>
ST_5 : Operation 58 [1/1] (0.00ns)   --->   "%br_ln53 = br void %VITIS_LOOP_56_7" [cnn_accel.cpp:53]   --->   Operation 58 'br' 'br_ln53' <Predicate = true> <Delay = 0.00>


============================================================
+ Verbose Summary: Binding
============================================================
STG Binding: 
---------------- STG Properties BEGIN ----------------
- Is combinational: 0
- Is one-state seq: 0
- Is datapath-only: 0
- Is pipelined: 0
- Is top level: 0
Port [ Return ] is wired: 1; IO mode=ap_ctrl_hs:ce=0
Port [ tile_in]:  wired=1; compound=1; hidden=0; nouse=0; global=0; static=0; extern=0; dir=0; type=1; pingpong=0; private_global=0; MemPort=[13]; IO mode=ap_memory:ce=0
Port [ tile_in_1]:  wired=1; compound=1; hidden=0; nouse=0; global=0; static=0; extern=0; dir=0; type=1; pingpong=0; private_global=0; MemPort=[13]; IO mode=ap_memory:ce=0
Port [ tile_in_2]:  wired=1; compound=1; hidden=0; nouse=0; global=0; static=0; extern=0; dir=0; type=1; pingpong=0; private_global=0; MemPort=[13]; IO mode=ap_memory:ce=0
Port [ tile_out]:  wired=1; compound=1; hidden=0; nouse=0; global=0; static=0; extern=0; dir=1; type=1; pingpong=0; private_global=0; MemPort=[03]; IO mode=ap_memory:ce=0
---------------- STG Properties END ------------------

---------------- Datapath Model BEGIN ----------------

<LifeTime>
<method=bitvector/>
x                     (alloca           ) [ 011000]
y                     (alloca           ) [ 011000]
indvar_flatten6       (alloca           ) [ 010000]
specmemcore_ln0       (specmemcore      ) [ 000000]
specmemcore_ln0       (specmemcore      ) [ 000000]
specmemcore_ln0       (specmemcore      ) [ 000000]
specmemcore_ln0       (specmemcore      ) [ 000000]
store_ln0             (store            ) [ 000000]
store_ln52            (store            ) [ 000000]
store_ln53            (store            ) [ 000000]
br_ln0                (br               ) [ 000000]
indvar_flatten6_load  (load             ) [ 000000]
icmp_ln52             (icmp             ) [ 011110]
add_ln52_1            (add              ) [ 000000]
br_ln52               (br               ) [ 000000]
store_ln52            (store            ) [ 000000]
x_load                (load             ) [ 000000]
y_load                (load             ) [ 000000]
add_ln52              (add              ) [ 000000]
icmp_ln53             (icmp             ) [ 000000]
select_ln52           (select           ) [ 000000]
select_ln52_1         (select           ) [ 000000]
empty                 (trunc            ) [ 000000]
tmp_2                 (bitconcatenate   ) [ 000000]
select_ln52_cast      (zext             ) [ 000000]
empty_14              (add              ) [ 010100]
add_ln53              (add              ) [ 000000]
store_ln52            (store            ) [ 000000]
store_ln53            (store            ) [ 000000]
p_cast                (zext             ) [ 010011]
tile_in_addr          (getelementptr    ) [ 010010]
tile_in_1_addr        (getelementptr    ) [ 010010]
tile_in_2_addr        (getelementptr    ) [ 010010]
tile_in_load          (load             ) [ 000000]
tile_in_load_cast     (sext             ) [ 000000]
tile_in_1_load        (load             ) [ 000000]
tile_in_1_load_cast   (sext             ) [ 000000]
tile_in_2_load        (load             ) [ 000000]
tile_in_2_load_cast   (sext             ) [ 000000]
tmp                   (add              ) [ 000000]
sum                   (add              ) [ 000000]
conv                  (partselect       ) [ 010001]
specloopname_ln0      (specloopname     ) [ 000000]
speclooptripcount_ln0 (speclooptripcount) [ 000000]
tile_out_addr         (getelementptr    ) [ 000000]
specpipeline_ln54     (specpipeline     ) [ 000000]
store_ln64            (store            ) [ 000000]
br_ln53               (br               ) [ 000000]
ret_ln0               (ret              ) [ 000000]
</LifeTime>

<model>

<comp_list>
<comp id="0" class="1000" name="tile_in">
<pin_list>
<pin id="1" dir="1" index="0" bw="1" slack="0"/>
</pin_list>
<bind>
<StgValue><ssdm name="tile_in"/><MemPortTyVec>1 3 </MemPortTyVec>
</StgValue>
</bind>
</comp>

<comp id="2" class="1000" name="tile_in_1">
<pin_list>
<pin id="3" dir="1" index="0" bw="1" slack="0"/>
</pin_list>
<bind>
<StgValue><ssdm name="tile_in_1"/><MemPortTyVec>1 3 </MemPortTyVec>
</StgValue>
</bind>
</comp>

<comp id="4" class="1000" name="tile_in_2">
<pin_list>
<pin id="5" dir="1" index="0" bw="1" slack="0"/>
</pin_list>
<bind>
<StgValue><ssdm name="tile_in_2"/><MemPortTyVec>1 3 </MemPortTyVec>
</StgValue>
</bind>
</comp>

<comp id="6" class="1000" name="tile_out">
<pin_list>
<pin id="7" dir="1" index="0" bw="1" slack="0"/>
</pin_list>
<bind>
<StgValue><ssdm name="tile_out"/><MemPortTyVec>0 3 </MemPortTyVec>
</StgValue>
</bind>
</comp>

<comp id="8" class="1001" name="const_8">
<pin_list>
<pin id="9" dir="1" index="0" bw="1" slack="0"/>
</pin_list>
<bind>
<StgValue><ssdm name=""/></StgValue>
</bind>
</comp>

<comp id="10" class="1001" name="const_10">
<pin_list>
<pin id="11" dir="1" index="0" bw="1" slack="2147483647"/>
</pin_list>
<bind>
<StgValue><ssdm name="_ssdm_op_SpecMemCore"/></StgValue>
</bind>
</comp>

<comp id="12" class="1001" name="const_12">
<pin_list>
<pin id="13" dir="1" index="0" bw="1" slack="2147483647"/>
</pin_list>
<bind>
<StgValue><ssdm name=""/></StgValue>
</bind>
</comp>

<comp id="14" class="1001" name="const_14">
<pin_list>
<pin id="15" dir="1" index="0" bw="1" slack="2147483647"/>
</pin_list>
<bind>
<StgValue><ssdm name=""/></StgValue>
</bind>
</comp>

<comp id="16" class="1001" name="const_16">
<pin_list>
<pin id="17" dir="1" index="0" bw="1" slack="2147483647"/>
</pin_list>
<bind>
<StgValue><ssdm name=""/></StgValue>
</bind>
</comp>

<comp id="18" class="1001" name="const_18">
<pin_list>
<pin id="19" dir="1" index="0" bw="1" slack="0"/>
</pin_list>
<bind>
<StgValue><ssdm name=""/></StgValue>
</bind>
</comp>

<comp id="20" class="1001" name="const_20">
<pin_list>
<pin id="21" dir="1" index="0" bw="1" slack="0"/>
</pin_list>
<bind>
<StgValue><ssdm name=""/></StgValue>
</bind>
</comp>

<comp id="22" class="1001" name="const_22">
<pin_list>
<pin id="23" dir="1" index="0" bw="1" slack="0"/>
</pin_list>
<bind>
<StgValue><ssdm name=""/></StgValue>
</bind>
</comp>

<comp id="24" class="1001" name="const_24">
<pin_list>
<pin id="25" dir="1" index="0" bw="1" slack="0"/>
</pin_list>
<bind>
<StgValue><ssdm name=""/></StgValue>
</bind>
</comp>

<comp id="26" class="1001" name="const_26">
<pin_list>
<pin id="27" dir="1" index="0" bw="1" slack="0"/>
</pin_list>
<bind>
<StgValue><ssdm name=""/></StgValue>
</bind>
</comp>

<comp id="28" class="1001" name="const_28">
<pin_list>
<pin id="29" dir="1" index="0" bw="1" slack="0"/>
</pin_list>
<bind>
<StgValue><ssdm name=""/></StgValue>
</bind>
</comp>

<comp id="30" class="1001" name="const_30">
<pin_list>
<pin id="31" dir="1" index="0" bw="1" slack="0"/>
</pin_list>
<bind>
<StgValue><ssdm name="_ssdm_op_BitConcatenate.i10.i5.i5"/></StgValue>
</bind>
</comp>

<comp id="32" class="1001" name="const_32">
<pin_list>
<pin id="33" dir="1" index="0" bw="1" slack="0"/>
</pin_list>
<bind>
<StgValue><ssdm name=""/></StgValue>
</bind>
</comp>

<comp id="34" class="1001" name="const_34">
<pin_list>
<pin id="35" dir="1" index="0" bw="1" slack="0"/>
</pin_list>
<bind>
<StgValue><ssdm name=""/></StgValue>
</bind>
</comp>

<comp id="36" class="1001" name="const_36">
<pin_list>
<pin id="37" dir="1" index="0" bw="1" slack="0"/>
</pin_list>
<bind>
<StgValue><ssdm name="_ssdm_op_PartSelect.i8.i9.i32.i32"/></StgValue>
</bind>
</comp>

<comp id="38" class="1001" name="const_38">
<pin_list>
<pin id="39" dir="1" index="0" bw="1" slack="0"/>
</pin_list>
<bind>
<StgValue><ssdm name=""/></StgValue>
</bind>
</comp>

<comp id="40" class="1001" name="const_40">
<pin_list>
<pin id="41" dir="1" index="0" bw="1" slack="2147483647"/>
</pin_list>
<bind>
<StgValue><ssdm name="_ssdm_op_SpecLoopName"/></StgValue>
</bind>
</comp>

<comp id="42" class="1001" name="const_42">
<pin_list>
<pin id="43" dir="1" index="0" bw="1" slack="2147483647"/>
</pin_list>
<bind>
<StgValue><ssdm name="VITIS_LOOP_52_5_VITIS_LOOP_53_6_str"/></StgValue>
</bind>
</comp>

<comp id="44" class="1001" name="const_44">
<pin_list>
<pin id="45" dir="1" index="0" bw="1" slack="2147483647"/>
</pin_list>
<bind>
<StgValue><ssdm name="_ssdm_op_SpecLoopTripCount"/></StgValue>
</bind>
</comp>

<comp id="46" class="1001" name="const_46">
<pin_list>
<pin id="47" dir="1" index="0" bw="1" slack="2147483647"/>
</pin_list>
<bind>
<StgValue><ssdm name=""/></StgValue>
</bind>
</comp>

<comp id="48" class="1001" name="const_48">
<pin_list>
<pin id="49" dir="1" index="0" bw="1" slack="2147483647"/>
</pin_list>
<bind>
<StgValue><ssdm name="_ssdm_op_SpecPipeline"/></StgValue>
</bind>
</comp>

<comp id="50" class="1001" name="const_50">
<pin_list>
<pin id="51" dir="1" index="0" bw="1" slack="2147483647"/>
</pin_list>
<bind>
<StgValue><ssdm name=""/></StgValue>
</bind>
</comp>

<comp id="52" class="1001" name="const_52">
<pin_list>
<pin id="53" dir="1" index="0" bw="1" slack="2147483647"/>
</pin_list>
<bind>
<StgValue><ssdm name="empty_2"/></StgValue>
</bind>
</comp>

<comp id="54" class="1004" name="x_fu_54">
<pin_list>
<pin id="55" dir="0" index="0" bw="1" slack="0"/>
<pin id="56" dir="1" index="1" bw="6" slack="0"/>
</pin_list>
<bind>
<opcode="alloca(26) " fcode="alloca"/>
<opset="x/1 "/>
</bind>
</comp>

<comp id="58" class="1004" name="y_fu_58">
<pin_list>
<pin id="59" dir="0" index="0" bw="1" slack="0"/>
<pin id="60" dir="1" index="1" bw="6" slack="0"/>
</pin_list>
<bind>
<opcode="alloca(26) " fcode="alloca"/>
<opset="y/1 "/>
</bind>
</comp>

<comp id="62" class="1004" name="indvar_flatten6_fu_62">
<pin_list>
<pin id="63" dir="0" index="0" bw="1" slack="0"/>
<pin id="64" dir="1" index="1" bw="11" slack="0"/>
</pin_list>
<bind>
<opcode="alloca(26) " fcode="alloca"/>
<opset="indvar_flatten6/1 "/>
</bind>
</comp>

<comp id="66" class="1004" name="tile_in_addr_gep_fu_66">
<pin_list>
<pin id="67" dir="0" index="0" bw="8" slack="0"/>
<pin id="68" dir="0" index="1" bw="1" slack="0"/>
<pin id="69" dir="0" index="2" bw="10" slack="0"/>
<pin id="70" dir="1" index="3" bw="10" slack="0"/>
</pin_list>
<bind>
<opcode="getelementptr(29) " fcode="getelementptr"/>
<opset="tile_in_addr/3 "/>
</bind>
</comp>

<comp id="73" class="1004" name="tile_in_1_addr_gep_fu_73">
<pin_list>
<pin id="74" dir="0" index="0" bw="8" slack="0"/>
<pin id="75" dir="0" index="1" bw="1" slack="0"/>
<pin id="76" dir="0" index="2" bw="10" slack="0"/>
<pin id="77" dir="1" index="3" bw="10" slack="0"/>
</pin_list>
<bind>
<opcode="getelementptr(29) " fcode="getelementptr"/>
<opset="tile_in_1_addr/3 "/>
</bind>
</comp>

<comp id="80" class="1004" name="tile_in_2_addr_gep_fu_80">
<pin_list>
<pin id="81" dir="0" index="0" bw="8" slack="0"/>
<pin id="82" dir="0" index="1" bw="1" slack="0"/>
<pin id="83" dir="0" index="2" bw="10" slack="0"/>
<pin id="84" dir="1" index="3" bw="10" slack="0"/>
</pin_list>
<bind>
<opcode="getelementptr(29) " fcode="getelementptr"/>
<opset="tile_in_2_addr/3 "/>
</bind>
</comp>

<comp id="87" class="1004" name="grp_access_fu_87">
<pin_list>
<pin id="88" dir="0" index="0" bw="10" slack="0"/>
<pin id="89" dir="0" index="1" bw="8" slack="2147483647"/>
<pin id="90" dir="0" index="2" bw="0" slack="2147483647"/>
<pin id="91" dir="1" index="3" bw="8" slack="0"/>
</pin_list>
<bind>
<opcode="load(27) " fcode="load"/>
<opset="tile_in_load/3 "/>
</bind>
</comp>

<comp id="93" class="1004" name="grp_access_fu_93">
<pin_list>
<pin id="94" dir="0" index="0" bw="10" slack="0"/>
<pin id="95" dir="0" index="1" bw="8" slack="2147483647"/>
<pin id="96" dir="0" index="2" bw="0" slack="2147483647"/>
<pin id="97" dir="1" index="3" bw="8" slack="0"/>
</pin_list>
<bind>
<opcode="load(27) " fcode="load"/>
<opset="tile_in_1_load/3 "/>
</bind>
</comp>

<comp id="99" class="1004" name="grp_access_fu_99">
<pin_list>
<pin id="100" dir="0" index="0" bw="10" slack="0"/>
<pin id="101" dir="0" index="1" bw="8" slack="2147483647"/>
<pin id="102" dir="0" index="2" bw="0" slack="2147483647"/>
<pin id="103" dir="1" index="3" bw="8" slack="0"/>
</pin_list>
<bind>
<opcode="load(27) " fcode="load"/>
<opset="tile_in_2_load/3 "/>
</bind>
</comp>

<comp id="105" class="1004" name="tile_out_addr_gep_fu_105">
<pin_list>
<pin id="106" dir="0" index="0" bw="8" slack="0"/>
<pin id="107" dir="0" index="1" bw="1" slack="0"/>
<pin id="108" dir="0" index="2" bw="10" slack="2"/>
<pin id="109" dir="1" index="3" bw="10" slack="0"/>
</pin_list>
<bind>
<opcode="getelementptr(29) " fcode="getelementptr"/>
<opset="tile_out_addr/5 "/>
</bind>
</comp>

<comp id="112" class="1004" name="store_ln64_access_fu_112">
<pin_list>
<pin id="113" dir="0" index="0" bw="10" slack="0"/>
<pin id="114" dir="0" index="1" bw="8" slack="1"/>
<pin id="115" dir="0" index="2" bw="0" slack="2147483647"/>
<pin id="116" dir="1" index="3" bw="8" slack="2147483647"/>
</pin_list>
<bind>
<opcode="store(28) " fcode="store"/>
<opset="store_ln64/5 "/>
</bind>
</comp>

<comp id="118" class="1004" name="store_ln0_store_fu_118">
<pin_list>
<pin id="119" dir="0" index="0" bw="1" slack="0"/>
<pin id="120" dir="0" index="1" bw="11" slack="0"/>
<pin id="121" dir="1" index="2" bw="0" slack="2147483647"/>
</pin_list>
<bind>
<opcode="store(28) " fcode="store"/>
<opset="store_ln0/1 "/>
</bind>
</comp>

<comp id="123" class="1004" name="store_ln52_store_fu_123">
<pin_list>
<pin id="124" dir="0" index="0" bw="1" slack="0"/>
<pin id="125" dir="0" index="1" bw="6" slack="0"/>
<pin id="126" dir="1" index="2" bw="0" slack="2147483647"/>
</pin_list>
<bind>
<opcode="store(28) " fcode="store"/>
<opset="store_ln52/1 "/>
</bind>
</comp>

<comp id="128" class="1004" name="store_ln53_store_fu_128">
<pin_list>
<pin id="129" dir="0" index="0" bw="1" slack="0"/>
<pin id="130" dir="0" index="1" bw="6" slack="0"/>
<pin id="131" dir="1" index="2" bw="0" slack="2147483647"/>
</pin_list>
<bind>
<opcode="store(28) " fcode="store"/>
<opset="store_ln53/1 "/>
</bind>
</comp>

<comp id="133" class="1004" name="indvar_flatten6_load_load_fu_133">
<pin_list>
<pin id="134" dir="0" index="0" bw="11" slack="0"/>
<pin id="135" dir="1" index="1" bw="11" slack="0"/>
</pin_list>
<bind>
<opcode="load(27) " fcode="load"/>
<opset="indvar_flatten6_load/1 "/>
</bind>
</comp>

<comp id="136" class="1004" name="icmp_ln52_fu_136">
<pin_list>
<pin id="137" dir="0" index="0" bw="11" slack="0"/>
<pin id="138" dir="0" index="1" bw="11" slack="0"/>
<pin id="139" dir="1" index="2" bw="1" slack="3"/>
</pin_list>
<bind>
<opcode="icmp(45) " fcode="icmp"/>
<opset="icmp_ln52/1 "/>
</bind>
</comp>

<comp id="142" class="1004" name="add_ln52_1_fu_142">
<pin_list>
<pin id="143" dir="0" index="0" bw="11" slack="0"/>
<pin id="144" dir="0" index="1" bw="1" slack="0"/>
<pin id="145" dir="1" index="2" bw="11" slack="0"/>
</pin_list>
<bind>
<opcode="add(8) " fcode="add"/>
<opset="add_ln52_1/1 "/>
</bind>
</comp>

<comp id="148" class="1004" name="store_ln52_store_fu_148">
<pin_list>
<pin id="149" dir="0" index="0" bw="11" slack="0"/>
<pin id="150" dir="0" index="1" bw="11" slack="0"/>
<pin id="151" dir="1" index="2" bw="0" slack="2147483647"/>
</pin_list>
<bind>
<opcode="store(28) " fcode="store"/>
<opset="store_ln52/1 "/>
</bind>
</comp>

<comp id="153" class="1004" name="x_load_load_fu_153">
<pin_list>
<pin id="154" dir="0" index="0" bw="6" slack="1"/>
<pin id="155" dir="1" index="1" bw="6" slack="0"/>
</pin_list>
<bind>
<opcode="load(27) " fcode="load"/>
<opset="x_load/2 "/>
</bind>
</comp>

<comp id="156" class="1004" name="y_load_load_fu_156">
<pin_list>
<pin id="157" dir="0" index="0" bw="6" slack="1"/>
<pin id="158" dir="1" index="1" bw="6" slack="0"/>
</pin_list>
<bind>
<opcode="load(27) " fcode="load"/>
<opset="y_load/2 "/>
</bind>
</comp>

<comp id="159" class="1004" name="add_ln52_fu_159">
<pin_list>
<pin id="160" dir="0" index="0" bw="6" slack="0"/>
<pin id="161" dir="0" index="1" bw="1" slack="0"/>
<pin id="162" dir="1" index="2" bw="6" slack="0"/>
</pin_list>
<bind>
<opcode="add(8) " fcode="add"/>
<opset="add_ln52/2 "/>
</bind>
</comp>

<comp id="165" class="1004" name="icmp_ln53_fu_165">
<pin_list>
<pin id="166" dir="0" index="0" bw="6" slack="0"/>
<pin id="167" dir="0" index="1" bw="6" slack="0"/>
<pin id="168" dir="1" index="2" bw="1" slack="0"/>
</pin_list>
<bind>
<opcode="icmp(45) " fcode="icmp"/>
<opset="icmp_ln53/2 "/>
</bind>
</comp>

<comp id="171" class="1004" name="select_ln52_fu_171">
<pin_list>
<pin id="172" dir="0" index="0" bw="1" slack="0"/>
<pin id="173" dir="0" index="1" bw="6" slack="0"/>
<pin id="174" dir="0" index="2" bw="6" slack="0"/>
<pin id="175" dir="1" index="3" bw="6" slack="0"/>
</pin_list>
<bind>
<opcode="select(49) " fcode="select"/>
<opset="select_ln52/2 "/>
</bind>
</comp>

<comp id="179" class="1004" name="select_ln52_1_fu_179">
<pin_list>
<pin id="180" dir="0" index="0" bw="1" slack="0"/>
<pin id="181" dir="0" index="1" bw="6" slack="0"/>
<pin id="182" dir="0" index="2" bw="6" slack="0"/>
<pin id="183" dir="1" index="3" bw="6" slack="0"/>
</pin_list>
<bind>
<opcode="select(49) " fcode="select"/>
<opset="select_ln52_1/2 "/>
</bind>
</comp>

<comp id="187" class="1004" name="empty_fu_187">
<pin_list>
<pin id="188" dir="0" index="0" bw="6" slack="0"/>
<pin id="189" dir="1" index="1" bw="5" slack="0"/>
</pin_list>
<bind>
<opcode="trunc(33) " fcode="trunc"/>
<opset="empty/2 "/>
</bind>
</comp>

<comp id="191" class="1004" name="tmp_2_fu_191">
<pin_list>
<pin id="192" dir="0" index="0" bw="10" slack="0"/>
<pin id="193" dir="0" index="1" bw="5" slack="0"/>
<pin id="194" dir="0" index="2" bw="1" slack="0"/>
<pin id="195" dir="1" index="3" bw="10" slack="0"/>
</pin_list>
<bind>
<opcode="bitconcatenate(1004) " fcode="bitconcatenate"/>
<opset="tmp_2/2 "/>
</bind>
</comp>

<comp id="199" class="1004" name="select_ln52_cast_fu_199">
<pin_list>
<pin id="200" dir="0" index="0" bw="6" slack="0"/>
<pin id="201" dir="1" index="1" bw="10" slack="0"/>
</pin_list>
<bind>
<opcode="zext(34) " fcode="zext"/>
<opset="select_ln52_cast/2 "/>
</bind>
</comp>

<comp id="203" class="1004" name="empty_14_fu_203">
<pin_list>
<pin id="204" dir="0" index="0" bw="10" slack="0"/>
<pin id="205" dir="0" index="1" bw="6" slack="0"/>
<pin id="206" dir="1" index="2" bw="10" slack="1"/>
</pin_list>
<bind>
<opcode="add(8) " fcode="add"/>
<opset="empty_14/2 "/>
</bind>
</comp>

<comp id="209" class="1004" name="add_ln53_fu_209">
<pin_list>
<pin id="210" dir="0" index="0" bw="6" slack="0"/>
<pin id="211" dir="0" index="1" bw="1" slack="0"/>
<pin id="212" dir="1" index="2" bw="6" slack="0"/>
</pin_list>
<bind>
<opcode="add(8) " fcode="add"/>
<opset="add_ln53/2 "/>
</bind>
</comp>

<comp id="215" class="1004" name="store_ln52_store_fu_215">
<pin_list>
<pin id="216" dir="0" index="0" bw="6" slack="0"/>
<pin id="217" dir="0" index="1" bw="6" slack="1"/>
<pin id="218" dir="1" index="2" bw="0" slack="2147483647"/>
</pin_list>
<bind>
<opcode="store(28) " fcode="store"/>
<opset="store_ln52/2 "/>
</bind>
</comp>

<comp id="220" class="1004" name="store_ln53_store_fu_220">
<pin_list>
<pin id="221" dir="0" index="0" bw="6" slack="0"/>
<pin id="222" dir="0" index="1" bw="6" slack="1"/>
<pin id="223" dir="1" index="2" bw="0" slack="2147483647"/>
</pin_list>
<bind>
<opcode="store(28) " fcode="store"/>
<opset="store_ln53/2 "/>
</bind>
</comp>

<comp id="225" class="1004" name="p_cast_fu_225">
<pin_list>
<pin id="226" dir="0" index="0" bw="10" slack="1"/>
<pin id="227" dir="1" index="1" bw="64" slack="0"/>
</pin_list>
<bind>
<opcode="zext(34) " fcode="zext"/>
<opset="p_cast/3 "/>
</bind>
</comp>

<comp id="231" class="1004" name="tile_in_load_cast_fu_231">
<pin_list>
<pin id="232" dir="0" index="0" bw="8" slack="0"/>
<pin id="233" dir="1" index="1" bw="9" slack="0"/>
</pin_list>
<bind>
<opcode="sext(35) " fcode="sext"/>
<opset="tile_in_load_cast/4 "/>
</bind>
</comp>

<comp id="235" class="1004" name="tile_in_1_load_cast_fu_235">
<pin_list>
<pin id="236" dir="0" index="0" bw="8" slack="0"/>
<pin id="237" dir="1" index="1" bw="9" slack="0"/>
</pin_list>
<bind>
<opcode="sext(35) " fcode="sext"/>
<opset="tile_in_1_load_cast/4 "/>
</bind>
</comp>

<comp id="239" class="1004" name="tile_in_2_load_cast_fu_239">
<pin_list>
<pin id="240" dir="0" index="0" bw="8" slack="0"/>
<pin id="241" dir="1" index="1" bw="9" slack="0"/>
</pin_list>
<bind>
<opcode="sext(35) " fcode="sext"/>
<opset="tile_in_2_load_cast/4 "/>
</bind>
</comp>

<comp id="243" class="1004" name="tmp_fu_243">
<pin_list>
<pin id="244" dir="0" index="0" bw="8" slack="0"/>
<pin id="245" dir="0" index="1" bw="8" slack="0"/>
<pin id="246" dir="1" index="2" bw="9" slack="0"/>
</pin_list>
<bind>
<opcode="add(8) " fcode="add"/>
<opset="tmp/4 "/>
</bind>
</comp>

<comp id="249" class="1004" name="sum_fu_249">
<pin_list>
<pin id="250" dir="0" index="0" bw="9" slack="0"/>
<pin id="251" dir="0" index="1" bw="8" slack="0"/>
<pin id="252" dir="1" index="2" bw="9" slack="0"/>
</pin_list>
<bind>
<opcode="add(8) " fcode="add"/>
<opset="sum/4 "/>
</bind>
</comp>

<comp id="255" class="1004" name="conv_fu_255">
<pin_list>
<pin id="256" dir="0" index="0" bw="8" slack="0"/>
<pin id="257" dir="0" index="1" bw="9" slack="0"/>
<pin id="258" dir="0" index="2" bw="1" slack="0"/>
<pin id="259" dir="0" index="3" bw="5" slack="0"/>
<pin id="260" dir="1" index="4" bw="8" slack="1"/>
</pin_list>
<bind>
<opcode="partselect(1002) " fcode="partselect"/>
<opset="conv/4 "/>
</bind>
</comp>

<comp id="265" class="1005" name="x_reg_265">
<pin_list>
<pin id="266" dir="0" index="0" bw="6" slack="0"/>
<pin id="267" dir="1" index="1" bw="6" slack="0"/>
</pin_list>
<bind>
<opset="x "/>
</bind>
</comp>

<comp id="272" class="1005" name="y_reg_272">
<pin_list>
<pin id="273" dir="0" index="0" bw="6" slack="0"/>
<pin id="274" dir="1" index="1" bw="6" slack="0"/>
</pin_list>
<bind>
<opset="y "/>
</bind>
</comp>

<comp id="279" class="1005" name="indvar_flatten6_reg_279">
<pin_list>
<pin id="280" dir="0" index="0" bw="11" slack="0"/>
<pin id="281" dir="1" index="1" bw="11" slack="0"/>
</pin_list>
<bind>
<opset="indvar_flatten6 "/>
</bind>
</comp>

<comp id="286" class="1005" name="icmp_ln52_reg_286">
<pin_list>
<pin id="287" dir="0" index="0" bw="1" slack="3"/>
<pin id="288" dir="1" index="1" bw="1" slack="2147483647"/>
</pin_list>
<bind>
<opset="icmp_ln52 "/>
</bind>
</comp>

<comp id="290" class="1005" name="empty_14_reg_290">
<pin_list>
<pin id="291" dir="0" index="0" bw="10" slack="1"/>
<pin id="292" dir="1" index="1" bw="10" slack="1"/>
</pin_list>
<bind>
<opset="empty_14 "/>
</bind>
</comp>

<comp id="295" class="1005" name="p_cast_reg_295">
<pin_list>
<pin id="296" dir="0" index="0" bw="64" slack="2"/>
<pin id="297" dir="1" index="1" bw="64" slack="2"/>
</pin_list>
<bind>
<opset="p_cast "/>
</bind>
</comp>

<comp id="300" class="1005" name="tile_in_addr_reg_300">
<pin_list>
<pin id="301" dir="0" index="0" bw="10" slack="1"/>
<pin id="302" dir="1" index="1" bw="10" slack="1"/>
</pin_list>
<bind>
<opset="tile_in_addr "/>
</bind>
</comp>

<comp id="305" class="1005" name="tile_in_1_addr_reg_305">
<pin_list>
<pin id="306" dir="0" index="0" bw="10" slack="1"/>
<pin id="307" dir="1" index="1" bw="10" slack="1"/>
</pin_list>
<bind>
<opset="tile_in_1_addr "/>
</bind>
</comp>

<comp id="310" class="1005" name="tile_in_2_addr_reg_310">
<pin_list>
<pin id="311" dir="0" index="0" bw="10" slack="1"/>
<pin id="312" dir="1" index="1" bw="10" slack="1"/>
</pin_list>
<bind>
<opset="tile_in_2_addr "/>
</bind>
</comp>

<comp id="315" class="1005" name="conv_reg_315">
<pin_list>
<pin id="316" dir="0" index="0" bw="8" slack="1"/>
<pin id="317" dir="1" index="1" bw="8" slack="1"/>
</pin_list>
<bind>
<opset="conv "/>
</bind>
</comp>

</comp_list>

<net_list>
<net id="57"><net_src comp="8" pin="0"/><net_sink comp="54" pin=0"/></net>

<net id="61"><net_src comp="8" pin="0"/><net_sink comp="58" pin=0"/></net>

<net id="65"><net_src comp="8" pin="0"/><net_sink comp="62" pin=0"/></net>

<net id="71"><net_src comp="0" pin="0"/><net_sink comp="66" pin=0"/></net>

<net id="72"><net_src comp="34" pin="0"/><net_sink comp="66" pin=1"/></net>

<net id="78"><net_src comp="2" pin="0"/><net_sink comp="73" pin=0"/></net>

<net id="79"><net_src comp="34" pin="0"/><net_sink comp="73" pin=1"/></net>

<net id="85"><net_src comp="4" pin="0"/><net_sink comp="80" pin=0"/></net>

<net id="86"><net_src comp="34" pin="0"/><net_sink comp="80" pin=1"/></net>

<net id="92"><net_src comp="66" pin="3"/><net_sink comp="87" pin=0"/></net>

<net id="98"><net_src comp="73" pin="3"/><net_sink comp="93" pin=0"/></net>

<net id="104"><net_src comp="80" pin="3"/><net_sink comp="99" pin=0"/></net>

<net id="110"><net_src comp="6" pin="0"/><net_sink comp="105" pin=0"/></net>

<net id="111"><net_src comp="34" pin="0"/><net_sink comp="105" pin=1"/></net>

<net id="117"><net_src comp="105" pin="3"/><net_sink comp="112" pin=0"/></net>

<net id="122"><net_src comp="18" pin="0"/><net_sink comp="118" pin=0"/></net>

<net id="127"><net_src comp="20" pin="0"/><net_sink comp="123" pin=0"/></net>

<net id="132"><net_src comp="20" pin="0"/><net_sink comp="128" pin=0"/></net>

<net id="140"><net_src comp="133" pin="1"/><net_sink comp="136" pin=0"/></net>

<net id="141"><net_src comp="22" pin="0"/><net_sink comp="136" pin=1"/></net>

<net id="146"><net_src comp="133" pin="1"/><net_sink comp="142" pin=0"/></net>

<net id="147"><net_src comp="24" pin="0"/><net_sink comp="142" pin=1"/></net>

<net id="152"><net_src comp="142" pin="2"/><net_sink comp="148" pin=0"/></net>

<net id="163"><net_src comp="156" pin="1"/><net_sink comp="159" pin=0"/></net>

<net id="164"><net_src comp="26" pin="0"/><net_sink comp="159" pin=1"/></net>

<net id="169"><net_src comp="153" pin="1"/><net_sink comp="165" pin=0"/></net>

<net id="170"><net_src comp="28" pin="0"/><net_sink comp="165" pin=1"/></net>

<net id="176"><net_src comp="165" pin="2"/><net_sink comp="171" pin=0"/></net>

<net id="177"><net_src comp="20" pin="0"/><net_sink comp="171" pin=1"/></net>

<net id="178"><net_src comp="153" pin="1"/><net_sink comp="171" pin=2"/></net>

<net id="184"><net_src comp="165" pin="2"/><net_sink comp="179" pin=0"/></net>

<net id="185"><net_src comp="159" pin="2"/><net_sink comp="179" pin=1"/></net>

<net id="186"><net_src comp="156" pin="1"/><net_sink comp="179" pin=2"/></net>

<net id="190"><net_src comp="179" pin="3"/><net_sink comp="187" pin=0"/></net>

<net id="196"><net_src comp="30" pin="0"/><net_sink comp="191" pin=0"/></net>

<net id="197"><net_src comp="187" pin="1"/><net_sink comp="191" pin=1"/></net>

<net id="198"><net_src comp="32" pin="0"/><net_sink comp="191" pin=2"/></net>

<net id="202"><net_src comp="171" pin="3"/><net_sink comp="199" pin=0"/></net>

<net id="207"><net_src comp="191" pin="3"/><net_sink comp="203" pin=0"/></net>

<net id="208"><net_src comp="199" pin="1"/><net_sink comp="203" pin=1"/></net>

<net id="213"><net_src comp="171" pin="3"/><net_sink comp="209" pin=0"/></net>

<net id="214"><net_src comp="26" pin="0"/><net_sink comp="209" pin=1"/></net>

<net id="219"><net_src comp="179" pin="3"/><net_sink comp="215" pin=0"/></net>

<net id="224"><net_src comp="209" pin="2"/><net_sink comp="220" pin=0"/></net>

<net id="228"><net_src comp="225" pin="1"/><net_sink comp="66" pin=2"/></net>

<net id="229"><net_src comp="225" pin="1"/><net_sink comp="73" pin=2"/></net>

<net id="230"><net_src comp="225" pin="1"/><net_sink comp="80" pin=2"/></net>

<net id="234"><net_src comp="87" pin="3"/><net_sink comp="231" pin=0"/></net>

<net id="238"><net_src comp="93" pin="3"/><net_sink comp="235" pin=0"/></net>

<net id="242"><net_src comp="99" pin="3"/><net_sink comp="239" pin=0"/></net>

<net id="247"><net_src comp="231" pin="1"/><net_sink comp="243" pin=0"/></net>

<net id="248"><net_src comp="239" pin="1"/><net_sink comp="243" pin=1"/></net>

<net id="253"><net_src comp="243" pin="2"/><net_sink comp="249" pin=0"/></net>

<net id="254"><net_src comp="235" pin="1"/><net_sink comp="249" pin=1"/></net>

<net id="261"><net_src comp="36" pin="0"/><net_sink comp="255" pin=0"/></net>

<net id="262"><net_src comp="249" pin="2"/><net_sink comp="255" pin=1"/></net>

<net id="263"><net_src comp="8" pin="0"/><net_sink comp="255" pin=2"/></net>

<net id="264"><net_src comp="38" pin="0"/><net_sink comp="255" pin=3"/></net>

<net id="268"><net_src comp="54" pin="1"/><net_sink comp="265" pin=0"/></net>

<net id="269"><net_src comp="265" pin="1"/><net_sink comp="128" pin=1"/></net>

<net id="270"><net_src comp="265" pin="1"/><net_sink comp="153" pin=0"/></net>

<net id="271"><net_src comp="265" pin="1"/><net_sink comp="220" pin=1"/></net>

<net id="275"><net_src comp="58" pin="1"/><net_sink comp="272" pin=0"/></net>

<net id="276"><net_src comp="272" pin="1"/><net_sink comp="123" pin=1"/></net>

<net id="277"><net_src comp="272" pin="1"/><net_sink comp="156" pin=0"/></net>

<net id="278"><net_src comp="272" pin="1"/><net_sink comp="215" pin=1"/></net>

<net id="282"><net_src comp="62" pin="1"/><net_sink comp="279" pin=0"/></net>

<net id="283"><net_src comp="279" pin="1"/><net_sink comp="118" pin=1"/></net>

<net id="284"><net_src comp="279" pin="1"/><net_sink comp="133" pin=0"/></net>

<net id="285"><net_src comp="279" pin="1"/><net_sink comp="148" pin=1"/></net>

<net id="289"><net_src comp="136" pin="2"/><net_sink comp="286" pin=0"/></net>

<net id="293"><net_src comp="203" pin="2"/><net_sink comp="290" pin=0"/></net>

<net id="294"><net_src comp="290" pin="1"/><net_sink comp="225" pin=0"/></net>

<net id="298"><net_src comp="225" pin="1"/><net_sink comp="295" pin=0"/></net>

<net id="299"><net_src comp="295" pin="1"/><net_sink comp="105" pin=2"/></net>

<net id="303"><net_src comp="66" pin="3"/><net_sink comp="300" pin=0"/></net>

<net id="304"><net_src comp="300" pin="1"/><net_sink comp="87" pin=0"/></net>

<net id="308"><net_src comp="73" pin="3"/><net_sink comp="305" pin=0"/></net>

<net id="309"><net_src comp="305" pin="1"/><net_sink comp="93" pin=0"/></net>

<net id="313"><net_src comp="80" pin="3"/><net_sink comp="310" pin=0"/></net>

<net id="314"><net_src comp="310" pin="1"/><net_sink comp="99" pin=0"/></net>

<net id="318"><net_src comp="255" pin="4"/><net_sink comp="315" pin=0"/></net>

<net id="319"><net_src comp="315" pin="1"/><net_sink comp="112" pin=1"/></net>

</net_list>

</model> 
---------------- Datapath Model END ------------------

* FSMD analyzer results:
  - Output states:
	Port: tile_out | {5 }
 - Input state : 
	Port: cnn_accel_Pipeline_VITIS_LOOP_52_5_VITIS_LOOP_53_6 : tile_in | {3 4 }
	Port: cnn_accel_Pipeline_VITIS_LOOP_52_5_VITIS_LOOP_53_6 : tile_in_1 | {3 4 }
	Port: cnn_accel_Pipeline_VITIS_LOOP_52_5_VITIS_LOOP_53_6 : tile_in_2 | {3 4 }
  - Chain level:
	State 1
		store_ln0 : 1
		store_ln52 : 1
		store_ln53 : 1
		indvar_flatten6_load : 1
		icmp_ln52 : 2
		add_ln52_1 : 2
		br_ln52 : 3
		store_ln52 : 3
	State 2
		add_ln52 : 1
		icmp_ln53 : 1
		select_ln52 : 2
		select_ln52_1 : 2
		empty : 3
		tmp_2 : 4
		select_ln52_cast : 3
		empty_14 : 5
		add_ln53 : 3
		store_ln52 : 3
		store_ln53 : 4
	State 3
		tile_in_addr : 1
		tile_in_1_addr : 1
		tile_in_2_addr : 1
		tile_in_load : 2
		tile_in_1_load : 2
		tile_in_2_load : 2
	State 4
		tile_in_load_cast : 1
		tile_in_1_load_cast : 1
		tile_in_2_load_cast : 1
		tmp : 2
		sum : 3
		conv : 4
	State 5
		store_ln64 : 1


============================================================
+ Verbose Summary: Datapath Resource usage 
============================================================

* Functional unit list:
|----------|----------------------------|---------|---------|
| Operation|       Functional Unit      |    FF   |   LUT   |
|----------|----------------------------|---------|---------|
|          |      add_ln52_1_fu_142     |    0    |    18   |
|          |       add_ln52_fu_159      |    0    |    14   |
|    add   |       empty_14_fu_203      |    0    |    17   |
|          |       add_ln53_fu_209      |    0    |    14   |
|          |         tmp_fu_243         |    0    |    8    |
|          |         sum_fu_249         |    0    |    9    |
|----------|----------------------------|---------|---------|
|   icmp   |      icmp_ln52_fu_136      |    0    |    18   |
|          |      icmp_ln53_fu_165      |    0    |    14   |
|----------|----------------------------|---------|---------|
|  select  |     select_ln52_fu_171     |    0    |    6    |
|          |    select_ln52_1_fu_179    |    0    |    6    |
|----------|----------------------------|---------|---------|
|   trunc  |        empty_fu_187        |    0    |    0    |
|----------|----------------------------|---------|---------|
|bitconcatenate|        tmp_2_fu_191        |    0    |    0    |
|----------|----------------------------|---------|---------|
|   zext   |   select_ln52_cast_fu_199  |    0    |    0    |
|          |        p_cast_fu_225       |    0    |    0    |
|----------|----------------------------|---------|---------|
|          |  tile_in_load_cast_fu_231  |    0    |    0    |
|   sext   | tile_in_1_load_cast_fu_235 |    0    |    0    |
|          | tile_in_2_load_cast_fu_239 |    0    |    0    |
|----------|----------------------------|---------|---------|
|partselect|         conv_fu_255        |    0    |    0    |
|----------|----------------------------|---------|---------|
|   Total  |                            |    0    |   124   |
|----------|----------------------------|---------|---------|

Memories:
N/A

* Register list:
+-----------------------+--------+
|                       |   FF   |
+-----------------------+--------+
|      conv_reg_315     |    8   |
|    empty_14_reg_290   |   10   |
|   icmp_ln52_reg_286   |    1   |
|indvar_flatten6_reg_279|   11   |
|     p_cast_reg_295    |   64   |
| tile_in_1_addr_reg_305|   10   |
| tile_in_2_addr_reg_310|   10   |
|  tile_in_addr_reg_300 |   10   |
|       x_reg_265       |    6   |
|       y_reg_272       |    6   |
+-----------------------+--------+
|         Total         |   136  |
+-----------------------+--------+

* Multiplexer (MUX) list: 
|------------------|------|------|------|--------||---------||---------||---------|
|       Comp       |  Pin | Size |  BW  | S x BW ||  Delay  ||    FF   ||   LUT   |
|------------------|------|------|------|--------||---------||---------||---------|
| grp_access_fu_87 |  p0  |   2  |  10  |   20   ||    0    ||    9    |
| grp_access_fu_93 |  p0  |   2  |  10  |   20   ||    0    ||    9    |
| grp_access_fu_99 |  p0  |   2  |  10  |   20   ||    0    ||    9    |
|------------------|------|------|------|--------||---------||---------||---------|
|       Total      |      |      |      |   60   ||   4.83  ||    0    ||    27   |
|------------------|------|------|------|--------||---------||---------||---------|



* Summary:
+-----------+--------+--------+--------+
|           |  Delay |   FF   |   LUT  |
+-----------+--------+--------+--------+
|  Function |    -   |    0   |   124  |
|   Memory  |    -   |    -   |    -   |
|Multiplexer|    4   |    0   |   27   |
|  Register |    -   |   136  |    -   |
+-----------+--------+--------+--------+
|   Total   |    4   |   136  |   151  |
+-----------+--------+--------+--------+
