

================================================================
== Vitis HLS Report for 'cnn_accel_Pipeline_VITIS_LOOP_70_8_VITIS_LOOP_71_9'
================================================================
* Date:           Thu Apr 16 14:46:56 2026

* Version:        2024.2 (Build 5238294 on Nov  8 2024)
* Project:        cnn_accel
* Solution:       solution1 (Vivado IP Flow Target)
* Product family: artix7
* Target device:  xc7a200t-sbg484-1


================================================================
== Performance Estimates
================================================================
+ Timing: 
    * Summary: 
    +--------+----------+----------+------------+
    |  Clock |  Target  | Estimated| Uncertainty|
    +--------+----------+----------+------------+
    |ap_clk  |  10.00 ns|  6.347 ns|     2.70 ns|
    +--------+----------+----------+------------+

+ Latency: 
    * Summary: 
    +---------+---------+-----------+-----------+------+------+------------------------------------------------+
    |  Latency (cycles) |   Latency (absolute)  |   Interval  |                    Pipeline                    |
    |   min   |   max   |    min    |    max    |  min |  max |                      Type                      |
    +---------+---------+-----------+-----------+------+------+------------------------------------------------+
    |     1028|     1028|  10.280 us|  10.280 us|  1025|  1025|  loop auto-rewind stp (delay=0 clock cycles(s))|
    +---------+---------+-----------+-----------+------+------+------------------------------------------------+

    + Detail: 
        * Instance: 
        N/A

        * Loop: 
        +-----------------------------------+---------+---------+----------+-----------+-----------+------+----------+
        |                                   |  Latency (cycles) | Iteration|  Initiation Interval  | Trip |          |
        |             Loop Name             |   min   |   max   |  Latency |  achieved |   target  | Count| Pipelined|
        +-----------------------------------+---------+---------+----------+-----------+-----------+------+----------+
        |- VITIS_LOOP_70_8_VITIS_LOOP_71_9  |     1026|     1026|         4|          1|          1|  1024|       yes|
        +-----------------------------------+---------+---------+----------+-----------+-----------+------+----------+

============================================================
+ Verbose Summary: Synthesis Manager
============================================================
InlineROM: 1
ExposeGlobal: 0
============================================================
+ Verbose Summary: CDFG Model
============================================================
IsTopModel: 0
ResetActiveHigh: 1
IsCombinational: 0
IsDatapathOnly: 0
HasWiredReturn: 1
HasMFsm: 2
HasVarLatency: 1
IsPipeline: 0
IsRtlPipelined: 0
IsInstanceOverlapped: 0
IsDontTouch: 0
HasImplIP: 0
IsGatedGlobalClock: 0

+ Individual pipeline summary: 
  * Pipeline-0: initiation interval (II) = 1, depth = 4


============================================================
+ Verbose Summary: Schedule
============================================================
* Number of FSM states : 4
* Pipeline : 1
  Pipeline-0 : II = 1, D = 4, States = { 1 2 3 4 }
* Dataflow Pipeline: 0

* FSM state transitions: 
1 --> 2 
2 --> 3 
3 --> 4 
4 --> 

* FSM state operations: 

State 1 <SV = 0> <Delay = 5.34>
ST_1 : Operation 7 [1/1] (0.00ns)   --->   "%x = alloca i32 1" [cnn_accel.cpp:71]   --->   Operation 7 'alloca' 'x' <Predicate = true> <Delay = 0.00>
ST_1 : Operation 8 [1/1] (0.00ns)   --->   "%y = alloca i32 1" [cnn_accel.cpp:70]   --->   Operation 8 'alloca' 'y' <Predicate = true> <Delay = 0.00>
ST_1 : Operation 9 [1/1] (0.00ns)   --->   "%indvar_flatten13 = alloca i32 1"   --->   Operation 9 'alloca' 'indvar_flatten13' <Predicate = true> <Delay = 0.00>
ST_1 : Operation 10 [1/1] (0.00ns)   --->   "%tx_read = read i31 @_ssdm_op_Read.ap_auto.i31, i31 %tx"   --->   Operation 10 'read' 'tx_read' <Predicate = true> <Delay = 0.00>
ST_1 : Operation 11 [1/1] (0.00ns)   --->   "%size_read = read i32 @_ssdm_op_Read.ap_auto.i32, i32 %size"   --->   Operation 11 'read' 'size_read' <Predicate = true> <Delay = 0.00>
ST_1 : Operation 12 [1/1] (0.00ns)   --->   "%ty_read = read i31 @_ssdm_op_Read.ap_auto.i31, i31 %ty"   --->   Operation 12 'read' 'ty_read' <Predicate = true> <Delay = 0.00>
ST_1 : Operation 13 [1/1] (0.00ns)   --->   "%tx_cast = zext i31 %tx_read"   --->   Operation 13 'zext' 'tx_cast' <Predicate = true> <Delay = 0.00>
ST_1 : Operation 14 [1/1] (0.00ns)   --->   "%ty_cast = zext i31 %ty_read"   --->   Operation 14 'zext' 'ty_cast' <Predicate = true> <Delay = 0.00>
ST_1 : Operation 15 [1/1] (0.00ns)   --->   "%specmemcore_ln0 = specmemcore void @_ssdm_op_SpecMemCore, i8 %tile_out, i64 666, i64 30, i64 18446744073709551615"   --->   Operation 15 'specmemcore' 'specmemcore_ln0' <Predicate = true> <Delay = 0.00>
ST_1 : Operation 16 [1/1] (1.61ns)   --->   "%store_ln0 = store i11 0, i11 %indvar_flatten13"   --->   Operation 16 'store' 'store_ln0' <Predicate = true> <Delay = 1.61>
ST_1 : Operation 17 [1/1] (1.61ns)   --->   "%store_ln70 = store i6 0, i6 %y" [cnn_accel.cpp:70]   --->   Operation 17 'store' 'store_ln70' <Predicate = true> <Delay = 1.61>
ST_1 : Operation 18 [1/1] (1.61ns)   --->   "%store_ln71 = store i6 0, i6 %x" [cnn_accel.cpp:71]   --->   Operation 18 'store' 'store_ln71' <Predicate = true> <Delay = 1.61>
ST_1 : Operation 19 [1/1] (0.00ns)   --->   "%br_ln0 = br void %for.body102"   --->   Operation 19 'br' 'br_ln0' <Predicate = true> <Delay = 0.00>
ST_1 : Operation 20 [1/1] (0.00ns)   --->   "%indvar_flatten13_load = load i11 %indvar_flatten13" [cnn_accel.cpp:70]   --->   Operation 20 'load' 'indvar_flatten13_load' <Predicate = true> <Delay = 0.00>
ST_1 : Operation 21 [1/1] (2.12ns)   --->   "%icmp_ln70 = icmp_eq  i11 %indvar_flatten13_load, i11 1024" [cnn_accel.cpp:70]   --->   Operation 21 'icmp' 'icmp_ln70' <Predicate = true> <Delay = 2.12> <CoreInst = "Cmp">   --->   Core 9 'Cmp' <Latency = 0> <II = 1> <Delay = 2.12> <FuncUnit> <Opcode : 'seteq' 'setne' 'setle' 'setge' 'setlt' 'setgt'> <InPorts = 2> <OutPorts = 1>
ST_1 : Operation 22 [1/1] (2.12ns)   --->   "%add_ln70_1 = add i11 %indvar_flatten13_load, i11 1" [cnn_accel.cpp:70]   --->   Operation 22 'add' 'add_ln70_1' <Predicate = true> <Delay = 2.12> <CoreInst = "Adder">   --->   Core 1 'Adder' <Latency = 0> <II = 1> <Delay = 2.12> <FuncUnit> <Opcode : 'add' 'sub'> <InPorts = 2> <OutPorts = 1>
ST_1 : Operation 23 [1/1] (0.00ns)   --->   "%br_ln70 = br i1 %icmp_ln70, void %for.inc136, void %for.inc139.exitStub" [cnn_accel.cpp:70]   --->   Operation 23 'br' 'br_ln70' <Predicate = true> <Delay = 0.00>
ST_1 : Operation 24 [1/1] (1.61ns)   --->   "%store_ln70 = store i11 %add_ln70_1, i11 %indvar_flatten13" [cnn_accel.cpp:70]   --->   Operation 24 'store' 'store_ln70' <Predicate = (!icmp_ln70)> <Delay = 1.61>

State 2 <SV = 1> <Delay = 6.17>
ST_2 : Operation 25 [1/1] (0.00ns)   --->   "%x_load = load i6 %x" [cnn_accel.cpp:71]   --->   Operation 25 'load' 'x_load' <Predicate = true> <Delay = 0.00>
ST_2 : Operation 26 [1/1] (0.00ns)   --->   "%y_load = load i6 %y" [cnn_accel.cpp:70]   --->   Operation 26 'load' 'y_load' <Predicate = true> <Delay = 0.00>
ST_2 : Operation 27 [1/1] (1.94ns)   --->   "%add_ln70 = add i6 %y_load, i6 1" [cnn_accel.cpp:70]   --->   Operation 27 'add' 'add_ln70' <Predicate = true> <Delay = 1.94> <CoreInst = "Adder">   --->   Core 1 'Adder' <Latency = 0> <II = 1> <Delay = 1.94> <FuncUnit> <Opcode : 'add' 'sub'> <InPorts = 2> <OutPorts = 1>
ST_2 : Operation 28 [1/1] (1.94ns)   --->   "%icmp_ln71 = icmp_eq  i6 %x_load, i6 32" [cnn_accel.cpp:71]   --->   Operation 28 'icmp' 'icmp_ln71' <Predicate = true> <Delay = 1.94> <CoreInst = "Cmp">   --->   Core 9 'Cmp' <Latency = 0> <II = 1> <Delay = 1.94> <FuncUnit> <Opcode : 'seteq' 'setne' 'setle' 'setge' 'setlt' 'setgt'> <InPorts = 2> <OutPorts = 1>
ST_2 : Operation 29 [1/1] (0.66ns)   --->   "%select_ln70 = select i1 %icmp_ln71, i6 0, i6 %x_load" [cnn_accel.cpp:70]   --->   Operation 29 'select' 'select_ln70' <Predicate = true> <Delay = 0.66> <CoreInst = "Sel">   --->   Core 73 'Sel' <Latency = 0> <II = 1> <Delay = 0.66> <FuncUnit> <Opcode : 'select'> <InPorts = 3> <OutPorts = 1>
ST_2 : Operation 30 [1/1] (0.66ns)   --->   "%select_ln70_1 = select i1 %icmp_ln71, i6 %add_ln70, i6 %y_load" [cnn_accel.cpp:70]   --->   Operation 30 'select' 'select_ln70_1' <Predicate = true> <Delay = 0.66> <CoreInst = "Sel">   --->   Core 73 'Sel' <Latency = 0> <II = 1> <Delay = 0.66> <FuncUnit> <Opcode : 'select'> <InPorts = 3> <OutPorts = 1>
ST_2 : Operation 31 [1/1] (0.00ns)   --->   "%trunc_ln81 = trunc i6 %select_ln70_1" [cnn_accel.cpp:81]   --->   Operation 31 'trunc' 'trunc_ln81' <Predicate = true> <Delay = 0.00>
ST_2 : Operation 32 [1/1] (1.94ns)   --->   "%add_ln71 = add i6 %select_ln70, i6 1" [cnn_accel.cpp:71]   --->   Operation 32 'add' 'add_ln71' <Predicate = true> <Delay = 1.94> <CoreInst = "Adder">   --->   Core 1 'Adder' <Latency = 0> <II = 1> <Delay = 1.94> <FuncUnit> <Opcode : 'add' 'sub'> <InPorts = 2> <OutPorts = 1>
ST_2 : Operation 33 [1/1] (1.61ns)   --->   "%store_ln70 = store i6 %select_ln70_1, i6 %y" [cnn_accel.cpp:70]   --->   Operation 33 'store' 'store_ln70' <Predicate = true> <Delay = 1.61>
ST_2 : Operation 34 [1/1] (1.61ns)   --->   "%store_ln71 = store i6 %add_ln71, i6 %x" [cnn_accel.cpp:71]   --->   Operation 34 'store' 'store_ln71' <Predicate = true> <Delay = 1.61>
ST_2 : Operation 35 [1/1] (0.00ns)   --->   "%br_ln71 = br void %for.body102" [cnn_accel.cpp:71]   --->   Operation 35 'br' 'br_ln71' <Predicate = true> <Delay = 0.00>

State 3 <SV = 2> <Delay = 6.34>
ST_3 : Operation 36 [1/1] (0.00ns)   --->   "%specloopname_ln0 = specloopname void @_ssdm_op_SpecLoopName, void @VITIS_LOOP_70_8_VITIS_LOOP_71_9_str"   --->   Operation 36 'specloopname' 'specloopname_ln0' <Predicate = true> <Delay = 0.00>
ST_3 : Operation 37 [1/1] (0.00ns)   --->   "%speclooptripcount_ln0 = speclooptripcount void @_ssdm_op_SpecLoopTripCount, i64 1024, i64 1024, i64 1024"   --->   Operation 37 'speclooptripcount' 'speclooptripcount_ln0' <Predicate = true> <Delay = 0.00>
ST_3 : Operation 38 [1/1] (0.00ns)   --->   "%tmp_3 = bitconcatenate i10 @_ssdm_op_BitConcatenate.i10.i5.i5, i5 %trunc_ln81, i5 0" [cnn_accel.cpp:81]   --->   Operation 38 'bitconcatenate' 'tmp_3' <Predicate = true> <Delay = 0.00>
ST_3 : Operation 39 [1/1] (0.00ns)   --->   "%zext_ln70 = zext i6 %select_ln70_1" [cnn_accel.cpp:70]   --->   Operation 39 'zext' 'zext_ln70' <Predicate = true> <Delay = 0.00>
ST_3 : Operation 40 [1/1] (2.66ns)   --->   "%empty = add i32 %zext_ln70, i32 %ty_cast" [cnn_accel.cpp:70]   --->   Operation 40 'add' 'empty' <Predicate = true> <Delay = 2.66> <CoreInst = "Adder">   --->   Core 1 'Adder' <Latency = 0> <II = 1> <Delay = 2.66> <FuncUnit> <Opcode : 'add' 'sub'> <InPorts = 2> <OutPorts = 1>
ST_3 : Operation 41 [1/1] (2.70ns)   --->   "%cmp107 = icmp_slt  i32 %empty, i32 %size_read" [cnn_accel.cpp:70]   --->   Operation 41 'icmp' 'cmp107' <Predicate = true> <Delay = 2.70> <CoreInst = "Cmp">   --->   Core 9 'Cmp' <Latency = 0> <II = 1> <Delay = 2.70> <FuncUnit> <Opcode : 'seteq' 'setne' 'setle' 'setge' 'setlt' 'setgt'> <InPorts = 2> <OutPorts = 1>
ST_3 : Operation 42 [1/1] (0.00ns)   --->   "%zext_ln81 = zext i6 %select_ln70" [cnn_accel.cpp:81]   --->   Operation 42 'zext' 'zext_ln81' <Predicate = true> <Delay = 0.00>
ST_3 : Operation 43 [1/1] (2.12ns)   --->   "%add_ln81 = add i10 %tmp_3, i10 %zext_ln81" [cnn_accel.cpp:81]   --->   Operation 43 'add' 'add_ln81' <Predicate = true> <Delay = 2.12> <CoreInst = "Adder">   --->   Core 1 'Adder' <Latency = 0> <II = 1> <Delay = 2.12> <FuncUnit> <Opcode : 'add' 'sub'> <InPorts = 2> <OutPorts = 1>
ST_3 : Operation 44 [1/1] (0.00ns)   --->   "%zext_ln81_1 = zext i10 %add_ln81" [cnn_accel.cpp:81]   --->   Operation 44 'zext' 'zext_ln81_1' <Predicate = true> <Delay = 0.00>
ST_3 : Operation 45 [1/1] (0.00ns)   --->   "%tile_out_addr = getelementptr i8 %tile_out, i64 0, i64 %zext_ln81_1" [cnn_accel.cpp:81]   --->   Operation 45 'getelementptr' 'tile_out_addr' <Predicate = true> <Delay = 0.00>
ST_3 : Operation 46 [1/1] (0.00ns)   --->   "%zext_ln71 = zext i6 %select_ln70" [cnn_accel.cpp:71]   --->   Operation 46 'zext' 'zext_ln71' <Predicate = true> <Delay = 0.00>
ST_3 : Operation 47 [1/1] (0.00ns)   --->   "%specpipeline_ln72 = specpipeline void @_ssdm_op_SpecPipeline, i32 1, i32 0, i32 0, i32 0, void @empty_2" [cnn_accel.cpp:72]   --->   Operation 47 'specpipeline' 'specpipeline_ln72' <Predicate = true> <Delay = 0.00>
ST_3 : Operation 48 [1/1] (2.66ns)   --->   "%add_ln75 = add i32 %zext_ln71, i32 %tx_cast" [cnn_accel.cpp:75]   --->   Operation 48 'add' 'add_ln75' <Predicate = true> <Delay = 2.66> <CoreInst = "Adder">   --->   Core 1 'Adder' <Latency = 0> <II = 1> <Delay = 2.66> <FuncUnit> <Opcode : 'add' 'sub'> <InPorts = 2> <OutPorts = 1>
ST_3 : Operation 49 [1/1] (2.70ns)   --->   "%icmp_ln77 = icmp_slt  i32 %add_ln75, i32 %size_read" [cnn_accel.cpp:77]   --->   Operation 49 'icmp' 'icmp_ln77' <Predicate = true> <Delay = 2.70> <CoreInst = "Cmp">   --->   Core 9 'Cmp' <Latency = 0> <II = 1> <Delay = 2.70> <FuncUnit> <Opcode : 'seteq' 'setne' 'setle' 'setge' 'setlt' 'setgt'> <InPorts = 2> <OutPorts = 1>
ST_3 : Operation 50 [1/1] (0.97ns)   --->   "%and_ln77 = and i1 %cmp107, i1 %icmp_ln77" [cnn_accel.cpp:77]   --->   Operation 50 'and' 'and_ln77' <Predicate = true> <Delay = 0.97> <CoreInst = "LogicGate">   --->   Core 74 'LogicGate' <Latency = 0> <II = 1> <Delay = 0.97> <FuncUnit> <Opcode : 'and' 'or' 'xor'> <InPorts = 2> <OutPorts = 1>
ST_3 : Operation 51 [1/1] (0.00ns)   --->   "%br_ln77 = br i1 %and_ln77, void %for.inc133, void %VITIS_LOOP_80_10" [cnn_accel.cpp:77]   --->   Operation 51 'br' 'br_ln77' <Predicate = true> <Delay = 0.00>
ST_3 : Operation 52 [2/2] (3.25ns)   --->   "%tile_out_load = load i10 %tile_out_addr" [cnn_accel.cpp:81]   --->   Operation 52 'load' 'tile_out_load' <Predicate = (and_ln77)> <Delay = 3.25> <CoreInst = "RAM_T2P_BRAM">   --->   Core 93 'RAM_T2P_BRAM' <Latency = 1> <II = 1> <Delay = 3.25> <Storage> <Opcode : 'load' 'store'> <Ports = 2> <Width = 8> <Depth = 1024> <RAM>
ST_3 : Operation 56 [1/1] (1.61ns)   --->   "%ret_ln0 = ret"   --->   Operation 56 'ret' 'ret_ln0' <Predicate = (icmp_ln70)> <Delay = 1.61>

State 4 <SV = 3> <Delay = 3.25>
ST_4 : Operation 53 [1/2] ( I:3.25ns O:3.25ns )   --->   "%tile_out_load = load i10 %tile_out_addr" [cnn_accel.cpp:81]   --->   Operation 53 'load' 'tile_out_load' <Predicate = (and_ln77)> <Delay = 3.25> <CoreInst = "RAM_T2P_BRAM">   --->   Core 93 'RAM_T2P_BRAM' <Latency = 1> <II = 1> <Delay = 3.25> <Storage> <Opcode : 'load' 'store'> <Ports = 2> <Width = 8> <Depth = 1024> <RAM>
ST_4 : Operation 54 [1/1] (0.00ns)   --->   "%write_ln81 = write void @_ssdm_op_Write.ap_auto.i8P0A, i8 %output_r, i8 %tile_out_load" [cnn_accel.cpp:81]   --->   Operation 54 'write' 'write_ln81' <Predicate = (and_ln77)> <Delay = 0.00>
ST_4 : Operation 55 [1/1] (0.00ns)   --->   "%br_ln83 = br void %for.inc133" [cnn_accel.cpp:83]   --->   Operation 55 'br' 'br_ln83' <Predicate = (and_ln77)> <Delay = 0.00>


============================================================
+ Verbose Summary: Timing violations
============================================================
Target clock period: 10.000ns, clock uncertainty: 2.700ns.

 <State 1>: 5.347ns
The critical path consists of the following:
	'store' operation 0 bit ('store_ln0') of constant 0 on local variable 'indvar_flatten13' [15]  (1.610 ns)
	'load' operation 11 bit ('indvar_flatten13_load', cnn_accel.cpp:70) on local variable 'indvar_flatten13' [20]  (0.000 ns)
	'icmp' operation 1 bit ('icmp_ln70', cnn_accel.cpp:70) [21]  (2.127 ns)
	'store' operation 0 bit ('store_ln70', cnn_accel.cpp:70) of variable 'add_ln70_1', cnn_accel.cpp:70 on local variable 'indvar_flatten13' [54]  (1.610 ns)

 <State 2>: 6.171ns
The critical path consists of the following:
	'load' operation 6 bit ('x_load', cnn_accel.cpp:71) on local variable 'x', cnn_accel.cpp:71 [25]  (0.000 ns)
	'icmp' operation 1 bit ('icmp_ln71', cnn_accel.cpp:71) [30]  (1.946 ns)
	'select' operation 6 bit ('select_ln70', cnn_accel.cpp:70) [31]  (0.669 ns)
	'add' operation 6 bit ('add_ln71', cnn_accel.cpp:71) [53]  (1.946 ns)
	'store' operation 0 bit ('store_ln71', cnn_accel.cpp:71) of variable 'add_ln71', cnn_accel.cpp:71 on local variable 'x', cnn_accel.cpp:71 [56]  (1.610 ns)

 <State 3>: 6.347ns
The critical path consists of the following:
	'add' operation 32 bit ('empty', cnn_accel.cpp:70) [36]  (2.667 ns)
	'icmp' operation 1 bit ('cmp107', cnn_accel.cpp:70) [37]  (2.702 ns)
	'and' operation 1 bit ('and_ln77', cnn_accel.cpp:77) [46]  (0.978 ns)

 <State 4>: 3.257ns
The critical path consists of the following:
	'load' operation 8 bit ('tile_out_load', cnn_accel.cpp:81) on array 'tile_out' [49]  (3.257 ns)


============================================================
+ Verbose Summary: Binding
============================================================
N/A
* FSMD analyzer results:
  - Output states:
 - Input state : 
  - Chain level:
	State 1
	State 2
	State 3
	State 4


============================================================
+ Verbose Summary: Datapath Resource usage 
============================================================
N/A
