

================================================================
== Vitis HLS Report for 'conv_layer'
================================================================
* Date:           Wed Apr 29 12:16:04 2026

* Version:        2024.2 (Build 5238294 on Nov  8 2024)
* Project:        cnn_accel
* Solution:       solution1 (Vivado IP Flow Target)
* Product family: artix7
* Target device:  xc7a200t-sbg484-1


================================================================
== Performance Estimates
================================================================
+ Timing: 
    * Summary: 
    +--------+----------+----------+------------+
    |  Clock |  Target  | Estimated| Uncertainty|
    +--------+----------+----------+------------+
    |ap_clk  |  10.00 ns|  7.528 ns|     2.70 ns|
    +--------+----------+----------+------------+

+ Latency: 
    * Summary: 
    +---------+---------+----------+----------+-----+-----+---------+
    |  Latency (cycles) |  Latency (absolute) |  Interval | Pipeline|
    |   min   |   max   |    min   |    max   | min | max |   Type  |
    +---------+---------+----------+----------+-----+-----+---------+
    |        ?|        ?|         ?|         ?|    ?|    ?|       no|
    +---------+---------+----------+----------+-----+-----+---------+

    + Detail: 
        * Instance: 
        N/A

        * Loop: 
        +----------------------+---------+---------+----------+-----------+-----------+------+----------+
        |                      |  Latency (cycles) | Iteration|  Initiation Interval  | Trip |          |
        |       Loop Name      |   min   |   max   |  Latency |  achieved |   target  | Count| Pipelined|
        +----------------------+---------+---------+----------+-----------+-----------+------+----------+
        |- VITIS_LOOP_37_1     |        ?|        ?|         ?|          -|          -|     2|        no|
        | + VITIS_LOOP_39_2    |        ?|        ?|         ?|          -|          -|     ?|        no|
        |  ++ VITIS_LOOP_40_3  |        ?|        ?|     10309|          -|          -|     ?|        no|
        +----------------------+---------+---------+----------+-----------+-----------+------+----------+

============================================================
+ Verbose Summary: Synthesis Manager
============================================================
InlineROM: 1
ExposeGlobal: 0
============================================================
+ Verbose Summary: CDFG Model
============================================================
IsTopModel: 0
ResetActiveHigh: 1
IsCombinational: 0
IsDatapathOnly: 0
HasWiredReturn: 1
HasMFsm: 0
HasVarLatency: 1
IsPipeline: 0
IsRtlPipelined: 0
IsInstanceOverlapped: 0
IsDontTouch: 0
HasImplIP: 0
IsGatedGlobalClock: 0


============================================================
+ Verbose Summary: Schedule
============================================================
* Number of FSM states : 9
* Pipeline : 0
* Dataflow Pipeline: 0

* FSM state transitions: 
1 --> 2 
2 --> 3 
3 --> 4 2 
4 --> 5 3 
5 --> 6 
6 --> 7 
7 --> 8 
8 --> 9 
9 --> 4 

* FSM state operations: 

State 1 <SV = 0> <Delay = 1.61>
ST_1 : Operation 10 [1/1] (0.00ns)   --->   "%oc_base = alloca i32 1" [cnn_accel.cpp:37]   --->   Operation 10 'alloca' 'oc_base' <Predicate = true> <Delay = 0.00>
ST_1 : Operation 11 [1/1] (0.00ns)   --->   "%specinterface_ln0 = specinterface void @_ssdm_op_SpecInterface, i8 %gmem, void @empty_15, i32 0, i32 0, void @empty_5, i32 0, i32 0, void @empty_4, void @empty_3, void @empty_5, i32 16, i32 16, i32 16, i32 16, void @empty_5, void @empty_5, i32 4294967295, i32 0, i32 0"   --->   Operation 11 'specinterface' 'specinterface_ln0' <Predicate = true> <Delay = 0.00>
ST_1 : Operation 12 [1/1] (0.00ns)   --->   "%H_read = read i32 @_ssdm_op_Read.ap_auto.i32, i32 %H"   --->   Operation 12 'read' 'H_read' <Predicate = true> <Delay = 0.00>
ST_1 : Operation 13 [1/1] (0.00ns)   --->   "%output_read = read i64 @_ssdm_op_Read.ap_auto.i64, i64 %output_r"   --->   Operation 13 'read' 'output_read' <Predicate = true> <Delay = 0.00>
ST_1 : Operation 14 [1/1] (0.00ns)   --->   "%input_read = read i64 @_ssdm_op_Read.ap_auto.i64, i64 %input_r"   --->   Operation 14 'read' 'input_read' <Predicate = true> <Delay = 0.00>
ST_1 : Operation 15 [1/1] (0.00ns)   --->   "%tile_in = alloca i64 1" [cnn_accel.cpp:31]   --->   Operation 15 'alloca' 'tile_in' <Predicate = true> <Delay = 0.00> <CoreInst = "RAM_T2P_BRAM">   --->   Core 93 'RAM_T2P_BRAM' <Latency = 1> <II = 1> <Delay = 3.25> <Storage> <Opcode : 'load' 'store'> <Ports = 2> <Width = 8> <Depth = 396> <RAM>
ST_1 : Operation 16 [1/1] (0.00ns)   --->   "%tile_in_431 = alloca i64 1" [cnn_accel.cpp:31]   --->   Operation 16 'alloca' 'tile_in_431' <Predicate = true> <Delay = 0.00> <CoreInst = "RAM_T2P_BRAM">   --->   Core 93 'RAM_T2P_BRAM' <Latency = 1> <II = 1> <Delay = 3.25> <Storage> <Opcode : 'load' 'store'> <Ports = 2> <Width = 8> <Depth = 396> <RAM>
ST_1 : Operation 17 [1/1] (0.00ns)   --->   "%tile_in_432 = alloca i64 1" [cnn_accel.cpp:31]   --->   Operation 17 'alloca' 'tile_in_432' <Predicate = true> <Delay = 0.00> <CoreInst = "RAM_T2P_BRAM">   --->   Core 93 'RAM_T2P_BRAM' <Latency = 1> <II = 1> <Delay = 3.25> <Storage> <Opcode : 'load' 'store'> <Ports = 2> <Width = 8> <Depth = 396> <RAM>
ST_1 : Operation 18 [1/1] (0.00ns)   --->   "%tile_in_433 = alloca i64 1" [cnn_accel.cpp:31]   --->   Operation 18 'alloca' 'tile_in_433' <Predicate = true> <Delay = 0.00> <CoreInst = "RAM_T2P_BRAM">   --->   Core 93 'RAM_T2P_BRAM' <Latency = 1> <II = 1> <Delay = 3.25> <Storage> <Opcode : 'load' 'store'> <Ports = 2> <Width = 8> <Depth = 396> <RAM>
ST_1 : Operation 19 [1/1] (0.00ns)   --->   "%tile_in_434 = alloca i64 1" [cnn_accel.cpp:31]   --->   Operation 19 'alloca' 'tile_in_434' <Predicate = true> <Delay = 0.00> <CoreInst = "RAM_T2P_BRAM">   --->   Core 93 'RAM_T2P_BRAM' <Latency = 1> <II = 1> <Delay = 3.25> <Storage> <Opcode : 'load' 'store'> <Ports = 2> <Width = 8> <Depth = 396> <RAM>
ST_1 : Operation 20 [1/1] (0.00ns)   --->   "%tile_in_435 = alloca i64 1" [cnn_accel.cpp:31]   --->   Operation 20 'alloca' 'tile_in_435' <Predicate = true> <Delay = 0.00> <CoreInst = "RAM_T2P_BRAM">   --->   Core 93 'RAM_T2P_BRAM' <Latency = 1> <II = 1> <Delay = 3.25> <Storage> <Opcode : 'load' 'store'> <Ports = 2> <Width = 8> <Depth = 396> <RAM>
ST_1 : Operation 21 [1/1] (0.00ns)   --->   "%tile_in_436 = alloca i64 1" [cnn_accel.cpp:31]   --->   Operation 21 'alloca' 'tile_in_436' <Predicate = true> <Delay = 0.00> <CoreInst = "RAM_T2P_BRAM">   --->   Core 93 'RAM_T2P_BRAM' <Latency = 1> <II = 1> <Delay = 3.25> <Storage> <Opcode : 'load' 'store'> <Ports = 2> <Width = 8> <Depth = 396> <RAM>
ST_1 : Operation 22 [1/1] (0.00ns)   --->   "%tile_in_437 = alloca i64 1" [cnn_accel.cpp:31]   --->   Operation 22 'alloca' 'tile_in_437' <Predicate = true> <Delay = 0.00> <CoreInst = "RAM_T2P_BRAM">   --->   Core 93 'RAM_T2P_BRAM' <Latency = 1> <II = 1> <Delay = 3.25> <Storage> <Opcode : 'load' 'store'> <Ports = 2> <Width = 8> <Depth = 396> <RAM>
ST_1 : Operation 23 [1/1] (0.00ns)   --->   "%tile_in_438 = alloca i64 1" [cnn_accel.cpp:31]   --->   Operation 23 'alloca' 'tile_in_438' <Predicate = true> <Delay = 0.00> <CoreInst = "RAM_T2P_BRAM">   --->   Core 93 'RAM_T2P_BRAM' <Latency = 1> <II = 1> <Delay = 3.25> <Storage> <Opcode : 'load' 'store'> <Ports = 2> <Width = 8> <Depth = 396> <RAM>
ST_1 : Operation 24 [1/1] (0.00ns)   --->   "%tile_in_439 = alloca i64 1" [cnn_accel.cpp:31]   --->   Operation 24 'alloca' 'tile_in_439' <Predicate = true> <Delay = 0.00> <CoreInst = "RAM_T2P_BRAM">   --->   Core 93 'RAM_T2P_BRAM' <Latency = 1> <II = 1> <Delay = 3.25> <Storage> <Opcode : 'load' 'store'> <Ports = 2> <Width = 8> <Depth = 396> <RAM>
ST_1 : Operation 25 [1/1] (0.00ns)   --->   "%tile_in_440 = alloca i64 1" [cnn_accel.cpp:31]   --->   Operation 25 'alloca' 'tile_in_440' <Predicate = true> <Delay = 0.00> <CoreInst = "RAM_T2P_BRAM">   --->   Core 93 'RAM_T2P_BRAM' <Latency = 1> <II = 1> <Delay = 3.25> <Storage> <Opcode : 'load' 'store'> <Ports = 2> <Width = 8> <Depth = 396> <RAM>
ST_1 : Operation 26 [1/1] (0.00ns)   --->   "%tile_in_441 = alloca i64 1" [cnn_accel.cpp:31]   --->   Operation 26 'alloca' 'tile_in_441' <Predicate = true> <Delay = 0.00> <CoreInst = "RAM_T2P_BRAM">   --->   Core 93 'RAM_T2P_BRAM' <Latency = 1> <II = 1> <Delay = 3.25> <Storage> <Opcode : 'load' 'store'> <Ports = 2> <Width = 8> <Depth = 396> <RAM>
ST_1 : Operation 27 [1/1] (0.00ns)   --->   "%tile_in_442 = alloca i64 1" [cnn_accel.cpp:31]   --->   Operation 27 'alloca' 'tile_in_442' <Predicate = true> <Delay = 0.00> <CoreInst = "RAM_T2P_BRAM">   --->   Core 93 'RAM_T2P_BRAM' <Latency = 1> <II = 1> <Delay = 3.25> <Storage> <Opcode : 'load' 'store'> <Ports = 2> <Width = 8> <Depth = 396> <RAM>
ST_1 : Operation 28 [1/1] (0.00ns)   --->   "%tile_in_443 = alloca i64 1" [cnn_accel.cpp:31]   --->   Operation 28 'alloca' 'tile_in_443' <Predicate = true> <Delay = 0.00> <CoreInst = "RAM_T2P_BRAM">   --->   Core 93 'RAM_T2P_BRAM' <Latency = 1> <II = 1> <Delay = 3.25> <Storage> <Opcode : 'load' 'store'> <Ports = 2> <Width = 8> <Depth = 396> <RAM>
ST_1 : Operation 29 [1/1] (0.00ns)   --->   "%tile_in_444 = alloca i64 1" [cnn_accel.cpp:31]   --->   Operation 29 'alloca' 'tile_in_444' <Predicate = true> <Delay = 0.00> <CoreInst = "RAM_T2P_BRAM">   --->   Core 93 'RAM_T2P_BRAM' <Latency = 1> <II = 1> <Delay = 3.25> <Storage> <Opcode : 'load' 'store'> <Ports = 2> <Width = 8> <Depth = 396> <RAM>
ST_1 : Operation 30 [1/1] (0.00ns)   --->   "%tile_in_445 = alloca i64 1" [cnn_accel.cpp:31]   --->   Operation 30 'alloca' 'tile_in_445' <Predicate = true> <Delay = 0.00> <CoreInst = "RAM_T2P_BRAM">   --->   Core 93 'RAM_T2P_BRAM' <Latency = 1> <II = 1> <Delay = 3.25> <Storage> <Opcode : 'load' 'store'> <Ports = 2> <Width = 8> <Depth = 396> <RAM>
ST_1 : Operation 31 [1/1] (0.00ns)   --->   "%tile_in_446 = alloca i64 1" [cnn_accel.cpp:31]   --->   Operation 31 'alloca' 'tile_in_446' <Predicate = true> <Delay = 0.00> <CoreInst = "RAM_T2P_BRAM">   --->   Core 93 'RAM_T2P_BRAM' <Latency = 1> <II = 1> <Delay = 3.25> <Storage> <Opcode : 'load' 'store'> <Ports = 2> <Width = 8> <Depth = 396> <RAM>
ST_1 : Operation 32 [1/1] (0.00ns)   --->   "%tile_in_447 = alloca i64 1" [cnn_accel.cpp:31]   --->   Operation 32 'alloca' 'tile_in_447' <Predicate = true> <Delay = 0.00> <CoreInst = "RAM_T2P_BRAM">   --->   Core 93 'RAM_T2P_BRAM' <Latency = 1> <II = 1> <Delay = 3.25> <Storage> <Opcode : 'load' 'store'> <Ports = 2> <Width = 8> <Depth = 396> <RAM>
ST_1 : Operation 33 [1/1] (0.00ns)   --->   "%tile_in_448 = alloca i64 1" [cnn_accel.cpp:31]   --->   Operation 33 'alloca' 'tile_in_448' <Predicate = true> <Delay = 0.00> <CoreInst = "RAM_T2P_BRAM">   --->   Core 93 'RAM_T2P_BRAM' <Latency = 1> <II = 1> <Delay = 3.25> <Storage> <Opcode : 'load' 'store'> <Ports = 2> <Width = 8> <Depth = 396> <RAM>
ST_1 : Operation 34 [1/1] (0.00ns)   --->   "%tile_in_449 = alloca i64 1" [cnn_accel.cpp:31]   --->   Operation 34 'alloca' 'tile_in_449' <Predicate = true> <Delay = 0.00> <CoreInst = "RAM_T2P_BRAM">   --->   Core 93 'RAM_T2P_BRAM' <Latency = 1> <II = 1> <Delay = 3.25> <Storage> <Opcode : 'load' 'store'> <Ports = 2> <Width = 8> <Depth = 396> <RAM>
ST_1 : Operation 35 [1/1] (0.00ns)   --->   "%tile_in_450 = alloca i64 1" [cnn_accel.cpp:31]   --->   Operation 35 'alloca' 'tile_in_450' <Predicate = true> <Delay = 0.00> <CoreInst = "RAM_T2P_BRAM">   --->   Core 93 'RAM_T2P_BRAM' <Latency = 1> <II = 1> <Delay = 3.25> <Storage> <Opcode : 'load' 'store'> <Ports = 2> <Width = 8> <Depth = 396> <RAM>
ST_1 : Operation 36 [1/1] (0.00ns)   --->   "%tile_in_451 = alloca i64 1" [cnn_accel.cpp:31]   --->   Operation 36 'alloca' 'tile_in_451' <Predicate = true> <Delay = 0.00> <CoreInst = "RAM_T2P_BRAM">   --->   Core 93 'RAM_T2P_BRAM' <Latency = 1> <II = 1> <Delay = 3.25> <Storage> <Opcode : 'load' 'store'> <Ports = 2> <Width = 8> <Depth = 396> <RAM>
ST_1 : Operation 37 [1/1] (0.00ns)   --->   "%tile_in_452 = alloca i64 1" [cnn_accel.cpp:31]   --->   Operation 37 'alloca' 'tile_in_452' <Predicate = true> <Delay = 0.00> <CoreInst = "RAM_T2P_BRAM">   --->   Core 93 'RAM_T2P_BRAM' <Latency = 1> <II = 1> <Delay = 3.25> <Storage> <Opcode : 'load' 'store'> <Ports = 2> <Width = 8> <Depth = 396> <RAM>
ST_1 : Operation 38 [1/1] (0.00ns)   --->   "%tile_in_453 = alloca i64 1" [cnn_accel.cpp:31]   --->   Operation 38 'alloca' 'tile_in_453' <Predicate = true> <Delay = 0.00> <CoreInst = "RAM_T2P_BRAM">   --->   Core 93 'RAM_T2P_BRAM' <Latency = 1> <II = 1> <Delay = 3.25> <Storage> <Opcode : 'load' 'store'> <Ports = 2> <Width = 8> <Depth = 396> <RAM>
ST_1 : Operation 39 [1/1] (0.00ns)   --->   "%tile_in_454 = alloca i64 1" [cnn_accel.cpp:31]   --->   Operation 39 'alloca' 'tile_in_454' <Predicate = true> <Delay = 0.00> <CoreInst = "RAM_T2P_BRAM">   --->   Core 93 'RAM_T2P_BRAM' <Latency = 1> <II = 1> <Delay = 3.25> <Storage> <Opcode : 'load' 'store'> <Ports = 2> <Width = 8> <Depth = 396> <RAM>
ST_1 : Operation 40 [1/1] (0.00ns)   --->   "%tile_in_455 = alloca i64 1" [cnn_accel.cpp:31]   --->   Operation 40 'alloca' 'tile_in_455' <Predicate = true> <Delay = 0.00> <CoreInst = "RAM_T2P_BRAM">   --->   Core 93 'RAM_T2P_BRAM' <Latency = 1> <II = 1> <Delay = 3.25> <Storage> <Opcode : 'load' 'store'> <Ports = 2> <Width = 8> <Depth = 396> <RAM>
ST_1 : Operation 41 [1/1] (0.00ns)   --->   "%tile_in_456 = alloca i64 1" [cnn_accel.cpp:31]   --->   Operation 41 'alloca' 'tile_in_456' <Predicate = true> <Delay = 0.00> <CoreInst = "RAM_T2P_BRAM">   --->   Core 93 'RAM_T2P_BRAM' <Latency = 1> <II = 1> <Delay = 3.25> <Storage> <Opcode : 'load' 'store'> <Ports = 2> <Width = 8> <Depth = 396> <RAM>
ST_1 : Operation 42 [1/1] (0.00ns)   --->   "%tile_out = alloca i64 1" [cnn_accel.cpp:34]   --->   Operation 42 'alloca' 'tile_out' <Predicate = true> <Delay = 0.00> <CoreInst = "RAM_T2P_BRAM">   --->   Core 93 'RAM_T2P_BRAM' <Latency = 1> <II = 1> <Delay = 3.25> <Storage> <Opcode : 'load' 'store'> <Ports = 2> <Width = 7> <Depth = 2048> <RAM>
ST_1 : Operation 43 [1/1] (0.00ns)   --->   "%specmemcore_ln32 = specmemcore void @_ssdm_op_SpecMemCore, i8 %tile_in_456, i64 666, i64 30, i64 18446744073709551615" [cnn_accel.cpp:32]   --->   Operation 43 'specmemcore' 'specmemcore_ln32' <Predicate = true> <Delay = 0.00>
ST_1 : Operation 44 [1/1] (0.00ns)   --->   "%specmemcore_ln32 = specmemcore void @_ssdm_op_SpecMemCore, i8 %tile_in_455, i64 666, i64 30, i64 18446744073709551615" [cnn_accel.cpp:32]   --->   Operation 44 'specmemcore' 'specmemcore_ln32' <Predicate = true> <Delay = 0.00>
ST_1 : Operation 45 [1/1] (0.00ns)   --->   "%specmemcore_ln32 = specmemcore void @_ssdm_op_SpecMemCore, i8 %tile_in_454, i64 666, i64 30, i64 18446744073709551615" [cnn_accel.cpp:32]   --->   Operation 45 'specmemcore' 'specmemcore_ln32' <Predicate = true> <Delay = 0.00>
ST_1 : Operation 46 [1/1] (0.00ns)   --->   "%specmemcore_ln32 = specmemcore void @_ssdm_op_SpecMemCore, i8 %tile_in_453, i64 666, i64 30, i64 18446744073709551615" [cnn_accel.cpp:32]   --->   Operation 46 'specmemcore' 'specmemcore_ln32' <Predicate = true> <Delay = 0.00>
ST_1 : Operation 47 [1/1] (0.00ns)   --->   "%specmemcore_ln32 = specmemcore void @_ssdm_op_SpecMemCore, i8 %tile_in_452, i64 666, i64 30, i64 18446744073709551615" [cnn_accel.cpp:32]   --->   Operation 47 'specmemcore' 'specmemcore_ln32' <Predicate = true> <Delay = 0.00>
ST_1 : Operation 48 [1/1] (0.00ns)   --->   "%specmemcore_ln32 = specmemcore void @_ssdm_op_SpecMemCore, i8 %tile_in_451, i64 666, i64 30, i64 18446744073709551615" [cnn_accel.cpp:32]   --->   Operation 48 'specmemcore' 'specmemcore_ln32' <Predicate = true> <Delay = 0.00>
ST_1 : Operation 49 [1/1] (0.00ns)   --->   "%specmemcore_ln32 = specmemcore void @_ssdm_op_SpecMemCore, i8 %tile_in_450, i64 666, i64 30, i64 18446744073709551615" [cnn_accel.cpp:32]   --->   Operation 49 'specmemcore' 'specmemcore_ln32' <Predicate = true> <Delay = 0.00>
ST_1 : Operation 50 [1/1] (0.00ns)   --->   "%specmemcore_ln32 = specmemcore void @_ssdm_op_SpecMemCore, i8 %tile_in_449, i64 666, i64 30, i64 18446744073709551615" [cnn_accel.cpp:32]   --->   Operation 50 'specmemcore' 'specmemcore_ln32' <Predicate = true> <Delay = 0.00>
ST_1 : Operation 51 [1/1] (0.00ns)   --->   "%specmemcore_ln32 = specmemcore void @_ssdm_op_SpecMemCore, i8 %tile_in_448, i64 666, i64 30, i64 18446744073709551615" [cnn_accel.cpp:32]   --->   Operation 51 'specmemcore' 'specmemcore_ln32' <Predicate = true> <Delay = 0.00>
ST_1 : Operation 52 [1/1] (0.00ns)   --->   "%specmemcore_ln32 = specmemcore void @_ssdm_op_SpecMemCore, i8 %tile_in_447, i64 666, i64 30, i64 18446744073709551615" [cnn_accel.cpp:32]   --->   Operation 52 'specmemcore' 'specmemcore_ln32' <Predicate = true> <Delay = 0.00>
ST_1 : Operation 53 [1/1] (0.00ns)   --->   "%specmemcore_ln32 = specmemcore void @_ssdm_op_SpecMemCore, i8 %tile_in_446, i64 666, i64 30, i64 18446744073709551615" [cnn_accel.cpp:32]   --->   Operation 53 'specmemcore' 'specmemcore_ln32' <Predicate = true> <Delay = 0.00>
ST_1 : Operation 54 [1/1] (0.00ns)   --->   "%specmemcore_ln32 = specmemcore void @_ssdm_op_SpecMemCore, i8 %tile_in_445, i64 666, i64 30, i64 18446744073709551615" [cnn_accel.cpp:32]   --->   Operation 54 'specmemcore' 'specmemcore_ln32' <Predicate = true> <Delay = 0.00>
ST_1 : Operation 55 [1/1] (0.00ns)   --->   "%specmemcore_ln32 = specmemcore void @_ssdm_op_SpecMemCore, i8 %tile_in_444, i64 666, i64 30, i64 18446744073709551615" [cnn_accel.cpp:32]   --->   Operation 55 'specmemcore' 'specmemcore_ln32' <Predicate = true> <Delay = 0.00>
ST_1 : Operation 56 [1/1] (0.00ns)   --->   "%specmemcore_ln32 = specmemcore void @_ssdm_op_SpecMemCore, i8 %tile_in_443, i64 666, i64 30, i64 18446744073709551615" [cnn_accel.cpp:32]   --->   Operation 56 'specmemcore' 'specmemcore_ln32' <Predicate = true> <Delay = 0.00>
ST_1 : Operation 57 [1/1] (0.00ns)   --->   "%specmemcore_ln32 = specmemcore void @_ssdm_op_SpecMemCore, i8 %tile_in_442, i64 666, i64 30, i64 18446744073709551615" [cnn_accel.cpp:32]   --->   Operation 57 'specmemcore' 'specmemcore_ln32' <Predicate = true> <Delay = 0.00>
ST_1 : Operation 58 [1/1] (0.00ns)   --->   "%specmemcore_ln32 = specmemcore void @_ssdm_op_SpecMemCore, i8 %tile_in_441, i64 666, i64 30, i64 18446744073709551615" [cnn_accel.cpp:32]   --->   Operation 58 'specmemcore' 'specmemcore_ln32' <Predicate = true> <Delay = 0.00>
ST_1 : Operation 59 [1/1] (0.00ns)   --->   "%specmemcore_ln32 = specmemcore void @_ssdm_op_SpecMemCore, i8 %tile_in_440, i64 666, i64 30, i64 18446744073709551615" [cnn_accel.cpp:32]   --->   Operation 59 'specmemcore' 'specmemcore_ln32' <Predicate = true> <Delay = 0.00>
ST_1 : Operation 60 [1/1] (0.00ns)   --->   "%specmemcore_ln32 = specmemcore void @_ssdm_op_SpecMemCore, i8 %tile_in_439, i64 666, i64 30, i64 18446744073709551615" [cnn_accel.cpp:32]   --->   Operation 60 'specmemcore' 'specmemcore_ln32' <Predicate = true> <Delay = 0.00>
ST_1 : Operation 61 [1/1] (0.00ns)   --->   "%specmemcore_ln32 = specmemcore void @_ssdm_op_SpecMemCore, i8 %tile_in_438, i64 666, i64 30, i64 18446744073709551615" [cnn_accel.cpp:32]   --->   Operation 61 'specmemcore' 'specmemcore_ln32' <Predicate = true> <Delay = 0.00>
ST_1 : Operation 62 [1/1] (0.00ns)   --->   "%specmemcore_ln32 = specmemcore void @_ssdm_op_SpecMemCore, i8 %tile_in_437, i64 666, i64 30, i64 18446744073709551615" [cnn_accel.cpp:32]   --->   Operation 62 'specmemcore' 'specmemcore_ln32' <Predicate = true> <Delay = 0.00>
ST_1 : Operation 63 [1/1] (0.00ns)   --->   "%specmemcore_ln32 = specmemcore void @_ssdm_op_SpecMemCore, i8 %tile_in_436, i64 666, i64 30, i64 18446744073709551615" [cnn_accel.cpp:32]   --->   Operation 63 'specmemcore' 'specmemcore_ln32' <Predicate = true> <Delay = 0.00>
ST_1 : Operation 64 [1/1] (0.00ns)   --->   "%specmemcore_ln32 = specmemcore void @_ssdm_op_SpecMemCore, i8 %tile_in_435, i64 666, i64 30, i64 18446744073709551615" [cnn_accel.cpp:32]   --->   Operation 64 'specmemcore' 'specmemcore_ln32' <Predicate = true> <Delay = 0.00>
ST_1 : Operation 65 [1/1] (0.00ns)   --->   "%specmemcore_ln32 = specmemcore void @_ssdm_op_SpecMemCore, i8 %tile_in_434, i64 666, i64 30, i64 18446744073709551615" [cnn_accel.cpp:32]   --->   Operation 65 'specmemcore' 'specmemcore_ln32' <Predicate = true> <Delay = 0.00>
ST_1 : Operation 66 [1/1] (0.00ns)   --->   "%specmemcore_ln32 = specmemcore void @_ssdm_op_SpecMemCore, i8 %tile_in_433, i64 666, i64 30, i64 18446744073709551615" [cnn_accel.cpp:32]   --->   Operation 66 'specmemcore' 'specmemcore_ln32' <Predicate = true> <Delay = 0.00>
ST_1 : Operation 67 [1/1] (0.00ns)   --->   "%specmemcore_ln32 = specmemcore void @_ssdm_op_SpecMemCore, i8 %tile_in_432, i64 666, i64 30, i64 18446744073709551615" [cnn_accel.cpp:32]   --->   Operation 67 'specmemcore' 'specmemcore_ln32' <Predicate = true> <Delay = 0.00>
ST_1 : Operation 68 [1/1] (0.00ns)   --->   "%specmemcore_ln32 = specmemcore void @_ssdm_op_SpecMemCore, i8 %tile_in_431, i64 666, i64 30, i64 18446744073709551615" [cnn_accel.cpp:32]   --->   Operation 68 'specmemcore' 'specmemcore_ln32' <Predicate = true> <Delay = 0.00>
ST_1 : Operation 69 [1/1] (0.00ns)   --->   "%specmemcore_ln32 = specmemcore void @_ssdm_op_SpecMemCore, i8 %tile_in, i64 666, i64 30, i64 18446744073709551615" [cnn_accel.cpp:32]   --->   Operation 69 'specmemcore' 'specmemcore_ln32' <Predicate = true> <Delay = 0.00>
ST_1 : Operation 70 [1/1] (0.00ns)   --->   "%specmemcore_ln35 = specmemcore void @_ssdm_op_SpecMemCore, i7 %tile_out, i64 666, i64 30, i64 18446744073709551615" [cnn_accel.cpp:35]   --->   Operation 70 'specmemcore' 'specmemcore_ln35' <Predicate = true> <Delay = 0.00>
ST_1 : Operation 71 [1/1] (0.00ns)   --->   "%sext_ln37 = sext i32 %H_read" [cnn_accel.cpp:37]   --->   Operation 71 'sext' 'sext_ln37' <Predicate = true> <Delay = 0.00>
ST_1 : Operation 72 [1/1] (0.00ns)   --->   "%trunc_ln37 = trunc i32 %H_read" [cnn_accel.cpp:37]   --->   Operation 72 'trunc' 'trunc_ln37' <Predicate = true> <Delay = 0.00>
ST_1 : Operation 73 [1/1] (1.61ns)   --->   "%store_ln37 = store i5 0, i5 %oc_base" [cnn_accel.cpp:37]   --->   Operation 73 'store' 'store_ln37' <Predicate = true> <Delay = 1.61>
ST_1 : Operation 74 [1/1] (0.00ns)   --->   "%br_ln37 = br void %VITIS_LOOP_39_2" [cnn_accel.cpp:37]   --->   Operation 74 'br' 'br_ln37' <Predicate = true> <Delay = 0.00>

State 2 <SV = 1> <Delay = 1.61>
ST_2 : Operation 75 [1/1] (0.00ns)   --->   "%oc_base_3 = load i5 %oc_base" [cnn_accel.cpp:37]   --->   Operation 75 'load' 'oc_base_3' <Predicate = true> <Delay = 0.00>
ST_2 : Operation 76 [1/1] (0.00ns)   --->   "%tmp = bitselect i1 @_ssdm_op_BitSelect.i1.i5.i32, i5 %oc_base_3, i32 4" [cnn_accel.cpp:37]   --->   Operation 76 'bitselect' 'tmp' <Predicate = true> <Delay = 0.00>
ST_2 : Operation 77 [1/1] (0.00ns)   --->   "%speclooptripcount_ln0 = speclooptripcount void @_ssdm_op_SpecLoopTripCount, i64 2, i64 2, i64 2"   --->   Operation 77 'speclooptripcount' 'speclooptripcount_ln0' <Predicate = true> <Delay = 0.00>
ST_2 : Operation 78 [1/1] (0.00ns)   --->   "%br_ln37 = br i1 %tmp, void %VITIS_LOOP_39_2.split, void %for.end188" [cnn_accel.cpp:37]   --->   Operation 78 'br' 'br_ln37' <Predicate = true> <Delay = 0.00>
ST_2 : Operation 79 [1/1] (0.00ns)   --->   "%trunc_ln37_3 = trunc i5 %oc_base_3" [cnn_accel.cpp:37]   --->   Operation 79 'trunc' 'trunc_ln37_3' <Predicate = (!tmp)> <Delay = 0.00>
ST_2 : Operation 80 [1/1] (0.00ns)   --->   "%specloopname_ln37 = specloopname void @_ssdm_op_SpecLoopName, void @empty_7" [cnn_accel.cpp:37]   --->   Operation 80 'specloopname' 'specloopname_ln37' <Predicate = (!tmp)> <Delay = 0.00>
ST_2 : Operation 81 [1/1] (1.61ns)   --->   "%br_ln39 = br void %VITIS_LOOP_40_3" [cnn_accel.cpp:39]   --->   Operation 81 'br' 'br_ln39' <Predicate = (!tmp)> <Delay = 1.61>
ST_2 : Operation 82 [1/1] (0.00ns)   --->   "%ret_ln116 = ret" [cnn_accel.cpp:116]   --->   Operation 82 'ret' 'ret_ln116' <Predicate = (tmp)> <Delay = 0.00>

State 3 <SV = 2> <Delay = 4.31>
ST_3 : Operation 83 [1/1] (0.00ns)   --->   "%ty = phi i32 0, void %VITIS_LOOP_39_2.split, i32 %add_ln39, void %for.inc183.loopexit" [cnn_accel.cpp:39]   --->   Operation 83 'phi' 'ty' <Predicate = true> <Delay = 0.00>
ST_3 : Operation 84 [1/1] (0.00ns)   --->   "%zext_ln39 = zext i32 %ty" [cnn_accel.cpp:39]   --->   Operation 84 'zext' 'zext_ln39' <Predicate = true> <Delay = 0.00>
ST_3 : Operation 85 [1/1] (2.70ns)   --->   "%icmp_ln39 = icmp_slt  i33 %zext_ln39, i33 %sext_ln37" [cnn_accel.cpp:39]   --->   Operation 85 'icmp' 'icmp_ln39' <Predicate = true> <Delay = 2.70> <CoreInst = "Cmp">   --->   Core 9 'Cmp' <Latency = 0> <II = 1> <Delay = 2.70> <FuncUnit> <Opcode : 'seteq' 'setne' 'setle' 'setge' 'setlt' 'setgt'> <InPorts = 2> <OutPorts = 1>
ST_3 : Operation 86 [1/1] (0.00ns)   --->   "%br_ln39 = br i1 %icmp_ln39, void %for.inc186.loopexit, void %VITIS_LOOP_40_3.split" [cnn_accel.cpp:39]   --->   Operation 86 'br' 'br_ln39' <Predicate = true> <Delay = 0.00>
ST_3 : Operation 87 [1/1] (0.00ns)   --->   "%trunc_ln39 = trunc i32 %ty" [cnn_accel.cpp:39]   --->   Operation 87 'trunc' 'trunc_ln39' <Predicate = (icmp_ln39)> <Delay = 0.00>
ST_3 : Operation 88 [1/1] (0.00ns)   --->   "%specloopname_ln39 = specloopname void @_ssdm_op_SpecLoopName, void @empty_8" [cnn_accel.cpp:39]   --->   Operation 88 'specloopname' 'specloopname_ln39' <Predicate = (icmp_ln39)> <Delay = 0.00>
ST_3 : Operation 89 [1/1] (1.61ns)   --->   "%br_ln40 = br void %VITIS_LOOP_43_4" [cnn_accel.cpp:40]   --->   Operation 89 'br' 'br_ln40' <Predicate = (icmp_ln39)> <Delay = 1.61>
ST_3 : Operation 90 [1/1] (1.86ns)   --->   "%add_ln37 = add i5 %oc_base_3, i5 8" [cnn_accel.cpp:37]   --->   Operation 90 'add' 'add_ln37' <Predicate = (!icmp_ln39)> <Delay = 1.86> <CoreInst = "Adder">   --->   Core 1 'Adder' <Latency = 0> <II = 1> <Delay = 1.86> <FuncUnit> <Opcode : 'add' 'sub'> <InPorts = 2> <OutPorts = 1>
ST_3 : Operation 91 [1/1] (1.61ns)   --->   "%store_ln37 = store i5 %add_ln37, i5 %oc_base" [cnn_accel.cpp:37]   --->   Operation 91 'store' 'store_ln37' <Predicate = (!icmp_ln39)> <Delay = 1.61>
ST_3 : Operation 92 [1/1] (0.00ns)   --->   "%br_ln37 = br void %VITIS_LOOP_39_2" [cnn_accel.cpp:37]   --->   Operation 92 'br' 'br_ln37' <Predicate = (!icmp_ln39)> <Delay = 0.00>

State 4 <SV = 3> <Delay = 2.70>
ST_4 : Operation 93 [1/1] (0.00ns)   --->   "%tx = phi i32 0, void %VITIS_LOOP_40_3.split, i32 %add_ln40, void %VITIS_LOOP_43_4.split" [cnn_accel.cpp:40]   --->   Operation 93 'phi' 'tx' <Predicate = true> <Delay = 0.00>
ST_4 : Operation 94 [1/1] (0.00ns)   --->   "%zext_ln40 = zext i32 %tx" [cnn_accel.cpp:40]   --->   Operation 94 'zext' 'zext_ln40' <Predicate = true> <Delay = 0.00>
ST_4 : Operation 95 [1/1] (2.70ns)   --->   "%icmp_ln40 = icmp_slt  i33 %zext_ln40, i33 %sext_ln37" [cnn_accel.cpp:40]   --->   Operation 95 'icmp' 'icmp_ln40' <Predicate = true> <Delay = 2.70> <CoreInst = "Cmp">   --->   Core 9 'Cmp' <Latency = 0> <II = 1> <Delay = 2.70> <FuncUnit> <Opcode : 'seteq' 'setne' 'setle' 'setge' 'setlt' 'setgt'> <InPorts = 2> <OutPorts = 1>
ST_4 : Operation 96 [1/1] (0.00ns)   --->   "%br_ln40 = br i1 %icmp_ln40, void %for.inc183.loopexit, void %VITIS_LOOP_43_4.split" [cnn_accel.cpp:40]   --->   Operation 96 'br' 'br_ln40' <Predicate = true> <Delay = 0.00>
ST_4 : Operation 97 [1/1] (0.00ns)   --->   "%trunc_ln40 = trunc i32 %tx" [cnn_accel.cpp:40]   --->   Operation 97 'trunc' 'trunc_ln40' <Predicate = (icmp_ln40)> <Delay = 0.00>
ST_4 : Operation 98 [2/2] (0.00ns)   --->   "%call_ln39 = call void @conv_layer_Pipeline_VITIS_LOOP_43_4_VITIS_LOOP_44_5, i8 %gmem, i64 %input_read, i31 %trunc_ln39, i31 %trunc_ln37, i32 %H_read, i8 %tile_in, i8 %tile_in_431, i8 %tile_in_432, i8 %tile_in_433, i8 %tile_in_434, i8 %tile_in_435, i8 %tile_in_436, i8 %tile_in_437, i8 %tile_in_438, i8 %tile_in_439, i8 %tile_in_440, i8 %tile_in_441, i8 %tile_in_442, i8 %tile_in_443, i8 %tile_in_444, i8 %tile_in_445, i8 %tile_in_446, i8 %tile_in_447, i8 %tile_in_448, i8 %tile_in_449, i8 %tile_in_450, i8 %tile_in_451, i8 %tile_in_452, i8 %tile_in_453, i8 %tile_in_454, i8 %tile_in_455, i8 %tile_in_456, i31 %trunc_ln40" [cnn_accel.cpp:39]   --->   Operation 98 'call' 'call_ln39' <Predicate = (icmp_ln40)> <Delay = 0.00> <CoreType = "Generic">   --->   Generic Core
ST_4 : Operation 99 [1/1] (2.70ns)   --->   "%add_ln40 = add i32 %tx, i32 16" [cnn_accel.cpp:40]   --->   Operation 99 'add' 'add_ln40' <Predicate = (icmp_ln40)> <Delay = 2.70> <CoreInst = "Adder">   --->   Core 1 'Adder' <Latency = 0> <II = 1> <Delay = 2.70> <FuncUnit> <Opcode : 'add' 'sub'> <InPorts = 2> <OutPorts = 1>
ST_4 : Operation 100 [1/1] (2.70ns)   --->   "%add_ln39 = add i32 %ty, i32 16" [cnn_accel.cpp:39]   --->   Operation 100 'add' 'add_ln39' <Predicate = (!icmp_ln40)> <Delay = 2.70> <CoreInst = "Adder">   --->   Core 1 'Adder' <Latency = 0> <II = 1> <Delay = 2.70> <FuncUnit> <Opcode : 'add' 'sub'> <InPorts = 2> <OutPorts = 1>
ST_4 : Operation 101 [1/1] (0.00ns)   --->   "%br_ln39 = br void %VITIS_LOOP_40_3" [cnn_accel.cpp:39]   --->   Operation 101 'br' 'br_ln39' <Predicate = (!icmp_ln40)> <Delay = 0.00>

State 5 <SV = 4> <Delay = 0.00>
ST_5 : Operation 102 [1/2] (0.00ns)   --->   "%call_ln39 = call void @conv_layer_Pipeline_VITIS_LOOP_43_4_VITIS_LOOP_44_5, i8 %gmem, i64 %input_read, i31 %trunc_ln39, i31 %trunc_ln37, i32 %H_read, i8 %tile_in, i8 %tile_in_431, i8 %tile_in_432, i8 %tile_in_433, i8 %tile_in_434, i8 %tile_in_435, i8 %tile_in_436, i8 %tile_in_437, i8 %tile_in_438, i8 %tile_in_439, i8 %tile_in_440, i8 %tile_in_441, i8 %tile_in_442, i8 %tile_in_443, i8 %tile_in_444, i8 %tile_in_445, i8 %tile_in_446, i8 %tile_in_447, i8 %tile_in_448, i8 %tile_in_449, i8 %tile_in_450, i8 %tile_in_451, i8 %tile_in_452, i8 %tile_in_453, i8 %tile_in_454, i8 %tile_in_455, i8 %tile_in_456, i31 %trunc_ln40" [cnn_accel.cpp:39]   --->   Operation 102 'call' 'call_ln39' <Predicate = true> <Delay = 0.00> <CoreType = "Generic">   --->   Generic Core

State 6 <SV = 5> <Delay = 0.00>
ST_6 : Operation 103 [2/2] (0.00ns)   --->   "%call_ln37 = call void @conv_layer_Pipeline_VITIS_LOOP_62_7_VITIS_LOOP_63_8_VITIS_LOOP_64_9, i4 %trunc_ln37_3, i7 %tile_out, i8 %tile_in, i8 %tile_in_431, i8 %tile_in_432, i8 %tile_in_433, i8 %tile_in_434, i8 %tile_in_435, i8 %tile_in_436, i8 %tile_in_437, i8 %tile_in_438, i8 %tile_in_439, i8 %tile_in_440, i8 %tile_in_441, i8 %tile_in_442, i8 %tile_in_443, i8 %tile_in_444, i8 %tile_in_445, i8 %tile_in_446, i8 %tile_in_447, i8 %tile_in_448, i8 %tile_in_449, i8 %tile_in_450, i8 %tile_in_451, i8 %tile_in_452, i8 %tile_in_453, i8 %tile_in_454, i8 %tile_in_455, i8 %tile_in_456, i8 %w_0_conv_weight_bias, i7 %w_0_conv_weight_0, i7 %w_0_conv_weight_1, i7 %w_0_conv_weight_2, i7 %w_0_conv_weight_3, i8 %w_0_conv_weight_4, i7 %w_0_conv_weight_5, i7 %w_0_conv_weight_6, i7 %w_0_conv_weight_7, i7 %w_0_conv_weight_8, i7 %w_0_conv_weight_9, i7 %w_0_conv_weight_10, i7 %w_0_conv_weight_11, i7 %w_0_conv_weight_12, i8 %w_0_conv_weight_13, i7 %w_0_conv_weight_14, i7 %w_0_conv_weight_15, i7 %w_0_conv_weight_16, i7 %w_0_conv_weight_17, i6 %w_0_conv_weight_18, i6 %w_0_conv_weight_19, i6 %w_0_conv_weight_20, i6 %w_0_conv_weight_21, i7 %w_0_conv_weight_22, i6 %w_0_conv_weight_23, i6 %w_0_conv_weight_24, i6 %w_0_conv_weight_25, i6 %w_0_conv_weight_26" [cnn_accel.cpp:37]   --->   Operation 103 'call' 'call_ln37' <Predicate = true> <Delay = 0.00> <CoreType = "Generic">   --->   Generic Core

State 7 <SV = 6> <Delay = 0.00>
ST_7 : Operation 104 [1/2] (0.00ns)   --->   "%call_ln37 = call void @conv_layer_Pipeline_VITIS_LOOP_62_7_VITIS_LOOP_63_8_VITIS_LOOP_64_9, i4 %trunc_ln37_3, i7 %tile_out, i8 %tile_in, i8 %tile_in_431, i8 %tile_in_432, i8 %tile_in_433, i8 %tile_in_434, i8 %tile_in_435, i8 %tile_in_436, i8 %tile_in_437, i8 %tile_in_438, i8 %tile_in_439, i8 %tile_in_440, i8 %tile_in_441, i8 %tile_in_442, i8 %tile_in_443, i8 %tile_in_444, i8 %tile_in_445, i8 %tile_in_446, i8 %tile_in_447, i8 %tile_in_448, i8 %tile_in_449, i8 %tile_in_450, i8 %tile_in_451, i8 %tile_in_452, i8 %tile_in_453, i8 %tile_in_454, i8 %tile_in_455, i8 %tile_in_456, i8 %w_0_conv_weight_bias, i7 %w_0_conv_weight_0, i7 %w_0_conv_weight_1, i7 %w_0_conv_weight_2, i7 %w_0_conv_weight_3, i8 %w_0_conv_weight_4, i7 %w_0_conv_weight_5, i7 %w_0_conv_weight_6, i7 %w_0_conv_weight_7, i7 %w_0_conv_weight_8, i7 %w_0_conv_weight_9, i7 %w_0_conv_weight_10, i7 %w_0_conv_weight_11, i7 %w_0_conv_weight_12, i8 %w_0_conv_weight_13, i7 %w_0_conv_weight_14, i7 %w_0_conv_weight_15, i7 %w_0_conv_weight_16, i7 %w_0_conv_weight_17, i6 %w_0_conv_weight_18, i6 %w_0_conv_weight_19, i6 %w_0_conv_weight_20, i6 %w_0_conv_weight_21, i7 %w_0_conv_weight_22, i6 %w_0_conv_weight_23, i6 %w_0_conv_weight_24, i6 %w_0_conv_weight_25, i6 %w_0_conv_weight_26" [cnn_accel.cpp:37]   --->   Operation 104 'call' 'call_ln37' <Predicate = true> <Delay = 0.00> <CoreType = "Generic">   --->   Generic Core

State 8 <SV = 7> <Delay = 0.00>
ST_8 : Operation 105 [2/2] (0.00ns)   --->   "%call_ln39 = call void @conv_layer_Pipeline_VITIS_LOOP_96_13_VITIS_LOOP_97_14, i31 %trunc_ln39, i32 %H_read, i32 %H_read, i7 %tile_out, i31 %trunc_ln40, i4 %trunc_ln37_3, i64 %output_read, i8 %gmem" [cnn_accel.cpp:39]   --->   Operation 105 'call' 'call_ln39' <Predicate = true> <Delay = 0.00> <CoreType = "Generic">   --->   Generic Core

State 9 <SV = 8> <Delay = 0.00>
ST_9 : Operation 106 [1/1] (0.00ns)   --->   "%specloopname_ln40 = specloopname void @_ssdm_op_SpecLoopName, void @empty_9" [cnn_accel.cpp:40]   --->   Operation 106 'specloopname' 'specloopname_ln40' <Predicate = true> <Delay = 0.00>
ST_9 : Operation 107 [1/2] (0.00ns)   --->   "%call_ln39 = call void @conv_layer_Pipeline_VITIS_LOOP_96_13_VITIS_LOOP_97_14, i31 %trunc_ln39, i32 %H_read, i32 %H_read, i7 %tile_out, i31 %trunc_ln40, i4 %trunc_ln37_3, i64 %output_read, i8 %gmem" [cnn_accel.cpp:39]   --->   Operation 107 'call' 'call_ln39' <Predicate = true> <Delay = 0.00> <CoreType = "Generic">   --->   Generic Core
ST_9 : Operation 108 [1/1] (0.00ns)   --->   "%br_ln40 = br void %VITIS_LOOP_43_4" [cnn_accel.cpp:40]   --->   Operation 108 'br' 'br_ln40' <Predicate = true> <Delay = 0.00>


============================================================
+ Verbose Summary: Timing violations
============================================================
Target clock period: 10.000ns, clock uncertainty: 2.700ns.

 <State 1>: 1.610ns
The critical path consists of the following:
	'alloca' operation 5 bit ('oc_base', cnn_accel.cpp:37) [33]  (0.000 ns)
	'store' operation 0 bit ('store_ln37', cnn_accel.cpp:37) of constant 0 on local variable 'oc_base', cnn_accel.cpp:37 [96]  (1.610 ns)

 <State 2>: 1.610ns
The critical path consists of the following:
	'load' operation 5 bit ('oc_base', cnn_accel.cpp:37) on local variable 'oc_base', cnn_accel.cpp:37 [99]  (0.000 ns)
	multiplexor before 'phi' operation 32 bit ('ty', cnn_accel.cpp:39) with incoming values : ('add_ln39', cnn_accel.cpp:39) [108]  (1.610 ns)

 <State 3>: 4.312ns
The critical path consists of the following:
	'phi' operation 32 bit ('ty', cnn_accel.cpp:39) with incoming values : ('add_ln39', cnn_accel.cpp:39) [108]  (0.000 ns)
	'icmp' operation 1 bit ('icmp_ln39', cnn_accel.cpp:39) [110]  (2.702 ns)
	'store' operation 0 bit ('store_ln37', cnn_accel.cpp:37) of variable 'add_ln37', cnn_accel.cpp:37 on local variable 'oc_base', cnn_accel.cpp:37 [134]  (1.610 ns)

 <State 4>: 2.702ns
The critical path consists of the following:
	'add' operation 32 bit ('add_ln39', cnn_accel.cpp:39) [130]  (2.702 ns)

 <State 5>: 0.000ns
The critical path consists of the following:

 <State 6>: 0.000ns
The critical path consists of the following:

 <State 7>: 0.000ns
The critical path consists of the following:

 <State 8>: 0.000ns
The critical path consists of the following:

 <State 9>: 0.000ns
The critical path consists of the following:


============================================================
+ Verbose Summary: Binding
============================================================
N/A
* FSMD analyzer results:
  - Output states:
 - Input state : 
  - Chain level:
	State 1
	State 2
	State 3
	State 4
	State 5
	State 6
	State 7
	State 8
	State 9


============================================================
+ Verbose Summary: Datapath Resource usage 
============================================================
N/A
