

================================================================
== Vitis HLS Report for 'conv2d_2_Pipeline_VITIS_LOOP_35_1_VITIS_LOOP_36_2_VITIS_LOOP_37_3'
================================================================
* Date:           Sun Apr  5 02:41:24 2026

* Version:        2024.2 (Build 5238294 on Nov  8 2024)
* Project:        cnn_accel
* Solution:       solution1 (Vivado IP Flow Target)
* Product family: artix7
* Target device:  xc7a200t-sbg484-1


================================================================
== Performance Estimates
================================================================
+ Timing: 
    * Summary: 
    +--------+----------+----------+------------+
    |  Clock |  Target  | Estimated| Uncertainty|
    +--------+----------+----------+------------+
    |ap_clk  |  10.00 ns|  7.300 ns|     2.70 ns|
    +--------+----------+----------+------------+

+ Latency: 
    * Summary: 
    +---------+---------+----------+----------+--------+--------+------------------------------------------------+
    |  Latency (cycles) |  Latency (absolute) |     Interval    |                    Pipeline                    |
    |   min   |   max   |    min   |    max   |   min  |   max  |                      Type                      |
    +---------+---------+----------+----------+--------+--------+------------------------------------------------+
    |   173058|   173058|  1.731 ms|  1.731 ms|  173057|  173057|  loop auto-rewind stp (delay=0 clock cycles(s))|
    +---------+---------+----------+----------+--------+--------+------------------------------------------------+

    + Detail: 
        * Instance: 
        N/A

        * Loop: 
        +---------------------------------------------------+---------+---------+----------+-----------+-----------+--------+----------+
        |                                                   |  Latency (cycles) | Iteration|  Initiation Interval  |  Trip  |          |
        |                     Loop Name                     |   min   |   max   |  Latency |  achieved |   target  |  Count | Pipelined|
        +---------------------------------------------------+---------+---------+----------+-----------+-----------+--------+----------+
        |- VITIS_LOOP_35_1_VITIS_LOOP_36_2_VITIS_LOOP_37_3  |   173056|   173056|         2|          1|          1|  173056|       yes|
        +---------------------------------------------------+---------+---------+----------+-----------+-----------+--------+----------+



================================================================
== Utilization Estimates
================================================================
* Summary: 
+-----------------+---------+-----+--------+--------+-----+
|       Name      | BRAM_18K| DSP |   FF   |   LUT  | URAM|
+-----------------+---------+-----+--------+--------+-----+
|DSP              |        -|    -|       -|       -|    -|
|Expression       |        -|    -|       0|      54|    -|
|FIFO             |        -|    -|       -|       -|    -|
|Instance         |        -|    -|       -|       -|    -|
|Memory           |        -|    -|       -|       -|    -|
|Multiplexer      |        -|    -|       0|      45|    -|
|Register         |        -|    -|      21|       -|    -|
+-----------------+---------+-----+--------+--------+-----+
|Total            |        0|    0|      21|      99|    0|
+-----------------+---------+-----+--------+--------+-----+
|Available        |      730|  740|  269200|  134600|    0|
+-----------------+---------+-----+--------+--------+-----+
|Utilization (%)  |        0|    0|      ~0|      ~0|    0|
+-----------------+---------+-----+--------+--------+-----+

+ Detail: 
    * Instance: 
    N/A

    * DSP: 
    N/A

    * Memory: 
    N/A

    * FIFO: 
    N/A

    * Expression: 
    +---------------------------+----------+----+---+----+------------+------------+
    |       Variable Name       | Operation| DSP| FF| LUT| Bitwidth P0| Bitwidth P1|
    +---------------------------+----------+----+---+----+------------+------------+
    |add_ln35_fu_79_p2          |         +|   0|  0|  25|          18|           1|
    |ap_block_pp0_stage0_11001  |       and|   0|  0|   2|           1|           1|
    |icmp_ln35_fu_73_p2         |      icmp|   0|  0|  25|          18|          18|
    |ap_enable_pp0              |       xor|   0|  0|   2|           1|           2|
    +---------------------------+----------+----+---+----+------------+------------+
    |Total                      |          |   0|  0|  54|          38|          22|
    +---------------------------+----------+----+---+----+------------+------------+

    * Multiplexer: 
    +----------------------------------------+----+-----------+-----+-----------+
    |                  Name                  | LUT| Input Size| Bits| Total Bits|
    +----------------------------------------+----+-----------+-----+-----------+
    |ap_done_int                             |   9|          2|    1|          2|
    |ap_enable_reg_pp0_iter1                 |   9|          2|    1|          2|
    |ap_sig_allocacmp_indvar_flatten10_load  |   9|          2|   18|         36|
    |gmem_blk_n_W                            |   9|          2|    1|          2|
    |indvar_flatten10_fu_46                  |   9|          2|   18|         36|
    +----------------------------------------+----+-----------+-----+-----------+
    |Total                                   |  45|         10|   39|         78|
    +----------------------------------------+----+-----------+-----+-----------+

    * Register: 
    +-------------------------+----+----+-----+-----------+
    |           Name          | FF | LUT| Bits| Const Bits|
    +-------------------------+----+----+-----+-----------+
    |ap_CS_fsm                |   1|   0|    1|          0|
    |ap_done_reg              |   1|   0|    1|          0|
    |ap_enable_reg_pp0_iter1  |   1|   0|    1|          0|
    |indvar_flatten10_fu_46   |  18|   0|   18|          0|
    +-------------------------+----+----+-----+-----------+
    |Total                    |  21|   0|   21|          0|
    +-------------------------+----+----+-----+-----------+



================================================================
== Interface
================================================================
* Summary: 
+-----------------------+-----+-----+------------+-------------------------------------------------------------------+--------------+
|       RTL Ports       | Dir | Bits|  Protocol  |                           Source Object                           |    C Type    |
+-----------------------+-----+-----+------------+-------------------------------------------------------------------+--------------+
|ap_clk                 |   in|    1|  ap_ctrl_hs|  conv2d.2_Pipeline_VITIS_LOOP_35_1_VITIS_LOOP_36_2_VITIS_LOOP_37_3|  return value|
|ap_rst                 |   in|    1|  ap_ctrl_hs|  conv2d.2_Pipeline_VITIS_LOOP_35_1_VITIS_LOOP_36_2_VITIS_LOOP_37_3|  return value|
|ap_start               |   in|    1|  ap_ctrl_hs|  conv2d.2_Pipeline_VITIS_LOOP_35_1_VITIS_LOOP_36_2_VITIS_LOOP_37_3|  return value|
|ap_done                |  out|    1|  ap_ctrl_hs|  conv2d.2_Pipeline_VITIS_LOOP_35_1_VITIS_LOOP_36_2_VITIS_LOOP_37_3|  return value|
|ap_idle                |  out|    1|  ap_ctrl_hs|  conv2d.2_Pipeline_VITIS_LOOP_35_1_VITIS_LOOP_36_2_VITIS_LOOP_37_3|  return value|
|ap_ready               |  out|    1|  ap_ctrl_hs|  conv2d.2_Pipeline_VITIS_LOOP_35_1_VITIS_LOOP_36_2_VITIS_LOOP_37_3|  return value|
|m_axi_gmem_0_AWVALID   |  out|    1|       m_axi|                                                               gmem|       pointer|
|m_axi_gmem_0_AWREADY   |   in|    1|       m_axi|                                                               gmem|       pointer|
|m_axi_gmem_0_AWADDR    |  out|   64|       m_axi|                                                               gmem|       pointer|
|m_axi_gmem_0_AWID      |  out|    1|       m_axi|                                                               gmem|       pointer|
|m_axi_gmem_0_AWLEN     |  out|   32|       m_axi|                                                               gmem|       pointer|
|m_axi_gmem_0_AWSIZE    |  out|    3|       m_axi|                                                               gmem|       pointer|
|m_axi_gmem_0_AWBURST   |  out|    2|       m_axi|                                                               gmem|       pointer|
|m_axi_gmem_0_AWLOCK    |  out|    2|       m_axi|                                                               gmem|       pointer|
|m_axi_gmem_0_AWCACHE   |  out|    4|       m_axi|                                                               gmem|       pointer|
|m_axi_gmem_0_AWPROT    |  out|    3|       m_axi|                                                               gmem|       pointer|
|m_axi_gmem_0_AWQOS     |  out|    4|       m_axi|                                                               gmem|       pointer|
|m_axi_gmem_0_AWREGION  |  out|    4|       m_axi|                                                               gmem|       pointer|
|m_axi_gmem_0_AWUSER    |  out|    1|       m_axi|                                                               gmem|       pointer|
|m_axi_gmem_0_WVALID    |  out|    1|       m_axi|                                                               gmem|       pointer|
|m_axi_gmem_0_WREADY    |   in|    1|       m_axi|                                                               gmem|       pointer|
|m_axi_gmem_0_WDATA     |  out|    8|       m_axi|                                                               gmem|       pointer|
|m_axi_gmem_0_WSTRB     |  out|    1|       m_axi|                                                               gmem|       pointer|
|m_axi_gmem_0_WLAST     |  out|    1|       m_axi|                                                               gmem|       pointer|
|m_axi_gmem_0_WID       |  out|    1|       m_axi|                                                               gmem|       pointer|
|m_axi_gmem_0_WUSER     |  out|    1|       m_axi|                                                               gmem|       pointer|
|m_axi_gmem_0_ARVALID   |  out|    1|       m_axi|                                                               gmem|       pointer|
|m_axi_gmem_0_ARREADY   |   in|    1|       m_axi|                                                               gmem|       pointer|
|m_axi_gmem_0_ARADDR    |  out|   64|       m_axi|                                                               gmem|       pointer|
|m_axi_gmem_0_ARID      |  out|    1|       m_axi|                                                               gmem|       pointer|
|m_axi_gmem_0_ARLEN     |  out|   32|       m_axi|                                                               gmem|       pointer|
|m_axi_gmem_0_ARSIZE    |  out|    3|       m_axi|                                                               gmem|       pointer|
|m_axi_gmem_0_ARBURST   |  out|    2|       m_axi|                                                               gmem|       pointer|
|m_axi_gmem_0_ARLOCK    |  out|    2|       m_axi|                                                               gmem|       pointer|
|m_axi_gmem_0_ARCACHE   |  out|    4|       m_axi|                                                               gmem|       pointer|
|m_axi_gmem_0_ARPROT    |  out|    3|       m_axi|                                                               gmem|       pointer|
|m_axi_gmem_0_ARQOS     |  out|    4|       m_axi|                                                               gmem|       pointer|
|m_axi_gmem_0_ARREGION  |  out|    4|       m_axi|                                                               gmem|       pointer|
|m_axi_gmem_0_ARUSER    |  out|    1|       m_axi|                                                               gmem|       pointer|
|m_axi_gmem_0_RVALID    |   in|    1|       m_axi|                                                               gmem|       pointer|
|m_axi_gmem_0_RREADY    |  out|    1|       m_axi|                                                               gmem|       pointer|
|m_axi_gmem_0_RDATA     |   in|    8|       m_axi|                                                               gmem|       pointer|
|m_axi_gmem_0_RLAST     |   in|    1|       m_axi|                                                               gmem|       pointer|
|m_axi_gmem_0_RID       |   in|    1|       m_axi|                                                               gmem|       pointer|
|m_axi_gmem_0_RFIFONUM  |   in|   11|       m_axi|                                                               gmem|       pointer|
|m_axi_gmem_0_RUSER     |   in|    1|       m_axi|                                                               gmem|       pointer|
|m_axi_gmem_0_RRESP     |   in|    2|       m_axi|                                                               gmem|       pointer|
|m_axi_gmem_0_BVALID    |   in|    1|       m_axi|                                                               gmem|       pointer|
|m_axi_gmem_0_BREADY    |  out|    1|       m_axi|                                                               gmem|       pointer|
|m_axi_gmem_0_BRESP     |   in|    2|       m_axi|                                                               gmem|       pointer|
|m_axi_gmem_0_BID       |   in|    1|       m_axi|                                                               gmem|       pointer|
|m_axi_gmem_0_BUSER     |   in|    1|       m_axi|                                                               gmem|       pointer|
|output_r               |   in|   64|     ap_none|                                                           output_r|        scalar|
+-----------------------+-----+-----+------------+-------------------------------------------------------------------+--------------+

============================================================
+ Verbose Summary: Synthesis Manager
============================================================
InlineROM: 1
ExposeGlobal: 0
============================================================
+ Verbose Summary: CDFG Model
============================================================
IsTopModel: 0
ResetActiveHigh: 1
IsCombinational: 2
IsDatapathOnly: 2
HasWiredReturn: 1
HasMFsm: 2
HasVarLatency: 1
IsPipeline: 0
IsRtlPipelined: 0
IsInstanceOverlapped: 0
IsDontTouch: 0
HasImplIP: 0
IsGatedGlobalClock: 0

+ Individual pipeline summary: 
  * Pipeline-0: initiation interval (II) = 1, depth = 2


============================================================
+ Verbose Summary: Schedule
============================================================
* Number of FSM states : 2
* Pipeline : 1
  Pipeline-0 : II = 1, D = 2, States = { 1 2 }
* Dataflow Pipeline: 0

* FSM state transitions: 
1 --> 2 
2 --> 

* FSM state operations: 

State 1 <SV = 0> <Delay = 5.43>
ST_1 : Operation 5 [1/1] (0.00ns)   --->   "%indvar_flatten10 = alloca i32 1"   --->   Operation 5 'alloca' 'indvar_flatten10' <Predicate = true> <Delay = 0.00>
ST_1 : Operation 6 [1/1] (0.00ns)   --->   "%specinterface_ln0 = specinterface void @_ssdm_op_SpecInterface, i8 %gmem, void @empty_10, i32 0, i32 0, void @empty_9, i32 0, i32 0, void @empty_8, void @empty_7, void @empty_9, i32 16, i32 16, i32 16, i32 16, void @empty_9, void @empty_9, i32 4294967295, i32 0, i32 0"   --->   Operation 6 'specinterface' 'specinterface_ln0' <Predicate = true> <Delay = 0.00>
ST_1 : Operation 7 [1/1] (0.00ns)   --->   "%output_read = read i64 @_ssdm_op_Read.ap_auto.i64, i64 %output_r"   --->   Operation 7 'read' 'output_read' <Predicate = true> <Delay = 0.00>
ST_1 : Operation 8 [1/1] (1.61ns)   --->   "%store_ln0 = store i18 0, i18 %indvar_flatten10"   --->   Operation 8 'store' 'store_ln0' <Predicate = true> <Delay = 1.61>
ST_1 : Operation 9 [1/1] (0.00ns)   --->   "%br_ln0 = br void %VITIS_LOOP_43_4"   --->   Operation 9 'br' 'br_ln0' <Predicate = true> <Delay = 0.00>
ST_1 : Operation 10 [1/1] (0.00ns)   --->   "%indvar_flatten10_load = load i18 %indvar_flatten10" [cnn_accel.cpp:35]   --->   Operation 10 'load' 'indvar_flatten10_load' <Predicate = true> <Delay = 0.00>
ST_1 : Operation 11 [1/1] (2.21ns)   --->   "%icmp_ln35 = icmp_eq  i18 %indvar_flatten10_load, i18 173056" [cnn_accel.cpp:35]   --->   Operation 11 'icmp' 'icmp_ln35' <Predicate = true> <Delay = 2.21> <CoreInst = "Cmp">   --->   Core 9 'Cmp' <Latency = 0> <II = 1> <Delay = 2.21> <FuncUnit> <Opcode : 'seteq' 'setne' 'setle' 'setge' 'setlt' 'setgt'> <InPorts = 2> <OutPorts = 1>
ST_1 : Operation 12 [1/1] (2.21ns)   --->   "%add_ln35 = add i18 %indvar_flatten10_load, i18 1" [cnn_accel.cpp:35]   --->   Operation 12 'add' 'add_ln35' <Predicate = true> <Delay = 2.21> <CoreInst = "Adder">   --->   Core 1 'Adder' <Latency = 0> <II = 1> <Delay = 2.21> <FuncUnit> <Opcode : 'add' 'sub'> <InPorts = 2> <OutPorts = 1>
ST_1 : Operation 13 [1/1] (0.00ns)   --->   "%br_ln35 = br i1 %icmp_ln35, void %for.inc75, void %for.end77.exitStub" [cnn_accel.cpp:35]   --->   Operation 13 'br' 'br_ln35' <Predicate = true> <Delay = 0.00>
ST_1 : Operation 14 [1/1] (0.00ns)   --->   "%gmem_addr = getelementptr i8 %gmem, i64 %output_read" [cnn_accel.cpp:35]   --->   Operation 14 'getelementptr' 'gmem_addr' <Predicate = (!icmp_ln35)> <Delay = 0.00>
ST_1 : Operation 15 [1/1] (1.61ns)   --->   "%store_ln35 = store i18 %add_ln35, i18 %indvar_flatten10" [cnn_accel.cpp:35]   --->   Operation 15 'store' 'store_ln35' <Predicate = (!icmp_ln35)> <Delay = 1.61>
ST_1 : Operation 21 [1/1] (1.61ns)   --->   "%ret_ln0 = ret"   --->   Operation 21 'ret' 'ret_ln0' <Predicate = (icmp_ln35)> <Delay = 1.61>

State 2 <SV = 1> <Delay = 7.30>
ST_2 : Operation 16 [1/1] (0.00ns)   --->   "%specloopname_ln0 = specloopname void @_ssdm_op_SpecLoopName, void @VITIS_LOOP_35_1_VITIS_LOOP_36_2_VITIS_LOOP_37_3_str"   --->   Operation 16 'specloopname' 'specloopname_ln0' <Predicate = true> <Delay = 0.00>
ST_2 : Operation 17 [1/1] (0.00ns)   --->   "%empty = speclooptripcount i32 @_ssdm_op_SpecLoopTripCount, i64 173056, i64 173056, i64 173056"   --->   Operation 17 'speclooptripcount' 'empty' <Predicate = true> <Delay = 0.00>
ST_2 : Operation 18 [1/1] (0.00ns)   --->   "%specpipeline_ln39 = specpipeline void @_ssdm_op_SpecPipeline, i32 4294967295, i32 0, i32 0, i32 0, void @empty_9" [cnn_accel.cpp:39]   --->   Operation 18 'specpipeline' 'specpipeline_ln39' <Predicate = true> <Delay = 0.00>
ST_2 : Operation 19 [1/1] (7.30ns)   --->   "%write_ln76 = write void @_ssdm_op_Write.m_axi.p1i8, i64 %gmem_addr, i8 0, i1 1" [cnn_accel.cpp:76]   --->   Operation 19 'write' 'write_ln76' <Predicate = true> <Delay = 7.30> <CoreInst = "m_axi">   --->   Core 111 'm_axi' <Latency = 5> <II = 1> <Delay = 1.00> <Adapter> <Opcode : 'read' 'write' 'readreq' 'writereq' 'writeresp'>
ST_2 : Operation 20 [1/1] (0.00ns)   --->   "%br_ln37 = br void %VITIS_LOOP_43_4" [cnn_accel.cpp:37]   --->   Operation 20 'br' 'br_ln37' <Predicate = true> <Delay = 0.00>


============================================================
+ Verbose Summary: Binding
============================================================
STG Binding: 
---------------- STG Properties BEGIN ----------------
- Is combinational: 0
- Is one-state seq: 0
- Is datapath-only: 0
- Is pipelined: 0
- Is top level: 0
Port [ Return ] is wired: 1; IO mode=ap_ctrl_hs:ce=0
Port [ gmem]:  wired=1; compound=1; hidden=0; nouse=0; global=0; static=0; extern=0; dir=1; type=4; pingpong=0; private_global=0; IO mode=m_axi:ce=0
Port [ output_r]:  wired=1; compound=0; hidden=0; nouse=0; global=0; static=0; extern=0; dir=0; type=0; pingpong=0; private_global=0; IO mode=ap_none:ce=0
---------------- STG Properties END ------------------

---------------- Datapath Model BEGIN ----------------

<LifeTime>
<method=bitvector/>
indvar_flatten10      (alloca           ) [ 010]
specinterface_ln0     (specinterface    ) [ 000]
output_read           (read             ) [ 000]
store_ln0             (store            ) [ 000]
br_ln0                (br               ) [ 000]
indvar_flatten10_load (load             ) [ 000]
icmp_ln35             (icmp             ) [ 010]
add_ln35              (add              ) [ 000]
br_ln35               (br               ) [ 000]
gmem_addr             (getelementptr    ) [ 011]
store_ln35            (store            ) [ 000]
specloopname_ln0      (specloopname     ) [ 000]
empty                 (speclooptripcount) [ 000]
specpipeline_ln39     (specpipeline     ) [ 000]
write_ln76            (write            ) [ 000]
br_ln37               (br               ) [ 000]
ret_ln0               (ret              ) [ 000]
</LifeTime>

<model>

<comp_list>
<comp id="0" class="1000" name="gmem">
<pin_list>
<pin id="1" dir="1" index="0" bw="1" slack="0"/>
</pin_list>
<bind>
<StgValue><ssdm name="gmem"/><MemPortTyVec>1 </MemPortTyVec>
</StgValue>
</bind>
</comp>

<comp id="2" class="1000" name="output_r">
<pin_list>
<pin id="3" dir="1" index="0" bw="1" slack="0"/>
</pin_list>
<bind>
<StgValue><ssdm name="output_r"/></StgValue>
</bind>
</comp>

<comp id="4" class="1001" name="const_4">
<pin_list>
<pin id="5" dir="1" index="0" bw="1" slack="0"/>
</pin_list>
<bind>
<StgValue><ssdm name=""/></StgValue>
</bind>
</comp>

<comp id="6" class="1001" name="const_6">
<pin_list>
<pin id="7" dir="1" index="0" bw="1" slack="2147483647"/>
</pin_list>
<bind>
<StgValue><ssdm name="_ssdm_op_SpecInterface"/></StgValue>
</bind>
</comp>

<comp id="8" class="1001" name="const_8">
<pin_list>
<pin id="9" dir="1" index="0" bw="1" slack="2147483647"/>
</pin_list>
<bind>
<StgValue><ssdm name="empty_10"/></StgValue>
</bind>
</comp>

<comp id="10" class="1001" name="const_10">
<pin_list>
<pin id="11" dir="1" index="0" bw="1" slack="2147483647"/>
</pin_list>
<bind>
<StgValue><ssdm name=""/></StgValue>
</bind>
</comp>

<comp id="12" class="1001" name="const_12">
<pin_list>
<pin id="13" dir="1" index="0" bw="1" slack="2147483647"/>
</pin_list>
<bind>
<StgValue><ssdm name="empty_9"/></StgValue>
</bind>
</comp>

<comp id="14" class="1001" name="const_14">
<pin_list>
<pin id="15" dir="1" index="0" bw="1" slack="2147483647"/>
</pin_list>
<bind>
<StgValue><ssdm name="empty_8"/></StgValue>
</bind>
</comp>

<comp id="16" class="1001" name="const_16">
<pin_list>
<pin id="17" dir="1" index="0" bw="1" slack="2147483647"/>
</pin_list>
<bind>
<StgValue><ssdm name="empty_7"/></StgValue>
</bind>
</comp>

<comp id="18" class="1001" name="const_18">
<pin_list>
<pin id="19" dir="1" index="0" bw="1" slack="2147483647"/>
</pin_list>
<bind>
<StgValue><ssdm name=""/></StgValue>
</bind>
</comp>

<comp id="20" class="1001" name="const_20">
<pin_list>
<pin id="21" dir="1" index="0" bw="1" slack="2147483647"/>
</pin_list>
<bind>
<StgValue><ssdm name=""/></StgValue>
</bind>
</comp>

<comp id="22" class="1001" name="const_22">
<pin_list>
<pin id="23" dir="1" index="0" bw="1" slack="0"/>
</pin_list>
<bind>
<StgValue><ssdm name="_ssdm_op_Read.ap_auto.i64"/></StgValue>
</bind>
</comp>

<comp id="24" class="1001" name="const_24">
<pin_list>
<pin id="25" dir="1" index="0" bw="1" slack="0"/>
</pin_list>
<bind>
<StgValue><ssdm name=""/></StgValue>
</bind>
</comp>

<comp id="26" class="1001" name="const_26">
<pin_list>
<pin id="27" dir="1" index="0" bw="1" slack="0"/>
</pin_list>
<bind>
<StgValue><ssdm name=""/></StgValue>
</bind>
</comp>

<comp id="28" class="1001" name="const_28">
<pin_list>
<pin id="29" dir="1" index="0" bw="1" slack="0"/>
</pin_list>
<bind>
<StgValue><ssdm name=""/></StgValue>
</bind>
</comp>

<comp id="30" class="1001" name="const_30">
<pin_list>
<pin id="31" dir="1" index="0" bw="1" slack="2147483647"/>
</pin_list>
<bind>
<StgValue><ssdm name="_ssdm_op_SpecLoopName"/></StgValue>
</bind>
</comp>

<comp id="32" class="1001" name="const_32">
<pin_list>
<pin id="33" dir="1" index="0" bw="1" slack="2147483647"/>
</pin_list>
<bind>
<StgValue><ssdm name="VITIS_LOOP_35_1_VITIS_LOOP_36_2_VITIS_LOOP_37_3_str"/></StgValue>
</bind>
</comp>

<comp id="34" class="1001" name="const_34">
<pin_list>
<pin id="35" dir="1" index="0" bw="1" slack="2147483647"/>
</pin_list>
<bind>
<StgValue><ssdm name="_ssdm_op_SpecLoopTripCount"/></StgValue>
</bind>
</comp>

<comp id="36" class="1001" name="const_36">
<pin_list>
<pin id="37" dir="1" index="0" bw="1" slack="2147483647"/>
</pin_list>
<bind>
<StgValue><ssdm name=""/></StgValue>
</bind>
</comp>

<comp id="38" class="1001" name="const_38">
<pin_list>
<pin id="39" dir="1" index="0" bw="1" slack="2147483647"/>
</pin_list>
<bind>
<StgValue><ssdm name="_ssdm_op_SpecPipeline"/></StgValue>
</bind>
</comp>

<comp id="40" class="1001" name="const_40">
<pin_list>
<pin id="41" dir="1" index="0" bw="1" slack="0"/>
</pin_list>
<bind>
<StgValue><ssdm name="_ssdm_op_Write.m_axi.p1i8"/></StgValue>
</bind>
</comp>

<comp id="42" class="1001" name="const_42">
<pin_list>
<pin id="43" dir="1" index="0" bw="1" slack="0"/>
</pin_list>
<bind>
<StgValue><ssdm name=""/></StgValue>
</bind>
</comp>

<comp id="44" class="1001" name="const_44">
<pin_list>
<pin id="45" dir="1" index="0" bw="1" slack="0"/>
</pin_list>
<bind>
<StgValue><ssdm name=""/></StgValue>
</bind>
</comp>

<comp id="46" class="1004" name="indvar_flatten10_fu_46">
<pin_list>
<pin id="47" dir="0" index="0" bw="1" slack="0"/>
<pin id="48" dir="1" index="1" bw="18" slack="0"/>
</pin_list>
<bind>
<opcode="alloca(26) " fcode="alloca"/>
<opset="indvar_flatten10/1 "/>
</bind>
</comp>

<comp id="50" class="1004" name="output_read_read_fu_50">
<pin_list>
<pin id="51" dir="0" index="0" bw="64" slack="0"/>
<pin id="52" dir="0" index="1" bw="64" slack="0"/>
<pin id="53" dir="1" index="2" bw="64" slack="0"/>
</pin_list>
<bind>
<opcode="read(1150) " fcode="read"/>
<opset="output_read/1 "/>
</bind>
</comp>

<comp id="56" class="1004" name="write_ln76_write_fu_56">
<pin_list>
<pin id="57" dir="0" index="0" bw="0" slack="0"/>
<pin id="58" dir="0" index="1" bw="8" slack="1"/>
<pin id="59" dir="0" index="2" bw="1" slack="0"/>
<pin id="60" dir="0" index="3" bw="1" slack="0"/>
<pin id="61" dir="1" index="4" bw="0" slack="2147483647"/>
</pin_list>
<bind>
<opcode="write(1151) " fcode="write"/>
<opset="write_ln76/2 "/>
</bind>
</comp>

<comp id="65" class="1004" name="store_ln0_store_fu_65">
<pin_list>
<pin id="66" dir="0" index="0" bw="1" slack="0"/>
<pin id="67" dir="0" index="1" bw="18" slack="0"/>
<pin id="68" dir="1" index="2" bw="0" slack="2147483647"/>
</pin_list>
<bind>
<opcode="store(28) " fcode="store"/>
<opset="store_ln0/1 "/>
</bind>
</comp>

<comp id="70" class="1004" name="indvar_flatten10_load_load_fu_70">
<pin_list>
<pin id="71" dir="0" index="0" bw="18" slack="0"/>
<pin id="72" dir="1" index="1" bw="18" slack="0"/>
</pin_list>
<bind>
<opcode="load(27) " fcode="load"/>
<opset="indvar_flatten10_load/1 "/>
</bind>
</comp>

<comp id="73" class="1004" name="icmp_ln35_fu_73">
<pin_list>
<pin id="74" dir="0" index="0" bw="18" slack="0"/>
<pin id="75" dir="0" index="1" bw="18" slack="0"/>
<pin id="76" dir="1" index="2" bw="1" slack="2147483647"/>
</pin_list>
<bind>
<opcode="icmp(45) " fcode="icmp"/>
<opset="icmp_ln35/1 "/>
</bind>
</comp>

<comp id="79" class="1004" name="add_ln35_fu_79">
<pin_list>
<pin id="80" dir="0" index="0" bw="18" slack="0"/>
<pin id="81" dir="0" index="1" bw="1" slack="0"/>
<pin id="82" dir="1" index="2" bw="18" slack="0"/>
</pin_list>
<bind>
<opcode="add(8) " fcode="add"/>
<opset="add_ln35/1 "/>
</bind>
</comp>

<comp id="85" class="1004" name="gmem_addr_fu_85">
<pin_list>
<pin id="86" dir="0" index="0" bw="64" slack="0"/>
<pin id="87" dir="0" index="1" bw="64" slack="0"/>
<pin id="88" dir="1" index="2" bw="64" slack="1"/>
</pin_list>
<bind>
<opcode="getelementptr(29) " fcode="getelementptr"/>
<opset="gmem_addr/1 "/>
</bind>
</comp>

<comp id="91" class="1004" name="store_ln35_store_fu_91">
<pin_list>
<pin id="92" dir="0" index="0" bw="18" slack="0"/>
<pin id="93" dir="0" index="1" bw="18" slack="0"/>
<pin id="94" dir="1" index="2" bw="0" slack="2147483647"/>
</pin_list>
<bind>
<opcode="store(28) " fcode="store"/>
<opset="store_ln35/1 "/>
</bind>
</comp>

<comp id="96" class="1005" name="indvar_flatten10_reg_96">
<pin_list>
<pin id="97" dir="0" index="0" bw="18" slack="0"/>
<pin id="98" dir="1" index="1" bw="18" slack="0"/>
</pin_list>
<bind>
<opset="indvar_flatten10 "/>
</bind>
</comp>

<comp id="106" class="1005" name="gmem_addr_reg_106">
<pin_list>
<pin id="107" dir="0" index="0" bw="8" slack="1"/>
<pin id="108" dir="1" index="1" bw="8" slack="1"/>
</pin_list>
<bind>
<opset="gmem_addr "/>
</bind>
</comp>

</comp_list>

<net_list>
<net id="49"><net_src comp="4" pin="0"/><net_sink comp="46" pin=0"/></net>

<net id="54"><net_src comp="22" pin="0"/><net_sink comp="50" pin=0"/></net>

<net id="55"><net_src comp="2" pin="0"/><net_sink comp="50" pin=1"/></net>

<net id="62"><net_src comp="40" pin="0"/><net_sink comp="56" pin=0"/></net>

<net id="63"><net_src comp="42" pin="0"/><net_sink comp="56" pin=2"/></net>

<net id="64"><net_src comp="44" pin="0"/><net_sink comp="56" pin=3"/></net>

<net id="69"><net_src comp="24" pin="0"/><net_sink comp="65" pin=0"/></net>

<net id="77"><net_src comp="70" pin="1"/><net_sink comp="73" pin=0"/></net>

<net id="78"><net_src comp="26" pin="0"/><net_sink comp="73" pin=1"/></net>

<net id="83"><net_src comp="70" pin="1"/><net_sink comp="79" pin=0"/></net>

<net id="84"><net_src comp="28" pin="0"/><net_sink comp="79" pin=1"/></net>

<net id="89"><net_src comp="0" pin="0"/><net_sink comp="85" pin=0"/></net>

<net id="90"><net_src comp="50" pin="2"/><net_sink comp="85" pin=1"/></net>

<net id="95"><net_src comp="79" pin="2"/><net_sink comp="91" pin=0"/></net>

<net id="99"><net_src comp="46" pin="1"/><net_sink comp="96" pin=0"/></net>

<net id="100"><net_src comp="96" pin="1"/><net_sink comp="65" pin=1"/></net>

<net id="101"><net_src comp="96" pin="1"/><net_sink comp="70" pin=0"/></net>

<net id="102"><net_src comp="96" pin="1"/><net_sink comp="91" pin=1"/></net>

<net id="109"><net_src comp="85" pin="2"/><net_sink comp="106" pin=0"/></net>

<net id="110"><net_src comp="106" pin="1"/><net_sink comp="56" pin=1"/></net>

</net_list>

</model> 
---------------- Datapath Model END ------------------

* FSMD analyzer results:
  - Output states:
	Port: gmem | {2 }
 - Input state : 
	Port: conv2d.2_Pipeline_VITIS_LOOP_35_1_VITIS_LOOP_36_2_VITIS_LOOP_37_3 : gmem | {}
	Port: conv2d.2_Pipeline_VITIS_LOOP_35_1_VITIS_LOOP_36_2_VITIS_LOOP_37_3 : output_r | {1 }
  - Chain level:
	State 1
		store_ln0 : 1
		indvar_flatten10_load : 1
		icmp_ln35 : 2
		add_ln35 : 2
		br_ln35 : 3
		store_ln35 : 3
	State 2


============================================================
+ Verbose Summary: Datapath Resource usage 
============================================================

* Functional unit list:
|----------|------------------------|---------|---------|
| Operation|     Functional Unit    |    FF   |   LUT   |
|----------|------------------------|---------|---------|
|   icmp   |     icmp_ln35_fu_73    |    0    |    25   |
|----------|------------------------|---------|---------|
|    add   |     add_ln35_fu_79     |    0    |    25   |
|----------|------------------------|---------|---------|
|   read   | output_read_read_fu_50 |    0    |    0    |
|----------|------------------------|---------|---------|
|   write  | write_ln76_write_fu_56 |    0    |    0    |
|----------|------------------------|---------|---------|
|   Total  |                        |    0    |    50   |
|----------|------------------------|---------|---------|

Memories:
N/A

* Register list:
+-----------------------+--------+
|                       |   FF   |
+-----------------------+--------+
|   gmem_addr_reg_106   |    8   |
|indvar_flatten10_reg_96|   18   |
+-----------------------+--------+
|         Total         |   26   |
+-----------------------+--------+

* Multiplexer (MUX) list: 
|--------|------|------|------|--------|
|  Comp  |  Pin | Size |  BW  | S x BW |
|--------|------|------|------|--------|
|  Total |      |      |      |    0   |
|--------|------|------|------|--------|



* Summary:
+-----------+--------+--------+
|           |   FF   |   LUT  |
+-----------+--------+--------+
|  Function |    0   |   50   |
|   Memory  |    -   |    -   |
|Multiplexer|    -   |    -   |
|  Register |   26   |    -   |
+-----------+--------+--------+
|   Total   |   26   |   50   |
+-----------+--------+--------+
