

================================================================
== Vitis HLS Report for 'conv_layer_1_Pipeline_VITIS_LOOP_96_13_VITIS_LOOP_97_14'
================================================================
* Date:           Wed Apr 29 12:17:24 2026

* Version:        2024.2 (Build 5238294 on Nov  8 2024)
* Project:        cnn_accel
* Solution:       solution1 (Vivado IP Flow Target)
* Product family: artix7
* Target device:  xc7a200t-sbg484-1


================================================================
== Performance Estimates
================================================================
+ Timing: 
    * Summary: 
    +--------+----------+----------+------------+
    |  Clock |  Target  | Estimated| Uncertainty|
    +--------+----------+----------+------------+
    |ap_clk  |  10.00 ns|  7.300 ns|     2.70 ns|
    +--------+----------+----------+------------+

+ Latency: 
    * Summary: 
    +---------+---------+-----------+-----------+------+------+------------------------------------------------+
    |  Latency (cycles) |   Latency (absolute)  |   Interval  |                    Pipeline                    |
    |   min   |   max   |    min    |    max    |  min |  max |                      Type                      |
    +---------+---------+-----------+-----------+------+------+------------------------------------------------+
    |     2060|     2060|  20.600 us|  20.600 us|  2056|  2056|  loop auto-rewind stp (delay=0 clock cycles(s))|
    +---------+---------+-----------+-----------+------+------+------------------------------------------------+

    + Detail: 
        * Instance: 
        N/A

        * Loop: 
        +-------------------------------------+---------+---------+----------+-----------+-----------+------+----------+
        |                                     |  Latency (cycles) | Iteration|  Initiation Interval  | Trip |          |
        |              Loop Name              |   min   |   max   |  Latency |  achieved |   target  | Count| Pipelined|
        +-------------------------------------+---------+---------+----------+-----------+-----------+------+----------+
        |- VITIS_LOOP_96_13_VITIS_LOOP_97_14  |     2058|     2058|        19|          8|          1|   256|       yes|
        +-------------------------------------+---------+---------+----------+-----------+-----------+------+----------+

============================================================
+ Verbose Summary: Synthesis Manager
============================================================
InlineROM: 1
ExposeGlobal: 0
============================================================
+ Verbose Summary: CDFG Model
============================================================
IsTopModel: 0
ResetActiveHigh: 1
IsCombinational: 0
IsDatapathOnly: 0
HasWiredReturn: 1
HasMFsm: 2
HasVarLatency: 1
IsPipeline: 0
IsRtlPipelined: 0
IsInstanceOverlapped: 0
IsDontTouch: 0
HasImplIP: 0
IsGatedGlobalClock: 0

+ Individual pipeline summary: 
  * Pipeline-0: initiation interval (II) = 8, depth = 19


============================================================
+ Verbose Summary: Schedule
============================================================
* Number of FSM states : 19
* Pipeline : 1
  Pipeline-0 : II = 8, D = 19, States = { 1 2 3 4 5 6 7 8 9 10 11 12 13 14 15 16 17 18 19 }
* Dataflow Pipeline: 0

* FSM state transitions: 
1 --> 2 
2 --> 3 
3 --> 4 
4 --> 5 
5 --> 6 
6 --> 7 
7 --> 8 
8 --> 9 
9 --> 10 
10 --> 11 
11 --> 12 
12 --> 13 
13 --> 14 
14 --> 15 
15 --> 16 
16 --> 17 
17 --> 18 
18 --> 19 
19 --> 

* FSM state operations: 

State 1 <SV = 0> <Delay = 6.29>
ST_1 : Operation 22 [1/1] (0.00ns)   --->   "%x = alloca i32 1" [cnn_accel.cpp:97]   --->   Operation 22 'alloca' 'x' <Predicate = true> <Delay = 0.00>
ST_1 : Operation 23 [1/1] (0.00ns)   --->   "%y = alloca i32 1" [cnn_accel.cpp:96]   --->   Operation 23 'alloca' 'y' <Predicate = true> <Delay = 0.00>
ST_1 : Operation 24 [1/1] (0.00ns)   --->   "%indvar_flatten10324 = alloca i32 1"   --->   Operation 24 'alloca' 'indvar_flatten10324' <Predicate = true> <Delay = 0.00>
ST_1 : Operation 25 [1/1] (0.00ns)   --->   "%input_read = read i64 @_ssdm_op_Read.ap_auto.i64, i64 %input_r"   --->   Operation 25 'read' 'input_read' <Predicate = true> <Delay = 0.00>
ST_1 : Operation 26 [1/1] (0.00ns)   --->   "%zext_ln37_read = read i5 @_ssdm_op_Read.ap_auto.i5, i5 %zext_ln37"   --->   Operation 26 'read' 'zext_ln37_read' <Predicate = true> <Delay = 0.00>
ST_1 : Operation 27 [1/1] (0.00ns)   --->   "%tx_read = read i31 @_ssdm_op_Read.ap_auto.i31, i31 %tx"   --->   Operation 27 'read' 'tx_read' <Predicate = true> <Delay = 0.00>
ST_1 : Operation 28 [1/1] (0.00ns)   --->   "%sext_ln37_read = read i32 @_ssdm_op_Read.ap_auto.i32, i32 %sext_ln37"   --->   Operation 28 'read' 'sext_ln37_read' <Predicate = true> <Delay = 0.00>
ST_1 : Operation 29 [1/1] (0.00ns)   --->   "%H_read = read i32 @_ssdm_op_Read.ap_auto.i32, i32 %H"   --->   Operation 29 'read' 'H_read' <Predicate = true> <Delay = 0.00>
ST_1 : Operation 30 [1/1] (0.00ns)   --->   "%ty_read = read i31 @_ssdm_op_Read.ap_auto.i31, i31 %ty"   --->   Operation 30 'read' 'ty_read' <Predicate = true> <Delay = 0.00>
ST_1 : Operation 31 [1/1] (0.00ns)   --->   "%tx_cast = zext i31 %tx_read"   --->   Operation 31 'zext' 'tx_cast' <Predicate = true> <Delay = 0.00>
ST_1 : Operation 32 [1/1] (0.00ns)   --->   "%sext_ln37_cast = sext i32 %sext_ln37_read"   --->   Operation 32 'sext' 'sext_ln37_cast' <Predicate = true> <Delay = 0.00>
ST_1 : Operation 33 [1/1] (0.00ns)   --->   "%ty_cast = zext i31 %ty_read"   --->   Operation 33 'zext' 'ty_cast' <Predicate = true> <Delay = 0.00>
ST_1 : Operation 34 [1/1] (0.00ns)   --->   "%specmemcore_ln0 = specmemcore void @_ssdm_op_SpecMemCore, i7 %tile_out, i64 666, i64 30, i64 18446744073709551615"   --->   Operation 34 'specmemcore' 'specmemcore_ln0' <Predicate = true> <Delay = 0.00>
ST_1 : Operation 35 [1/1] (0.00ns)   --->   "%specinterface_ln0 = specinterface void @_ssdm_op_SpecInterface, i8 %gmem, void @empty_15, i32 0, i32 0, void @empty_5, i32 0, i32 0, void @empty_4, void @empty_3, void @empty_5, i32 16, i32 16, i32 16, i32 16, void @empty_5, void @empty_5, i32 4294967295, i32 0, i32 0"   --->   Operation 35 'specinterface' 'specinterface_ln0' <Predicate = true> <Delay = 0.00>
ST_1 : Operation 36 [1/1] (1.61ns)   --->   "%store_ln0 = store i9 0, i9 %indvar_flatten10324"   --->   Operation 36 'store' 'store_ln0' <Predicate = true> <Delay = 1.61>
ST_1 : Operation 37 [1/1] (1.61ns)   --->   "%store_ln96 = store i5 0, i5 %y" [cnn_accel.cpp:96]   --->   Operation 37 'store' 'store_ln96' <Predicate = true> <Delay = 1.61>
ST_1 : Operation 38 [1/1] (1.61ns)   --->   "%store_ln97 = store i5 0, i5 %x" [cnn_accel.cpp:97]   --->   Operation 38 'store' 'store_ln97' <Predicate = true> <Delay = 1.61>
ST_1 : Operation 39 [1/1] (0.00ns)   --->   "%br_ln0 = br void %for.body142"   --->   Operation 39 'br' 'br_ln0' <Predicate = true> <Delay = 0.00>
ST_1 : Operation 40 [1/1] (0.00ns)   --->   "%indvar_flatten10324_load = load i9 %indvar_flatten10324" [cnn_accel.cpp:96]   --->   Operation 40 'load' 'indvar_flatten10324_load' <Predicate = true> <Delay = 0.00>
ST_1 : Operation 41 [1/1] (2.11ns)   --->   "%icmp_ln96 = icmp_eq  i9 %indvar_flatten10324_load, i9 256" [cnn_accel.cpp:96]   --->   Operation 41 'icmp' 'icmp_ln96' <Predicate = true> <Delay = 2.11> <CoreInst = "Cmp">   --->   Core 9 'Cmp' <Latency = 0> <II = 1> <Delay = 2.11> <FuncUnit> <Opcode : 'seteq' 'setne' 'setle' 'setge' 'setlt' 'setgt'> <InPorts = 2> <OutPorts = 1>
ST_1 : Operation 42 [1/1] (2.11ns)   --->   "%add_ln96_2 = add i9 %indvar_flatten10324_load, i9 1" [cnn_accel.cpp:96]   --->   Operation 42 'add' 'add_ln96_2' <Predicate = true> <Delay = 2.11> <CoreInst = "Adder">   --->   Core 1 'Adder' <Latency = 0> <II = 1> <Delay = 2.11> <FuncUnit> <Opcode : 'add' 'sub'> <InPorts = 2> <OutPorts = 1>
ST_1 : Operation 43 [1/1] (0.00ns)   --->   "%br_ln96 = br i1 %icmp_ln96, void %for.inc177, void %for.inc180.exitStub" [cnn_accel.cpp:96]   --->   Operation 43 'br' 'br_ln96' <Predicate = true> <Delay = 0.00>
ST_1 : Operation 44 [1/1] (0.00ns)   --->   "%x_load = load i5 %x" [cnn_accel.cpp:97]   --->   Operation 44 'load' 'x_load' <Predicate = (!icmp_ln96)> <Delay = 0.00>
ST_1 : Operation 45 [1/1] (0.00ns)   --->   "%y_load = load i5 %y" [cnn_accel.cpp:96]   --->   Operation 45 'load' 'y_load' <Predicate = (!icmp_ln96)> <Delay = 0.00>
ST_1 : Operation 46 [1/1] (1.86ns)   --->   "%add_ln96 = add i5 %y_load, i5 1" [cnn_accel.cpp:96]   --->   Operation 46 'add' 'add_ln96' <Predicate = (!icmp_ln96)> <Delay = 1.86> <CoreInst = "Adder">   --->   Core 1 'Adder' <Latency = 0> <II = 1> <Delay = 1.86> <FuncUnit> <Opcode : 'add' 'sub'> <InPorts = 2> <OutPorts = 1>
ST_1 : Operation 47 [1/1] (1.86ns)   --->   "%icmp_ln97 = icmp_eq  i5 %x_load, i5 16" [cnn_accel.cpp:97]   --->   Operation 47 'icmp' 'icmp_ln97' <Predicate = (!icmp_ln96)> <Delay = 1.86> <CoreInst = "Cmp">   --->   Core 9 'Cmp' <Latency = 0> <II = 1> <Delay = 1.86> <FuncUnit> <Opcode : 'seteq' 'setne' 'setle' 'setge' 'setlt' 'setgt'> <InPorts = 2> <OutPorts = 1>
ST_1 : Operation 48 [1/1] (1.21ns)   --->   "%select_ln96 = select i1 %icmp_ln97, i5 0, i5 %x_load" [cnn_accel.cpp:96]   --->   Operation 48 'select' 'select_ln96' <Predicate = (!icmp_ln96)> <Delay = 1.21> <CoreInst = "Sel">   --->   Core 73 'Sel' <Latency = 0> <II = 1> <Delay = 1.21> <FuncUnit> <Opcode : 'select'> <InPorts = 3> <OutPorts = 1>
ST_1 : Operation 49 [1/1] (1.21ns)   --->   "%select_ln96_2 = select i1 %icmp_ln97, i5 %add_ln96, i5 %y_load" [cnn_accel.cpp:96]   --->   Operation 49 'select' 'select_ln96_2' <Predicate = (!icmp_ln96)> <Delay = 1.21> <CoreInst = "Sel">   --->   Core 73 'Sel' <Latency = 0> <II = 1> <Delay = 1.21> <FuncUnit> <Opcode : 'select'> <InPorts = 3> <OutPorts = 1>
ST_1 : Operation 50 [1/1] (0.00ns)   --->   "%trunc_ln108 = trunc i5 %select_ln96_2" [cnn_accel.cpp:108]   --->   Operation 50 'trunc' 'trunc_ln108' <Predicate = (!icmp_ln96)> <Delay = 0.00>
ST_1 : Operation 51 [1/1] (1.61ns)   --->   "%store_ln96 = store i9 %add_ln96_2, i9 %indvar_flatten10324" [cnn_accel.cpp:96]   --->   Operation 51 'store' 'store_ln96' <Predicate = (!icmp_ln96)> <Delay = 1.61>
ST_1 : Operation 52 [1/1] (1.61ns)   --->   "%store_ln96 = store i5 %select_ln96_2, i5 %y" [cnn_accel.cpp:96]   --->   Operation 52 'store' 'store_ln96' <Predicate = (!icmp_ln96)> <Delay = 1.61>

State 2 <SV = 1> <Delay = 6.34>
ST_2 : Operation 53 [1/1] (0.00ns)   --->   "%tmp_s = bitconcatenate i8 @_ssdm_op_BitConcatenate.i8.i4.i4, i4 %trunc_ln108, i4 0" [cnn_accel.cpp:108]   --->   Operation 53 'bitconcatenate' 'tmp_s' <Predicate = (!icmp_ln96)> <Delay = 0.00>
ST_2 : Operation 54 [1/1] (0.00ns)   --->   "%zext_ln96 = zext i5 %select_ln96_2" [cnn_accel.cpp:96]   --->   Operation 54 'zext' 'zext_ln96' <Predicate = (!icmp_ln96)> <Delay = 0.00>
ST_2 : Operation 55 [1/1] (2.66ns)   --->   "%empty = add i32 %zext_ln96, i32 %ty_cast" [cnn_accel.cpp:96]   --->   Operation 55 'add' 'empty' <Predicate = (!icmp_ln96)> <Delay = 2.66> <CoreInst = "Adder">   --->   Core 1 'Adder' <Latency = 0> <II = 1> <Delay = 2.66> <FuncUnit> <Opcode : 'add' 'sub'> <InPorts = 2> <OutPorts = 1>
ST_2 : Operation 56 [1/1] (2.70ns)   --->   "%cmp147 = icmp_slt  i32 %empty, i32 %H_read" [cnn_accel.cpp:96]   --->   Operation 56 'icmp' 'cmp147' <Predicate = (!icmp_ln96)> <Delay = 2.70> <CoreInst = "Cmp">   --->   Core 9 'Cmp' <Latency = 0> <II = 1> <Delay = 2.70> <FuncUnit> <Opcode : 'seteq' 'setne' 'setle' 'setge' 'setlt' 'setgt'> <InPorts = 2> <OutPorts = 1>
ST_2 : Operation 57 [1/1] (0.00ns)   --->   "%zext_ln108 = zext i5 %select_ln96" [cnn_accel.cpp:108]   --->   Operation 57 'zext' 'zext_ln108' <Predicate = (!icmp_ln96)> <Delay = 0.00>
ST_2 : Operation 58 [1/1] (2.11ns)   --->   "%add_ln108 = add i8 %tmp_s, i8 %zext_ln108" [cnn_accel.cpp:108]   --->   Operation 58 'add' 'add_ln108' <Predicate = (!icmp_ln96)> <Delay = 2.11> <CoreInst = "Adder">   --->   Core 1 'Adder' <Latency = 0> <II = 1> <Delay = 2.11> <FuncUnit> <Opcode : 'add' 'sub'> <InPorts = 2> <OutPorts = 1>
ST_2 : Operation 59 [1/1] (0.00ns)   --->   "%tmp = bitconcatenate i11 @_ssdm_op_BitConcatenate.i11.i8.i3, i8 %add_ln108, i3 0" [cnn_accel.cpp:108]   --->   Operation 59 'bitconcatenate' 'tmp' <Predicate = (!icmp_ln96)> <Delay = 0.00>
ST_2 : Operation 60 [1/1] (0.00ns)   --->   "%zext_ln108_17 = zext i11 %tmp" [cnn_accel.cpp:108]   --->   Operation 60 'zext' 'zext_ln108_17' <Predicate = (!icmp_ln96)> <Delay = 0.00>
ST_2 : Operation 61 [1/1] (0.00ns)   --->   "%tile_out_addr = getelementptr i7 %tile_out, i64 0, i64 %zext_ln108_17" [cnn_accel.cpp:108]   --->   Operation 61 'getelementptr' 'tile_out_addr' <Predicate = (!icmp_ln96)> <Delay = 0.00>
ST_2 : Operation 62 [1/1] (0.00ns)   --->   "%tmp_1192 = bitconcatenate i11 @_ssdm_op_BitConcatenate.i11.i8.i3, i8 %add_ln108, i3 1" [cnn_accel.cpp:108]   --->   Operation 62 'bitconcatenate' 'tmp_1192' <Predicate = (!icmp_ln96)> <Delay = 0.00>
ST_2 : Operation 63 [1/1] (0.00ns)   --->   "%zext_ln108_18 = zext i11 %tmp_1192" [cnn_accel.cpp:108]   --->   Operation 63 'zext' 'zext_ln108_18' <Predicate = (!icmp_ln96)> <Delay = 0.00>
ST_2 : Operation 64 [1/1] (0.00ns)   --->   "%tile_out_addr_8 = getelementptr i7 %tile_out, i64 0, i64 %zext_ln108_18" [cnn_accel.cpp:108]   --->   Operation 64 'getelementptr' 'tile_out_addr_8' <Predicate = (!icmp_ln96)> <Delay = 0.00>
ST_2 : Operation 65 [1/1] (0.00ns)   --->   "%zext_ln97 = zext i5 %select_ln96" [cnn_accel.cpp:97]   --->   Operation 65 'zext' 'zext_ln97' <Predicate = (!icmp_ln96)> <Delay = 0.00>
ST_2 : Operation 66 [1/1] (2.66ns)   --->   "%add_ln101 = add i32 %zext_ln97, i32 %tx_cast" [cnn_accel.cpp:101]   --->   Operation 66 'add' 'add_ln101' <Predicate = (!icmp_ln96)> <Delay = 2.66> <CoreInst = "Adder">   --->   Core 1 'Adder' <Latency = 0> <II = 1> <Delay = 2.66> <FuncUnit> <Opcode : 'add' 'sub'> <InPorts = 2> <OutPorts = 1>
ST_2 : Operation 67 [1/1] (2.70ns)   --->   "%icmp_ln103 = icmp_slt  i32 %add_ln101, i32 %H_read" [cnn_accel.cpp:103]   --->   Operation 67 'icmp' 'icmp_ln103' <Predicate = (!icmp_ln96)> <Delay = 2.70> <CoreInst = "Cmp">   --->   Core 9 'Cmp' <Latency = 0> <II = 1> <Delay = 2.70> <FuncUnit> <Opcode : 'seteq' 'setne' 'setle' 'setge' 'setlt' 'setgt'> <InPorts = 2> <OutPorts = 1>
ST_2 : Operation 68 [1/1] (0.97ns)   --->   "%and_ln103 = and i1 %cmp147, i1 %icmp_ln103" [cnn_accel.cpp:103]   --->   Operation 68 'and' 'and_ln103' <Predicate = (!icmp_ln96)> <Delay = 0.97> <CoreInst = "LogicGate">   --->   Core 74 'LogicGate' <Latency = 0> <II = 1> <Delay = 0.97> <FuncUnit> <Opcode : 'and' 'or' 'xor'> <InPorts = 2> <OutPorts = 1>
ST_2 : Operation 69 [1/1] (0.00ns)   --->   "%br_ln103 = br i1 %and_ln103, void %for.inc174, void %VITIS_LOOP_106_15" [cnn_accel.cpp:103]   --->   Operation 69 'br' 'br_ln103' <Predicate = (!icmp_ln96)> <Delay = 0.00>
ST_2 : Operation 70 [2/2] (3.25ns)   --->   "%tile_out_load = load i11 %tile_out_addr" [cnn_accel.cpp:108]   --->   Operation 70 'load' 'tile_out_load' <Predicate = (!icmp_ln96 & and_ln103)> <Delay = 3.25> <CoreInst = "RAM_T2P_BRAM">   --->   Core 93 'RAM_T2P_BRAM' <Latency = 1> <II = 1> <Delay = 3.25> <Storage> <Opcode : 'load' 'store'> <Ports = 2> <Width = 7> <Depth = 2048> <RAM>
ST_2 : Operation 71 [2/2] (3.25ns)   --->   "%tile_out_load_8 = load i11 %tile_out_addr_8" [cnn_accel.cpp:108]   --->   Operation 71 'load' 'tile_out_load_8' <Predicate = (!icmp_ln96 & and_ln103)> <Delay = 3.25> <CoreInst = "RAM_T2P_BRAM">   --->   Core 93 'RAM_T2P_BRAM' <Latency = 1> <II = 1> <Delay = 3.25> <Storage> <Opcode : 'load' 'store'> <Ports = 2> <Width = 7> <Depth = 2048> <RAM>
ST_2 : Operation 72 [1/1] (1.86ns)   --->   "%add_ln97 = add i5 %select_ln96, i5 1" [cnn_accel.cpp:97]   --->   Operation 72 'add' 'add_ln97' <Predicate = (!icmp_ln96)> <Delay = 1.86> <CoreInst = "Adder">   --->   Core 1 'Adder' <Latency = 0> <II = 1> <Delay = 1.86> <FuncUnit> <Opcode : 'add' 'sub'> <InPorts = 2> <OutPorts = 1>
ST_2 : Operation 73 [1/1] (1.61ns)   --->   "%store_ln97 = store i5 %add_ln97, i5 %x" [cnn_accel.cpp:97]   --->   Operation 73 'store' 'store_ln97' <Predicate = (!icmp_ln96)> <Delay = 1.61>
ST_2 : Operation 74 [1/1] (0.00ns)   --->   "%br_ln97 = br void %for.body142" [cnn_accel.cpp:97]   --->   Operation 74 'br' 'br_ln97' <Predicate = (!icmp_ln96)> <Delay = 0.00>

State 3 <SV = 2> <Delay = 6.86>
ST_3 : Operation 75 [1/1] (0.00ns)   --->   "%p_cast150 = zext i32 %empty" [cnn_accel.cpp:96]   --->   Operation 75 'zext' 'p_cast150' <Predicate = (!icmp_ln96)> <Delay = 0.00>
ST_3 : Operation 76 [2/2] (6.86ns)   --->   "%empty_314 = mul i59 %p_cast150, i59 %sext_ln37_cast" [cnn_accel.cpp:96]   --->   Operation 76 'mul' 'empty_314' <Predicate = (!icmp_ln96)> <Delay = 6.86> <CoreInst = "Multiplier">   --->   Core 3 'Multiplier' <Latency = 1> <II = 1> <Delay = 6.86> <FuncUnit> <Opcode : 'mul'> <InPorts = 2> <OutPorts = 1>
ST_3 : Operation 77 [1/1] (0.00ns)   --->   "%tmp_1193 = bitconcatenate i11 @_ssdm_op_BitConcatenate.i11.i8.i3, i8 %add_ln108, i3 2" [cnn_accel.cpp:108]   --->   Operation 77 'bitconcatenate' 'tmp_1193' <Predicate = (!icmp_ln96)> <Delay = 0.00>
ST_3 : Operation 78 [1/1] (0.00ns)   --->   "%zext_ln108_19 = zext i11 %tmp_1193" [cnn_accel.cpp:108]   --->   Operation 78 'zext' 'zext_ln108_19' <Predicate = (!icmp_ln96)> <Delay = 0.00>
ST_3 : Operation 79 [1/1] (0.00ns)   --->   "%tile_out_addr_9 = getelementptr i7 %tile_out, i64 0, i64 %zext_ln108_19" [cnn_accel.cpp:108]   --->   Operation 79 'getelementptr' 'tile_out_addr_9' <Predicate = (!icmp_ln96)> <Delay = 0.00>
ST_3 : Operation 80 [1/1] (0.00ns)   --->   "%tmp_1194 = bitconcatenate i11 @_ssdm_op_BitConcatenate.i11.i8.i3, i8 %add_ln108, i3 3" [cnn_accel.cpp:108]   --->   Operation 80 'bitconcatenate' 'tmp_1194' <Predicate = (!icmp_ln96)> <Delay = 0.00>
ST_3 : Operation 81 [1/1] (0.00ns)   --->   "%zext_ln108_20 = zext i11 %tmp_1194" [cnn_accel.cpp:108]   --->   Operation 81 'zext' 'zext_ln108_20' <Predicate = (!icmp_ln96)> <Delay = 0.00>
ST_3 : Operation 82 [1/1] (0.00ns)   --->   "%tile_out_addr_10 = getelementptr i7 %tile_out, i64 0, i64 %zext_ln108_20" [cnn_accel.cpp:108]   --->   Operation 82 'getelementptr' 'tile_out_addr_10' <Predicate = (!icmp_ln96)> <Delay = 0.00>
ST_3 : Operation 83 [1/2] ( I:3.25ns O:3.25ns )   --->   "%tile_out_load = load i11 %tile_out_addr" [cnn_accel.cpp:108]   --->   Operation 83 'load' 'tile_out_load' <Predicate = (!icmp_ln96 & and_ln103)> <Delay = 3.25> <CoreInst = "RAM_T2P_BRAM">   --->   Core 93 'RAM_T2P_BRAM' <Latency = 1> <II = 1> <Delay = 3.25> <Storage> <Opcode : 'load' 'store'> <Ports = 2> <Width = 7> <Depth = 2048> <RAM>
ST_3 : Operation 84 [1/2] ( I:3.25ns O:3.25ns )   --->   "%tile_out_load_8 = load i11 %tile_out_addr_8" [cnn_accel.cpp:108]   --->   Operation 84 'load' 'tile_out_load_8' <Predicate = (!icmp_ln96 & and_ln103)> <Delay = 3.25> <CoreInst = "RAM_T2P_BRAM">   --->   Core 93 'RAM_T2P_BRAM' <Latency = 1> <II = 1> <Delay = 3.25> <Storage> <Opcode : 'load' 'store'> <Ports = 2> <Width = 7> <Depth = 2048> <RAM>
ST_3 : Operation 85 [2/2] (3.25ns)   --->   "%tile_out_load_9 = load i11 %tile_out_addr_9" [cnn_accel.cpp:108]   --->   Operation 85 'load' 'tile_out_load_9' <Predicate = (!icmp_ln96 & and_ln103)> <Delay = 3.25> <CoreInst = "RAM_T2P_BRAM">   --->   Core 93 'RAM_T2P_BRAM' <Latency = 1> <II = 1> <Delay = 3.25> <Storage> <Opcode : 'load' 'store'> <Ports = 2> <Width = 7> <Depth = 2048> <RAM>
ST_3 : Operation 86 [2/2] (3.25ns)   --->   "%tile_out_load_10 = load i11 %tile_out_addr_10" [cnn_accel.cpp:108]   --->   Operation 86 'load' 'tile_out_load_10' <Predicate = (!icmp_ln96 & and_ln103)> <Delay = 3.25> <CoreInst = "RAM_T2P_BRAM">   --->   Core 93 'RAM_T2P_BRAM' <Latency = 1> <II = 1> <Delay = 3.25> <Storage> <Opcode : 'load' 'store'> <Ports = 2> <Width = 7> <Depth = 2048> <RAM>

State 4 <SV = 3> <Delay = 6.86>
ST_4 : Operation 87 [1/2] (6.86ns)   --->   "%empty_314 = mul i59 %p_cast150, i59 %sext_ln37_cast" [cnn_accel.cpp:96]   --->   Operation 87 'mul' 'empty_314' <Predicate = (!icmp_ln96)> <Delay = 6.86> <CoreInst = "Multiplier">   --->   Core 3 'Multiplier' <Latency = 1> <II = 1> <Delay = 6.86> <FuncUnit> <Opcode : 'mul'> <InPorts = 2> <OutPorts = 1>
ST_4 : Operation 88 [1/1] (0.00ns)   --->   "%tmp_1195 = bitconcatenate i11 @_ssdm_op_BitConcatenate.i11.i8.i3, i8 %add_ln108, i3 4" [cnn_accel.cpp:108]   --->   Operation 88 'bitconcatenate' 'tmp_1195' <Predicate = (!icmp_ln96)> <Delay = 0.00>
ST_4 : Operation 89 [1/1] (0.00ns)   --->   "%zext_ln108_21 = zext i11 %tmp_1195" [cnn_accel.cpp:108]   --->   Operation 89 'zext' 'zext_ln108_21' <Predicate = (!icmp_ln96)> <Delay = 0.00>
ST_4 : Operation 90 [1/1] (0.00ns)   --->   "%tile_out_addr_11 = getelementptr i7 %tile_out, i64 0, i64 %zext_ln108_21" [cnn_accel.cpp:108]   --->   Operation 90 'getelementptr' 'tile_out_addr_11' <Predicate = (!icmp_ln96)> <Delay = 0.00>
ST_4 : Operation 91 [1/1] (0.00ns)   --->   "%tmp_1196 = bitconcatenate i11 @_ssdm_op_BitConcatenate.i11.i8.i3, i8 %add_ln108, i3 5" [cnn_accel.cpp:108]   --->   Operation 91 'bitconcatenate' 'tmp_1196' <Predicate = (!icmp_ln96)> <Delay = 0.00>
ST_4 : Operation 92 [1/1] (0.00ns)   --->   "%zext_ln108_22 = zext i11 %tmp_1196" [cnn_accel.cpp:108]   --->   Operation 92 'zext' 'zext_ln108_22' <Predicate = (!icmp_ln96)> <Delay = 0.00>
ST_4 : Operation 93 [1/1] (0.00ns)   --->   "%tile_out_addr_12 = getelementptr i7 %tile_out, i64 0, i64 %zext_ln108_22" [cnn_accel.cpp:108]   --->   Operation 93 'getelementptr' 'tile_out_addr_12' <Predicate = (!icmp_ln96)> <Delay = 0.00>
ST_4 : Operation 94 [1/2] ( I:3.25ns O:3.25ns )   --->   "%tile_out_load_9 = load i11 %tile_out_addr_9" [cnn_accel.cpp:108]   --->   Operation 94 'load' 'tile_out_load_9' <Predicate = (!icmp_ln96 & and_ln103)> <Delay = 3.25> <CoreInst = "RAM_T2P_BRAM">   --->   Core 93 'RAM_T2P_BRAM' <Latency = 1> <II = 1> <Delay = 3.25> <Storage> <Opcode : 'load' 'store'> <Ports = 2> <Width = 7> <Depth = 2048> <RAM>
ST_4 : Operation 95 [1/2] ( I:3.25ns O:3.25ns )   --->   "%tile_out_load_10 = load i11 %tile_out_addr_10" [cnn_accel.cpp:108]   --->   Operation 95 'load' 'tile_out_load_10' <Predicate = (!icmp_ln96 & and_ln103)> <Delay = 3.25> <CoreInst = "RAM_T2P_BRAM">   --->   Core 93 'RAM_T2P_BRAM' <Latency = 1> <II = 1> <Delay = 3.25> <Storage> <Opcode : 'load' 'store'> <Ports = 2> <Width = 7> <Depth = 2048> <RAM>
ST_4 : Operation 96 [2/2] (3.25ns)   --->   "%tile_out_load_11 = load i11 %tile_out_addr_11" [cnn_accel.cpp:108]   --->   Operation 96 'load' 'tile_out_load_11' <Predicate = (!icmp_ln96 & and_ln103)> <Delay = 3.25> <CoreInst = "RAM_T2P_BRAM">   --->   Core 93 'RAM_T2P_BRAM' <Latency = 1> <II = 1> <Delay = 3.25> <Storage> <Opcode : 'load' 'store'> <Ports = 2> <Width = 7> <Depth = 2048> <RAM>
ST_4 : Operation 97 [2/2] (3.25ns)   --->   "%tile_out_load_12 = load i11 %tile_out_addr_12" [cnn_accel.cpp:108]   --->   Operation 97 'load' 'tile_out_load_12' <Predicate = (!icmp_ln96 & and_ln103)> <Delay = 3.25> <CoreInst = "RAM_T2P_BRAM">   --->   Core 93 'RAM_T2P_BRAM' <Latency = 1> <II = 1> <Delay = 3.25> <Storage> <Opcode : 'load' 'store'> <Ports = 2> <Width = 7> <Depth = 2048> <RAM>

State 5 <SV = 4> <Delay = 6.98>
ST_5 : Operation 98 [1/1] (0.00ns)   --->   "%specloopname_ln0 = specloopname void @_ssdm_op_SpecLoopName, void @VITIS_LOOP_96_13_VITIS_LOOP_97_14_str"   --->   Operation 98 'specloopname' 'specloopname_ln0' <Predicate = (!icmp_ln96)> <Delay = 0.00>
ST_5 : Operation 99 [1/1] (0.00ns)   --->   "%speclooptripcount_ln0 = speclooptripcount void @_ssdm_op_SpecLoopTripCount, i64 256, i64 256, i64 256"   --->   Operation 99 'speclooptripcount' 'speclooptripcount_ln0' <Predicate = (!icmp_ln96)> <Delay = 0.00>
ST_5 : Operation 100 [1/1] (0.00ns)   --->   "%tmp_1197 = bitconcatenate i11 @_ssdm_op_BitConcatenate.i11.i8.i3, i8 %add_ln108, i3 6" [cnn_accel.cpp:108]   --->   Operation 100 'bitconcatenate' 'tmp_1197' <Predicate = (!icmp_ln96)> <Delay = 0.00>
ST_5 : Operation 101 [1/1] (0.00ns)   --->   "%zext_ln108_23 = zext i11 %tmp_1197" [cnn_accel.cpp:108]   --->   Operation 101 'zext' 'zext_ln108_23' <Predicate = (!icmp_ln96)> <Delay = 0.00>
ST_5 : Operation 102 [1/1] (0.00ns)   --->   "%tile_out_addr_13 = getelementptr i7 %tile_out, i64 0, i64 %zext_ln108_23" [cnn_accel.cpp:108]   --->   Operation 102 'getelementptr' 'tile_out_addr_13' <Predicate = (!icmp_ln96)> <Delay = 0.00>
ST_5 : Operation 103 [1/1] (0.00ns)   --->   "%tmp_1198 = bitconcatenate i11 @_ssdm_op_BitConcatenate.i11.i8.i3, i8 %add_ln108, i3 7" [cnn_accel.cpp:108]   --->   Operation 103 'bitconcatenate' 'tmp_1198' <Predicate = (!icmp_ln96)> <Delay = 0.00>
ST_5 : Operation 104 [1/1] (0.00ns)   --->   "%zext_ln108_24 = zext i11 %tmp_1198" [cnn_accel.cpp:108]   --->   Operation 104 'zext' 'zext_ln108_24' <Predicate = (!icmp_ln96)> <Delay = 0.00>
ST_5 : Operation 105 [1/1] (0.00ns)   --->   "%tile_out_addr_14 = getelementptr i7 %tile_out, i64 0, i64 %zext_ln108_24" [cnn_accel.cpp:108]   --->   Operation 105 'getelementptr' 'tile_out_addr_14' <Predicate = (!icmp_ln96)> <Delay = 0.00>
ST_5 : Operation 106 [1/1] (0.00ns)   --->   "%specpipeline_ln98 = specpipeline void @_ssdm_op_SpecPipeline, i32 1, i32 0, i32 0, i32 0, void @empty_5" [cnn_accel.cpp:98]   --->   Operation 106 'specpipeline' 'specpipeline_ln98' <Predicate = (!icmp_ln96)> <Delay = 0.00>
ST_5 : Operation 107 [1/1] (0.00ns)   --->   "%zext_ln103 = zext i32 %add_ln101" [cnn_accel.cpp:103]   --->   Operation 107 'zext' 'zext_ln103' <Predicate = (!icmp_ln96)> <Delay = 0.00>
ST_5 : Operation 108 [1/1] (3.42ns)   --->   "%add_ln104 = add i59 %zext_ln103, i59 %empty_314" [cnn_accel.cpp:104]   --->   Operation 108 'add' 'add_ln104' <Predicate = (!icmp_ln96 & and_ln103)> <Delay = 3.42> <CoreInst = "Adder">   --->   Core 1 'Adder' <Latency = 0> <II = 1> <Delay = 3.42> <FuncUnit> <Opcode : 'add' 'sub'> <InPorts = 2> <OutPorts = 1>
ST_5 : Operation 109 [1/1] (0.00ns)   --->   "%tmp_1182 = bitconcatenate i64 @_ssdm_op_BitConcatenate.i64.i59.i5, i59 %add_ln104, i5 %zext_ln37_read" [cnn_accel.cpp:104]   --->   Operation 109 'bitconcatenate' 'tmp_1182' <Predicate = (!icmp_ln96 & and_ln103)> <Delay = 0.00>
ST_5 : Operation 110 [1/1] (3.56ns)   --->   "%add_ln107 = add i64 %tmp_1182, i64 %input_read" [cnn_accel.cpp:107]   --->   Operation 110 'add' 'add_ln107' <Predicate = (!icmp_ln96 & and_ln103)> <Delay = 3.56> <CoreInst = "Adder">   --->   Core 1 'Adder' <Latency = 0> <II = 1> <Delay = 3.56> <FuncUnit> <Opcode : 'add' 'sub'> <InPorts = 2> <OutPorts = 1>
ST_5 : Operation 111 [1/1] (0.00ns)   --->   "%gmem_addr = getelementptr i8 %gmem, i64 %add_ln107" [cnn_accel.cpp:107]   --->   Operation 111 'getelementptr' 'gmem_addr' <Predicate = (!icmp_ln96 & and_ln103)> <Delay = 0.00>
ST_5 : Operation 112 [1/1] (0.00ns)   --->   "%tmp_1183 = partselect i4 @_ssdm_op_PartSelect.i4.i5.i32.i32, i5 %zext_ln37_read, i32 1, i32 4" [cnn_accel.cpp:107]   --->   Operation 112 'partselect' 'tmp_1183' <Predicate = (!icmp_ln96 & and_ln103)> <Delay = 0.00>
ST_5 : Operation 113 [1/1] (0.00ns)   --->   "%or_ln2 = bitconcatenate i64 @_ssdm_op_BitConcatenate.i64.i59.i4.i1, i59 %add_ln104, i4 %tmp_1183, i1 1" [cnn_accel.cpp:107]   --->   Operation 113 'bitconcatenate' 'or_ln2' <Predicate = (!icmp_ln96 & and_ln103)> <Delay = 0.00>
ST_5 : Operation 114 [1/1] (3.56ns)   --->   "%add_ln107_8 = add i64 %or_ln2, i64 %input_read" [cnn_accel.cpp:107]   --->   Operation 114 'add' 'add_ln107_8' <Predicate = (!icmp_ln96 & and_ln103)> <Delay = 3.56> <CoreInst = "Adder">   --->   Core 1 'Adder' <Latency = 0> <II = 1> <Delay = 3.56> <FuncUnit> <Opcode : 'add' 'sub'> <InPorts = 2> <OutPorts = 1>
ST_5 : Operation 115 [1/1] (0.00ns)   --->   "%gmem_addr_272 = getelementptr i8 %gmem, i64 %add_ln107_8" [cnn_accel.cpp:107]   --->   Operation 115 'getelementptr' 'gmem_addr_272' <Predicate = (!icmp_ln96 & and_ln103)> <Delay = 0.00>
ST_5 : Operation 116 [1/1] (0.00ns)   --->   "%tmp_1184 = partselect i3 @_ssdm_op_PartSelect.i3.i5.i32.i32, i5 %zext_ln37_read, i32 2, i32 4" [cnn_accel.cpp:107]   --->   Operation 116 'partselect' 'tmp_1184' <Predicate = (!icmp_ln96 & and_ln103)> <Delay = 0.00>
ST_5 : Operation 117 [1/1] (0.00ns)   --->   "%or_ln107_7 = bitconcatenate i64 @_ssdm_op_BitConcatenate.i64.i59.i3.i2, i59 %add_ln104, i3 %tmp_1184, i2 2" [cnn_accel.cpp:107]   --->   Operation 117 'bitconcatenate' 'or_ln107_7' <Predicate = (!icmp_ln96 & and_ln103)> <Delay = 0.00>
ST_5 : Operation 118 [1/1] (3.56ns)   --->   "%add_ln107_9 = add i64 %or_ln107_7, i64 %input_read" [cnn_accel.cpp:107]   --->   Operation 118 'add' 'add_ln107_9' <Predicate = (!icmp_ln96 & and_ln103)> <Delay = 3.56> <CoreInst = "Adder">   --->   Core 1 'Adder' <Latency = 0> <II = 1> <Delay = 3.56> <FuncUnit> <Opcode : 'add' 'sub'> <InPorts = 2> <OutPorts = 1>
ST_5 : Operation 119 [1/1] (0.00ns)   --->   "%gmem_addr_273 = getelementptr i8 %gmem, i64 %add_ln107_9" [cnn_accel.cpp:107]   --->   Operation 119 'getelementptr' 'gmem_addr_273' <Predicate = (!icmp_ln96 & and_ln103)> <Delay = 0.00>
ST_5 : Operation 120 [1/1] (0.00ns)   --->   "%or_ln107_8 = bitconcatenate i64 @_ssdm_op_BitConcatenate.i64.i59.i3.i2, i59 %add_ln104, i3 %tmp_1184, i2 3" [cnn_accel.cpp:107]   --->   Operation 120 'bitconcatenate' 'or_ln107_8' <Predicate = (!icmp_ln96 & and_ln103)> <Delay = 0.00>
ST_5 : Operation 121 [1/1] (3.56ns)   --->   "%add_ln107_10 = add i64 %or_ln107_8, i64 %input_read" [cnn_accel.cpp:107]   --->   Operation 121 'add' 'add_ln107_10' <Predicate = (!icmp_ln96 & and_ln103)> <Delay = 3.56> <CoreInst = "Adder">   --->   Core 1 'Adder' <Latency = 0> <II = 1> <Delay = 3.56> <FuncUnit> <Opcode : 'add' 'sub'> <InPorts = 2> <OutPorts = 1>
ST_5 : Operation 122 [1/1] (0.00ns)   --->   "%gmem_addr_274 = getelementptr i8 %gmem, i64 %add_ln107_10" [cnn_accel.cpp:107]   --->   Operation 122 'getelementptr' 'gmem_addr_274' <Predicate = (!icmp_ln96 & and_ln103)> <Delay = 0.00>
ST_5 : Operation 123 [1/2] ( I:3.25ns O:3.25ns )   --->   "%tile_out_load_11 = load i11 %tile_out_addr_11" [cnn_accel.cpp:108]   --->   Operation 123 'load' 'tile_out_load_11' <Predicate = (!icmp_ln96 & and_ln103)> <Delay = 3.25> <CoreInst = "RAM_T2P_BRAM">   --->   Core 93 'RAM_T2P_BRAM' <Latency = 1> <II = 1> <Delay = 3.25> <Storage> <Opcode : 'load' 'store'> <Ports = 2> <Width = 7> <Depth = 2048> <RAM>
ST_5 : Operation 124 [1/1] (0.00ns)   --->   "%tmp_1185 = partselect i2 @_ssdm_op_PartSelect.i2.i5.i32.i32, i5 %zext_ln37_read, i32 3, i32 4" [cnn_accel.cpp:107]   --->   Operation 124 'partselect' 'tmp_1185' <Predicate = (!icmp_ln96 & and_ln103)> <Delay = 0.00>
ST_5 : Operation 125 [1/1] (0.00ns)   --->   "%or_ln107_9 = bitconcatenate i64 @_ssdm_op_BitConcatenate.i64.i59.i2.i3, i59 %add_ln104, i2 %tmp_1185, i3 4" [cnn_accel.cpp:107]   --->   Operation 125 'bitconcatenate' 'or_ln107_9' <Predicate = (!icmp_ln96 & and_ln103)> <Delay = 0.00>
ST_5 : Operation 126 [1/1] (3.56ns)   --->   "%add_ln107_11 = add i64 %or_ln107_9, i64 %input_read" [cnn_accel.cpp:107]   --->   Operation 126 'add' 'add_ln107_11' <Predicate = (!icmp_ln96 & and_ln103)> <Delay = 3.56> <CoreInst = "Adder">   --->   Core 1 'Adder' <Latency = 0> <II = 1> <Delay = 3.56> <FuncUnit> <Opcode : 'add' 'sub'> <InPorts = 2> <OutPorts = 1>
ST_5 : Operation 127 [1/1] (0.00ns)   --->   "%gmem_addr_275 = getelementptr i8 %gmem, i64 %add_ln107_11" [cnn_accel.cpp:107]   --->   Operation 127 'getelementptr' 'gmem_addr_275' <Predicate = (!icmp_ln96 & and_ln103)> <Delay = 0.00>
ST_5 : Operation 128 [1/2] ( I:3.25ns O:3.25ns )   --->   "%tile_out_load_12 = load i11 %tile_out_addr_12" [cnn_accel.cpp:108]   --->   Operation 128 'load' 'tile_out_load_12' <Predicate = (!icmp_ln96 & and_ln103)> <Delay = 3.25> <CoreInst = "RAM_T2P_BRAM">   --->   Core 93 'RAM_T2P_BRAM' <Latency = 1> <II = 1> <Delay = 3.25> <Storage> <Opcode : 'load' 'store'> <Ports = 2> <Width = 7> <Depth = 2048> <RAM>
ST_5 : Operation 129 [1/1] (0.00ns)   --->   "%tmp_1186 = bitselect i1 @_ssdm_op_BitSelect.i1.i5.i32, i5 %zext_ln37_read, i32 1" [cnn_accel.cpp:107]   --->   Operation 129 'bitselect' 'tmp_1186' <Predicate = (!icmp_ln96 & and_ln103)> <Delay = 0.00>
ST_5 : Operation 130 [1/1] (0.00ns)   --->   "%or_ln107_s = bitconcatenate i64 @_ssdm_op_BitConcatenate.i64.i59.i2.i1.i1.i1, i59 %add_ln104, i2 %tmp_1185, i1 1, i1 %tmp_1186, i1 1" [cnn_accel.cpp:107]   --->   Operation 130 'bitconcatenate' 'or_ln107_s' <Predicate = (!icmp_ln96 & and_ln103)> <Delay = 0.00>
ST_5 : Operation 131 [1/1] (3.56ns)   --->   "%add_ln107_12 = add i64 %or_ln107_s, i64 %input_read" [cnn_accel.cpp:107]   --->   Operation 131 'add' 'add_ln107_12' <Predicate = (!icmp_ln96 & and_ln103)> <Delay = 3.56> <CoreInst = "Adder">   --->   Core 1 'Adder' <Latency = 0> <II = 1> <Delay = 3.56> <FuncUnit> <Opcode : 'add' 'sub'> <InPorts = 2> <OutPorts = 1>
ST_5 : Operation 132 [1/1] (0.00ns)   --->   "%gmem_addr_276 = getelementptr i8 %gmem, i64 %add_ln107_12" [cnn_accel.cpp:107]   --->   Operation 132 'getelementptr' 'gmem_addr_276' <Predicate = (!icmp_ln96 & and_ln103)> <Delay = 0.00>
ST_5 : Operation 133 [2/2] (3.25ns)   --->   "%tile_out_load_13 = load i11 %tile_out_addr_13" [cnn_accel.cpp:108]   --->   Operation 133 'load' 'tile_out_load_13' <Predicate = (!icmp_ln96 & and_ln103)> <Delay = 3.25> <CoreInst = "RAM_T2P_BRAM">   --->   Core 93 'RAM_T2P_BRAM' <Latency = 1> <II = 1> <Delay = 3.25> <Storage> <Opcode : 'load' 'store'> <Ports = 2> <Width = 7> <Depth = 2048> <RAM>
ST_5 : Operation 134 [1/1] (0.00ns)   --->   "%or_ln107_1 = bitconcatenate i64 @_ssdm_op_BitConcatenate.i64.i59.i2.i3, i59 %add_ln104, i2 %tmp_1185, i3 6" [cnn_accel.cpp:107]   --->   Operation 134 'bitconcatenate' 'or_ln107_1' <Predicate = (!icmp_ln96 & and_ln103)> <Delay = 0.00>
ST_5 : Operation 135 [1/1] (3.56ns)   --->   "%add_ln107_13 = add i64 %or_ln107_1, i64 %input_read" [cnn_accel.cpp:107]   --->   Operation 135 'add' 'add_ln107_13' <Predicate = (!icmp_ln96 & and_ln103)> <Delay = 3.56> <CoreInst = "Adder">   --->   Core 1 'Adder' <Latency = 0> <II = 1> <Delay = 3.56> <FuncUnit> <Opcode : 'add' 'sub'> <InPorts = 2> <OutPorts = 1>
ST_5 : Operation 136 [1/1] (0.00ns)   --->   "%gmem_addr_277 = getelementptr i8 %gmem, i64 %add_ln107_13" [cnn_accel.cpp:107]   --->   Operation 136 'getelementptr' 'gmem_addr_277' <Predicate = (!icmp_ln96 & and_ln103)> <Delay = 0.00>
ST_5 : Operation 137 [2/2] (3.25ns)   --->   "%tile_out_load_14 = load i11 %tile_out_addr_14" [cnn_accel.cpp:108]   --->   Operation 137 'load' 'tile_out_load_14' <Predicate = (!icmp_ln96 & and_ln103)> <Delay = 3.25> <CoreInst = "RAM_T2P_BRAM">   --->   Core 93 'RAM_T2P_BRAM' <Latency = 1> <II = 1> <Delay = 3.25> <Storage> <Opcode : 'load' 'store'> <Ports = 2> <Width = 7> <Depth = 2048> <RAM>
ST_5 : Operation 138 [1/1] (0.00ns)   --->   "%or_ln107_2 = bitconcatenate i64 @_ssdm_op_BitConcatenate.i64.i59.i2.i3, i59 %add_ln104, i2 %tmp_1185, i3 7" [cnn_accel.cpp:107]   --->   Operation 138 'bitconcatenate' 'or_ln107_2' <Predicate = (!icmp_ln96 & and_ln103)> <Delay = 0.00>
ST_5 : Operation 139 [1/1] (3.56ns)   --->   "%add_ln107_14 = add i64 %or_ln107_2, i64 %input_read" [cnn_accel.cpp:107]   --->   Operation 139 'add' 'add_ln107_14' <Predicate = (!icmp_ln96 & and_ln103)> <Delay = 3.56> <CoreInst = "Adder">   --->   Core 1 'Adder' <Latency = 0> <II = 1> <Delay = 3.56> <FuncUnit> <Opcode : 'add' 'sub'> <InPorts = 2> <OutPorts = 1>
ST_5 : Operation 140 [1/1] (0.00ns)   --->   "%gmem_addr_278 = getelementptr i8 %gmem, i64 %add_ln107_14" [cnn_accel.cpp:107]   --->   Operation 140 'getelementptr' 'gmem_addr_278' <Predicate = (!icmp_ln96 & and_ln103)> <Delay = 0.00>

State 6 <SV = 5> <Delay = 7.30>
ST_6 : Operation 141 [1/1] (7.30ns)   --->   "%gmem_addr_407_req = writereq i1 @_ssdm_op_WriteReq.m_axi.i8P1A, i8 %gmem_addr, i64 1" [cnn_accel.cpp:107]   --->   Operation 141 'writereq' 'gmem_addr_407_req' <Predicate = (!icmp_ln96 & and_ln103)> <Delay = 7.30> <CoreInst = "m_axi">   --->   Core 111 'm_axi' <Latency = 9> <II = 1> <Delay = 1.00> <Adapter> <Opcode : 'read' 'write' 'readreq' 'writereq' 'writeresp'>
ST_6 : Operation 142 [1/2] ( I:3.25ns O:3.25ns )   --->   "%tile_out_load_13 = load i11 %tile_out_addr_13" [cnn_accel.cpp:108]   --->   Operation 142 'load' 'tile_out_load_13' <Predicate = (!icmp_ln96 & and_ln103)> <Delay = 3.25> <CoreInst = "RAM_T2P_BRAM">   --->   Core 93 'RAM_T2P_BRAM' <Latency = 1> <II = 1> <Delay = 3.25> <Storage> <Opcode : 'load' 'store'> <Ports = 2> <Width = 7> <Depth = 2048> <RAM>
ST_6 : Operation 143 [1/2] ( I:3.25ns O:3.25ns )   --->   "%tile_out_load_14 = load i11 %tile_out_addr_14" [cnn_accel.cpp:108]   --->   Operation 143 'load' 'tile_out_load_14' <Predicate = (!icmp_ln96 & and_ln103)> <Delay = 3.25> <CoreInst = "RAM_T2P_BRAM">   --->   Core 93 'RAM_T2P_BRAM' <Latency = 1> <II = 1> <Delay = 3.25> <Storage> <Opcode : 'load' 'store'> <Ports = 2> <Width = 7> <Depth = 2048> <RAM>

State 7 <SV = 6> <Delay = 7.30>
ST_7 : Operation 144 [1/1] (0.00ns)   --->   "%zext_ln107 = zext i7 %tile_out_load" [cnn_accel.cpp:107]   --->   Operation 144 'zext' 'zext_ln107' <Predicate = (!icmp_ln96 & and_ln103)> <Delay = 0.00>
ST_7 : Operation 145 [1/1] (7.30ns)   --->   "%write_ln107 = write void @_ssdm_op_Write.m_axi.volatile.i8P1A, i8 %gmem_addr, i8 %zext_ln107, i1 1" [cnn_accel.cpp:107]   --->   Operation 145 'write' 'write_ln107' <Predicate = (!icmp_ln96 & and_ln103)> <Delay = 7.30> <CoreInst = "m_axi">   --->   Core 111 'm_axi' <Latency = 5> <II = 1> <Delay = 1.00> <Adapter> <Opcode : 'read' 'write' 'readreq' 'writereq' 'writeresp'>
ST_7 : Operation 146 [1/1] (7.30ns)   --->   "%gmem_addr_408_req = writereq i1 @_ssdm_op_WriteReq.m_axi.i8P1A, i8 %gmem_addr_272, i64 1" [cnn_accel.cpp:107]   --->   Operation 146 'writereq' 'gmem_addr_408_req' <Predicate = (!icmp_ln96 & and_ln103)> <Delay = 7.30> <CoreInst = "m_axi">   --->   Core 111 'm_axi' <Latency = 9> <II = 1> <Delay = 1.00> <Adapter> <Opcode : 'read' 'write' 'readreq' 'writereq' 'writeresp'>

State 8 <SV = 7> <Delay = 7.30>
ST_8 : Operation 147 [5/5] (7.30ns)   --->   "%gmem_addr_407_resp = writeresp i1 @_ssdm_op_WriteResp.m_axi.i8P1A, i8 %gmem_addr" [cnn_accel.cpp:107]   --->   Operation 147 'writeresp' 'gmem_addr_407_resp' <Predicate = (!icmp_ln96 & and_ln103)> <Delay = 7.30> <CoreInst = "m_axi">   --->   Core 111 'm_axi' <Latency = 3> <II = 1> <Delay = 1.00> <Adapter> <Opcode : 'read' 'write' 'readreq' 'writereq' 'writeresp'>
ST_8 : Operation 148 [1/1] (0.00ns)   --->   "%zext_ln107_8 = zext i7 %tile_out_load_8" [cnn_accel.cpp:107]   --->   Operation 148 'zext' 'zext_ln107_8' <Predicate = (!icmp_ln96 & and_ln103)> <Delay = 0.00>
ST_8 : Operation 149 [1/1] (7.30ns)   --->   "%write_ln107 = write void @_ssdm_op_Write.m_axi.volatile.i8P1A, i8 %gmem_addr_272, i8 %zext_ln107_8, i1 1" [cnn_accel.cpp:107]   --->   Operation 149 'write' 'write_ln107' <Predicate = (!icmp_ln96 & and_ln103)> <Delay = 7.30> <CoreInst = "m_axi">   --->   Core 111 'm_axi' <Latency = 5> <II = 1> <Delay = 1.00> <Adapter> <Opcode : 'read' 'write' 'readreq' 'writereq' 'writeresp'>
ST_8 : Operation 150 [1/1] (7.30ns)   --->   "%gmem_addr_409_req = writereq i1 @_ssdm_op_WriteReq.m_axi.i8P1A, i8 %gmem_addr_273, i64 1" [cnn_accel.cpp:107]   --->   Operation 150 'writereq' 'gmem_addr_409_req' <Predicate = (!icmp_ln96 & and_ln103)> <Delay = 7.30> <CoreInst = "m_axi">   --->   Core 111 'm_axi' <Latency = 9> <II = 1> <Delay = 1.00> <Adapter> <Opcode : 'read' 'write' 'readreq' 'writereq' 'writeresp'>

State 9 <SV = 8> <Delay = 7.30>
ST_9 : Operation 151 [4/5] (7.30ns)   --->   "%gmem_addr_407_resp = writeresp i1 @_ssdm_op_WriteResp.m_axi.i8P1A, i8 %gmem_addr" [cnn_accel.cpp:107]   --->   Operation 151 'writeresp' 'gmem_addr_407_resp' <Predicate = (and_ln103)> <Delay = 7.30> <CoreInst = "m_axi">   --->   Core 111 'm_axi' <Latency = 3> <II = 1> <Delay = 1.00> <Adapter> <Opcode : 'read' 'write' 'readreq' 'writereq' 'writeresp'>
ST_9 : Operation 152 [5/5] (7.30ns)   --->   "%gmem_addr_408_resp = writeresp i1 @_ssdm_op_WriteResp.m_axi.i8P1A, i8 %gmem_addr_272" [cnn_accel.cpp:107]   --->   Operation 152 'writeresp' 'gmem_addr_408_resp' <Predicate = (and_ln103)> <Delay = 7.30> <CoreInst = "m_axi">   --->   Core 111 'm_axi' <Latency = 3> <II = 1> <Delay = 1.00> <Adapter> <Opcode : 'read' 'write' 'readreq' 'writereq' 'writeresp'>
ST_9 : Operation 153 [1/1] (0.00ns)   --->   "%zext_ln107_9 = zext i7 %tile_out_load_9" [cnn_accel.cpp:107]   --->   Operation 153 'zext' 'zext_ln107_9' <Predicate = (and_ln103)> <Delay = 0.00>
ST_9 : Operation 154 [1/1] (7.30ns)   --->   "%write_ln107 = write void @_ssdm_op_Write.m_axi.volatile.i8P1A, i8 %gmem_addr_273, i8 %zext_ln107_9, i1 1" [cnn_accel.cpp:107]   --->   Operation 154 'write' 'write_ln107' <Predicate = (and_ln103)> <Delay = 7.30> <CoreInst = "m_axi">   --->   Core 111 'm_axi' <Latency = 5> <II = 1> <Delay = 1.00> <Adapter> <Opcode : 'read' 'write' 'readreq' 'writereq' 'writeresp'>
ST_9 : Operation 155 [1/1] (7.30ns)   --->   "%gmem_addr_410_req = writereq i1 @_ssdm_op_WriteReq.m_axi.i8P1A, i8 %gmem_addr_274, i64 1" [cnn_accel.cpp:107]   --->   Operation 155 'writereq' 'gmem_addr_410_req' <Predicate = (and_ln103)> <Delay = 7.30> <CoreInst = "m_axi">   --->   Core 111 'm_axi' <Latency = 9> <II = 1> <Delay = 1.00> <Adapter> <Opcode : 'read' 'write' 'readreq' 'writereq' 'writeresp'>

State 10 <SV = 9> <Delay = 7.30>
ST_10 : Operation 156 [3/5] (7.30ns)   --->   "%gmem_addr_407_resp = writeresp i1 @_ssdm_op_WriteResp.m_axi.i8P1A, i8 %gmem_addr" [cnn_accel.cpp:107]   --->   Operation 156 'writeresp' 'gmem_addr_407_resp' <Predicate = (and_ln103)> <Delay = 7.30> <CoreInst = "m_axi">   --->   Core 111 'm_axi' <Latency = 3> <II = 1> <Delay = 1.00> <Adapter> <Opcode : 'read' 'write' 'readreq' 'writereq' 'writeresp'>
ST_10 : Operation 157 [4/5] (7.30ns)   --->   "%gmem_addr_408_resp = writeresp i1 @_ssdm_op_WriteResp.m_axi.i8P1A, i8 %gmem_addr_272" [cnn_accel.cpp:107]   --->   Operation 157 'writeresp' 'gmem_addr_408_resp' <Predicate = (and_ln103)> <Delay = 7.30> <CoreInst = "m_axi">   --->   Core 111 'm_axi' <Latency = 3> <II = 1> <Delay = 1.00> <Adapter> <Opcode : 'read' 'write' 'readreq' 'writereq' 'writeresp'>
ST_10 : Operation 158 [5/5] (7.30ns)   --->   "%gmem_addr_409_resp = writeresp i1 @_ssdm_op_WriteResp.m_axi.i8P1A, i8 %gmem_addr_273" [cnn_accel.cpp:107]   --->   Operation 158 'writeresp' 'gmem_addr_409_resp' <Predicate = (and_ln103)> <Delay = 7.30> <CoreInst = "m_axi">   --->   Core 111 'm_axi' <Latency = 3> <II = 1> <Delay = 1.00> <Adapter> <Opcode : 'read' 'write' 'readreq' 'writereq' 'writeresp'>
ST_10 : Operation 159 [1/1] (0.00ns)   --->   "%zext_ln107_10 = zext i7 %tile_out_load_10" [cnn_accel.cpp:107]   --->   Operation 159 'zext' 'zext_ln107_10' <Predicate = (and_ln103)> <Delay = 0.00>
ST_10 : Operation 160 [1/1] (7.30ns)   --->   "%write_ln107 = write void @_ssdm_op_Write.m_axi.volatile.i8P1A, i8 %gmem_addr_274, i8 %zext_ln107_10, i1 1" [cnn_accel.cpp:107]   --->   Operation 160 'write' 'write_ln107' <Predicate = (and_ln103)> <Delay = 7.30> <CoreInst = "m_axi">   --->   Core 111 'm_axi' <Latency = 5> <II = 1> <Delay = 1.00> <Adapter> <Opcode : 'read' 'write' 'readreq' 'writereq' 'writeresp'>
ST_10 : Operation 161 [1/1] (7.30ns)   --->   "%gmem_addr_411_req = writereq i1 @_ssdm_op_WriteReq.m_axi.i8P1A, i8 %gmem_addr_275, i64 1" [cnn_accel.cpp:107]   --->   Operation 161 'writereq' 'gmem_addr_411_req' <Predicate = (and_ln103)> <Delay = 7.30> <CoreInst = "m_axi">   --->   Core 111 'm_axi' <Latency = 9> <II = 1> <Delay = 1.00> <Adapter> <Opcode : 'read' 'write' 'readreq' 'writereq' 'writeresp'>

State 11 <SV = 10> <Delay = 7.30>
ST_11 : Operation 162 [2/5] (7.30ns)   --->   "%gmem_addr_407_resp = writeresp i1 @_ssdm_op_WriteResp.m_axi.i8P1A, i8 %gmem_addr" [cnn_accel.cpp:107]   --->   Operation 162 'writeresp' 'gmem_addr_407_resp' <Predicate = (and_ln103)> <Delay = 7.30> <CoreInst = "m_axi">   --->   Core 111 'm_axi' <Latency = 3> <II = 1> <Delay = 1.00> <Adapter> <Opcode : 'read' 'write' 'readreq' 'writereq' 'writeresp'>
ST_11 : Operation 163 [3/5] (7.30ns)   --->   "%gmem_addr_408_resp = writeresp i1 @_ssdm_op_WriteResp.m_axi.i8P1A, i8 %gmem_addr_272" [cnn_accel.cpp:107]   --->   Operation 163 'writeresp' 'gmem_addr_408_resp' <Predicate = (and_ln103)> <Delay = 7.30> <CoreInst = "m_axi">   --->   Core 111 'm_axi' <Latency = 3> <II = 1> <Delay = 1.00> <Adapter> <Opcode : 'read' 'write' 'readreq' 'writereq' 'writeresp'>
ST_11 : Operation 164 [4/5] (7.30ns)   --->   "%gmem_addr_409_resp = writeresp i1 @_ssdm_op_WriteResp.m_axi.i8P1A, i8 %gmem_addr_273" [cnn_accel.cpp:107]   --->   Operation 164 'writeresp' 'gmem_addr_409_resp' <Predicate = (and_ln103)> <Delay = 7.30> <CoreInst = "m_axi">   --->   Core 111 'm_axi' <Latency = 3> <II = 1> <Delay = 1.00> <Adapter> <Opcode : 'read' 'write' 'readreq' 'writereq' 'writeresp'>
ST_11 : Operation 165 [5/5] (7.30ns)   --->   "%gmem_addr_410_resp = writeresp i1 @_ssdm_op_WriteResp.m_axi.i8P1A, i8 %gmem_addr_274" [cnn_accel.cpp:107]   --->   Operation 165 'writeresp' 'gmem_addr_410_resp' <Predicate = (and_ln103)> <Delay = 7.30> <CoreInst = "m_axi">   --->   Core 111 'm_axi' <Latency = 3> <II = 1> <Delay = 1.00> <Adapter> <Opcode : 'read' 'write' 'readreq' 'writereq' 'writeresp'>
ST_11 : Operation 166 [1/1] (0.00ns)   --->   "%zext_ln107_11 = zext i7 %tile_out_load_11" [cnn_accel.cpp:107]   --->   Operation 166 'zext' 'zext_ln107_11' <Predicate = (and_ln103)> <Delay = 0.00>
ST_11 : Operation 167 [1/1] (7.30ns)   --->   "%write_ln107 = write void @_ssdm_op_Write.m_axi.volatile.i8P1A, i8 %gmem_addr_275, i8 %zext_ln107_11, i1 1" [cnn_accel.cpp:107]   --->   Operation 167 'write' 'write_ln107' <Predicate = (and_ln103)> <Delay = 7.30> <CoreInst = "m_axi">   --->   Core 111 'm_axi' <Latency = 5> <II = 1> <Delay = 1.00> <Adapter> <Opcode : 'read' 'write' 'readreq' 'writereq' 'writeresp'>
ST_11 : Operation 168 [1/1] (7.30ns)   --->   "%gmem_addr_412_req = writereq i1 @_ssdm_op_WriteReq.m_axi.i8P1A, i8 %gmem_addr_276, i64 1" [cnn_accel.cpp:107]   --->   Operation 168 'writereq' 'gmem_addr_412_req' <Predicate = (and_ln103)> <Delay = 7.30> <CoreInst = "m_axi">   --->   Core 111 'm_axi' <Latency = 9> <II = 1> <Delay = 1.00> <Adapter> <Opcode : 'read' 'write' 'readreq' 'writereq' 'writeresp'>
ST_11 : Operation 208 [1/1] (1.61ns)   --->   "%ret_ln0 = ret"   --->   Operation 208 'ret' 'ret_ln0' <Predicate = (icmp_ln96)> <Delay = 1.61>

State 12 <SV = 11> <Delay = 7.30>
ST_12 : Operation 169 [1/5] (7.30ns)   --->   "%gmem_addr_407_resp = writeresp i1 @_ssdm_op_WriteResp.m_axi.i8P1A, i8 %gmem_addr" [cnn_accel.cpp:107]   --->   Operation 169 'writeresp' 'gmem_addr_407_resp' <Predicate = (and_ln103)> <Delay = 7.30> <CoreInst = "m_axi">   --->   Core 111 'm_axi' <Latency = 3> <II = 1> <Delay = 1.00> <Adapter> <Opcode : 'read' 'write' 'readreq' 'writereq' 'writeresp'>
ST_12 : Operation 170 [2/5] (7.30ns)   --->   "%gmem_addr_408_resp = writeresp i1 @_ssdm_op_WriteResp.m_axi.i8P1A, i8 %gmem_addr_272" [cnn_accel.cpp:107]   --->   Operation 170 'writeresp' 'gmem_addr_408_resp' <Predicate = (and_ln103)> <Delay = 7.30> <CoreInst = "m_axi">   --->   Core 111 'm_axi' <Latency = 3> <II = 1> <Delay = 1.00> <Adapter> <Opcode : 'read' 'write' 'readreq' 'writereq' 'writeresp'>
ST_12 : Operation 171 [3/5] (7.30ns)   --->   "%gmem_addr_409_resp = writeresp i1 @_ssdm_op_WriteResp.m_axi.i8P1A, i8 %gmem_addr_273" [cnn_accel.cpp:107]   --->   Operation 171 'writeresp' 'gmem_addr_409_resp' <Predicate = (and_ln103)> <Delay = 7.30> <CoreInst = "m_axi">   --->   Core 111 'm_axi' <Latency = 3> <II = 1> <Delay = 1.00> <Adapter> <Opcode : 'read' 'write' 'readreq' 'writereq' 'writeresp'>
ST_12 : Operation 172 [4/5] (7.30ns)   --->   "%gmem_addr_410_resp = writeresp i1 @_ssdm_op_WriteResp.m_axi.i8P1A, i8 %gmem_addr_274" [cnn_accel.cpp:107]   --->   Operation 172 'writeresp' 'gmem_addr_410_resp' <Predicate = (and_ln103)> <Delay = 7.30> <CoreInst = "m_axi">   --->   Core 111 'm_axi' <Latency = 3> <II = 1> <Delay = 1.00> <Adapter> <Opcode : 'read' 'write' 'readreq' 'writereq' 'writeresp'>
ST_12 : Operation 173 [5/5] (7.30ns)   --->   "%gmem_addr_411_resp = writeresp i1 @_ssdm_op_WriteResp.m_axi.i8P1A, i8 %gmem_addr_275" [cnn_accel.cpp:107]   --->   Operation 173 'writeresp' 'gmem_addr_411_resp' <Predicate = (and_ln103)> <Delay = 7.30> <CoreInst = "m_axi">   --->   Core 111 'm_axi' <Latency = 3> <II = 1> <Delay = 1.00> <Adapter> <Opcode : 'read' 'write' 'readreq' 'writereq' 'writeresp'>
ST_12 : Operation 174 [1/1] (0.00ns)   --->   "%zext_ln107_12 = zext i7 %tile_out_load_12" [cnn_accel.cpp:107]   --->   Operation 174 'zext' 'zext_ln107_12' <Predicate = (and_ln103)> <Delay = 0.00>
ST_12 : Operation 175 [1/1] (7.30ns)   --->   "%write_ln107 = write void @_ssdm_op_Write.m_axi.volatile.i8P1A, i8 %gmem_addr_276, i8 %zext_ln107_12, i1 1" [cnn_accel.cpp:107]   --->   Operation 175 'write' 'write_ln107' <Predicate = (and_ln103)> <Delay = 7.30> <CoreInst = "m_axi">   --->   Core 111 'm_axi' <Latency = 5> <II = 1> <Delay = 1.00> <Adapter> <Opcode : 'read' 'write' 'readreq' 'writereq' 'writeresp'>
ST_12 : Operation 176 [1/1] (7.30ns)   --->   "%gmem_addr_413_req = writereq i1 @_ssdm_op_WriteReq.m_axi.i8P1A, i8 %gmem_addr_277, i64 1" [cnn_accel.cpp:107]   --->   Operation 176 'writereq' 'gmem_addr_413_req' <Predicate = (and_ln103)> <Delay = 7.30> <CoreInst = "m_axi">   --->   Core 111 'm_axi' <Latency = 9> <II = 1> <Delay = 1.00> <Adapter> <Opcode : 'read' 'write' 'readreq' 'writereq' 'writeresp'>

State 13 <SV = 12> <Delay = 7.30>
ST_13 : Operation 177 [1/5] (7.30ns)   --->   "%gmem_addr_408_resp = writeresp i1 @_ssdm_op_WriteResp.m_axi.i8P1A, i8 %gmem_addr_272" [cnn_accel.cpp:107]   --->   Operation 177 'writeresp' 'gmem_addr_408_resp' <Predicate = (and_ln103)> <Delay = 7.30> <CoreInst = "m_axi">   --->   Core 111 'm_axi' <Latency = 3> <II = 1> <Delay = 1.00> <Adapter> <Opcode : 'read' 'write' 'readreq' 'writereq' 'writeresp'>
ST_13 : Operation 178 [2/5] (7.30ns)   --->   "%gmem_addr_409_resp = writeresp i1 @_ssdm_op_WriteResp.m_axi.i8P1A, i8 %gmem_addr_273" [cnn_accel.cpp:107]   --->   Operation 178 'writeresp' 'gmem_addr_409_resp' <Predicate = (and_ln103)> <Delay = 7.30> <CoreInst = "m_axi">   --->   Core 111 'm_axi' <Latency = 3> <II = 1> <Delay = 1.00> <Adapter> <Opcode : 'read' 'write' 'readreq' 'writereq' 'writeresp'>
ST_13 : Operation 179 [3/5] (7.30ns)   --->   "%gmem_addr_410_resp = writeresp i1 @_ssdm_op_WriteResp.m_axi.i8P1A, i8 %gmem_addr_274" [cnn_accel.cpp:107]   --->   Operation 179 'writeresp' 'gmem_addr_410_resp' <Predicate = (and_ln103)> <Delay = 7.30> <CoreInst = "m_axi">   --->   Core 111 'm_axi' <Latency = 3> <II = 1> <Delay = 1.00> <Adapter> <Opcode : 'read' 'write' 'readreq' 'writereq' 'writeresp'>
ST_13 : Operation 180 [4/5] (7.30ns)   --->   "%gmem_addr_411_resp = writeresp i1 @_ssdm_op_WriteResp.m_axi.i8P1A, i8 %gmem_addr_275" [cnn_accel.cpp:107]   --->   Operation 180 'writeresp' 'gmem_addr_411_resp' <Predicate = (and_ln103)> <Delay = 7.30> <CoreInst = "m_axi">   --->   Core 111 'm_axi' <Latency = 3> <II = 1> <Delay = 1.00> <Adapter> <Opcode : 'read' 'write' 'readreq' 'writereq' 'writeresp'>
ST_13 : Operation 181 [5/5] (7.30ns)   --->   "%gmem_addr_412_resp = writeresp i1 @_ssdm_op_WriteResp.m_axi.i8P1A, i8 %gmem_addr_276" [cnn_accel.cpp:107]   --->   Operation 181 'writeresp' 'gmem_addr_412_resp' <Predicate = (and_ln103)> <Delay = 7.30> <CoreInst = "m_axi">   --->   Core 111 'm_axi' <Latency = 3> <II = 1> <Delay = 1.00> <Adapter> <Opcode : 'read' 'write' 'readreq' 'writereq' 'writeresp'>
ST_13 : Operation 182 [1/1] (0.00ns)   --->   "%zext_ln107_13 = zext i7 %tile_out_load_13" [cnn_accel.cpp:107]   --->   Operation 182 'zext' 'zext_ln107_13' <Predicate = (and_ln103)> <Delay = 0.00>
ST_13 : Operation 183 [1/1] (7.30ns)   --->   "%write_ln107 = write void @_ssdm_op_Write.m_axi.volatile.i8P1A, i8 %gmem_addr_277, i8 %zext_ln107_13, i1 1" [cnn_accel.cpp:107]   --->   Operation 183 'write' 'write_ln107' <Predicate = (and_ln103)> <Delay = 7.30> <CoreInst = "m_axi">   --->   Core 111 'm_axi' <Latency = 5> <II = 1> <Delay = 1.00> <Adapter> <Opcode : 'read' 'write' 'readreq' 'writereq' 'writeresp'>
ST_13 : Operation 184 [1/1] (7.30ns)   --->   "%gmem_addr_414_req = writereq i1 @_ssdm_op_WriteReq.m_axi.i8P1A, i8 %gmem_addr_278, i64 1" [cnn_accel.cpp:107]   --->   Operation 184 'writereq' 'gmem_addr_414_req' <Predicate = (and_ln103)> <Delay = 7.30> <CoreInst = "m_axi">   --->   Core 111 'm_axi' <Latency = 9> <II = 1> <Delay = 1.00> <Adapter> <Opcode : 'read' 'write' 'readreq' 'writereq' 'writeresp'>

State 14 <SV = 13> <Delay = 7.30>
ST_14 : Operation 185 [1/5] (7.30ns)   --->   "%gmem_addr_409_resp = writeresp i1 @_ssdm_op_WriteResp.m_axi.i8P1A, i8 %gmem_addr_273" [cnn_accel.cpp:107]   --->   Operation 185 'writeresp' 'gmem_addr_409_resp' <Predicate = (and_ln103)> <Delay = 7.30> <CoreInst = "m_axi">   --->   Core 111 'm_axi' <Latency = 3> <II = 1> <Delay = 1.00> <Adapter> <Opcode : 'read' 'write' 'readreq' 'writereq' 'writeresp'>
ST_14 : Operation 186 [2/5] (7.30ns)   --->   "%gmem_addr_410_resp = writeresp i1 @_ssdm_op_WriteResp.m_axi.i8P1A, i8 %gmem_addr_274" [cnn_accel.cpp:107]   --->   Operation 186 'writeresp' 'gmem_addr_410_resp' <Predicate = (and_ln103)> <Delay = 7.30> <CoreInst = "m_axi">   --->   Core 111 'm_axi' <Latency = 3> <II = 1> <Delay = 1.00> <Adapter> <Opcode : 'read' 'write' 'readreq' 'writereq' 'writeresp'>
ST_14 : Operation 187 [3/5] (7.30ns)   --->   "%gmem_addr_411_resp = writeresp i1 @_ssdm_op_WriteResp.m_axi.i8P1A, i8 %gmem_addr_275" [cnn_accel.cpp:107]   --->   Operation 187 'writeresp' 'gmem_addr_411_resp' <Predicate = (and_ln103)> <Delay = 7.30> <CoreInst = "m_axi">   --->   Core 111 'm_axi' <Latency = 3> <II = 1> <Delay = 1.00> <Adapter> <Opcode : 'read' 'write' 'readreq' 'writereq' 'writeresp'>
ST_14 : Operation 188 [4/5] (7.30ns)   --->   "%gmem_addr_412_resp = writeresp i1 @_ssdm_op_WriteResp.m_axi.i8P1A, i8 %gmem_addr_276" [cnn_accel.cpp:107]   --->   Operation 188 'writeresp' 'gmem_addr_412_resp' <Predicate = (and_ln103)> <Delay = 7.30> <CoreInst = "m_axi">   --->   Core 111 'm_axi' <Latency = 3> <II = 1> <Delay = 1.00> <Adapter> <Opcode : 'read' 'write' 'readreq' 'writereq' 'writeresp'>
ST_14 : Operation 189 [5/5] (7.30ns)   --->   "%gmem_addr_413_resp = writeresp i1 @_ssdm_op_WriteResp.m_axi.i8P1A, i8 %gmem_addr_277" [cnn_accel.cpp:107]   --->   Operation 189 'writeresp' 'gmem_addr_413_resp' <Predicate = (and_ln103)> <Delay = 7.30> <CoreInst = "m_axi">   --->   Core 111 'm_axi' <Latency = 3> <II = 1> <Delay = 1.00> <Adapter> <Opcode : 'read' 'write' 'readreq' 'writereq' 'writeresp'>
ST_14 : Operation 190 [1/1] (0.00ns)   --->   "%zext_ln107_14 = zext i7 %tile_out_load_14" [cnn_accel.cpp:107]   --->   Operation 190 'zext' 'zext_ln107_14' <Predicate = (and_ln103)> <Delay = 0.00>
ST_14 : Operation 191 [1/1] (7.30ns)   --->   "%write_ln107 = write void @_ssdm_op_Write.m_axi.volatile.i8P1A, i8 %gmem_addr_278, i8 %zext_ln107_14, i1 1" [cnn_accel.cpp:107]   --->   Operation 191 'write' 'write_ln107' <Predicate = (and_ln103)> <Delay = 7.30> <CoreInst = "m_axi">   --->   Core 111 'm_axi' <Latency = 5> <II = 1> <Delay = 1.00> <Adapter> <Opcode : 'read' 'write' 'readreq' 'writereq' 'writeresp'>

State 15 <SV = 14> <Delay = 7.30>
ST_15 : Operation 192 [1/5] (7.30ns)   --->   "%gmem_addr_410_resp = writeresp i1 @_ssdm_op_WriteResp.m_axi.i8P1A, i8 %gmem_addr_274" [cnn_accel.cpp:107]   --->   Operation 192 'writeresp' 'gmem_addr_410_resp' <Predicate = (and_ln103)> <Delay = 7.30> <CoreInst = "m_axi">   --->   Core 111 'm_axi' <Latency = 3> <II = 1> <Delay = 1.00> <Adapter> <Opcode : 'read' 'write' 'readreq' 'writereq' 'writeresp'>
ST_15 : Operation 193 [2/5] (7.30ns)   --->   "%gmem_addr_411_resp = writeresp i1 @_ssdm_op_WriteResp.m_axi.i8P1A, i8 %gmem_addr_275" [cnn_accel.cpp:107]   --->   Operation 193 'writeresp' 'gmem_addr_411_resp' <Predicate = (and_ln103)> <Delay = 7.30> <CoreInst = "m_axi">   --->   Core 111 'm_axi' <Latency = 3> <II = 1> <Delay = 1.00> <Adapter> <Opcode : 'read' 'write' 'readreq' 'writereq' 'writeresp'>
ST_15 : Operation 194 [3/5] (7.30ns)   --->   "%gmem_addr_412_resp = writeresp i1 @_ssdm_op_WriteResp.m_axi.i8P1A, i8 %gmem_addr_276" [cnn_accel.cpp:107]   --->   Operation 194 'writeresp' 'gmem_addr_412_resp' <Predicate = (and_ln103)> <Delay = 7.30> <CoreInst = "m_axi">   --->   Core 111 'm_axi' <Latency = 3> <II = 1> <Delay = 1.00> <Adapter> <Opcode : 'read' 'write' 'readreq' 'writereq' 'writeresp'>
ST_15 : Operation 195 [4/5] (7.30ns)   --->   "%gmem_addr_413_resp = writeresp i1 @_ssdm_op_WriteResp.m_axi.i8P1A, i8 %gmem_addr_277" [cnn_accel.cpp:107]   --->   Operation 195 'writeresp' 'gmem_addr_413_resp' <Predicate = (and_ln103)> <Delay = 7.30> <CoreInst = "m_axi">   --->   Core 111 'm_axi' <Latency = 3> <II = 1> <Delay = 1.00> <Adapter> <Opcode : 'read' 'write' 'readreq' 'writereq' 'writeresp'>
ST_15 : Operation 196 [5/5] (7.30ns)   --->   "%gmem_addr_414_resp = writeresp i1 @_ssdm_op_WriteResp.m_axi.i8P1A, i8 %gmem_addr_278" [cnn_accel.cpp:107]   --->   Operation 196 'writeresp' 'gmem_addr_414_resp' <Predicate = (and_ln103)> <Delay = 7.30> <CoreInst = "m_axi">   --->   Core 111 'm_axi' <Latency = 3> <II = 1> <Delay = 1.00> <Adapter> <Opcode : 'read' 'write' 'readreq' 'writereq' 'writeresp'>

State 16 <SV = 15> <Delay = 7.30>
ST_16 : Operation 197 [1/5] (7.30ns)   --->   "%gmem_addr_411_resp = writeresp i1 @_ssdm_op_WriteResp.m_axi.i8P1A, i8 %gmem_addr_275" [cnn_accel.cpp:107]   --->   Operation 197 'writeresp' 'gmem_addr_411_resp' <Predicate = (and_ln103)> <Delay = 7.30> <CoreInst = "m_axi">   --->   Core 111 'm_axi' <Latency = 3> <II = 1> <Delay = 1.00> <Adapter> <Opcode : 'read' 'write' 'readreq' 'writereq' 'writeresp'>
ST_16 : Operation 198 [2/5] (7.30ns)   --->   "%gmem_addr_412_resp = writeresp i1 @_ssdm_op_WriteResp.m_axi.i8P1A, i8 %gmem_addr_276" [cnn_accel.cpp:107]   --->   Operation 198 'writeresp' 'gmem_addr_412_resp' <Predicate = (and_ln103)> <Delay = 7.30> <CoreInst = "m_axi">   --->   Core 111 'm_axi' <Latency = 3> <II = 1> <Delay = 1.00> <Adapter> <Opcode : 'read' 'write' 'readreq' 'writereq' 'writeresp'>
ST_16 : Operation 199 [3/5] (7.30ns)   --->   "%gmem_addr_413_resp = writeresp i1 @_ssdm_op_WriteResp.m_axi.i8P1A, i8 %gmem_addr_277" [cnn_accel.cpp:107]   --->   Operation 199 'writeresp' 'gmem_addr_413_resp' <Predicate = (and_ln103)> <Delay = 7.30> <CoreInst = "m_axi">   --->   Core 111 'm_axi' <Latency = 3> <II = 1> <Delay = 1.00> <Adapter> <Opcode : 'read' 'write' 'readreq' 'writereq' 'writeresp'>
ST_16 : Operation 200 [4/5] (7.30ns)   --->   "%gmem_addr_414_resp = writeresp i1 @_ssdm_op_WriteResp.m_axi.i8P1A, i8 %gmem_addr_278" [cnn_accel.cpp:107]   --->   Operation 200 'writeresp' 'gmem_addr_414_resp' <Predicate = (and_ln103)> <Delay = 7.30> <CoreInst = "m_axi">   --->   Core 111 'm_axi' <Latency = 3> <II = 1> <Delay = 1.00> <Adapter> <Opcode : 'read' 'write' 'readreq' 'writereq' 'writeresp'>

State 17 <SV = 16> <Delay = 7.30>
ST_17 : Operation 201 [1/5] (7.30ns)   --->   "%gmem_addr_412_resp = writeresp i1 @_ssdm_op_WriteResp.m_axi.i8P1A, i8 %gmem_addr_276" [cnn_accel.cpp:107]   --->   Operation 201 'writeresp' 'gmem_addr_412_resp' <Predicate = (and_ln103)> <Delay = 7.30> <CoreInst = "m_axi">   --->   Core 111 'm_axi' <Latency = 3> <II = 1> <Delay = 1.00> <Adapter> <Opcode : 'read' 'write' 'readreq' 'writereq' 'writeresp'>
ST_17 : Operation 202 [2/5] (7.30ns)   --->   "%gmem_addr_413_resp = writeresp i1 @_ssdm_op_WriteResp.m_axi.i8P1A, i8 %gmem_addr_277" [cnn_accel.cpp:107]   --->   Operation 202 'writeresp' 'gmem_addr_413_resp' <Predicate = (and_ln103)> <Delay = 7.30> <CoreInst = "m_axi">   --->   Core 111 'm_axi' <Latency = 3> <II = 1> <Delay = 1.00> <Adapter> <Opcode : 'read' 'write' 'readreq' 'writereq' 'writeresp'>
ST_17 : Operation 203 [3/5] (7.30ns)   --->   "%gmem_addr_414_resp = writeresp i1 @_ssdm_op_WriteResp.m_axi.i8P1A, i8 %gmem_addr_278" [cnn_accel.cpp:107]   --->   Operation 203 'writeresp' 'gmem_addr_414_resp' <Predicate = (and_ln103)> <Delay = 7.30> <CoreInst = "m_axi">   --->   Core 111 'm_axi' <Latency = 3> <II = 1> <Delay = 1.00> <Adapter> <Opcode : 'read' 'write' 'readreq' 'writereq' 'writeresp'>

State 18 <SV = 17> <Delay = 7.30>
ST_18 : Operation 204 [1/5] (7.30ns)   --->   "%gmem_addr_413_resp = writeresp i1 @_ssdm_op_WriteResp.m_axi.i8P1A, i8 %gmem_addr_277" [cnn_accel.cpp:107]   --->   Operation 204 'writeresp' 'gmem_addr_413_resp' <Predicate = (and_ln103)> <Delay = 7.30> <CoreInst = "m_axi">   --->   Core 111 'm_axi' <Latency = 3> <II = 1> <Delay = 1.00> <Adapter> <Opcode : 'read' 'write' 'readreq' 'writereq' 'writeresp'>
ST_18 : Operation 205 [2/5] (7.30ns)   --->   "%gmem_addr_414_resp = writeresp i1 @_ssdm_op_WriteResp.m_axi.i8P1A, i8 %gmem_addr_278" [cnn_accel.cpp:107]   --->   Operation 205 'writeresp' 'gmem_addr_414_resp' <Predicate = (and_ln103)> <Delay = 7.30> <CoreInst = "m_axi">   --->   Core 111 'm_axi' <Latency = 3> <II = 1> <Delay = 1.00> <Adapter> <Opcode : 'read' 'write' 'readreq' 'writereq' 'writeresp'>

State 19 <SV = 18> <Delay = 7.30>
ST_19 : Operation 206 [1/5] (7.30ns)   --->   "%gmem_addr_414_resp = writeresp i1 @_ssdm_op_WriteResp.m_axi.i8P1A, i8 %gmem_addr_278" [cnn_accel.cpp:107]   --->   Operation 206 'writeresp' 'gmem_addr_414_resp' <Predicate = (and_ln103)> <Delay = 7.30> <CoreInst = "m_axi">   --->   Core 111 'm_axi' <Latency = 3> <II = 1> <Delay = 1.00> <Adapter> <Opcode : 'read' 'write' 'readreq' 'writereq' 'writeresp'>
ST_19 : Operation 207 [1/1] (0.00ns)   --->   "%br_ln110 = br void %for.inc174" [cnn_accel.cpp:110]   --->   Operation 207 'br' 'br_ln110' <Predicate = (and_ln103)> <Delay = 0.00>


============================================================
+ Verbose Summary: Timing violations
============================================================
Target clock period: 10.000ns, clock uncertainty: 2.700ns.

 <State 1>: 6.298ns
The critical path consists of the following:
	'store' operation 0 bit ('store_ln96', cnn_accel.cpp:96) of constant 0 on local variable 'y', cnn_accel.cpp:96 [24]  (1.610 ns)
	'load' operation 5 bit ('y_load', cnn_accel.cpp:96) on local variable 'y', cnn_accel.cpp:96 [34]  (0.000 ns)
	'add' operation 5 bit ('add_ln96', cnn_accel.cpp:96) [35]  (1.861 ns)
	'select' operation 5 bit ('select_ln96_2', cnn_accel.cpp:96) [40]  (1.217 ns)
	'store' operation 0 bit ('store_ln96', cnn_accel.cpp:96) of variable 'select_ln96_2', cnn_accel.cpp:96 on local variable 'y', cnn_accel.cpp:96 [155]  (1.610 ns)

 <State 2>: 6.347ns
The critical path consists of the following:
	'add' operation 32 bit ('empty', cnn_accel.cpp:96) [44]  (2.667 ns)
	'icmp' operation 1 bit ('cmp147', cnn_accel.cpp:96) [46]  (2.702 ns)
	'and' operation 1 bit ('and_ln103', cnn_accel.cpp:103) [79]  (0.978 ns)

 <State 3>: 6.860ns
The critical path consists of the following:
	'mul' operation 59 bit ('empty_314', cnn_accel.cpp:96) [47]  (6.860 ns)

 <State 4>: 6.860ns
The critical path consists of the following:
	'mul' operation 59 bit ('empty_314', cnn_accel.cpp:96) [47]  (6.860 ns)

 <State 5>: 6.989ns
The critical path consists of the following:
	'add' operation 59 bit ('add_ln104', cnn_accel.cpp:104) [82]  (3.429 ns)
	'add' operation 64 bit ('add_ln107', cnn_accel.cpp:107) [86]  (3.560 ns)

 <State 6>: 7.300ns
The critical path consists of the following:
	bus request operation ('gmem_addr_407_req', cnn_accel.cpp:107) on port 'gmem' (cnn_accel.cpp:107) [88]  (7.300 ns)

 <State 7>: 7.300ns
The critical path consists of the following:
	bus write operation ('write_ln107', cnn_accel.cpp:107) on port 'gmem' (cnn_accel.cpp:107) [89]  (7.300 ns)

 <State 8>: 7.300ns
The critical path consists of the following:
	bus response operation ('gmem_addr_407_resp', cnn_accel.cpp:107) on port 'gmem' (cnn_accel.cpp:107) [90]  (7.300 ns)

 <State 9>: 7.300ns
The critical path consists of the following:
	bus response operation ('gmem_addr_407_resp', cnn_accel.cpp:107) on port 'gmem' (cnn_accel.cpp:107) [90]  (7.300 ns)

 <State 10>: 7.300ns
The critical path consists of the following:
	bus response operation ('gmem_addr_407_resp', cnn_accel.cpp:107) on port 'gmem' (cnn_accel.cpp:107) [90]  (7.300 ns)

 <State 11>: 7.300ns
The critical path consists of the following:
	bus response operation ('gmem_addr_407_resp', cnn_accel.cpp:107) on port 'gmem' (cnn_accel.cpp:107) [90]  (7.300 ns)

 <State 12>: 7.300ns
The critical path consists of the following:
	bus response operation ('gmem_addr_407_resp', cnn_accel.cpp:107) on port 'gmem' (cnn_accel.cpp:107) [90]  (7.300 ns)

 <State 13>: 7.300ns
The critical path consists of the following:
	bus response operation ('gmem_addr_408_resp', cnn_accel.cpp:107) on port 'gmem' (cnn_accel.cpp:107) [99]  (7.300 ns)

 <State 14>: 7.300ns
The critical path consists of the following:
	bus response operation ('gmem_addr_409_resp', cnn_accel.cpp:107) on port 'gmem' (cnn_accel.cpp:107) [108]  (7.300 ns)

 <State 15>: 7.300ns
The critical path consists of the following:
	bus response operation ('gmem_addr_410_resp', cnn_accel.cpp:107) on port 'gmem' (cnn_accel.cpp:107) [116]  (7.300 ns)

 <State 16>: 7.300ns
The critical path consists of the following:
	bus response operation ('gmem_addr_411_resp', cnn_accel.cpp:107) on port 'gmem' (cnn_accel.cpp:107) [125]  (7.300 ns)

 <State 17>: 7.300ns
The critical path consists of the following:
	bus response operation ('gmem_addr_412_resp', cnn_accel.cpp:107) on port 'gmem' (cnn_accel.cpp:107) [134]  (7.300 ns)

 <State 18>: 7.300ns
The critical path consists of the following:
	bus response operation ('gmem_addr_413_resp', cnn_accel.cpp:107) on port 'gmem' (cnn_accel.cpp:107) [142]  (7.300 ns)

 <State 19>: 7.300ns
The critical path consists of the following:
	bus response operation ('gmem_addr_414_resp', cnn_accel.cpp:107) on port 'gmem' (cnn_accel.cpp:107) [150]  (7.300 ns)


============================================================
+ Verbose Summary: Binding
============================================================
N/A
* FSMD analyzer results:
  - Output states:
 - Input state : 
  - Chain level:
	State 1
	State 2
	State 3
	State 4
	State 5
	State 6
	State 7
	State 8
	State 9
	State 10
	State 11
	State 12
	State 13
	State 14
	State 15
	State 16
	State 17
	State 18
	State 19


============================================================
+ Verbose Summary: Datapath Resource usage 
============================================================
N/A
