

================================================================
== Vitis HLS Report for 'conv_layer_1_Pipeline_VITIS_LOOP_105_12_VITIS_LOOP_106_13'
================================================================
* Date:           Tue Apr 28 00:07:32 2026

* Version:        2024.2 (Build 5238294 on Nov  8 2024)
* Project:        cnn_accel
* Solution:       solution1 (Vivado IP Flow Target)
* Product family: artix7
* Target device:  xc7a200t-sbg484-1


================================================================
== Performance Estimates
================================================================
+ Timing: 
    * Summary: 
    +--------+----------+----------+------------+
    |  Clock |  Target  | Estimated| Uncertainty|
    +--------+----------+----------+------------+
    |ap_clk  |  10.00 ns|  6.514 ns|     2.70 ns|
    +--------+----------+----------+------------+

+ Latency: 
    * Summary: 
    +---------+---------+-----------+-----------+------+------+------------------------------------------------+
    |  Latency (cycles) |   Latency (absolute)  |   Interval  |                    Pipeline                    |
    |   min   |   max   |    min    |    max    |  min |  max |                      Type                      |
    +---------+---------+-----------+-----------+------+------+------------------------------------------------+
    |     1028|     1028|  10.280 us|  10.280 us|  1025|  1025|  loop auto-rewind stp (delay=0 clock cycles(s))|
    +---------+---------+-----------+-----------+------+------+------------------------------------------------+

    + Detail: 
        * Instance: 
        N/A

        * Loop: 
        +---------------------------------------+---------+---------+----------+-----------+-----------+------+----------+
        |                                       |  Latency (cycles) | Iteration|  Initiation Interval  | Trip |          |
        |               Loop Name               |   min   |   max   |  Latency |  achieved |   target  | Count| Pipelined|
        +---------------------------------------+---------+---------+----------+-----------+-----------+------+----------+
        |- VITIS_LOOP_105_12_VITIS_LOOP_106_13  |     1026|     1026|         4|          1|          1|  1024|       yes|
        +---------------------------------------+---------+---------+----------+-----------+-----------+------+----------+

============================================================
+ Verbose Summary: Synthesis Manager
============================================================
InlineROM: 1
ExposeGlobal: 0
============================================================
+ Verbose Summary: CDFG Model
============================================================
IsTopModel: 0
ResetActiveHigh: 1
IsCombinational: 0
IsDatapathOnly: 0
HasWiredReturn: 1
HasMFsm: 2
HasVarLatency: 1
IsPipeline: 0
IsRtlPipelined: 0
IsInstanceOverlapped: 0
IsDontTouch: 0
HasImplIP: 0
IsGatedGlobalClock: 0

+ Individual pipeline summary: 
  * Pipeline-0: initiation interval (II) = 1, depth = 4


============================================================
+ Verbose Summary: Schedule
============================================================
* Number of FSM states : 4
* Pipeline : 1
  Pipeline-0 : II = 1, D = 4, States = { 1 2 3 4 }
* Dataflow Pipeline: 0

* FSM state transitions: 
1 --> 2 
2 --> 3 
3 --> 4 
4 --> 

* FSM state operations: 

State 1 <SV = 0> <Delay = 5.34>
ST_1 : Operation 7 [1/1] (0.00ns)   --->   "%x = alloca i32 1" [cnn_accel.cpp:106]   --->   Operation 7 'alloca' 'x' <Predicate = true> <Delay = 0.00>
ST_1 : Operation 8 [1/1] (0.00ns)   --->   "%y = alloca i32 1" [cnn_accel.cpp:105]   --->   Operation 8 'alloca' 'y' <Predicate = true> <Delay = 0.00>
ST_1 : Operation 9 [1/1] (0.00ns)   --->   "%indvar_flatten28 = alloca i32 1"   --->   Operation 9 'alloca' 'indvar_flatten28' <Predicate = true> <Delay = 0.00>
ST_1 : Operation 10 [1/1] (0.00ns)   --->   "%tx_read = read i31 @_ssdm_op_Read.ap_auto.i31, i31 %tx"   --->   Operation 10 'read' 'tx_read' <Predicate = true> <Delay = 0.00>
ST_1 : Operation 11 [1/1] (0.00ns)   --->   "%tmp = read i18 @_ssdm_op_Read.ap_auto.i18, i18 %empty"   --->   Operation 11 'read' 'tmp' <Predicate = true> <Delay = 0.00>
ST_1 : Operation 12 [1/1] (0.00ns)   --->   "%H_read = read i31 @_ssdm_op_Read.ap_auto.i31, i31 %H"   --->   Operation 12 'read' 'H_read' <Predicate = true> <Delay = 0.00>
ST_1 : Operation 13 [1/1] (0.00ns)   --->   "%ty_read = read i31 @_ssdm_op_Read.ap_auto.i31, i31 %ty"   --->   Operation 13 'read' 'ty_read' <Predicate = true> <Delay = 0.00>
ST_1 : Operation 14 [1/1] (0.00ns)   --->   "%tx_cast = zext i31 %tx_read"   --->   Operation 14 'zext' 'tx_cast' <Predicate = true> <Delay = 0.00>
ST_1 : Operation 15 [1/1] (0.00ns)   --->   "%H_cast = zext i31 %H_read"   --->   Operation 15 'zext' 'H_cast' <Predicate = true> <Delay = 0.00>
ST_1 : Operation 16 [1/1] (0.00ns)   --->   "%ty_cast = zext i31 %ty_read"   --->   Operation 16 'zext' 'ty_cast' <Predicate = true> <Delay = 0.00>
ST_1 : Operation 17 [1/1] (0.00ns)   --->   "%specmemcore_ln0 = specmemcore void @_ssdm_op_SpecMemCore, i7 %cnn_accel_signed_char_volatile_signed_char_volatile_int_buf1, i64 666, i64 22, i64 18446744073709551615"   --->   Operation 17 'specmemcore' 'specmemcore_ln0' <Predicate = true> <Delay = 0.00>
ST_1 : Operation 18 [1/1] (0.00ns)   --->   "%specmemcore_ln0 = specmemcore void @_ssdm_op_SpecMemCore, i7 %cnn_accel_signed_char_volatile_signed_char_volatile_int_buf1_12, i64 666, i64 22, i64 18446744073709551615"   --->   Operation 18 'specmemcore' 'specmemcore_ln0' <Predicate = true> <Delay = 0.00>
ST_1 : Operation 19 [1/1] (0.00ns)   --->   "%specmemcore_ln0 = specmemcore void @_ssdm_op_SpecMemCore, i7 %cnn_accel_signed_char_volatile_signed_char_volatile_int_buf1_13, i64 666, i64 22, i64 18446744073709551615"   --->   Operation 19 'specmemcore' 'specmemcore_ln0' <Predicate = true> <Delay = 0.00>
ST_1 : Operation 20 [1/1] (0.00ns)   --->   "%specmemcore_ln0 = specmemcore void @_ssdm_op_SpecMemCore, i7 %cnn_accel_signed_char_volatile_signed_char_volatile_int_buf1_14, i64 666, i64 22, i64 18446744073709551615"   --->   Operation 20 'specmemcore' 'specmemcore_ln0' <Predicate = true> <Delay = 0.00>
ST_1 : Operation 21 [1/1] (0.00ns)   --->   "%specmemcore_ln0 = specmemcore void @_ssdm_op_SpecMemCore, i7 %cnn_accel_signed_char_volatile_signed_char_volatile_int_buf1_15, i64 666, i64 22, i64 18446744073709551615"   --->   Operation 21 'specmemcore' 'specmemcore_ln0' <Predicate = true> <Delay = 0.00>
ST_1 : Operation 22 [1/1] (0.00ns)   --->   "%specmemcore_ln0 = specmemcore void @_ssdm_op_SpecMemCore, i7 %cnn_accel_signed_char_volatile_signed_char_volatile_int_buf1_16, i64 666, i64 22, i64 18446744073709551615"   --->   Operation 22 'specmemcore' 'specmemcore_ln0' <Predicate = true> <Delay = 0.00>
ST_1 : Operation 23 [1/1] (0.00ns)   --->   "%specmemcore_ln0 = specmemcore void @_ssdm_op_SpecMemCore, i7 %cnn_accel_signed_char_volatile_signed_char_volatile_int_buf1_17, i64 666, i64 22, i64 18446744073709551615"   --->   Operation 23 'specmemcore' 'specmemcore_ln0' <Predicate = true> <Delay = 0.00>
ST_1 : Operation 24 [1/1] (0.00ns)   --->   "%specmemcore_ln0 = specmemcore void @_ssdm_op_SpecMemCore, i7 %cnn_accel_signed_char_volatile_signed_char_volatile_int_buf1_18, i64 666, i64 22, i64 18446744073709551615"   --->   Operation 24 'specmemcore' 'specmemcore_ln0' <Predicate = true> <Delay = 0.00>
ST_1 : Operation 25 [1/1] (0.00ns)   --->   "%specmemcore_ln0 = specmemcore void @_ssdm_op_SpecMemCore, i7 %cnn_accel_signed_char_volatile_signed_char_volatile_int_buf1_19, i64 666, i64 22, i64 18446744073709551615"   --->   Operation 25 'specmemcore' 'specmemcore_ln0' <Predicate = true> <Delay = 0.00>
ST_1 : Operation 26 [1/1] (0.00ns)   --->   "%specmemcore_ln0 = specmemcore void @_ssdm_op_SpecMemCore, i7 %cnn_accel_signed_char_volatile_signed_char_volatile_int_buf1_20, i64 666, i64 22, i64 18446744073709551615"   --->   Operation 26 'specmemcore' 'specmemcore_ln0' <Predicate = true> <Delay = 0.00>
ST_1 : Operation 27 [1/1] (0.00ns)   --->   "%specmemcore_ln0 = specmemcore void @_ssdm_op_SpecMemCore, i7 %p_ZZ9cnn_accelPVaS0_iE4buf1_10, i64 666, i64 22, i64 18446744073709551615"   --->   Operation 27 'specmemcore' 'specmemcore_ln0' <Predicate = true> <Delay = 0.00>
ST_1 : Operation 28 [1/1] (0.00ns)   --->   "%specmemcore_ln0 = specmemcore void @_ssdm_op_SpecMemCore, i7 %p_ZZ9cnn_accelPVaS0_iE4buf1_11, i64 666, i64 22, i64 18446744073709551615"   --->   Operation 28 'specmemcore' 'specmemcore_ln0' <Predicate = true> <Delay = 0.00>
ST_1 : Operation 29 [1/1] (0.00ns)   --->   "%specmemcore_ln0 = specmemcore void @_ssdm_op_SpecMemCore, i7 %p_ZZ9cnn_accelPVaS0_iE4buf1_12, i64 666, i64 22, i64 18446744073709551615"   --->   Operation 29 'specmemcore' 'specmemcore_ln0' <Predicate = true> <Delay = 0.00>
ST_1 : Operation 30 [1/1] (0.00ns)   --->   "%specmemcore_ln0 = specmemcore void @_ssdm_op_SpecMemCore, i7 %p_ZZ9cnn_accelPVaS0_iE4buf1_13, i64 666, i64 22, i64 18446744073709551615"   --->   Operation 30 'specmemcore' 'specmemcore_ln0' <Predicate = true> <Delay = 0.00>
ST_1 : Operation 31 [1/1] (0.00ns)   --->   "%specmemcore_ln0 = specmemcore void @_ssdm_op_SpecMemCore, i7 %p_ZZ9cnn_accelPVaS0_iE4buf1_14, i64 666, i64 22, i64 18446744073709551615"   --->   Operation 31 'specmemcore' 'specmemcore_ln0' <Predicate = true> <Delay = 0.00>
ST_1 : Operation 32 [1/1] (0.00ns)   --->   "%specmemcore_ln0 = specmemcore void @_ssdm_op_SpecMemCore, i7 %p_ZZ9cnn_accelPVaS0_iE4buf1_15, i64 666, i64 22, i64 18446744073709551615"   --->   Operation 32 'specmemcore' 'specmemcore_ln0' <Predicate = true> <Delay = 0.00>
ST_1 : Operation 33 [1/1] (0.00ns)   --->   "%specmemcore_ln0 = specmemcore void @_ssdm_op_SpecMemCore, i7 %p_ZZ10conv_layerPaS_iiiiS_S_E8tile_out_15, i64 666, i64 30, i64 18446744073709551615"   --->   Operation 33 'specmemcore' 'specmemcore_ln0' <Predicate = true> <Delay = 0.00>
ST_1 : Operation 34 [1/1] (0.00ns)   --->   "%specmemcore_ln0 = specmemcore void @_ssdm_op_SpecMemCore, i7 %p_ZZ10conv_layerPaS_iiiiS_S_E8tile_out_14, i64 666, i64 30, i64 18446744073709551615"   --->   Operation 34 'specmemcore' 'specmemcore_ln0' <Predicate = true> <Delay = 0.00>
ST_1 : Operation 35 [1/1] (0.00ns)   --->   "%specmemcore_ln0 = specmemcore void @_ssdm_op_SpecMemCore, i7 %p_ZZ10conv_layerPaS_iiiiS_S_E8tile_out_13, i64 666, i64 30, i64 18446744073709551615"   --->   Operation 35 'specmemcore' 'specmemcore_ln0' <Predicate = true> <Delay = 0.00>
ST_1 : Operation 36 [1/1] (0.00ns)   --->   "%specmemcore_ln0 = specmemcore void @_ssdm_op_SpecMemCore, i7 %p_ZZ10conv_layerPaS_iiiiS_S_E8tile_out_12, i64 666, i64 30, i64 18446744073709551615"   --->   Operation 36 'specmemcore' 'specmemcore_ln0' <Predicate = true> <Delay = 0.00>
ST_1 : Operation 37 [1/1] (0.00ns)   --->   "%specmemcore_ln0 = specmemcore void @_ssdm_op_SpecMemCore, i7 %p_ZZ10conv_layerPaS_iiiiS_S_E8tile_out_11, i64 666, i64 30, i64 18446744073709551615"   --->   Operation 37 'specmemcore' 'specmemcore_ln0' <Predicate = true> <Delay = 0.00>
ST_1 : Operation 38 [1/1] (0.00ns)   --->   "%specmemcore_ln0 = specmemcore void @_ssdm_op_SpecMemCore, i7 %p_ZZ10conv_layerPaS_iiiiS_S_E8tile_out_10, i64 666, i64 30, i64 18446744073709551615"   --->   Operation 38 'specmemcore' 'specmemcore_ln0' <Predicate = true> <Delay = 0.00>
ST_1 : Operation 39 [1/1] (0.00ns)   --->   "%specmemcore_ln0 = specmemcore void @_ssdm_op_SpecMemCore, i7 %conv_layer_signed_char_signed_char_int_int_int_int_signed_char_signed_7, i64 666, i64 30, i64 18446744073709551615"   --->   Operation 39 'specmemcore' 'specmemcore_ln0' <Predicate = true> <Delay = 0.00>
ST_1 : Operation 40 [1/1] (0.00ns)   --->   "%specmemcore_ln0 = specmemcore void @_ssdm_op_SpecMemCore, i7 %conv_layer_signed_char_signed_char_int_int_int_int_signed_char_signed_8, i64 666, i64 30, i64 18446744073709551615"   --->   Operation 40 'specmemcore' 'specmemcore_ln0' <Predicate = true> <Delay = 0.00>
ST_1 : Operation 41 [1/1] (0.00ns)   --->   "%specmemcore_ln0 = specmemcore void @_ssdm_op_SpecMemCore, i7 %conv_mulmulmullayer_signed_char_signed_char_int_int_int_int_signed_char_signed, i64 666, i64 30, i64 18446744073709551615"   --->   Operation 41 'specmemcore' 'specmemcore_ln0' <Predicate = true> <Delay = 0.00>
ST_1 : Operation 42 [1/1] (0.00ns)   --->   "%specmemcore_ln0 = specmemcore void @_ssdm_op_SpecMemCore, i7 %conv_layer_signed_char_signed_char_int_int_int_int_signed_char_signed_1, i64 666, i64 30, i64 18446744073709551615"   --->   Operation 42 'specmemcore' 'specmemcore_ln0' <Predicate = true> <Delay = 0.00>
ST_1 : Operation 43 [1/1] (0.00ns)   --->   "%specmemcore_ln0 = specmemcore void @_ssdm_op_SpecMemCore, i7 %conv_layer_signed_char_signed_char_int_int_int_int_signed_char_signed_2, i64 666, i64 30, i64 18446744073709551615"   --->   Operation 43 'specmemcore' 'specmemcore_ln0' <Predicate = true> <Delay = 0.00>
ST_1 : Operation 44 [1/1] (0.00ns)   --->   "%specmemcore_ln0 = specmemcore void @_ssdm_op_SpecMemCore, i7 %conv_layer_signed_char_signed_char_int_int_int_int_signed_char_signed_3, i64 666, i64 30, i64 18446744073709551615"   --->   Operation 44 'specmemcore' 'specmemcore_ln0' <Predicate = true> <Delay = 0.00>
ST_1 : Operation 45 [1/1] (0.00ns)   --->   "%specmemcore_ln0 = specmemcore void @_ssdm_op_SpecMemCore, i7 %conv_layer_signed_char_signed_char_int_int_int_int_signed_char_signed_4, i64 666, i64 30, i64 18446744073709551615"   --->   Operation 45 'specmemcore' 'specmemcore_ln0' <Predicate = true> <Delay = 0.00>
ST_1 : Operation 46 [1/1] (0.00ns)   --->   "%specmemcore_ln0 = specmemcore void @_ssdm_op_SpecMemCore, i7 %conv_layer_signed_char_signed_char_int_int_int_int_signed_char_signed_5, i64 666, i64 30, i64 18446744073709551615"   --->   Operation 46 'specmemcore' 'specmemcore_ln0' <Predicate = true> <Delay = 0.00>
ST_1 : Operation 47 [1/1] (0.00ns)   --->   "%specmemcore_ln0 = specmemcore void @_ssdm_op_SpecMemCore, i7 %conv_layer_signed_char_signed_char_int_int_int_int_signed_char_signed_6, i64 666, i64 30, i64 18446744073709551615"   --->   Operation 47 'specmemcore' 'specmemcore_ln0' <Predicate = true> <Delay = 0.00>
ST_1 : Operation 48 [1/1] (0.00ns)   --->   "%specmemcore_ln0 = specmemcore void @_ssdm_op_SpecMemCore, i7 %conv_layer_signed_char_signed_char_int_int_int_int_signed_char_signed_9, i64 666, i64 30, i64 18446744073709551615"   --->   Operation 48 'specmemcore' 'specmemcore_ln0' <Predicate = true> <Delay = 0.00>
ST_1 : Operation 49 [1/1] (1.61ns)   --->   "%store_ln0 = store i11 0, i11 %indvar_flatten28"   --->   Operation 49 'store' 'store_ln0' <Predicate = true> <Delay = 1.61>
ST_1 : Operation 50 [1/1] (1.61ns)   --->   "%store_ln105 = store i6 0, i6 %y" [cnn_accel.cpp:105]   --->   Operation 50 'store' 'store_ln105' <Predicate = true> <Delay = 1.61>
ST_1 : Operation 51 [1/1] (1.61ns)   --->   "%store_ln106 = store i6 0, i6 %x" [cnn_accel.cpp:106]   --->   Operation 51 'store' 'store_ln106' <Predicate = true> <Delay = 1.61>
ST_1 : Operation 52 [1/1] (0.00ns)   --->   "%br_ln0 = br void %for.body136"   --->   Operation 52 'br' 'br_ln0' <Predicate = true> <Delay = 0.00>
ST_1 : Operation 53 [1/1] (0.00ns)   --->   "%indvar_flatten28_load = load i11 %indvar_flatten28" [cnn_accel.cpp:105]   --->   Operation 53 'load' 'indvar_flatten28_load' <Predicate = true> <Delay = 0.00>
ST_1 : Operation 54 [1/1] (2.12ns)   --->   "%icmp_ln105 = icmp_eq  i11 %indvar_flatten28_load, i11 1024" [cnn_accel.cpp:105]   --->   Operation 54 'icmp' 'icmp_ln105' <Predicate = true> <Delay = 2.12> <CoreInst = "Cmp">   --->   Core 9 'Cmp' <Latency = 0> <II = 1> <Delay = 2.12> <FuncUnit> <Opcode : 'seteq' 'setne' 'setle' 'setge' 'setlt' 'setgt'> <InPorts = 2> <OutPorts = 1>
ST_1 : Operation 55 [1/1] (2.12ns)   --->   "%add_ln105_2 = add i11 %indvar_flatten28_load, i11 1" [cnn_accel.cpp:105]   --->   Operation 55 'add' 'add_ln105_2' <Predicate = true> <Delay = 2.12> <CoreInst = "Adder">   --->   Core 1 'Adder' <Latency = 0> <II = 1> <Delay = 2.12> <FuncUnit> <Opcode : 'add' 'sub'> <InPorts = 2> <OutPorts = 1>
ST_1 : Operation 56 [1/1] (0.00ns)   --->   "%br_ln105 = br i1 %icmp_ln105, void %for.inc170, void %for.inc173.exitStub" [cnn_accel.cpp:105]   --->   Operation 56 'br' 'br_ln105' <Predicate = true> <Delay = 0.00>
ST_1 : Operation 57 [1/1] (1.61ns)   --->   "%store_ln105 = store i11 %add_ln105_2, i11 %indvar_flatten28" [cnn_accel.cpp:105]   --->   Operation 57 'store' 'store_ln105' <Predicate = (!icmp_ln105)> <Delay = 1.61>

State 2 <SV = 1> <Delay = 6.17>
ST_2 : Operation 58 [1/1] (0.00ns)   --->   "%x_load = load i6 %x" [cnn_accel.cpp:106]   --->   Operation 58 'load' 'x_load' <Predicate = true> <Delay = 0.00>
ST_2 : Operation 59 [1/1] (0.00ns)   --->   "%y_load = load i6 %y" [cnn_accel.cpp:105]   --->   Operation 59 'load' 'y_load' <Predicate = true> <Delay = 0.00>
ST_2 : Operation 60 [1/1] (1.94ns)   --->   "%add_ln105 = add i6 %y_load, i6 1" [cnn_accel.cpp:105]   --->   Operation 60 'add' 'add_ln105' <Predicate = true> <Delay = 1.94> <CoreInst = "Adder">   --->   Core 1 'Adder' <Latency = 0> <II = 1> <Delay = 1.94> <FuncUnit> <Opcode : 'add' 'sub'> <InPorts = 2> <OutPorts = 1>
ST_2 : Operation 61 [1/1] (1.94ns)   --->   "%icmp_ln106 = icmp_eq  i6 %x_load, i6 32" [cnn_accel.cpp:106]   --->   Operation 61 'icmp' 'icmp_ln106' <Predicate = true> <Delay = 1.94> <CoreInst = "Cmp">   --->   Core 9 'Cmp' <Latency = 0> <II = 1> <Delay = 1.94> <FuncUnit> <Opcode : 'seteq' 'setne' 'setle' 'setge' 'setlt' 'setgt'> <InPorts = 2> <OutPorts = 1>
ST_2 : Operation 62 [1/1] (0.66ns)   --->   "%select_ln105 = select i1 %icmp_ln106, i6 0, i6 %x_load" [cnn_accel.cpp:105]   --->   Operation 62 'select' 'select_ln105' <Predicate = true> <Delay = 0.66> <CoreInst = "Sel">   --->   Core 73 'Sel' <Latency = 0> <II = 1> <Delay = 0.66> <FuncUnit> <Opcode : 'select'> <InPorts = 3> <OutPorts = 1>
ST_2 : Operation 63 [1/1] (0.66ns)   --->   "%select_ln105_2 = select i1 %icmp_ln106, i6 %add_ln105, i6 %y_load" [cnn_accel.cpp:105]   --->   Operation 63 'select' 'select_ln105_2' <Predicate = true> <Delay = 0.66> <CoreInst = "Sel">   --->   Core 73 'Sel' <Latency = 0> <II = 1> <Delay = 0.66> <FuncUnit> <Opcode : 'select'> <InPorts = 3> <OutPorts = 1>
ST_2 : Operation 64 [1/1] (0.00ns)   --->   "%trunc_ln116 = trunc i6 %select_ln105_2" [cnn_accel.cpp:116]   --->   Operation 64 'trunc' 'trunc_ln116' <Predicate = true> <Delay = 0.00>
ST_2 : Operation 65 [1/1] (0.00ns)   --->   "%zext_ln105 = zext i6 %select_ln105_2" [cnn_accel.cpp:105]   --->   Operation 65 'zext' 'zext_ln105' <Predicate = true> <Delay = 0.00>
ST_2 : Operation 66 [1/1] (2.66ns)   --->   "%empty_401 = add i32 %zext_ln105, i32 %ty_cast" [cnn_accel.cpp:105]   --->   Operation 66 'add' 'empty_401' <Predicate = true> <Delay = 2.66> <CoreInst = "Adder">   --->   Core 1 'Adder' <Latency = 0> <II = 1> <Delay = 2.66> <FuncUnit> <Opcode : 'add' 'sub'> <InPorts = 2> <OutPorts = 1>
ST_2 : Operation 67 [1/1] (0.00ns)   --->   "%empty_402 = trunc i32 %empty_401" [cnn_accel.cpp:105]   --->   Operation 67 'trunc' 'empty_402' <Predicate = true> <Delay = 0.00>
ST_2 : Operation 68 [1/1] (1.94ns)   --->   "%add_ln106 = add i6 %select_ln105, i6 1" [cnn_accel.cpp:106]   --->   Operation 68 'add' 'add_ln106' <Predicate = true> <Delay = 1.94> <CoreInst = "Adder">   --->   Core 1 'Adder' <Latency = 0> <II = 1> <Delay = 1.94> <FuncUnit> <Opcode : 'add' 'sub'> <InPorts = 2> <OutPorts = 1>
ST_2 : Operation 69 [1/1] (1.61ns)   --->   "%store_ln105 = store i6 %select_ln105_2, i6 %y" [cnn_accel.cpp:105]   --->   Operation 69 'store' 'store_ln105' <Predicate = true> <Delay = 1.61>
ST_2 : Operation 70 [1/1] (1.61ns)   --->   "%store_ln106 = store i6 %add_ln106, i6 %x" [cnn_accel.cpp:106]   --->   Operation 70 'store' 'store_ln106' <Predicate = true> <Delay = 1.61>
ST_2 : Operation 71 [1/1] (0.00ns)   --->   "%br_ln106 = br void %for.body136" [cnn_accel.cpp:106]   --->   Operation 71 'br' 'br_ln106' <Predicate = true> <Delay = 0.00>

State 3 <SV = 2> <Delay = 6.34>
ST_3 : Operation 72 [1/1] (0.00ns)   --->   "%specloopname_ln0 = specloopname void @_ssdm_op_SpecLoopName, void @VITIS_LOOP_105_12_VITIS_LOOP_106_13_str"   --->   Operation 72 'specloopname' 'specloopname_ln0' <Predicate = true> <Delay = 0.00>
ST_3 : Operation 73 [1/1] (0.00ns)   --->   "%speclooptripcount_ln0 = speclooptripcount void @_ssdm_op_SpecLoopTripCount, i64 1024, i64 1024, i64 1024"   --->   Operation 73 'speclooptripcount' 'speclooptripcount_ln0' <Predicate = true> <Delay = 0.00>
ST_3 : Operation 74 [1/1] (0.00ns)   --->   "%tmp_s = bitconcatenate i10 @_ssdm_op_BitConcatenate.i10.i5.i5, i5 %trunc_ln116, i5 0" [cnn_accel.cpp:116]   --->   Operation 74 'bitconcatenate' 'tmp_s' <Predicate = true> <Delay = 0.00>
ST_3 : Operation 75 [1/1] (2.70ns)   --->   "%cmp141 = icmp_slt  i32 %empty_401, i32 %H_cast" [cnn_accel.cpp:105]   --->   Operation 75 'icmp' 'cmp141' <Predicate = true> <Delay = 2.70> <CoreInst = "Cmp">   --->   Core 9 'Cmp' <Latency = 0> <II = 1> <Delay = 2.70> <FuncUnit> <Opcode : 'seteq' 'setne' 'setle' 'setge' 'setlt' 'setgt'> <InPorts = 2> <OutPorts = 1>
ST_3 : Operation 76 [1/1] (5.57ns)   --->   "%empty_403 = mul i18 %empty_402, i18 %tmp" [cnn_accel.cpp:105]   --->   Operation 76 'mul' 'empty_403' <Predicate = true> <Delay = 5.57> <CoreInst = "Multiplier">   --->   Core 3 'Multiplier' <Latency = 0> <II = 1> <Delay = 5.57> <FuncUnit> <Opcode : 'mul'> <InPorts = 2> <OutPorts = 1>
ST_3 : Operation 77 [1/1] (0.00ns)   --->   "%zext_ln116_66 = zext i6 %select_ln105" [cnn_accel.cpp:116]   --->   Operation 77 'zext' 'zext_ln116_66' <Predicate = true> <Delay = 0.00>
ST_3 : Operation 78 [1/1] (2.12ns)   --->   "%add_ln116 = add i10 %tmp_s, i10 %zext_ln116_66" [cnn_accel.cpp:116]   --->   Operation 78 'add' 'add_ln116' <Predicate = true> <Delay = 2.12> <CoreInst = "Adder">   --->   Core 1 'Adder' <Latency = 0> <II = 1> <Delay = 2.12> <FuncUnit> <Opcode : 'add' 'sub'> <InPorts = 2> <OutPorts = 1>
ST_3 : Operation 79 [1/1] (0.00ns)   --->   "%zext_ln116_67 = zext i10 %add_ln116" [cnn_accel.cpp:116]   --->   Operation 79 'zext' 'zext_ln116_67' <Predicate = true> <Delay = 0.00>
ST_3 : Operation 80 [1/1] (0.00ns)   --->   "%p_ZZ10conv_layerPaS_iiiiS_S_E8tile_out_10_addr = getelementptr i7 %p_ZZ10conv_layerPaS_iiiiS_S_E8tile_out_10, i64 0, i64 %zext_ln116_67" [cnn_accel.cpp:116]   --->   Operation 80 'getelementptr' 'p_ZZ10conv_layerPaS_iiiiS_S_E8tile_out_10_addr' <Predicate = true> <Delay = 0.00>
ST_3 : Operation 81 [1/1] (0.00ns)   --->   "%p_ZZ10conv_layerPaS_iiiiS_S_E8tile_out_11_addr = getelementptr i7 %p_ZZ10conv_layerPaS_iiiiS_S_E8tile_out_11, i64 0, i64 %zext_ln116_67" [cnn_accel.cpp:116]   --->   Operation 81 'getelementptr' 'p_ZZ10conv_layerPaS_iiiiS_S_E8tile_out_11_addr' <Predicate = true> <Delay = 0.00>
ST_3 : Operation 82 [1/1] (0.00ns)   --->   "%p_ZZ10conv_layerPaS_iiiiS_S_E8tile_out_12_addr = getelementptr i7 %p_ZZ10conv_layerPaS_iiiiS_S_E8tile_out_12, i64 0, i64 %zext_ln116_67" [cnn_accel.cpp:116]   --->   Operation 82 'getelementptr' 'p_ZZ10conv_layerPaS_iiiiS_S_E8tile_out_12_addr' <Predicate = true> <Delay = 0.00>
ST_3 : Operation 83 [1/1] (0.00ns)   --->   "%p_ZZ10conv_layerPaS_iiiiS_S_E8tile_out_13_addr = getelementptr i7 %p_ZZ10conv_layerPaS_iiiiS_S_E8tile_out_13, i64 0, i64 %zext_ln116_67" [cnn_accel.cpp:116]   --->   Operation 83 'getelementptr' 'p_ZZ10conv_layerPaS_iiiiS_S_E8tile_out_13_addr' <Predicate = true> <Delay = 0.00>
ST_3 : Operation 84 [1/1] (0.00ns)   --->   "%p_ZZ10conv_layerPaS_iiiiS_S_E8tile_out_14_addr = getelementptr i7 %p_ZZ10conv_layerPaS_iiiiS_S_E8tile_out_14, i64 0, i64 %zext_ln116_67" [cnn_accel.cpp:116]   --->   Operation 84 'getelementptr' 'p_ZZ10conv_layerPaS_iiiiS_S_E8tile_out_14_addr' <Predicate = true> <Delay = 0.00>
ST_3 : Operation 85 [1/1] (0.00ns)   --->   "%conv_layer_signed_char_signed_char_int_int_int_int_signed_char_signed_char_tile_out = getelementptr i7 %p_ZZ10conv_layerPaS_iiiiS_S_E8tile_out_15, i64 0, i64 %zext_ln116_67" [cnn_accel.cpp:116]   --->   Operation 85 'getelementptr' 'conv_layer_signed_char_signed_char_int_int_int_int_signed_char_signed_char_tile_out' <Predicate = true> <Delay = 0.00>
ST_3 : Operation 86 [1/1] (0.00ns)   --->   "%conv_layer_signed_char_signed_char_int_int_int_int_signed_char_signed_80 = getelementptr i7 %conv_layer_signed_char_signed_char_int_int_int_int_signed_char_signed_9, i64 0, i64 %zext_ln116_67" [cnn_accel.cpp:116]   --->   Operation 86 'getelementptr' 'conv_layer_signed_char_signed_char_int_int_int_int_signed_char_signed_80' <Predicate = true> <Delay = 0.00>
ST_3 : Operation 87 [1/1] (0.00ns)   --->   "%conv_layer_signed_char_signed_char_int_int_int_int_signed_char_signed_81 = getelementptr i7 %conv_layer_signed_char_signed_char_int_int_int_int_signed_char_signed_8, i64 0, i64 %zext_ln116_67" [cnn_accel.cpp:116]   --->   Operation 87 'getelementptr' 'conv_layer_signed_char_signed_char_int_int_int_int_signed_char_signed_81' <Predicate = true> <Delay = 0.00>
ST_3 : Operation 88 [1/1] (0.00ns)   --->   "%conv_layer_signed_char_signed_char_int_int_int_int_signed_char_signed_82 = getelementptr i7 %conv_layer_signed_char_signed_char_int_int_int_int_signed_char_signed_7, i64 0, i64 %zext_ln116_67" [cnn_accel.cpp:116]   --->   Operation 88 'getelementptr' 'conv_layer_signed_char_signed_char_int_int_int_int_signed_char_signed_82' <Predicate = true> <Delay = 0.00>
ST_3 : Operation 89 [1/1] (0.00ns)   --->   "%conv_layer_signed_char_signed_char_int_int_int_int_signed_char_signed_83 = getelementptr i7 %conv_layer_signed_char_signed_char_int_int_int_int_signed_char_signed_6, i64 0, i64 %zext_ln116_67" [cnn_accel.cpp:116]   --->   Operation 89 'getelementptr' 'conv_layer_signed_char_signed_char_int_int_int_int_signed_char_signed_83' <Predicate = true> <Delay = 0.00>
ST_3 : Operation 90 [1/1] (0.00ns)   --->   "%conv_layer_signed_char_signed_char_int_int_int_int_signed_char_signed_84 = getelementptr i7 %conv_layer_signed_char_signed_char_int_int_int_int_signed_char_signed_5, i64 0, i64 %zext_ln116_67" [cnn_accel.cpp:116]   --->   Operation 90 'getelementptr' 'conv_layer_signed_char_signed_char_int_int_int_int_signed_char_signed_84' <Predicate = true> <Delay = 0.00>
ST_3 : Operation 91 [1/1] (0.00ns)   --->   "%conv_layer_signed_char_signed_char_int_int_int_int_signed_char_signed_85 = getelementptr i7 %conv_layer_signed_char_signed_char_int_int_int_int_signed_char_signed_4, i64 0, i64 %zext_ln116_67" [cnn_accel.cpp:116]   --->   Operation 91 'getelementptr' 'conv_layer_signed_char_signed_char_int_int_int_int_signed_char_signed_85' <Predicate = true> <Delay = 0.00>
ST_3 : Operation 92 [1/1] (0.00ns)   --->   "%conv_layer_signed_char_signed_char_int_int_int_int_signed_char_signed_86 = getelementptr i7 %conv_layer_signed_char_signed_char_int_int_int_int_signed_char_signed_3, i64 0, i64 %zext_ln116_67" [cnn_accel.cpp:116]   --->   Operation 92 'getelementptr' 'conv_layer_signed_char_signed_char_int_int_int_int_signed_char_signed_86' <Predicate = true> <Delay = 0.00>
ST_3 : Operation 93 [1/1] (0.00ns)   --->   "%conv_layer_signed_char_signed_char_int_int_int_int_signed_char_signed_87 = getelementptr i7 %conv_layer_signed_char_signed_char_int_int_int_int_signed_char_signed_2, i64 0, i64 %zext_ln116_67" [cnn_accel.cpp:116]   --->   Operation 93 'getelementptr' 'conv_layer_signed_char_signed_char_int_int_int_int_signed_char_signed_87' <Predicate = true> <Delay = 0.00>
ST_3 : Operation 94 [1/1] (0.00ns)   --->   "%conv_layer_signed_char_signed_char_int_int_int_int_signed_char_signed_88 = getelementptr i7 %conv_layer_signed_char_signed_char_int_int_int_int_signed_char_signed_1, i64 0, i64 %zext_ln116_67" [cnn_accel.cpp:116]   --->   Operation 94 'getelementptr' 'conv_layer_signed_char_signed_char_int_int_int_int_signed_char_signed_88' <Predicate = true> <Delay = 0.00>
ST_3 : Operation 95 [1/1] (0.00ns)   --->   "%conv_layer_signed_char_signed_char_int_int_int_int_signed_char_signed_89 = getelementptr i7 %conv_mulmulmullayer_signed_char_signed_char_int_int_int_int_signed_char_signed, i64 0, i64 %zext_ln116_67" [cnn_accel.cpp:116]   --->   Operation 95 'getelementptr' 'conv_layer_signed_char_signed_char_int_int_int_int_signed_char_signed_89' <Predicate = true> <Delay = 0.00>
ST_3 : Operation 96 [1/1] (0.00ns)   --->   "%zext_ln106 = zext i6 %select_ln105" [cnn_accel.cpp:106]   --->   Operation 96 'zext' 'zext_ln106' <Predicate = true> <Delay = 0.00>
ST_3 : Operation 97 [1/1] (0.00ns)   --->   "%specpipeline_ln107 = specpipeline void @_ssdm_op_SpecPipeline, i32 1, i32 0, i32 0, i32 0, void @empty_9" [cnn_accel.cpp:107]   --->   Operation 97 'specpipeline' 'specpipeline_ln107' <Predicate = true> <Delay = 0.00>
ST_3 : Operation 98 [1/1] (2.66ns)   --->   "%add_ln110 = add i32 %zext_ln106, i32 %tx_cast" [cnn_accel.cpp:110]   --->   Operation 98 'add' 'add_ln110' <Predicate = true> <Delay = 2.66> <CoreInst = "Adder">   --->   Core 1 'Adder' <Latency = 0> <II = 1> <Delay = 2.66> <FuncUnit> <Opcode : 'add' 'sub'> <InPorts = 2> <OutPorts = 1>
ST_3 : Operation 99 [1/1] (0.00ns)   --->   "%trunc_ln112 = trunc i32 %add_ln110" [cnn_accel.cpp:112]   --->   Operation 99 'trunc' 'trunc_ln112' <Predicate = true> <Delay = 0.00>
ST_3 : Operation 100 [1/1] (2.70ns)   --->   "%icmp_ln112 = icmp_slt  i32 %add_ln110, i32 %H_cast" [cnn_accel.cpp:112]   --->   Operation 100 'icmp' 'icmp_ln112' <Predicate = true> <Delay = 2.70> <CoreInst = "Cmp">   --->   Core 9 'Cmp' <Latency = 0> <II = 1> <Delay = 2.70> <FuncUnit> <Opcode : 'seteq' 'setne' 'setle' 'setge' 'setlt' 'setgt'> <InPorts = 2> <OutPorts = 1>
ST_3 : Operation 101 [1/1] (0.97ns)   --->   "%and_ln112 = and i1 %cmp141, i1 %icmp_ln112" [cnn_accel.cpp:112]   --->   Operation 101 'and' 'and_ln112' <Predicate = true> <Delay = 0.97> <CoreInst = "LogicGate">   --->   Core 74 'LogicGate' <Latency = 0> <II = 1> <Delay = 0.97> <FuncUnit> <Opcode : 'and' 'or' 'xor'> <InPorts = 2> <OutPorts = 1>
ST_3 : Operation 102 [1/1] (0.00ns)   --->   "%br_ln112 = br i1 %and_ln112, void %for.inc167, void %VITIS_LOOP_115_14" [cnn_accel.cpp:112]   --->   Operation 102 'br' 'br_ln112' <Predicate = true> <Delay = 0.00>
ST_3 : Operation 103 [2/2] (3.25ns)   --->   "%conv_layer_signed_char_signed_char_int_int_int_int_signed_char_signed_90 = load i10 %conv_layer_signed_char_signed_char_int_int_int_int_signed_char_signed_80" [cnn_accel.cpp:116]   --->   Operation 103 'load' 'conv_layer_signed_char_signed_char_int_int_int_int_signed_char_signed_90' <Predicate = (and_ln112)> <Delay = 3.25> <CoreInst = "RAM_T2P_BRAM">   --->   Core 93 'RAM_T2P_BRAM' <Latency = 1> <II = 1> <Delay = 3.25> <Storage> <Opcode : 'load' 'store'> <Ports = 2> <Width = 7> <Depth = 1024> <RAM>
ST_3 : Operation 104 [2/2] (3.25ns)   --->   "%conv_layer_signed_char_signed_char_int_int_int_int_signed_char_signed_91 = load i10 %conv_layer_signed_char_signed_char_int_int_int_int_signed_char_signed_83" [cnn_accel.cpp:116]   --->   Operation 104 'load' 'conv_layer_signed_char_signed_char_int_int_int_int_signed_char_signed_91' <Predicate = (and_ln112)> <Delay = 3.25> <CoreInst = "RAM_T2P_BRAM">   --->   Core 93 'RAM_T2P_BRAM' <Latency = 1> <II = 1> <Delay = 3.25> <Storage> <Opcode : 'load' 'store'> <Ports = 2> <Width = 7> <Depth = 1024> <RAM>
ST_3 : Operation 105 [2/2] (3.25ns)   --->   "%conv_layer_signed_char_signed_char_int_int_int_int_signed_char_signed_92 = load i10 %conv_layer_signed_char_signed_char_int_int_int_int_signed_char_signed_84" [cnn_accel.cpp:116]   --->   Operation 105 'load' 'conv_layer_signed_char_signed_char_int_int_int_int_signed_char_signed_92' <Predicate = (and_ln112)> <Delay = 3.25> <CoreInst = "RAM_T2P_BRAM">   --->   Core 93 'RAM_T2P_BRAM' <Latency = 1> <II = 1> <Delay = 3.25> <Storage> <Opcode : 'load' 'store'> <Ports = 2> <Width = 7> <Depth = 1024> <RAM>
ST_3 : Operation 106 [2/2] (3.25ns)   --->   "%conv_layer_signed_char_signed_char_int_int_int_int_signed_char_signed_93 = load i10 %conv_layer_signed_char_signed_char_int_int_int_int_signed_char_signed_85" [cnn_accel.cpp:116]   --->   Operation 106 'load' 'conv_layer_signed_char_signed_char_int_int_int_int_signed_char_signed_93' <Predicate = (and_ln112)> <Delay = 3.25> <CoreInst = "RAM_T2P_BRAM">   --->   Core 93 'RAM_T2P_BRAM' <Latency = 1> <II = 1> <Delay = 3.25> <Storage> <Opcode : 'load' 'store'> <Ports = 2> <Width = 7> <Depth = 1024> <RAM>
ST_3 : Operation 107 [2/2] (3.25ns)   --->   "%conv_layer_signed_char_signed_char_int_int_int_int_signed_char_signed_94 = load i10 %conv_layer_signed_char_signed_char_int_int_int_int_signed_char_signed_86" [cnn_accel.cpp:116]   --->   Operation 107 'load' 'conv_layer_signed_char_signed_char_int_int_int_int_signed_char_signed_94' <Predicate = (and_ln112)> <Delay = 3.25> <CoreInst = "RAM_T2P_BRAM">   --->   Core 93 'RAM_T2P_BRAM' <Latency = 1> <II = 1> <Delay = 3.25> <Storage> <Opcode : 'load' 'store'> <Ports = 2> <Width = 7> <Depth = 1024> <RAM>
ST_3 : Operation 108 [2/2] (3.25ns)   --->   "%conv_layer_signed_char_signed_char_int_int_int_int_signed_char_signed_95 = load i10 %conv_layer_signed_char_signed_char_int_int_int_int_signed_char_signed_87" [cnn_accel.cpp:116]   --->   Operation 108 'load' 'conv_layer_signed_char_signed_char_int_int_int_int_signed_char_signed_95' <Predicate = (and_ln112)> <Delay = 3.25> <CoreInst = "RAM_T2P_BRAM">   --->   Core 93 'RAM_T2P_BRAM' <Latency = 1> <II = 1> <Delay = 3.25> <Storage> <Opcode : 'load' 'store'> <Ports = 2> <Width = 7> <Depth = 1024> <RAM>
ST_3 : Operation 109 [2/2] (3.25ns)   --->   "%conv_layer_signed_char_signed_char_int_int_int_int_signed_char_signed_96 = load i10 %conv_layer_signed_char_signed_char_int_int_int_int_signed_char_signed_88" [cnn_accel.cpp:116]   --->   Operation 109 'load' 'conv_layer_signed_char_signed_char_int_int_int_int_signed_char_signed_96' <Predicate = (and_ln112)> <Delay = 3.25> <CoreInst = "RAM_T2P_BRAM">   --->   Core 93 'RAM_T2P_BRAM' <Latency = 1> <II = 1> <Delay = 3.25> <Storage> <Opcode : 'load' 'store'> <Ports = 2> <Width = 7> <Depth = 1024> <RAM>
ST_3 : Operation 110 [2/2] (3.25ns)   --->   "%conv_layer_signed_char_signed_char_int_int_int_int_signed_char_signed_97 = load i10 %conv_layer_signed_char_signed_char_int_int_int_int_signed_char_signed_89" [cnn_accel.cpp:116]   --->   Operation 110 'load' 'conv_layer_signed_char_signed_char_int_int_int_int_signed_char_signed_97' <Predicate = (and_ln112)> <Delay = 3.25> <CoreInst = "RAM_T2P_BRAM">   --->   Core 93 'RAM_T2P_BRAM' <Latency = 1> <II = 1> <Delay = 3.25> <Storage> <Opcode : 'load' 'store'> <Ports = 2> <Width = 7> <Depth = 1024> <RAM>
ST_3 : Operation 111 [2/2] (3.25ns)   --->   "%conv_layer_signed_char_signed_char_int_int_int_int_signed_char_signed_98 = load i10 %conv_layer_signed_char_signed_char_int_int_int_int_signed_char_signed_81" [cnn_accel.cpp:116]   --->   Operation 111 'load' 'conv_layer_signed_char_signed_char_int_int_int_int_signed_char_signed_98' <Predicate = (and_ln112)> <Delay = 3.25> <CoreInst = "RAM_T2P_BRAM">   --->   Core 93 'RAM_T2P_BRAM' <Latency = 1> <II = 1> <Delay = 3.25> <Storage> <Opcode : 'load' 'store'> <Ports = 2> <Width = 7> <Depth = 1024> <RAM>
ST_3 : Operation 112 [2/2] (3.25ns)   --->   "%conv_layer_signed_char_signed_char_int_int_int_int_signed_char_signed_99 = load i10 %conv_layer_signed_char_signed_char_int_int_int_int_signed_char_signed_82" [cnn_accel.cpp:116]   --->   Operation 112 'load' 'conv_layer_signed_char_signed_char_int_int_int_int_signed_char_signed_99' <Predicate = (and_ln112)> <Delay = 3.25> <CoreInst = "RAM_T2P_BRAM">   --->   Core 93 'RAM_T2P_BRAM' <Latency = 1> <II = 1> <Delay = 3.25> <Storage> <Opcode : 'load' 'store'> <Ports = 2> <Width = 7> <Depth = 1024> <RAM>
ST_3 : Operation 113 [2/2] (3.25ns)   --->   "%p_ZZ10conv_layerPaS_iiiiS_S_E8tile_out_10_load = load i10 %p_ZZ10conv_layerPaS_iiiiS_S_E8tile_out_10_addr" [cnn_accel.cpp:116]   --->   Operation 113 'load' 'p_ZZ10conv_layerPaS_iiiiS_S_E8tile_out_10_load' <Predicate = (and_ln112)> <Delay = 3.25> <CoreInst = "RAM_T2P_BRAM">   --->   Core 93 'RAM_T2P_BRAM' <Latency = 1> <II = 1> <Delay = 3.25> <Storage> <Opcode : 'load' 'store'> <Ports = 2> <Width = 7> <Depth = 1024> <RAM>
ST_3 : Operation 114 [2/2] (3.25ns)   --->   "%conv_layer_signed_char_signed_char_int_int_int_int_signed_char_signed_char_tile_out_404 = load i10 %p_ZZ10conv_layerPaS_iiiiS_S_E8tile_out_11_addr" [cnn_accel.cpp:116]   --->   Operation 114 'load' 'conv_layer_signed_char_signed_char_int_int_int_int_signed_char_signed_char_tile_out_404' <Predicate = (and_ln112)> <Delay = 3.25> <CoreInst = "RAM_T2P_BRAM">   --->   Core 93 'RAM_T2P_BRAM' <Latency = 1> <II = 1> <Delay = 3.25> <Storage> <Opcode : 'load' 'store'> <Ports = 2> <Width = 7> <Depth = 1024> <RAM>
ST_3 : Operation 115 [2/2] (3.25ns)   --->   "%conv_layer_signed_char_signed_char_int_int_int_int_signed_char_signed_char_tile_out_405 = load i10 %p_ZZ10conv_layerPaS_iiiiS_S_E8tile_out_12_addr" [cnn_accel.cpp:116]   --->   Operation 115 'load' 'conv_layer_signed_char_signed_char_int_int_int_int_signed_char_signed_char_tile_out_405' <Predicate = (and_ln112)> <Delay = 3.25> <CoreInst = "RAM_T2P_BRAM">   --->   Core 93 'RAM_T2P_BRAM' <Latency = 1> <II = 1> <Delay = 3.25> <Storage> <Opcode : 'load' 'store'> <Ports = 2> <Width = 7> <Depth = 1024> <RAM>
ST_3 : Operation 116 [2/2] (3.25ns)   --->   "%conv_layer_signed_char_signed_char_int_int_int_int_signed_char_signed_char_tile_out_406 = load i10 %p_ZZ10conv_layerPaS_iiiiS_S_E8tile_out_13_addr" [cnn_accel.cpp:116]   --->   Operation 116 'load' 'conv_layer_signed_char_signed_char_int_int_int_int_signed_char_signed_char_tile_out_406' <Predicate = (and_ln112)> <Delay = 3.25> <CoreInst = "RAM_T2P_BRAM">   --->   Core 93 'RAM_T2P_BRAM' <Latency = 1> <II = 1> <Delay = 3.25> <Storage> <Opcode : 'load' 'store'> <Ports = 2> <Width = 7> <Depth = 1024> <RAM>
ST_3 : Operation 117 [2/2] (3.25ns)   --->   "%conv_layer_signed_char_signed_char_int_int_int_int_signed_char_signed_char_tile_out_407 = load i10 %p_ZZ10conv_layerPaS_iiiiS_S_E8tile_out_14_addr" [cnn_accel.cpp:116]   --->   Operation 117 'load' 'conv_layer_signed_char_signed_char_int_int_int_int_signed_char_signed_char_tile_out_407' <Predicate = (and_ln112)> <Delay = 3.25> <CoreInst = "RAM_T2P_BRAM">   --->   Core 93 'RAM_T2P_BRAM' <Latency = 1> <II = 1> <Delay = 3.25> <Storage> <Opcode : 'load' 'store'> <Ports = 2> <Width = 7> <Depth = 1024> <RAM>
ST_3 : Operation 118 [2/2] (3.25ns)   --->   "%conv_layer_signed_char_signed_char_int_int_int_int_signed_char_signed_char_tile_out_408 = load i10 %conv_layer_signed_char_signed_char_int_int_int_int_signed_char_signed_char_tile_out" [cnn_accel.cpp:116]   --->   Operation 118 'load' 'conv_layer_signed_char_signed_char_int_int_int_int_signed_char_signed_char_tile_out_408' <Predicate = (and_ln112)> <Delay = 3.25> <CoreInst = "RAM_T2P_BRAM">   --->   Core 93 'RAM_T2P_BRAM' <Latency = 1> <II = 1> <Delay = 3.25> <Storage> <Opcode : 'load' 'store'> <Ports = 2> <Width = 7> <Depth = 1024> <RAM>
ST_3 : Operation 170 [1/1] (1.61ns)   --->   "%ret_ln0 = ret"   --->   Operation 170 'ret' 'ret_ln0' <Predicate = (icmp_ln105)> <Delay = 1.61>

State 4 <SV = 3> <Delay = 6.51>
ST_4 : Operation 119 [1/1] (2.21ns)   --->   "%add_ln113 = add i18 %trunc_ln112, i18 %empty_403" [cnn_accel.cpp:113]   --->   Operation 119 'add' 'add_ln113' <Predicate = (and_ln112)> <Delay = 2.21> <CoreInst = "Adder">   --->   Core 1 'Adder' <Latency = 0> <II = 1> <Delay = 2.21> <FuncUnit> <Opcode : 'add' 'sub'> <InPorts = 2> <OutPorts = 1>
ST_4 : Operation 120 [1/1] (0.00ns)   --->   "%zext_ln116 = zext i18 %add_ln113" [cnn_accel.cpp:116]   --->   Operation 120 'zext' 'zext_ln116' <Predicate = (and_ln112)> <Delay = 0.00>
ST_4 : Operation 121 [1/2] ( I:3.25ns O:3.25ns )   --->   "%conv_layer_signed_char_signed_char_int_int_int_int_signed_char_signed_90 = load i10 %conv_layer_signed_char_signed_char_int_int_int_int_signed_char_signed_80" [cnn_accel.cpp:116]   --->   Operation 121 'load' 'conv_layer_signed_char_signed_char_int_int_int_int_signed_char_signed_90' <Predicate = (and_ln112)> <Delay = 3.25> <CoreInst = "RAM_T2P_BRAM">   --->   Core 93 'RAM_T2P_BRAM' <Latency = 1> <II = 1> <Delay = 3.25> <Storage> <Opcode : 'load' 'store'> <Ports = 2> <Width = 7> <Depth = 1024> <RAM>
ST_4 : Operation 122 [1/1] (0.00ns)   --->   "%cnn_accel_signed_char_volatile_signed_char_volatile_int_buf1_addr = getelementptr i7 %cnn_accel_signed_char_volatile_signed_char_volatile_int_buf1, i64 0, i64 %zext_ln116" [cnn_accel.cpp:116]   --->   Operation 122 'getelementptr' 'cnn_accel_signed_char_volatile_signed_char_volatile_int_buf1_addr' <Predicate = (and_ln112)> <Delay = 0.00>
ST_4 : Operation 123 [1/1] (0.00ns)   --->   "%cnn_accel_signed_char_volatile_signed_char_volatile_int_buf1_12_addr = getelementptr i7 %cnn_accel_signed_char_volatile_signed_char_volatile_int_buf1_12, i64 0, i64 %zext_ln116" [cnn_accel.cpp:116]   --->   Operation 123 'getelementptr' 'cnn_accel_signed_char_volatile_signed_char_volatile_int_buf1_12_addr' <Predicate = (and_ln112)> <Delay = 0.00>
ST_4 : Operation 124 [1/1] (0.00ns)   --->   "%cnn_accel_signed_char_volatile_signed_char_volatile_int_buf1_13_addr = getelementptr i7 %cnn_accel_signed_char_volatile_signed_char_volatile_int_buf1_13, i64 0, i64 %zext_ln116" [cnn_accel.cpp:116]   --->   Operation 124 'getelementptr' 'cnn_accel_signed_char_volatile_signed_char_volatile_int_buf1_13_addr' <Predicate = (and_ln112)> <Delay = 0.00>
ST_4 : Operation 125 [1/1] (0.00ns)   --->   "%cnn_accel_signed_char_volatile_signed_char_volatile_int_buf1_14_addr = getelementptr i7 %cnn_accel_signed_char_volatile_signed_char_volatile_int_buf1_14, i64 0, i64 %zext_ln116" [cnn_accel.cpp:116]   --->   Operation 125 'getelementptr' 'cnn_accel_signed_char_volatile_signed_char_volatile_int_buf1_14_addr' <Predicate = (and_ln112)> <Delay = 0.00>
ST_4 : Operation 126 [1/1] (0.00ns)   --->   "%cnn_accel_signed_char_volatile_signed_char_volatile_int_buf1_15_addr = getelementptr i7 %cnn_accel_signed_char_volatile_signed_char_volatile_int_buf1_15, i64 0, i64 %zext_ln116" [cnn_accel.cpp:116]   --->   Operation 126 'getelementptr' 'cnn_accel_signed_char_volatile_signed_char_volatile_int_buf1_15_addr' <Predicate = (and_ln112)> <Delay = 0.00>
ST_4 : Operation 127 [1/1] (0.00ns)   --->   "%cnn_accel_signed_char_volatile_signed_char_volatile_int_buf1_16_addr = getelementptr i7 %cnn_accel_signed_char_volatile_signed_char_volatile_int_buf1_16, i64 0, i64 %zext_ln116" [cnn_accel.cpp:116]   --->   Operation 127 'getelementptr' 'cnn_accel_signed_char_volatile_signed_char_volatile_int_buf1_16_addr' <Predicate = (and_ln112)> <Delay = 0.00>
ST_4 : Operation 128 [1/1] (0.00ns)   --->   "%cnn_accel_signed_char_volatile_signed_char_volatile_int_buf1_17_addr = getelementptr i7 %cnn_accel_signed_char_volatile_signed_char_volatile_int_buf1_17, i64 0, i64 %zext_ln116" [cnn_accel.cpp:116]   --->   Operation 128 'getelementptr' 'cnn_accel_signed_char_volatile_signed_char_volatile_int_buf1_17_addr' <Predicate = (and_ln112)> <Delay = 0.00>
ST_4 : Operation 129 [1/1] (0.00ns)   --->   "%cnn_accel_signed_char_volatile_signed_char_volatile_int_buf1_18_addr = getelementptr i7 %cnn_accel_signed_char_volatile_signed_char_volatile_int_buf1_18, i64 0, i64 %zext_ln116" [cnn_accel.cpp:116]   --->   Operation 129 'getelementptr' 'cnn_accel_signed_char_volatile_signed_char_volatile_int_buf1_18_addr' <Predicate = (and_ln112)> <Delay = 0.00>
ST_4 : Operation 130 [1/1] (0.00ns)   --->   "%cnn_accel_signed_char_volatile_signed_char_volatile_int_buf1_19_addr = getelementptr i7 %cnn_accel_signed_char_volatile_signed_char_volatile_int_buf1_19, i64 0, i64 %zext_ln116" [cnn_accel.cpp:116]   --->   Operation 130 'getelementptr' 'cnn_accel_signed_char_volatile_signed_char_volatile_int_buf1_19_addr' <Predicate = (and_ln112)> <Delay = 0.00>
ST_4 : Operation 131 [1/1] (0.00ns)   --->   "%cnn_accel_signed_char_volatile_signed_char_volatile_int_buf1_20_addr = getelementptr i7 %cnn_accel_signed_char_volatile_signed_char_volatile_int_buf1_20, i64 0, i64 %zext_ln116" [cnn_accel.cpp:116]   --->   Operation 131 'getelementptr' 'cnn_accel_signed_char_volatile_signed_char_volatile_int_buf1_20_addr' <Predicate = (and_ln112)> <Delay = 0.00>
ST_4 : Operation 132 [1/1] (0.00ns)   --->   "%p_ZZ9cnn_accelPVaS0_iE4buf1_10_addr = getelementptr i7 %p_ZZ9cnn_accelPVaS0_iE4buf1_10, i64 0, i64 %zext_ln116" [cnn_accel.cpp:116]   --->   Operation 132 'getelementptr' 'p_ZZ9cnn_accelPVaS0_iE4buf1_10_addr' <Predicate = (and_ln112)> <Delay = 0.00>
ST_4 : Operation 133 [1/1] (0.00ns)   --->   "%p_ZZ9cnn_accelPVaS0_iE4buf1_11_addr = getelementptr i7 %p_ZZ9cnn_accelPVaS0_iE4buf1_11, i64 0, i64 %zext_ln116" [cnn_accel.cpp:116]   --->   Operation 133 'getelementptr' 'p_ZZ9cnn_accelPVaS0_iE4buf1_11_addr' <Predicate = (and_ln112)> <Delay = 0.00>
ST_4 : Operation 134 [1/1] (0.00ns)   --->   "%p_ZZ9cnn_accelPVaS0_iE4buf1_12_addr = getelementptr i7 %p_ZZ9cnn_accelPVaS0_iE4buf1_12, i64 0, i64 %zext_ln116" [cnn_accel.cpp:116]   --->   Operation 134 'getelementptr' 'p_ZZ9cnn_accelPVaS0_iE4buf1_12_addr' <Predicate = (and_ln112)> <Delay = 0.00>
ST_4 : Operation 135 [1/1] (0.00ns)   --->   "%p_ZZ9cnn_accelPVaS0_iE4buf1_13_addr = getelementptr i7 %p_ZZ9cnn_accelPVaS0_iE4buf1_13, i64 0, i64 %zext_ln116" [cnn_accel.cpp:116]   --->   Operation 135 'getelementptr' 'p_ZZ9cnn_accelPVaS0_iE4buf1_13_addr' <Predicate = (and_ln112)> <Delay = 0.00>
ST_4 : Operation 136 [1/1] (0.00ns)   --->   "%p_ZZ9cnn_accelPVaS0_iE4buf1_14_addr = getelementptr i7 %p_ZZ9cnn_accelPVaS0_iE4buf1_14, i64 0, i64 %zext_ln116" [cnn_accel.cpp:116]   --->   Operation 136 'getelementptr' 'p_ZZ9cnn_accelPVaS0_iE4buf1_14_addr' <Predicate = (and_ln112)> <Delay = 0.00>
ST_4 : Operation 137 [1/2] ( I:3.25ns O:3.25ns )   --->   "%conv_layer_signed_char_signed_char_int_int_int_int_signed_char_signed_91 = load i10 %conv_layer_signed_char_signed_char_int_int_int_int_signed_char_signed_83" [cnn_accel.cpp:116]   --->   Operation 137 'load' 'conv_layer_signed_char_signed_char_int_int_int_int_signed_char_signed_91' <Predicate = (and_ln112)> <Delay = 3.25> <CoreInst = "RAM_T2P_BRAM">   --->   Core 93 'RAM_T2P_BRAM' <Latency = 1> <II = 1> <Delay = 3.25> <Storage> <Opcode : 'load' 'store'> <Ports = 2> <Width = 7> <Depth = 1024> <RAM>
ST_4 : Operation 138 [1/2] ( I:3.25ns O:3.25ns )   --->   "%conv_layer_signed_char_signed_char_int_int_int_int_signed_char_signed_92 = load i10 %conv_layer_signed_char_signed_char_int_int_int_int_signed_char_signed_84" [cnn_accel.cpp:116]   --->   Operation 138 'load' 'conv_layer_signed_char_signed_char_int_int_int_int_signed_char_signed_92' <Predicate = (and_ln112)> <Delay = 3.25> <CoreInst = "RAM_T2P_BRAM">   --->   Core 93 'RAM_T2P_BRAM' <Latency = 1> <II = 1> <Delay = 3.25> <Storage> <Opcode : 'load' 'store'> <Ports = 2> <Width = 7> <Depth = 1024> <RAM>
ST_4 : Operation 139 [1/2] ( I:3.25ns O:3.25ns )   --->   "%conv_layer_signed_char_signed_char_int_int_int_int_signed_char_signed_93 = load i10 %conv_layer_signed_char_signed_char_int_int_int_int_signed_char_signed_85" [cnn_accel.cpp:116]   --->   Operation 139 'load' 'conv_layer_signed_char_signed_char_int_int_int_int_signed_char_signed_93' <Predicate = (and_ln112)> <Delay = 3.25> <CoreInst = "RAM_T2P_BRAM">   --->   Core 93 'RAM_T2P_BRAM' <Latency = 1> <II = 1> <Delay = 3.25> <Storage> <Opcode : 'load' 'store'> <Ports = 2> <Width = 7> <Depth = 1024> <RAM>
ST_4 : Operation 140 [1/2] ( I:3.25ns O:3.25ns )   --->   "%conv_layer_signed_char_signed_char_int_int_int_int_signed_char_signed_94 = load i10 %conv_layer_signed_char_signed_char_int_int_int_int_signed_char_signed_86" [cnn_accel.cpp:116]   --->   Operation 140 'load' 'conv_layer_signed_char_signed_char_int_int_int_int_signed_char_signed_94' <Predicate = (and_ln112)> <Delay = 3.25> <CoreInst = "RAM_T2P_BRAM">   --->   Core 93 'RAM_T2P_BRAM' <Latency = 1> <II = 1> <Delay = 3.25> <Storage> <Opcode : 'load' 'store'> <Ports = 2> <Width = 7> <Depth = 1024> <RAM>
ST_4 : Operation 141 [1/2] ( I:3.25ns O:3.25ns )   --->   "%conv_layer_signed_char_signed_char_int_int_int_int_signed_char_signed_95 = load i10 %conv_layer_signed_char_signed_char_int_int_int_int_signed_char_signed_87" [cnn_accel.cpp:116]   --->   Operation 141 'load' 'conv_layer_signed_char_signed_char_int_int_int_int_signed_char_signed_95' <Predicate = (and_ln112)> <Delay = 3.25> <CoreInst = "RAM_T2P_BRAM">   --->   Core 93 'RAM_T2P_BRAM' <Latency = 1> <II = 1> <Delay = 3.25> <Storage> <Opcode : 'load' 'store'> <Ports = 2> <Width = 7> <Depth = 1024> <RAM>
ST_4 : Operation 142 [1/2] ( I:3.25ns O:3.25ns )   --->   "%conv_layer_signed_char_signed_char_int_int_int_int_signed_char_signed_96 = load i10 %conv_layer_signed_char_signed_char_int_int_int_int_signed_char_signed_88" [cnn_accel.cpp:116]   --->   Operation 142 'load' 'conv_layer_signed_char_signed_char_int_int_int_int_signed_char_signed_96' <Predicate = (and_ln112)> <Delay = 3.25> <CoreInst = "RAM_T2P_BRAM">   --->   Core 93 'RAM_T2P_BRAM' <Latency = 1> <II = 1> <Delay = 3.25> <Storage> <Opcode : 'load' 'store'> <Ports = 2> <Width = 7> <Depth = 1024> <RAM>
ST_4 : Operation 143 [1/2] ( I:3.25ns O:3.25ns )   --->   "%conv_layer_signed_char_signed_char_int_int_int_int_signed_char_signed_97 = load i10 %conv_layer_signed_char_signed_char_int_int_int_int_signed_char_signed_89" [cnn_accel.cpp:116]   --->   Operation 143 'load' 'conv_layer_signed_char_signed_char_int_int_int_int_signed_char_signed_97' <Predicate = (and_ln112)> <Delay = 3.25> <CoreInst = "RAM_T2P_BRAM">   --->   Core 93 'RAM_T2P_BRAM' <Latency = 1> <II = 1> <Delay = 3.25> <Storage> <Opcode : 'load' 'store'> <Ports = 2> <Width = 7> <Depth = 1024> <RAM>
ST_4 : Operation 144 [1/2] ( I:3.25ns O:3.25ns )   --->   "%conv_layer_signed_char_signed_char_int_int_int_int_signed_char_signed_98 = load i10 %conv_layer_signed_char_signed_char_int_int_int_int_signed_char_signed_81" [cnn_accel.cpp:116]   --->   Operation 144 'load' 'conv_layer_signed_char_signed_char_int_int_int_int_signed_char_signed_98' <Predicate = (and_ln112)> <Delay = 3.25> <CoreInst = "RAM_T2P_BRAM">   --->   Core 93 'RAM_T2P_BRAM' <Latency = 1> <II = 1> <Delay = 3.25> <Storage> <Opcode : 'load' 'store'> <Ports = 2> <Width = 7> <Depth = 1024> <RAM>
ST_4 : Operation 145 [1/2] ( I:3.25ns O:3.25ns )   --->   "%conv_layer_signed_char_signed_char_int_int_int_int_signed_char_signed_99 = load i10 %conv_layer_signed_char_signed_char_int_int_int_int_signed_char_signed_82" [cnn_accel.cpp:116]   --->   Operation 145 'load' 'conv_layer_signed_char_signed_char_int_int_int_int_signed_char_signed_99' <Predicate = (and_ln112)> <Delay = 3.25> <CoreInst = "RAM_T2P_BRAM">   --->   Core 93 'RAM_T2P_BRAM' <Latency = 1> <II = 1> <Delay = 3.25> <Storage> <Opcode : 'load' 'store'> <Ports = 2> <Width = 7> <Depth = 1024> <RAM>
ST_4 : Operation 146 [1/2] ( I:3.25ns O:3.25ns )   --->   "%p_ZZ10conv_layerPaS_iiiiS_S_E8tile_out_10_load = load i10 %p_ZZ10conv_layerPaS_iiiiS_S_E8tile_out_10_addr" [cnn_accel.cpp:116]   --->   Operation 146 'load' 'p_ZZ10conv_layerPaS_iiiiS_S_E8tile_out_10_load' <Predicate = (and_ln112)> <Delay = 3.25> <CoreInst = "RAM_T2P_BRAM">   --->   Core 93 'RAM_T2P_BRAM' <Latency = 1> <II = 1> <Delay = 3.25> <Storage> <Opcode : 'load' 'store'> <Ports = 2> <Width = 7> <Depth = 1024> <RAM>
ST_4 : Operation 147 [1/2] ( I:3.25ns O:3.25ns )   --->   "%conv_layer_signed_char_signed_char_int_int_int_int_signed_char_signed_char_tile_out_404 = load i10 %p_ZZ10conv_layerPaS_iiiiS_S_E8tile_out_11_addr" [cnn_accel.cpp:116]   --->   Operation 147 'load' 'conv_layer_signed_char_signed_char_int_int_int_int_signed_char_signed_char_tile_out_404' <Predicate = (and_ln112)> <Delay = 3.25> <CoreInst = "RAM_T2P_BRAM">   --->   Core 93 'RAM_T2P_BRAM' <Latency = 1> <II = 1> <Delay = 3.25> <Storage> <Opcode : 'load' 'store'> <Ports = 2> <Width = 7> <Depth = 1024> <RAM>
ST_4 : Operation 148 [1/2] ( I:3.25ns O:3.25ns )   --->   "%conv_layer_signed_char_signed_char_int_int_int_int_signed_char_signed_char_tile_out_405 = load i10 %p_ZZ10conv_layerPaS_iiiiS_S_E8tile_out_12_addr" [cnn_accel.cpp:116]   --->   Operation 148 'load' 'conv_layer_signed_char_signed_char_int_int_int_int_signed_char_signed_char_tile_out_405' <Predicate = (and_ln112)> <Delay = 3.25> <CoreInst = "RAM_T2P_BRAM">   --->   Core 93 'RAM_T2P_BRAM' <Latency = 1> <II = 1> <Delay = 3.25> <Storage> <Opcode : 'load' 'store'> <Ports = 2> <Width = 7> <Depth = 1024> <RAM>
ST_4 : Operation 149 [1/2] ( I:3.25ns O:3.25ns )   --->   "%conv_layer_signed_char_signed_char_int_int_int_int_signed_char_signed_char_tile_out_406 = load i10 %p_ZZ10conv_layerPaS_iiiiS_S_E8tile_out_13_addr" [cnn_accel.cpp:116]   --->   Operation 149 'load' 'conv_layer_signed_char_signed_char_int_int_int_int_signed_char_signed_char_tile_out_406' <Predicate = (and_ln112)> <Delay = 3.25> <CoreInst = "RAM_T2P_BRAM">   --->   Core 93 'RAM_T2P_BRAM' <Latency = 1> <II = 1> <Delay = 3.25> <Storage> <Opcode : 'load' 'store'> <Ports = 2> <Width = 7> <Depth = 1024> <RAM>
ST_4 : Operation 150 [1/2] ( I:3.25ns O:3.25ns )   --->   "%conv_layer_signed_char_signed_char_int_int_int_int_signed_char_signed_char_tile_out_407 = load i10 %p_ZZ10conv_layerPaS_iiiiS_S_E8tile_out_14_addr" [cnn_accel.cpp:116]   --->   Operation 150 'load' 'conv_layer_signed_char_signed_char_int_int_int_int_signed_char_signed_char_tile_out_407' <Predicate = (and_ln112)> <Delay = 3.25> <CoreInst = "RAM_T2P_BRAM">   --->   Core 93 'RAM_T2P_BRAM' <Latency = 1> <II = 1> <Delay = 3.25> <Storage> <Opcode : 'load' 'store'> <Ports = 2> <Width = 7> <Depth = 1024> <RAM>
ST_4 : Operation 151 [1/2] ( I:3.25ns O:3.25ns )   --->   "%conv_layer_signed_char_signed_char_int_int_int_int_signed_char_signed_char_tile_out_408 = load i10 %conv_layer_signed_char_signed_char_int_int_int_int_signed_char_signed_char_tile_out" [cnn_accel.cpp:116]   --->   Operation 151 'load' 'conv_layer_signed_char_signed_char_int_int_int_int_signed_char_signed_char_tile_out_408' <Predicate = (and_ln112)> <Delay = 3.25> <CoreInst = "RAM_T2P_BRAM">   --->   Core 93 'RAM_T2P_BRAM' <Latency = 1> <II = 1> <Delay = 3.25> <Storage> <Opcode : 'load' 'store'> <Ports = 2> <Width = 7> <Depth = 1024> <RAM>
ST_4 : Operation 152 [1/1] (0.00ns)   --->   "%cnn_accel_signed_char_volatile_signed_char_volatile_int_buf1 = getelementptr i7 %p_ZZ9cnn_accelPVaS0_iE4buf1_15, i64 0, i64 %zext_ln116" [cnn_accel.cpp:116]   --->   Operation 152 'getelementptr' 'cnn_accel_signed_char_volatile_signed_char_volatile_int_buf1' <Predicate = (and_ln112)> <Delay = 0.00>
ST_4 : Operation 153 [1/1] ( I:3.25ns O:3.25ns )   --->   "%store_ln116 = store i7 %conv_layer_signed_char_signed_char_int_int_int_int_signed_char_signed_90, i18 %cnn_accel_signed_char_volatile_signed_char_volatile_int_buf1_addr" [cnn_accel.cpp:116]   --->   Operation 153 'store' 'store_ln116' <Predicate = (and_ln112)> <Delay = 3.25> <CoreInst = "RAM_2P_BRAM">   --->   Core 90 'RAM_2P_BRAM' <Latency = 1> <II = 1> <Delay = 3.25> <Storage> <Opcode : 'load' 'store'> <Ports = 2> <Width = 7> <Depth = 173056> <RAM>
ST_4 : Operation 154 [1/1] ( I:3.25ns O:3.25ns )   --->   "%store_ln116 = store i7 %conv_layer_signed_char_signed_char_int_int_int_int_signed_char_signed_91, i18 %cnn_accel_signed_char_volatile_signed_char_volatile_int_buf1_12_addr" [cnn_accel.cpp:116]   --->   Operation 154 'store' 'store_ln116' <Predicate = (and_ln112)> <Delay = 3.25> <CoreInst = "RAM_2P_BRAM">   --->   Core 90 'RAM_2P_BRAM' <Latency = 1> <II = 1> <Delay = 3.25> <Storage> <Opcode : 'load' 'store'> <Ports = 2> <Width = 7> <Depth = 173056> <RAM>
ST_4 : Operation 155 [1/1] ( I:3.25ns O:3.25ns )   --->   "%store_ln116 = store i7 %conv_layer_signed_char_signed_char_int_int_int_int_signed_char_signed_92, i18 %cnn_accel_signed_char_volatile_signed_char_volatile_int_buf1_13_addr" [cnn_accel.cpp:116]   --->   Operation 155 'store' 'store_ln116' <Predicate = (and_ln112)> <Delay = 3.25> <CoreInst = "RAM_2P_BRAM">   --->   Core 90 'RAM_2P_BRAM' <Latency = 1> <II = 1> <Delay = 3.25> <Storage> <Opcode : 'load' 'store'> <Ports = 2> <Width = 7> <Depth = 173056> <RAM>
ST_4 : Operation 156 [1/1] ( I:3.25ns O:3.25ns )   --->   "%store_ln116 = store i7 %conv_layer_signed_char_signed_char_int_int_int_int_signed_char_signed_93, i18 %cnn_accel_signed_char_volatile_signed_char_volatile_int_buf1_14_addr" [cnn_accel.cpp:116]   --->   Operation 156 'store' 'store_ln116' <Predicate = (and_ln112)> <Delay = 3.25> <CoreInst = "RAM_2P_BRAM">   --->   Core 90 'RAM_2P_BRAM' <Latency = 1> <II = 1> <Delay = 3.25> <Storage> <Opcode : 'load' 'store'> <Ports = 2> <Width = 7> <Depth = 173056> <RAM>
ST_4 : Operation 157 [1/1] ( I:3.25ns O:3.25ns )   --->   "%store_ln116 = store i7 %conv_layer_signed_char_signed_char_int_int_int_int_signed_char_signed_94, i18 %cnn_accel_signed_char_volatile_signed_char_volatile_int_buf1_15_addr" [cnn_accel.cpp:116]   --->   Operation 157 'store' 'store_ln116' <Predicate = (and_ln112)> <Delay = 3.25> <CoreInst = "RAM_2P_BRAM">   --->   Core 90 'RAM_2P_BRAM' <Latency = 1> <II = 1> <Delay = 3.25> <Storage> <Opcode : 'load' 'store'> <Ports = 2> <Width = 7> <Depth = 173056> <RAM>
ST_4 : Operation 158 [1/1] ( I:3.25ns O:3.25ns )   --->   "%store_ln116 = store i7 %conv_layer_signed_char_signed_char_int_int_int_int_signed_char_signed_95, i18 %cnn_accel_signed_char_volatile_signed_char_volatile_int_buf1_16_addr" [cnn_accel.cpp:116]   --->   Operation 158 'store' 'store_ln116' <Predicate = (and_ln112)> <Delay = 3.25> <CoreInst = "RAM_2P_BRAM">   --->   Core 90 'RAM_2P_BRAM' <Latency = 1> <II = 1> <Delay = 3.25> <Storage> <Opcode : 'load' 'store'> <Ports = 2> <Width = 7> <Depth = 173056> <RAM>
ST_4 : Operation 159 [1/1] ( I:3.25ns O:3.25ns )   --->   "%store_ln116 = store i7 %conv_layer_signed_char_signed_char_int_int_int_int_signed_char_signed_96, i18 %cnn_accel_signed_char_volatile_signed_char_volatile_int_buf1_17_addr" [cnn_accel.cpp:116]   --->   Operation 159 'store' 'store_ln116' <Predicate = (and_ln112)> <Delay = 3.25> <CoreInst = "RAM_2P_BRAM">   --->   Core 90 'RAM_2P_BRAM' <Latency = 1> <II = 1> <Delay = 3.25> <Storage> <Opcode : 'load' 'store'> <Ports = 2> <Width = 7> <Depth = 173056> <RAM>
ST_4 : Operation 160 [1/1] ( I:3.25ns O:3.25ns )   --->   "%store_ln116 = store i7 %conv_layer_signed_char_signed_char_int_int_int_int_signed_char_signed_97, i18 %cnn_accel_signed_char_volatile_signed_char_volatile_int_buf1_18_addr" [cnn_accel.cpp:116]   --->   Operation 160 'store' 'store_ln116' <Predicate = (and_ln112)> <Delay = 3.25> <CoreInst = "RAM_2P_BRAM">   --->   Core 90 'RAM_2P_BRAM' <Latency = 1> <II = 1> <Delay = 3.25> <Storage> <Opcode : 'load' 'store'> <Ports = 2> <Width = 7> <Depth = 173056> <RAM>
ST_4 : Operation 161 [1/1] ( I:3.25ns O:3.25ns )   --->   "%store_ln116 = store i7 %conv_layer_signed_char_signed_char_int_int_int_int_signed_char_signed_98, i18 %cnn_accel_signed_char_volatile_signed_char_volatile_int_buf1_19_addr" [cnn_accel.cpp:116]   --->   Operation 161 'store' 'store_ln116' <Predicate = (and_ln112)> <Delay = 3.25> <CoreInst = "RAM_2P_BRAM">   --->   Core 90 'RAM_2P_BRAM' <Latency = 1> <II = 1> <Delay = 3.25> <Storage> <Opcode : 'load' 'store'> <Ports = 2> <Width = 7> <Depth = 173056> <RAM>
ST_4 : Operation 162 [1/1] ( I:3.25ns O:3.25ns )   --->   "%store_ln116 = store i7 %conv_layer_signed_char_signed_char_int_int_int_int_signed_char_signed_99, i18 %cnn_accel_signed_char_volatile_signed_char_volatile_int_buf1_20_addr" [cnn_accel.cpp:116]   --->   Operation 162 'store' 'store_ln116' <Predicate = (and_ln112)> <Delay = 3.25> <CoreInst = "RAM_2P_BRAM">   --->   Core 90 'RAM_2P_BRAM' <Latency = 1> <II = 1> <Delay = 3.25> <Storage> <Opcode : 'load' 'store'> <Ports = 2> <Width = 7> <Depth = 173056> <RAM>
ST_4 : Operation 163 [1/1] ( I:3.25ns O:3.25ns )   --->   "%store_ln116 = store i7 %p_ZZ10conv_layerPaS_iiiiS_S_E8tile_out_10_load, i18 %p_ZZ9cnn_accelPVaS0_iE4buf1_10_addr" [cnn_accel.cpp:116]   --->   Operation 163 'store' 'store_ln116' <Predicate = (and_ln112)> <Delay = 3.25> <CoreInst = "RAM_2P_BRAM">   --->   Core 90 'RAM_2P_BRAM' <Latency = 1> <II = 1> <Delay = 3.25> <Storage> <Opcode : 'load' 'store'> <Ports = 2> <Width = 7> <Depth = 173056> <RAM>
ST_4 : Operation 164 [1/1] ( I:3.25ns O:3.25ns )   --->   "%store_ln116 = store i7 %conv_layer_signed_char_signed_char_int_int_int_int_signed_char_signed_char_tile_out_404, i18 %p_ZZ9cnn_accelPVaS0_iE4buf1_11_addr" [cnn_accel.cpp:116]   --->   Operation 164 'store' 'store_ln116' <Predicate = (and_ln112)> <Delay = 3.25> <CoreInst = "RAM_2P_BRAM">   --->   Core 90 'RAM_2P_BRAM' <Latency = 1> <II = 1> <Delay = 3.25> <Storage> <Opcode : 'load' 'store'> <Ports = 2> <Width = 7> <Depth = 173056> <RAM>
ST_4 : Operation 165 [1/1] ( I:3.25ns O:3.25ns )   --->   "%store_ln116 = store i7 %conv_layer_signed_char_signed_char_int_int_int_int_signed_char_signed_char_tile_out_405, i18 %p_ZZ9cnn_accelPVaS0_iE4buf1_12_addr" [cnn_accel.cpp:116]   --->   Operation 165 'store' 'store_ln116' <Predicate = (and_ln112)> <Delay = 3.25> <CoreInst = "RAM_2P_BRAM">   --->   Core 90 'RAM_2P_BRAM' <Latency = 1> <II = 1> <Delay = 3.25> <Storage> <Opcode : 'load' 'store'> <Ports = 2> <Width = 7> <Depth = 173056> <RAM>
ST_4 : Operation 166 [1/1] ( I:3.25ns O:3.25ns )   --->   "%store_ln116 = store i7 %conv_layer_signed_char_signed_char_int_int_int_int_signed_char_signed_char_tile_out_406, i18 %p_ZZ9cnn_accelPVaS0_iE4buf1_13_addr" [cnn_accel.cpp:116]   --->   Operation 166 'store' 'store_ln116' <Predicate = (and_ln112)> <Delay = 3.25> <CoreInst = "RAM_2P_BRAM">   --->   Core 90 'RAM_2P_BRAM' <Latency = 1> <II = 1> <Delay = 3.25> <Storage> <Opcode : 'load' 'store'> <Ports = 2> <Width = 7> <Depth = 173056> <RAM>
ST_4 : Operation 167 [1/1] ( I:3.25ns O:3.25ns )   --->   "%store_ln116 = store i7 %conv_layer_signed_char_signed_char_int_int_int_int_signed_char_signed_char_tile_out_407, i18 %p_ZZ9cnn_accelPVaS0_iE4buf1_14_addr" [cnn_accel.cpp:116]   --->   Operation 167 'store' 'store_ln116' <Predicate = (and_ln112)> <Delay = 3.25> <CoreInst = "RAM_2P_BRAM">   --->   Core 90 'RAM_2P_BRAM' <Latency = 1> <II = 1> <Delay = 3.25> <Storage> <Opcode : 'load' 'store'> <Ports = 2> <Width = 7> <Depth = 173056> <RAM>
ST_4 : Operation 168 [1/1] ( I:3.25ns O:3.25ns )   --->   "%store_ln116 = store i7 %conv_layer_signed_char_signed_char_int_int_int_int_signed_char_signed_char_tile_out_408, i18 %cnn_accel_signed_char_volatile_signed_char_volatile_int_buf1" [cnn_accel.cpp:116]   --->   Operation 168 'store' 'store_ln116' <Predicate = (and_ln112)> <Delay = 3.25> <CoreInst = "RAM_2P_BRAM">   --->   Core 90 'RAM_2P_BRAM' <Latency = 1> <II = 1> <Delay = 3.25> <Storage> <Opcode : 'load' 'store'> <Ports = 2> <Width = 7> <Depth = 173056> <RAM>
ST_4 : Operation 169 [1/1] (0.00ns)   --->   "%br_ln106 = br void %for.inc167" [cnn_accel.cpp:106]   --->   Operation 169 'br' 'br_ln106' <Predicate = (and_ln112)> <Delay = 0.00>


============================================================
+ Verbose Summary: Timing violations
============================================================
Target clock period: 10.000ns, clock uncertainty: 2.700ns.

 <State 1>: 5.347ns
The critical path consists of the following:
	'store' operation 0 bit ('store_ln0') of constant 0 on local variable 'indvar_flatten28' [79]  (1.610 ns)
	'load' operation 11 bit ('indvar_flatten28_load', cnn_accel.cpp:105) on local variable 'indvar_flatten28' [84]  (0.000 ns)
	'icmp' operation 1 bit ('icmp_ln105', cnn_accel.cpp:105) [85]  (2.127 ns)
	'store' operation 0 bit ('store_ln105', cnn_accel.cpp:105) of variable 'add_ln105_2', cnn_accel.cpp:105 on local variable 'indvar_flatten28' [184]  (1.610 ns)

 <State 2>: 6.171ns
The critical path consists of the following:
	'load' operation 6 bit ('x_load', cnn_accel.cpp:106) on local variable 'x', cnn_accel.cpp:106 [89]  (0.000 ns)
	'icmp' operation 1 bit ('icmp_ln106', cnn_accel.cpp:106) [94]  (1.946 ns)
	'select' operation 6 bit ('select_ln105', cnn_accel.cpp:105) [95]  (0.669 ns)
	'add' operation 6 bit ('add_ln106', cnn_accel.cpp:106) [183]  (1.946 ns)
	'store' operation 0 bit ('store_ln106', cnn_accel.cpp:106) of variable 'add_ln106', cnn_accel.cpp:106 on local variable 'x', cnn_accel.cpp:106 [186]  (1.610 ns)

 <State 3>: 6.347ns
The critical path consists of the following:
	'add' operation 32 bit ('add_ln110', cnn_accel.cpp:110) [125]  (2.667 ns)
	'icmp' operation 1 bit ('icmp_ln112', cnn_accel.cpp:112) [127]  (2.702 ns)
	'and' operation 1 bit ('and_ln112', cnn_accel.cpp:112) [128]  (0.978 ns)

 <State 4>: 6.514ns
The critical path consists of the following:
	'load' operation 7 bit ('conv_layer_signed_char_signed_char_int_int_int_int_signed_char_signed_90', cnn_accel.cpp:116) on array 'conv_layer_signed_char_signed_char_int_int_int_int_signed_char_signed_9' [133]  (3.257 ns)
	'store' operation 0 bit ('store_ln116', cnn_accel.cpp:116) of variable 'conv_layer_signed_char_signed_char_int_int_int_int_signed_char_signed_90', cnn_accel.cpp:116 on array 'cnn_accel_signed_char_volatile_signed_char_volatile_int_buf1' [165]  (3.257 ns)


============================================================
+ Verbose Summary: Binding
============================================================
N/A
* FSMD analyzer results:
  - Output states:
 - Input state : 
  - Chain level:
	State 1
	State 2
	State 3
	State 4


============================================================
+ Verbose Summary: Datapath Resource usage 
============================================================
N/A
