

================================================================
== Vitis HLS Report for 'conv2d_2'
================================================================
* Date:           Tue Apr  7 16:08:44 2026

* Version:        2024.2 (Build 5238294 on Nov  8 2024)
* Project:        cnn_accel
* Solution:       solution1 (Vivado IP Flow Target)
* Product family: artix7
* Target device:  xc7a200t-sbg484-1


================================================================
== Performance Estimates
================================================================
+ Timing: 
    * Summary: 
    +--------+----------+----------+------------+
    |  Clock |  Target  | Estimated| Uncertainty|
    +--------+----------+----------+------------+
    |ap_clk  |  10.00 ns|  5.436 ns|     2.70 ns|
    +--------+----------+----------+------------+

+ Latency: 
    * Summary: 
    +---------+---------+----------+----------+--------+--------+------------------------------------------------+
    |  Latency (cycles) |  Latency (absolute) |     Interval    |                    Pipeline                    |
    |   min   |   max   |    min   |    max   |   min  |   max  |                      Type                      |
    +---------+---------+----------+----------+--------+--------+------------------------------------------------+
    |   173058|   173058|  1.731 ms|  1.731 ms|  173057|  173057|  loop auto-rewind stp (delay=0 clock cycles(s))|
    +---------+---------+----------+----------+--------+--------+------------------------------------------------+

    + Detail: 
        * Instance: 
        N/A

        * Loop: 
        +---------------------------------------------------+---------+---------+----------+-----------+-----------+--------+----------+
        |                                                   |  Latency (cycles) | Iteration|  Initiation Interval  |  Trip  |          |
        |                     Loop Name                     |   min   |   max   |  Latency |  achieved |   target  |  Count | Pipelined|
        +---------------------------------------------------+---------+---------+----------+-----------+-----------+--------+----------+
        |- VITIS_LOOP_35_1_VITIS_LOOP_36_2_VITIS_LOOP_37_3  |   173056|   173056|         1|          1|          1|  173056|       yes|
        +---------------------------------------------------+---------+---------+----------+-----------+-----------+--------+----------+

============================================================
+ Verbose Summary: Synthesis Manager
============================================================
InlineROM: 1
ExposeGlobal: 0
============================================================
+ Verbose Summary: CDFG Model
============================================================
IsTopModel: 0
ResetActiveHigh: 1
IsCombinational: 0
IsDatapathOnly: 0
HasWiredReturn: 1
HasMFsm: 2
HasVarLatency: 1
IsPipeline: 0
IsRtlPipelined: 0
IsInstanceOverlapped: 0
IsDontTouch: 0
HasImplIP: 0
IsGatedGlobalClock: 0

+ Individual pipeline summary: 
  * Pipeline-0: initiation interval (II) = 1, depth = 1


============================================================
+ Verbose Summary: Schedule
============================================================
* Number of FSM states : 1
* Pipeline : 1
  Pipeline-0 : II = 1, D = 1, States = { 1 }
* Dataflow Pipeline: 0

* FSM state transitions: 
1 --> 

* FSM state operations: 

State 1 <SV = 0> <Delay = 5.43>
ST_1 : Operation 4 [1/1] (0.00ns)   --->   "%indvar_flatten10 = alloca i32 1"   --->   Operation 4 'alloca' 'indvar_flatten10' <Predicate = true> <Delay = 0.00>
ST_1 : Operation 5 [1/1] (1.61ns)   --->   "%store_ln0 = store i18 0, i18 %indvar_flatten10"   --->   Operation 5 'store' 'store_ln0' <Predicate = true> <Delay = 1.61>
ST_1 : Operation 6 [1/1] (0.00ns)   --->   "%br_ln35 = br void %VITIS_LOOP_43_4" [cnn_accel.cpp:35]   --->   Operation 6 'br' 'br_ln35' <Predicate = true> <Delay = 0.00>
ST_1 : Operation 7 [1/1] (0.00ns)   --->   "%indvar_flatten10_load = load i18 %indvar_flatten10" [cnn_accel.cpp:35]   --->   Operation 7 'load' 'indvar_flatten10_load' <Predicate = true> <Delay = 0.00>
ST_1 : Operation 8 [1/1] (2.21ns)   --->   "%icmp_ln35 = icmp_eq  i18 %indvar_flatten10_load, i18 173056" [cnn_accel.cpp:35]   --->   Operation 8 'icmp' 'icmp_ln35' <Predicate = true> <Delay = 2.21> <CoreInst = "Cmp">   --->   Core 9 'Cmp' <Latency = 0> <II = 1> <Delay = 2.21> <FuncUnit> <Opcode : 'seteq' 'setne' 'setle' 'setge' 'setlt' 'setgt'> <InPorts = 2> <OutPorts = 1>
ST_1 : Operation 9 [1/1] (2.21ns)   --->   "%add_ln35 = add i18 %indvar_flatten10_load, i18 1" [cnn_accel.cpp:35]   --->   Operation 9 'add' 'add_ln35' <Predicate = true> <Delay = 2.21> <CoreInst = "Adder">   --->   Core 1 'Adder' <Latency = 0> <II = 1> <Delay = 2.21> <FuncUnit> <Opcode : 'add' 'sub'> <InPorts = 2> <OutPorts = 1>
ST_1 : Operation 10 [1/1] (0.00ns)   --->   "%br_ln35 = br i1 %icmp_ln35, void %for.inc75, void %for.end77" [cnn_accel.cpp:35]   --->   Operation 10 'br' 'br_ln35' <Predicate = true> <Delay = 0.00>
ST_1 : Operation 11 [1/1] (0.00ns)   --->   "%specloopname_ln0 = specloopname void @_ssdm_op_SpecLoopName, void @VITIS_LOOP_35_1_VITIS_LOOP_36_2_VITIS_LOOP_37_3_str"   --->   Operation 11 'specloopname' 'specloopname_ln0' <Predicate = (!icmp_ln35)> <Delay = 0.00>
ST_1 : Operation 12 [1/1] (0.00ns)   --->   "%empty = speclooptripcount i32 @_ssdm_op_SpecLoopTripCount, i64 173056, i64 173056, i64 173056"   --->   Operation 12 'speclooptripcount' 'empty' <Predicate = (!icmp_ln35)> <Delay = 0.00>
ST_1 : Operation 13 [1/1] (0.00ns)   --->   "%specpipeline_ln39 = specpipeline void @_ssdm_op_SpecPipeline, i32 4294967295, i32 0, i32 0, i32 0, void @empty_4" [cnn_accel.cpp:39]   --->   Operation 13 'specpipeline' 'specpipeline_ln39' <Predicate = (!icmp_ln35)> <Delay = 0.00>
ST_1 : Operation 14 [1/1] (0.00ns)   --->   "%write_ln76 = write void @_ssdm_op_Write.ap_auto.i8P0A, i8 %output_r, i8 0" [cnn_accel.cpp:76]   --->   Operation 14 'write' 'write_ln76' <Predicate = (!icmp_ln35)> <Delay = 0.00>
ST_1 : Operation 15 [1/1] (1.61ns)   --->   "%store_ln35 = store i18 %add_ln35, i18 %indvar_flatten10" [cnn_accel.cpp:35]   --->   Operation 15 'store' 'store_ln35' <Predicate = (!icmp_ln35)> <Delay = 1.61>
ST_1 : Operation 16 [1/1] (0.00ns)   --->   "%br_ln37 = br void %VITIS_LOOP_43_4" [cnn_accel.cpp:37]   --->   Operation 16 'br' 'br_ln37' <Predicate = (!icmp_ln35)> <Delay = 0.00>
ST_1 : Operation 17 [1/1] (1.61ns)   --->   "%ret_ln80 = ret" [cnn_accel.cpp:80]   --->   Operation 17 'ret' 'ret_ln80' <Predicate = (icmp_ln35)> <Delay = 1.61>


============================================================
+ Verbose Summary: Timing violations
============================================================
Target clock period: 10.000ns, clock uncertainty: 2.700ns.

 <State 1>: 5.436ns
The critical path consists of the following:
	'store' operation 0 bit ('store_ln0') of constant 0 on local variable 'indvar_flatten10' [3]  (1.610 ns)
	'load' operation 18 bit ('indvar_flatten10_load', cnn_accel.cpp:35) on local variable 'indvar_flatten10' [6]  (0.000 ns)
	'add' operation 18 bit ('add_ln35', cnn_accel.cpp:35) [8]  (2.216 ns)
	'store' operation 0 bit ('store_ln35', cnn_accel.cpp:35) of variable 'add_ln35', cnn_accel.cpp:35 on local variable 'indvar_flatten10' [15]  (1.610 ns)


============================================================
+ Verbose Summary: Binding
============================================================
N/A
* FSMD analyzer results:
  - Output states:
 - Input state : 
  - Chain level:
	State 1


============================================================
+ Verbose Summary: Datapath Resource usage 
============================================================
N/A
