

================================================================
== Vitis HLS Report for 'conv_layer_1_Pipeline_VITIS_LOOP_47_3_VITIS_LOOP_48_4'
================================================================
* Date:           Tue Apr 28 00:07:30 2026

* Version:        2024.2 (Build 5238294 on Nov  8 2024)
* Project:        cnn_accel
* Solution:       solution1 (Vivado IP Flow Target)
* Product family: artix7
* Target device:  xc7a200t-sbg484-1


================================================================
== Performance Estimates
================================================================
+ Timing: 
    * Summary: 
    +--------+----------+----------+------------+
    |  Clock |  Target  | Estimated| Uncertainty|
    +--------+----------+----------+------------+
    |ap_clk  |  10.00 ns|  7.300 ns|     2.70 ns|
    +--------+----------+----------+------------+

+ Latency: 
    * Summary: 
    +---------+---------+-----------+-----------+------+------+------------------------------------------------+
    |  Latency (cycles) |   Latency (absolute)  |   Interval  |                    Pipeline                    |
    |   min   |   max   |    min    |    max    |  min |  max |                      Type                      |
    +---------+---------+-----------+-----------+------+------+------------------------------------------------+
    |     3483|     3483|  34.830 us|  34.830 us|  3471|  3471|  loop auto-rewind stp (delay=0 clock cycles(s))|
    +---------+---------+-----------+-----------+------+------+------------------------------------------------+

    + Detail: 
        * Instance: 
        N/A

        * Loop: 
        +-----------------------------------+---------+---------+----------+-----------+-----------+------+----------+
        |                                   |  Latency (cycles) | Iteration|  Initiation Interval  | Trip |          |
        |             Loop Name             |   min   |   max   |  Latency |  achieved |   target  | Count| Pipelined|
        +-----------------------------------+---------+---------+----------+-----------+-----------+------+----------+
        |- VITIS_LOOP_47_3_VITIS_LOOP_48_4  |     3481|     3481|        17|          3|          1|  1156|       yes|
        +-----------------------------------+---------+---------+----------+-----------+-----------+------+----------+

============================================================
+ Verbose Summary: Synthesis Manager
============================================================
InlineROM: 1
ExposeGlobal: 0
============================================================
+ Verbose Summary: CDFG Model
============================================================
IsTopModel: 0
ResetActiveHigh: 1
IsCombinational: 0
IsDatapathOnly: 0
HasWiredReturn: 1
HasMFsm: 2
HasVarLatency: 1
IsPipeline: 0
IsRtlPipelined: 0
IsInstanceOverlapped: 0
IsDontTouch: 0
HasImplIP: 0
IsGatedGlobalClock: 0

+ Individual pipeline summary: 
  * Pipeline-0: initiation interval (II) = 3, depth = 17


============================================================
+ Verbose Summary: Schedule
============================================================
* Number of FSM states : 17
* Pipeline : 1
  Pipeline-0 : II = 3, D = 17, States = { 1 2 3 4 5 6 7 8 9 10 11 12 13 14 15 16 17 }
* Dataflow Pipeline: 0

* FSM state transitions: 
1 --> 2 
2 --> 3 
3 --> 4 
4 --> 5 
5 --> 6 
6 --> 7 
7 --> 8 
8 --> 9 
9 --> 10 
10 --> 11 
11 --> 12 
12 --> 13 
13 --> 14 
14 --> 15 
15 --> 16 
16 --> 17 
17 --> 

* FSM state operations: 

State 1 <SV = 0> <Delay = 5.83>
ST_1 : Operation 20 [1/1] (0.00ns)   --->   "%x = alloca i32 1" [cnn_accel.cpp:48]   --->   Operation 20 'alloca' 'x' <Predicate = true> <Delay = 0.00>
ST_1 : Operation 21 [1/1] (0.00ns)   --->   "%y = alloca i32 1" [cnn_accel.cpp:47]   --->   Operation 21 'alloca' 'y' <Predicate = true> <Delay = 0.00>
ST_1 : Operation 22 [1/1] (0.00ns)   --->   "%indvar_flatten = alloca i32 1"   --->   Operation 22 'alloca' 'indvar_flatten' <Predicate = true> <Delay = 0.00>
ST_1 : Operation 23 [1/1] (0.00ns)   --->   "%tx_read = read i31 @_ssdm_op_Read.ap_auto.i31, i31 %tx"   --->   Operation 23 'read' 'tx_read' <Predicate = true> <Delay = 0.00>
ST_1 : Operation 24 [1/1] (0.00ns)   --->   "%zext_ln43_3_read = read i33 @_ssdm_op_Read.ap_auto.i33, i33 %zext_ln43_3"   --->   Operation 24 'read' 'zext_ln43_3_read' <Predicate = true> <Delay = 0.00>
ST_1 : Operation 25 [1/1] (0.00ns)   --->   "%input_read = read i64 @_ssdm_op_Read.ap_auto.i64, i64 %input_r"   --->   Operation 25 'read' 'input_read' <Predicate = true> <Delay = 0.00>
ST_1 : Operation 26 [1/1] (0.00ns)   --->   "%phi_mul_read = read i57 @_ssdm_op_Read.ap_auto.i57, i57 %phi_mul"   --->   Operation 26 'read' 'phi_mul_read' <Predicate = true> <Delay = 0.00>
ST_1 : Operation 27 [1/1] (0.00ns)   --->   "%zext_ln44_read = read i26 @_ssdm_op_Read.ap_auto.i26, i26 %zext_ln44"   --->   Operation 27 'read' 'zext_ln44_read' <Predicate = true> <Delay = 0.00>
ST_1 : Operation 28 [1/1] (0.00ns)   --->   "%H_read = read i31 @_ssdm_op_Read.ap_auto.i31, i31 %H"   --->   Operation 28 'read' 'H_read' <Predicate = true> <Delay = 0.00>
ST_1 : Operation 29 [1/1] (0.00ns)   --->   "%ty_read = read i31 @_ssdm_op_Read.ap_auto.i31, i31 %ty"   --->   Operation 29 'read' 'ty_read' <Predicate = true> <Delay = 0.00>
ST_1 : Operation 30 [1/1] (0.00ns)   --->   "%mul_ln43_cast_read = read i33 @_ssdm_op_Read.ap_auto.i33, i33 %mul_ln43_cast"   --->   Operation 30 'read' 'mul_ln43_cast_read' <Predicate = true> <Delay = 0.00>
ST_1 : Operation 31 [1/1] (0.00ns)   --->   "%tx_cast = zext i31 %tx_read"   --->   Operation 31 'zext' 'tx_cast' <Predicate = true> <Delay = 0.00>
ST_1 : Operation 32 [1/1] (0.00ns)   --->   "%zext_ln43_3_cast = zext i33 %zext_ln43_3_read"   --->   Operation 32 'zext' 'zext_ln43_3_cast' <Predicate = true> <Delay = 0.00>
ST_1 : Operation 33 [1/1] (0.00ns)   --->   "%zext_ln44_cast = zext i26 %zext_ln44_read"   --->   Operation 33 'zext' 'zext_ln44_cast' <Predicate = true> <Delay = 0.00>
ST_1 : Operation 34 [1/1] (0.00ns)   --->   "%H_cast = zext i31 %H_read"   --->   Operation 34 'zext' 'H_cast' <Predicate = true> <Delay = 0.00>
ST_1 : Operation 35 [1/1] (0.00ns)   --->   "%ty_cast = zext i31 %ty_read"   --->   Operation 35 'zext' 'ty_cast' <Predicate = true> <Delay = 0.00>
ST_1 : Operation 36 [1/1] (0.00ns)   --->   "%mul_ln43_cast_cast = zext i33 %mul_ln43_cast_read"   --->   Operation 36 'zext' 'mul_ln43_cast_cast' <Predicate = true> <Delay = 0.00>
ST_1 : Operation 37 [1/1] (0.00ns)   --->   "%specmemcore_ln0 = specmemcore void @_ssdm_op_SpecMemCore, i8 %p_ZZ10conv_layerPaS_iiiiS_S_E7tile_in_2_2_2, i64 666, i64 30, i64 18446744073709551615"   --->   Operation 37 'specmemcore' 'specmemcore_ln0' <Predicate = true> <Delay = 0.00>
ST_1 : Operation 38 [1/1] (0.00ns)   --->   "%specmemcore_ln0 = specmemcore void @_ssdm_op_SpecMemCore, i8 %p_ZZ10conv_layerPaS_iiiiS_S_E7tile_in_2_2_1, i64 666, i64 30, i64 18446744073709551615"   --->   Operation 38 'specmemcore' 'specmemcore_ln0' <Predicate = true> <Delay = 0.00>
ST_1 : Operation 39 [1/1] (0.00ns)   --->   "%specmemcore_ln0 = specmemcore void @_ssdm_op_SpecMemCore, i8 %p_ZZ10conv_layerPaS_iiiiS_S_E7tile_in_2_2_0, i64 666, i64 30, i64 18446744073709551615"   --->   Operation 39 'specmemcore' 'specmemcore_ln0' <Predicate = true> <Delay = 0.00>
ST_1 : Operation 40 [1/1] (0.00ns)   --->   "%specmemcore_ln0 = specmemcore void @_ssdm_op_SpecMemCore, i8 %p_ZZ10conv_layerPaS_iiiiS_S_E7tile_in_2_1_2, i64 666, i64 30, i64 18446744073709551615"   --->   Operation 40 'specmemcore' 'specmemcore_ln0' <Predicate = true> <Delay = 0.00>
ST_1 : Operation 41 [1/1] (0.00ns)   --->   "%specmemcore_ln0 = specmemcore void @_ssdm_op_SpecMemCore, i8 %p_ZZ10conv_layerPaS_iiiiS_S_E7tile_in_2_1_1, i64 666, i64 30, i64 18446744073709551615"   --->   Operation 41 'specmemcore' 'specmemcore_ln0' <Predicate = true> <Delay = 0.00>
ST_1 : Operation 42 [1/1] (0.00ns)   --->   "%specmemcore_ln0 = specmemcore void @_ssdm_op_SpecMemCore, i8 %p_ZZ10conv_layerPaS_iiiiS_S_E7tile_in_2_1_0, i64 666, i64 30, i64 18446744073709551615"   --->   Operation 42 'specmemcore' 'specmemcore_ln0' <Predicate = true> <Delay = 0.00>
ST_1 : Operation 43 [1/1] (0.00ns)   --->   "%specmemcore_ln0 = specmemcore void @_ssdm_op_SpecMemCore, i8 %p_ZZ10conv_layerPaS_iiiiS_S_E7tile_in_2_0_2, i64 666, i64 30, i64 18446744073709551615"   --->   Operation 43 'specmemcore' 'specmemcore_ln0' <Predicate = true> <Delay = 0.00>
ST_1 : Operation 44 [1/1] (0.00ns)   --->   "%specmemcore_ln0 = specmemcore void @_ssdm_op_SpecMemCore, i8 %p_ZZ10conv_layerPaS_iiiiS_S_E7tile_in_2_0_1, i64 666, i64 30, i64 18446744073709551615"   --->   Operation 44 'specmemcore' 'specmemcore_ln0' <Predicate = true> <Delay = 0.00>
ST_1 : Operation 45 [1/1] (0.00ns)   --->   "%specmemcore_ln0 = specmemcore void @_ssdm_op_SpecMemCore, i8 %p_ZZ10conv_layerPaS_iiiiS_S_E7tile_in_2_0_0, i64 666, i64 30, i64 18446744073709551615"   --->   Operation 45 'specmemcore' 'specmemcore_ln0' <Predicate = true> <Delay = 0.00>
ST_1 : Operation 46 [1/1] (0.00ns)   --->   "%specmemcore_ln0 = specmemcore void @_ssdm_op_SpecMemCore, i8 %p_ZZ10conv_layerPaS_iiiiS_S_E7tile_in_1_2_2, i64 666, i64 30, i64 18446744073709551615"   --->   Operation 46 'specmemcore' 'specmemcore_ln0' <Predicate = true> <Delay = 0.00>
ST_1 : Operation 47 [1/1] (0.00ns)   --->   "%specmemcore_ln0 = specmemcore void @_ssdm_op_SpecMemCore, i8 %p_ZZ10conv_layerPaS_iiiiS_S_E7tile_in_1_2_1, i64 666, i64 30, i64 18446744073709551615"   --->   Operation 47 'specmemcore' 'specmemcore_ln0' <Predicate = true> <Delay = 0.00>
ST_1 : Operation 48 [1/1] (0.00ns)   --->   "%specmemcore_ln0 = specmemcore void @_ssdm_op_SpecMemCore, i8 %p_ZZ10conv_layerPaS_iiiiS_S_E7tile_in_1_2_0, i64 666, i64 30, i64 18446744073709551615"   --->   Operation 48 'specmemcore' 'specmemcore_ln0' <Predicate = true> <Delay = 0.00>
ST_1 : Operation 49 [1/1] (0.00ns)   --->   "%specmemcore_ln0 = specmemcore void @_ssdm_op_SpecMemCore, i8 %p_ZZ10conv_layerPaS_iiiiS_S_E7tile_in_1_1_2, i64 666, i64 30, i64 18446744073709551615"   --->   Operation 49 'specmemcore' 'specmemcore_ln0' <Predicate = true> <Delay = 0.00>
ST_1 : Operation 50 [1/1] (0.00ns)   --->   "%specmemcore_ln0 = specmemcore void @_ssdm_op_SpecMemCore, i8 %p_ZZ10conv_layerPaS_iiiiS_S_E7tile_in_1_1_1, i64 666, i64 30, i64 18446744073709551615"   --->   Operation 50 'specmemcore' 'specmemcore_ln0' <Predicate = true> <Delay = 0.00>
ST_1 : Operation 51 [1/1] (0.00ns)   --->   "%specmemcore_ln0 = specmemcore void @_ssdm_op_SpecMemCore, i8 %p_ZZ10conv_layerPaS_iiiiS_S_E7tile_in_1_1_0, i64 666, i64 30, i64 18446744073709551615"   --->   Operation 51 'specmemcore' 'specmemcore_ln0' <Predicate = true> <Delay = 0.00>
ST_1 : Operation 52 [1/1] (0.00ns)   --->   "%specmemcore_ln0 = specmemcore void @_ssdm_op_SpecMemCore, i8 %p_ZZ10conv_layerPaS_iiiiS_S_E7tile_in_1_0_2, i64 666, i64 30, i64 18446744073709551615"   --->   Operation 52 'specmemcore' 'specmemcore_ln0' <Predicate = true> <Delay = 0.00>
ST_1 : Operation 53 [1/1] (0.00ns)   --->   "%specmemcore_ln0 = specmemcore void @_ssdm_op_SpecMemCore, i8 %p_ZZ10conv_layerPaS_iiiiS_S_E7tile_in_1_0_1, i64 666, i64 30, i64 18446744073709551615"   --->   Operation 53 'specmemcore' 'specmemcore_ln0' <Predicate = true> <Delay = 0.00>
ST_1 : Operation 54 [1/1] (0.00ns)   --->   "%specmemcore_ln0 = specmemcore void @_ssdm_op_SpecMemCore, i8 %p_ZZ10conv_layerPaS_iiiiS_S_E7tile_in_1_0_0, i64 666, i64 30, i64 18446744073709551615"   --->   Operation 54 'specmemcore' 'specmemcore_ln0' <Predicate = true> <Delay = 0.00>
ST_1 : Operation 55 [1/1] (0.00ns)   --->   "%specmemcore_ln0 = specmemcore void @_ssdm_op_SpecMemCore, i8 %p_ZZ10conv_layerPaS_iiiiS_S_E7tile_in_0_2_2, i64 666, i64 30, i64 18446744073709551615"   --->   Operation 55 'specmemcore' 'specmemcore_ln0' <Predicate = true> <Delay = 0.00>
ST_1 : Operation 56 [1/1] (0.00ns)   --->   "%specmemcore_ln0 = specmemcore void @_ssdm_op_SpecMemCore, i8 %p_ZZ10conv_layerPaS_iiiiS_S_E7tile_in_0_2_1, i64 666, i64 30, i64 18446744073709551615"   --->   Operation 56 'specmemcore' 'specmemcore_ln0' <Predicate = true> <Delay = 0.00>
ST_1 : Operation 57 [1/1] (0.00ns)   --->   "%specmemcore_ln0 = specmemcore void @_ssdm_op_SpecMemCore, i8 %p_ZZ10conv_layerPaS_iiiiS_S_E7tile_in_0_2_0, i64 666, i64 30, i64 18446744073709551615"   --->   Operation 57 'specmemcore' 'specmemcore_ln0' <Predicate = true> <Delay = 0.00>
ST_1 : Operation 58 [1/1] (0.00ns)   --->   "%specmemcore_ln0 = specmemcore void @_ssdm_op_SpecMemCore, i8 %p_ZZ10conv_layerPaS_iiiiS_S_E7tile_in_0_1_2, i64 666, i64 30, i64 18446744073709551615"   --->   Operation 58 'specmemcore' 'specmemcore_ln0' <Predicate = true> <Delay = 0.00>
ST_1 : Operation 59 [1/1] (0.00ns)   --->   "%specmemcore_ln0 = specmemcore void @_ssdm_op_SpecMemCore, i8 %p_ZZ10conv_layerPaS_iiiiS_S_E7tile_in_0_1_1, i64 666, i64 30, i64 18446744073709551615"   --->   Operation 59 'specmemcore' 'specmemcore_ln0' <Predicate = true> <Delay = 0.00>
ST_1 : Operation 60 [1/1] (0.00ns)   --->   "%specmemcore_ln0 = specmemcore void @_ssdm_op_SpecMemCore, i8 %p_ZZ10conv_layerPaS_iiiiS_S_E7tile_in_0_1_0, i64 666, i64 30, i64 18446744073709551615"   --->   Operation 60 'specmemcore' 'specmemcore_ln0' <Predicate = true> <Delay = 0.00>
ST_1 : Operation 61 [1/1] (0.00ns)   --->   "%specmemcore_ln0 = specmemcore void @_ssdm_op_SpecMemCore, i8 %p_ZZ10conv_layerPaS_iiiiS_S_E7tile_in_0_0_2, i64 666, i64 30, i64 18446744073709551615"   --->   Operation 61 'specmemcore' 'specmemcore_ln0' <Predicate = true> <Delay = 0.00>
ST_1 : Operation 62 [1/1] (0.00ns)   --->   "%specmemcore_ln0 = specmemcore void @_ssdm_op_SpecMemCore, i8 %p_ZZ10conv_layerPaS_iiiiS_S_E7tile_in_0_0_1, i64 666, i64 30, i64 18446744073709551615"   --->   Operation 62 'specmemcore' 'specmemcore_ln0' <Predicate = true> <Delay = 0.00>
ST_1 : Operation 63 [1/1] (0.00ns)   --->   "%specmemcore_ln0 = specmemcore void @_ssdm_op_SpecMemCore, i8 %p_ZZ10conv_layerPaS_iiiiS_S_E7tile_in_0_0_0, i64 666, i64 30, i64 18446744073709551615"   --->   Operation 63 'specmemcore' 'specmemcore_ln0' <Predicate = true> <Delay = 0.00>
ST_1 : Operation 64 [1/1] (0.00ns)   --->   "%specinterface_ln0 = specinterface void @_ssdm_op_SpecInterface, i8 %gmem, void @empty_14, i32 0, i32 0, void @empty_9, i32 0, i32 0, void @empty_8, void @empty_7, void @empty_9, i32 16, i32 16, i32 16, i32 16, void @empty_9, void @empty_9, i32 4294967295, i32 0, i32 0"   --->   Operation 64 'specinterface' 'specinterface_ln0' <Predicate = true> <Delay = 0.00>
ST_1 : Operation 65 [1/1] (1.61ns)   --->   "%store_ln0 = store i11 0, i11 %indvar_flatten"   --->   Operation 65 'store' 'store_ln0' <Predicate = true> <Delay = 1.61>
ST_1 : Operation 66 [1/1] (1.61ns)   --->   "%store_ln47 = store i6 0, i6 %y" [cnn_accel.cpp:47]   --->   Operation 66 'store' 'store_ln47' <Predicate = true> <Delay = 1.61>
ST_1 : Operation 67 [1/1] (1.61ns)   --->   "%store_ln48 = store i6 0, i6 %x" [cnn_accel.cpp:48]   --->   Operation 67 'store' 'store_ln48' <Predicate = true> <Delay = 1.61>
ST_1 : Operation 68 [1/1] (0.00ns)   --->   "%br_ln0 = br void %VITIS_LOOP_54_5"   --->   Operation 68 'br' 'br_ln0' <Predicate = true> <Delay = 0.00>
ST_1 : Operation 69 [1/1] (0.00ns)   --->   "%indvar_flatten_load = load i11 %indvar_flatten" [cnn_accel.cpp:47]   --->   Operation 69 'load' 'indvar_flatten_load' <Predicate = true> <Delay = 0.00>
ST_1 : Operation 70 [1/1] (2.12ns)   --->   "%icmp_ln47 = icmp_eq  i11 %indvar_flatten_load, i11 1156" [cnn_accel.cpp:47]   --->   Operation 70 'icmp' 'icmp_ln47' <Predicate = true> <Delay = 2.12> <CoreInst = "Cmp">   --->   Core 9 'Cmp' <Latency = 0> <II = 1> <Delay = 2.12> <FuncUnit> <Opcode : 'seteq' 'setne' 'setle' 'setge' 'setlt' 'setgt'> <InPorts = 2> <OutPorts = 1>
ST_1 : Operation 71 [1/1] (2.12ns)   --->   "%add_ln47_2 = add i11 %indvar_flatten_load, i11 1" [cnn_accel.cpp:47]   --->   Operation 71 'add' 'add_ln47_2' <Predicate = true> <Delay = 2.12> <CoreInst = "Adder">   --->   Core 1 'Adder' <Latency = 0> <II = 1> <Delay = 2.12> <FuncUnit> <Opcode : 'add' 'sub'> <InPorts = 2> <OutPorts = 1>
ST_1 : Operation 72 [1/1] (0.00ns)   --->   "%br_ln47 = br i1 %icmp_ln47, void %for.inc43, void %VITIS_LOOP_76_9.preheader.exitStub" [cnn_accel.cpp:47]   --->   Operation 72 'br' 'br_ln47' <Predicate = true> <Delay = 0.00>
ST_1 : Operation 73 [1/1] (0.00ns)   --->   "%x_load = load i6 %x" [cnn_accel.cpp:48]   --->   Operation 73 'load' 'x_load' <Predicate = (!icmp_ln47)> <Delay = 0.00>
ST_1 : Operation 74 [1/1] (0.00ns)   --->   "%y_load = load i6 %y" [cnn_accel.cpp:47]   --->   Operation 74 'load' 'y_load' <Predicate = (!icmp_ln47)> <Delay = 0.00>
ST_1 : Operation 75 [1/1] (1.94ns)   --->   "%add_ln47 = add i6 %y_load, i6 1" [cnn_accel.cpp:47]   --->   Operation 75 'add' 'add_ln47' <Predicate = (!icmp_ln47)> <Delay = 1.94> <CoreInst = "Adder">   --->   Core 1 'Adder' <Latency = 0> <II = 1> <Delay = 1.94> <FuncUnit> <Opcode : 'add' 'sub'> <InPorts = 2> <OutPorts = 1>
ST_1 : Operation 76 [1/1] (1.94ns)   --->   "%icmp_ln48 = icmp_eq  i6 %x_load, i6 34" [cnn_accel.cpp:48]   --->   Operation 76 'icmp' 'icmp_ln48' <Predicate = (!icmp_ln47)> <Delay = 1.94> <CoreInst = "Cmp">   --->   Core 9 'Cmp' <Latency = 0> <II = 1> <Delay = 1.94> <FuncUnit> <Opcode : 'seteq' 'setne' 'setle' 'setge' 'setlt' 'setgt'> <InPorts = 2> <OutPorts = 1>
ST_1 : Operation 77 [1/1] (0.66ns)   --->   "%select_ln47 = select i1 %icmp_ln48, i6 0, i6 %x_load" [cnn_accel.cpp:47]   --->   Operation 77 'select' 'select_ln47' <Predicate = (!icmp_ln47)> <Delay = 0.66> <CoreInst = "Sel">   --->   Core 73 'Sel' <Latency = 0> <II = 1> <Delay = 0.66> <FuncUnit> <Opcode : 'select'> <InPorts = 3> <OutPorts = 1>
ST_1 : Operation 78 [1/1] (0.66ns)   --->   "%select_ln47_2 = select i1 %icmp_ln48, i6 %add_ln47, i6 %y_load" [cnn_accel.cpp:47]   --->   Operation 78 'select' 'select_ln47_2' <Predicate = (!icmp_ln47)> <Delay = 0.66> <CoreInst = "Sel">   --->   Core 73 'Sel' <Latency = 0> <II = 1> <Delay = 0.66> <FuncUnit> <Opcode : 'select'> <InPorts = 3> <OutPorts = 1>
ST_1 : Operation 79 [1/1] (1.61ns)   --->   "%store_ln47 = store i11 %add_ln47_2, i11 %indvar_flatten" [cnn_accel.cpp:47]   --->   Operation 79 'store' 'store_ln47' <Predicate = (!icmp_ln47)> <Delay = 1.61>
ST_1 : Operation 80 [1/1] (1.61ns)   --->   "%store_ln47 = store i6 %select_ln47_2, i6 %y" [cnn_accel.cpp:47]   --->   Operation 80 'store' 'store_ln47' <Predicate = (!icmp_ln47)> <Delay = 1.61>

State 2 <SV = 1> <Delay = 6.86>
ST_2 : Operation 81 [1/1] (0.00ns)   --->   "%zext_ln47 = zext i6 %select_ln47_2" [cnn_accel.cpp:47]   --->   Operation 81 'zext' 'zext_ln47' <Predicate = (!icmp_ln47)> <Delay = 0.00>
ST_2 : Operation 82 [1/1] (0.00ns)   --->   "%y_cast = zext i6 %select_ln47_2" [cnn_accel.cpp:47]   --->   Operation 82 'zext' 'y_cast' <Predicate = (!icmp_ln47)> <Delay = 0.00>
ST_2 : Operation 83 [2/2] (6.86ns)   --->   "%empty = mul i38 %y_cast, i38 %mul_ln43_cast_cast" [cnn_accel.cpp:47]   --->   Operation 83 'mul' 'empty' <Predicate = (!icmp_ln47)> <Delay = 6.86> <CoreInst = "Multiplier">   --->   Core 3 'Multiplier' <Latency = 1> <II = 1> <Delay = 6.86> <FuncUnit> <Opcode : 'mul'> <InPorts = 2> <OutPorts = 1>
ST_2 : Operation 84 [1/1] (2.66ns)   --->   "%empty_393 = add i32 %zext_ln47, i32 %ty_cast" [cnn_accel.cpp:47]   --->   Operation 84 'add' 'empty_393' <Predicate = (!icmp_ln47)> <Delay = 2.66> <CoreInst = "Adder">   --->   Core 1 'Adder' <Latency = 0> <II = 1> <Delay = 2.66> <FuncUnit> <Opcode : 'add' 'sub'> <InPorts = 2> <OutPorts = 1>
ST_2 : Operation 85 [1/1] (0.00ns)   --->   "%p_cast = zext i32 %empty_393" [cnn_accel.cpp:47]   --->   Operation 85 'zext' 'p_cast' <Predicate = (!icmp_ln47)> <Delay = 0.00>
ST_2 : Operation 86 [1/1] (2.70ns)   --->   "%empty_394 = add i33 %p_cast, i33 8589934591" [cnn_accel.cpp:47]   --->   Operation 86 'add' 'empty_394' <Predicate = (!icmp_ln47)> <Delay = 2.70> <CoreInst = "Adder">   --->   Core 1 'Adder' <Latency = 0> <II = 1> <Delay = 2.70> <FuncUnit> <Opcode : 'add' 'sub'> <InPorts = 2> <OutPorts = 1>
ST_2 : Operation 87 [1/1] (0.00ns) (grouped into LUT with out node thr_or38)   --->   "%tmp_1203 = bitselect i1 @_ssdm_op_BitSelect.i1.i33.i32, i33 %empty_394, i32 32" [cnn_accel.cpp:47]   --->   Operation 87 'bitselect' 'tmp_1203' <Predicate = (!icmp_ln47)> <Delay = 0.00>
ST_2 : Operation 88 [1/1] (2.70ns)   --->   "%cmp22 = icmp_ugt  i32 %empty_393, i32 %H_cast" [cnn_accel.cpp:47]   --->   Operation 88 'icmp' 'cmp22' <Predicate = (!icmp_ln47)> <Delay = 2.70> <CoreInst = "Cmp">   --->   Core 9 'Cmp' <Latency = 0> <II = 1> <Delay = 2.70> <FuncUnit> <Opcode : 'seteq' 'setne' 'setle' 'setge' 'setlt' 'setgt'> <InPorts = 2> <OutPorts = 1>
ST_2 : Operation 89 [1/1] (2.70ns)   --->   "%empty_395 = icmp_ne  i32 %empty_393, i32 0" [cnn_accel.cpp:47]   --->   Operation 89 'icmp' 'empty_395' <Predicate = (!icmp_ln47)> <Delay = 2.70> <CoreInst = "Cmp">   --->   Core 9 'Cmp' <Latency = 0> <II = 1> <Delay = 2.70> <FuncUnit> <Opcode : 'seteq' 'setne' 'setle' 'setge' 'setlt' 'setgt'> <InPorts = 2> <OutPorts = 1>
ST_2 : Operation 90 [1/1] (2.70ns)   --->   "%ult = icmp_ult  i32 %H_cast, i32 %empty_393" [cnn_accel.cpp:47]   --->   Operation 90 'icmp' 'ult' <Predicate = (!icmp_ln47)> <Delay = 2.70> <CoreInst = "Cmp">   --->   Core 9 'Cmp' <Latency = 0> <II = 1> <Delay = 2.70> <FuncUnit> <Opcode : 'seteq' 'setne' 'setle' 'setge' 'setlt' 'setgt'> <InPorts = 2> <OutPorts = 1>
ST_2 : Operation 91 [1/1] (0.00ns)   --->   "%zext_ln48 = zext i6 %select_ln47" [cnn_accel.cpp:48]   --->   Operation 91 'zext' 'zext_ln48' <Predicate = (!icmp_ln47)> <Delay = 0.00>
ST_2 : Operation 92 [10/10] (3.86ns)   --->   "%urem_ln48 = urem i6 %select_ln47, i6 3" [cnn_accel.cpp:48]   --->   Operation 92 'urem' 'urem_ln48' <Predicate = (!icmp_ln47)> <Delay = 3.86> <CoreInst = "Divider">   --->   Core 6 'Divider' <Latency = 9> <II = 1> <Delay = 3.86> <FuncUnit> <Opcode : 'udiv' 'sdiv' 'urem' 'srem'> <InPorts = 2> <OutPorts = 1>
ST_2 : Operation 93 [1/1] (2.66ns)   --->   "%add_ln52_3 = add i32 %zext_ln48, i32 %tx_cast" [cnn_accel.cpp:52]   --->   Operation 93 'add' 'add_ln52_3' <Predicate = (!icmp_ln47)> <Delay = 2.66> <CoreInst = "Adder">   --->   Core 1 'Adder' <Latency = 0> <II = 1> <Delay = 2.66> <FuncUnit> <Opcode : 'add' 'sub'> <InPorts = 2> <OutPorts = 1>
ST_2 : Operation 94 [1/1] (0.00ns)   --->   "%zext_ln52_1 = zext i32 %add_ln52_3" [cnn_accel.cpp:52]   --->   Operation 94 'zext' 'zext_ln52_1' <Predicate = (!icmp_ln47)> <Delay = 0.00>
ST_2 : Operation 95 [1/1] (2.70ns)   --->   "%add_ln52_4 = add i33 %zext_ln52_1, i33 8589934591" [cnn_accel.cpp:52]   --->   Operation 95 'add' 'add_ln52_4' <Predicate = (!icmp_ln47)> <Delay = 2.70> <CoreInst = "Adder">   --->   Core 1 'Adder' <Latency = 0> <II = 1> <Delay = 2.70> <FuncUnit> <Opcode : 'add' 'sub'> <InPorts = 2> <OutPorts = 1>
ST_2 : Operation 96 [1/1] (0.00ns) (grouped into LUT with out node thr_or38)   --->   "%tmp_1206 = bitselect i1 @_ssdm_op_BitSelect.i1.i33.i32, i33 %add_ln52_4, i32 32" [cnn_accel.cpp:52]   --->   Operation 96 'bitselect' 'tmp_1206' <Predicate = (!icmp_ln47)> <Delay = 0.00>
ST_2 : Operation 97 [1/1] (2.70ns)   --->   "%cmp24 = icmp_ugt  i32 %add_ln52_3, i32 %H_cast" [cnn_accel.cpp:52]   --->   Operation 97 'icmp' 'cmp24' <Predicate = (!icmp_ln47)> <Delay = 2.70> <CoreInst = "Cmp">   --->   Core 9 'Cmp' <Latency = 0> <II = 1> <Delay = 2.70> <FuncUnit> <Opcode : 'seteq' 'setne' 'setle' 'setge' 'setlt' 'setgt'> <InPorts = 2> <OutPorts = 1>
ST_2 : Operation 98 [1/1] (0.00ns) (grouped into LUT with out node thr_or38)   --->   "%tmp4 = or i1 %cmp22, i1 %tmp_1203" [cnn_accel.cpp:47]   --->   Operation 98 'or' 'tmp4' <Predicate = (!icmp_ln47)> <Delay = 0.00> <CoreInst = "LogicGate">   --->   Core 74 'LogicGate' <Latency = 0> <II = 1> <Delay = 0.97> <FuncUnit> <Opcode : 'and' 'or' 'xor'> <InPorts = 2> <OutPorts = 1>
ST_2 : Operation 99 [1/1] (0.00ns) (grouped into LUT with out node thr_or38)   --->   "%tmp5 = or i1 %tmp_1206, i1 %cmp24" [cnn_accel.cpp:52]   --->   Operation 99 'or' 'tmp5' <Predicate = (!icmp_ln47)> <Delay = 0.00> <CoreInst = "LogicGate">   --->   Core 74 'LogicGate' <Latency = 0> <II = 1> <Delay = 0.97> <FuncUnit> <Opcode : 'and' 'or' 'xor'> <InPorts = 2> <OutPorts = 1>
ST_2 : Operation 100 [1/1] (0.97ns) (out node of the LUT)   --->   "%thr_or38 = or i1 %tmp5, i1 %tmp4" [cnn_accel.cpp:52]   --->   Operation 100 'or' 'thr_or38' <Predicate = (!icmp_ln47)> <Delay = 0.97> <CoreInst = "LogicGate">   --->   Core 74 'LogicGate' <Latency = 0> <II = 1> <Delay = 0.97> <FuncUnit> <Opcode : 'and' 'or' 'xor'> <InPorts = 2> <OutPorts = 1>
ST_2 : Operation 101 [1/1] (2.70ns)   --->   "%icmp_ln54 = icmp_ne  i32 %add_ln52_3, i32 0" [cnn_accel.cpp:54]   --->   Operation 101 'icmp' 'icmp_ln54' <Predicate = (!icmp_ln47)> <Delay = 2.70> <CoreInst = "Cmp">   --->   Core 9 'Cmp' <Latency = 0> <II = 1> <Delay = 2.70> <FuncUnit> <Opcode : 'seteq' 'setne' 'setle' 'setge' 'setlt' 'setgt'> <InPorts = 2> <OutPorts = 1>
ST_2 : Operation 102 [1/1] (2.70ns)   --->   "%icmp_ln54_1 = icmp_ult  i32 %H_cast, i32 %add_ln52_3" [cnn_accel.cpp:54]   --->   Operation 102 'icmp' 'icmp_ln54_1' <Predicate = (!icmp_ln47)> <Delay = 2.70> <CoreInst = "Cmp">   --->   Core 9 'Cmp' <Latency = 0> <II = 1> <Delay = 2.70> <FuncUnit> <Opcode : 'seteq' 'setne' 'setle' 'setge' 'setlt' 'setgt'> <InPorts = 2> <OutPorts = 1>
ST_2 : Operation 103 [1/1] (1.94ns)   --->   "%add_ln48 = add i6 %select_ln47, i6 1" [cnn_accel.cpp:48]   --->   Operation 103 'add' 'add_ln48' <Predicate = (!icmp_ln47)> <Delay = 1.94> <CoreInst = "Adder">   --->   Core 1 'Adder' <Latency = 0> <II = 1> <Delay = 1.94> <FuncUnit> <Opcode : 'add' 'sub'> <InPorts = 2> <OutPorts = 1>
ST_2 : Operation 104 [1/1] (1.61ns)   --->   "%store_ln48 = store i6 %add_ln48, i6 %x" [cnn_accel.cpp:48]   --->   Operation 104 'store' 'store_ln48' <Predicate = (!icmp_ln47)> <Delay = 1.61>
ST_2 : Operation 105 [1/1] (0.00ns)   --->   "%br_ln48 = br void %VITIS_LOOP_54_5" [cnn_accel.cpp:48]   --->   Operation 105 'br' 'br_ln48' <Predicate = (!icmp_ln47)> <Delay = 0.00>

State 3 <SV = 2> <Delay = 6.86>
ST_3 : Operation 106 [10/10] (3.86ns)   --->   "%urem_ln47 = urem i6 %select_ln47_2, i6 3" [cnn_accel.cpp:47]   --->   Operation 106 'urem' 'urem_ln47' <Predicate = (!icmp_ln47)> <Delay = 3.86> <CoreInst = "Divider">   --->   Core 6 'Divider' <Latency = 9> <II = 1> <Delay = 3.86> <FuncUnit> <Opcode : 'udiv' 'sdiv' 'urem' 'srem'> <InPorts = 2> <OutPorts = 1>
ST_3 : Operation 107 [1/2] (6.86ns)   --->   "%empty = mul i38 %y_cast, i38 %mul_ln43_cast_cast" [cnn_accel.cpp:47]   --->   Operation 107 'mul' 'empty' <Predicate = (!icmp_ln47)> <Delay = 6.86> <CoreInst = "Multiplier">   --->   Core 3 'Multiplier' <Latency = 1> <II = 1> <Delay = 6.86> <FuncUnit> <Opcode : 'mul'> <InPorts = 2> <OutPorts = 1>
ST_3 : Operation 108 [9/10] (3.86ns)   --->   "%urem_ln48 = urem i6 %select_ln47, i6 3" [cnn_accel.cpp:48]   --->   Operation 108 'urem' 'urem_ln48' <Predicate = (!icmp_ln47)> <Delay = 3.86> <CoreInst = "Divider">   --->   Core 6 'Divider' <Latency = 9> <II = 1> <Delay = 3.86> <FuncUnit> <Opcode : 'udiv' 'sdiv' 'urem' 'srem'> <InPorts = 2> <OutPorts = 1>
ST_3 : Operation 109 [1/1] (1.61ns)   --->   "%br_ln57 = br i1 %thr_or38, void %if.then, void %for.inc" [cnn_accel.cpp:57]   --->   Operation 109 'br' 'br_ln57' <Predicate = (!icmp_ln47)> <Delay = 1.61>
ST_3 : Operation 110 [1/1] (1.61ns)   --->   "%br_ln57 = br i1 %thr_or38, void %if.then.1, void %for.inc.1" [cnn_accel.cpp:57]   --->   Operation 110 'br' 'br_ln57' <Predicate = (!icmp_ln47)> <Delay = 1.61>
ST_3 : Operation 111 [1/1] (1.61ns)   --->   "%br_ln57 = br i1 %thr_or38, void %if.then.2, void %for.inc.2" [cnn_accel.cpp:57]   --->   Operation 111 'br' 'br_ln57' <Predicate = (!icmp_ln47)> <Delay = 1.61>

State 4 <SV = 3> <Delay = 6.93>
ST_4 : Operation 112 [9/10] (3.86ns)   --->   "%urem_ln47 = urem i6 %select_ln47_2, i6 3" [cnn_accel.cpp:47]   --->   Operation 112 'urem' 'urem_ln47' <Predicate = (!icmp_ln47)> <Delay = 3.86> <CoreInst = "Divider">   --->   Core 6 'Divider' <Latency = 9> <II = 1> <Delay = 3.86> <FuncUnit> <Opcode : 'udiv' 'sdiv' 'urem' 'srem'> <InPorts = 2> <OutPorts = 1>
ST_4 : Operation 113 [1/1] (0.00ns)   --->   "%zext_ln48_2 = zext i6 %select_ln47" [cnn_accel.cpp:48]   --->   Operation 113 'zext' 'zext_ln48_2' <Predicate = (!icmp_ln47)> <Delay = 0.00>
ST_4 : Operation 114 [8/10] (3.86ns)   --->   "%urem_ln48 = urem i6 %select_ln47, i6 3" [cnn_accel.cpp:48]   --->   Operation 114 'urem' 'urem_ln48' <Predicate = (!icmp_ln47)> <Delay = 3.86> <CoreInst = "Divider">   --->   Core 6 'Divider' <Latency = 9> <II = 1> <Delay = 3.86> <FuncUnit> <Opcode : 'udiv' 'sdiv' 'urem' 'srem'> <InPorts = 2> <OutPorts = 1>
ST_4 : Operation 115 [1/1] (0.00ns)   --->   "%p_shl1 = bitconcatenate i8 @_ssdm_op_BitConcatenate.i8.i6.i2, i6 %select_ln47, i2 0" [cnn_accel.cpp:52]   --->   Operation 115 'bitconcatenate' 'p_shl1' <Predicate = (!icmp_ln47)> <Delay = 0.00>
ST_4 : Operation 116 [1/1] (2.11ns)   --->   "%sub_ln52 = sub i8 %p_shl1, i8 %zext_ln48_2" [cnn_accel.cpp:52]   --->   Operation 116 'sub' 'sub_ln52' <Predicate = (!icmp_ln47)> <Delay = 2.11> <CoreInst = "Adder">   --->   Core 1 'Adder' <Latency = 0> <II = 1> <Delay = 2.11> <FuncUnit> <Opcode : 'add' 'sub'> <InPorts = 2> <OutPorts = 1>
ST_4 : Operation 117 [1/1] (0.00ns)   --->   "%mul_ln52_cast = zext i8 %sub_ln52" [cnn_accel.cpp:52]   --->   Operation 117 'zext' 'mul_ln52_cast' <Predicate = (!icmp_ln47)> <Delay = 0.00>
ST_4 : Operation 118 [1/1] (3.37ns)   --->   "%tmp = add i57 %zext_ln44_cast, i57 %phi_mul_read"   --->   Operation 118 'add' 'tmp' <Predicate = (!icmp_ln47)> <Delay = 3.37> <CoreInst = "Adder">   --->   Core 1 'Adder' <Latency = 0> <II = 1> <Delay = 3.37> <FuncUnit> <Opcode : 'add' 'sub'> <InPorts = 2> <OutPorts = 1>
ST_4 : Operation 119 [1/1] (0.00ns)   --->   "%p_shl = bitconcatenate i64 @_ssdm_op_BitConcatenate.i64.i57.i7, i57 %tmp, i7 0"   --->   Operation 119 'bitconcatenate' 'p_shl' <Predicate = (!icmp_ln47)> <Delay = 0.00>
ST_4 : Operation 120 [1/1] (0.00ns)   --->   "%tmp_1205 = bitconcatenate i62 @_ssdm_op_BitConcatenate.i62.i57.i5, i57 %tmp, i5 0"   --->   Operation 120 'bitconcatenate' 'tmp_1205' <Predicate = (!icmp_ln47)> <Delay = 0.00>
ST_4 : Operation 121 [1/1] (0.00ns)   --->   "%p_shl40 = zext i62 %tmp_1205"   --->   Operation 121 'zext' 'p_shl40' <Predicate = (!icmp_ln47)> <Delay = 0.00>
ST_4 : Operation 122 [1/1] (3.56ns)   --->   "%tmp1 = sub i64 %p_shl, i64 %p_shl40"   --->   Operation 122 'sub' 'tmp1' <Predicate = (!icmp_ln47)> <Delay = 3.56> <CoreInst = "Adder">   --->   Core 1 'Adder' <Latency = 0> <II = 1> <Delay = 3.56> <FuncUnit> <Opcode : 'add' 'sub'> <InPorts = 2> <OutPorts = 1>
ST_4 : Operation 123 [1/1] (0.00ns) (grouped into TernaryAdder)   --->   "%add_ln44 = add i64 %input_read, i64 18446744073709551613" [cnn_accel.cpp:44]   --->   Operation 123 'add' 'add_ln44' <Predicate = (!icmp_ln47)> <Delay = 0.00> <CoreInst = "TAddSub">   --->   Core 10 'TAddSub' <Latency = 0> <II = 1> <Delay = 2.72> <IPBlock> <Opcode : '' 'add' 'sub'> <InPorts = 3> <OutPorts = 1> <Sync> <CReg>
ST_4 : Operation 124 [1/1] (5.44ns) (root node of TernaryAdder)   --->   "%sub_ln47 = sub i64 %add_ln44, i64 %zext_ln43_3_cast" [cnn_accel.cpp:47]   --->   Operation 124 'sub' 'sub_ln47' <Predicate = (!icmp_ln47)> <Delay = 5.44> <CoreInst = "TAddSub">   --->   Core 10 'TAddSub' <Latency = 0> <II = 1> <Delay = 2.72> <IPBlock> <Opcode : '' 'add' 'sub'> <InPorts = 3> <OutPorts = 1> <Sync> <CReg>
ST_4 : Operation 125 [1/1] (2.83ns)   --->   "%add_ln52_5 = add i38 %empty, i38 %mul_ln52_cast" [cnn_accel.cpp:52]   --->   Operation 125 'add' 'add_ln52_5' <Predicate = (!icmp_ln47)> <Delay = 2.83> <CoreInst = "Adder">   --->   Core 1 'Adder' <Latency = 0> <II = 1> <Delay = 2.83> <FuncUnit> <Opcode : 'add' 'sub'> <InPorts = 2> <OutPorts = 1>

State 5 <SV = 4> <Delay = 5.44>
ST_5 : Operation 126 [8/10] (3.86ns)   --->   "%urem_ln47 = urem i6 %select_ln47_2, i6 3" [cnn_accel.cpp:47]   --->   Operation 126 'urem' 'urem_ln47' <Predicate = (!icmp_ln47)> <Delay = 3.86> <CoreInst = "Divider">   --->   Core 6 'Divider' <Latency = 9> <II = 1> <Delay = 3.86> <FuncUnit> <Opcode : 'udiv' 'sdiv' 'urem' 'srem'> <InPorts = 2> <OutPorts = 1>
ST_5 : Operation 127 [1/1] (0.00ns) (grouped into LUT with out node select_ln54)   --->   "%rev = xor i1 %ult, i1 1" [cnn_accel.cpp:47]   --->   Operation 127 'xor' 'rev' <Predicate = (!icmp_ln47)> <Delay = 0.00> <CoreInst = "LogicGate">   --->   Core 74 'LogicGate' <Latency = 0> <II = 1> <Delay = 0.97> <FuncUnit> <Opcode : 'and' 'or' 'xor'> <InPorts = 2> <OutPorts = 1>
ST_5 : Operation 128 [7/10] (3.86ns)   --->   "%urem_ln48 = urem i6 %select_ln47, i6 3" [cnn_accel.cpp:48]   --->   Operation 128 'urem' 'urem_ln48' <Predicate = (!icmp_ln47)> <Delay = 3.86> <CoreInst = "Divider">   --->   Core 6 'Divider' <Latency = 9> <II = 1> <Delay = 3.86> <FuncUnit> <Opcode : 'udiv' 'sdiv' 'urem' 'srem'> <InPorts = 2> <OutPorts = 1>
ST_5 : Operation 129 [1/1] (0.00ns) (grouped into TernaryAdder)   --->   "%add_ln52 = add i64 %sub_ln47, i64 %tmp1" [cnn_accel.cpp:52]   --->   Operation 129 'add' 'add_ln52' <Predicate = (!icmp_ln47)> <Delay = 0.00> <CoreInst = "TAddSub">   --->   Core 10 'TAddSub' <Latency = 0> <II = 1> <Delay = 2.72> <IPBlock> <Opcode : '' 'add' 'sub'> <InPorts = 3> <OutPorts = 1> <Sync> <CReg>
ST_5 : Operation 130 [1/1] (0.00ns)   --->   "%zext_ln52 = zext i38 %add_ln52_5" [cnn_accel.cpp:52]   --->   Operation 130 'zext' 'zext_ln52' <Predicate = (!icmp_ln47)> <Delay = 0.00>
ST_5 : Operation 131 [1/1] (5.44ns) (root node of TernaryAdder)   --->   "%add_ln52_2 = add i64 %zext_ln52, i64 %add_ln52" [cnn_accel.cpp:52]   --->   Operation 131 'add' 'add_ln52_2' <Predicate = (!icmp_ln47)> <Delay = 5.44> <CoreInst = "TAddSub">   --->   Core 10 'TAddSub' <Latency = 0> <II = 1> <Delay = 2.72> <IPBlock> <Opcode : '' 'add' 'sub'> <InPorts = 3> <OutPorts = 1> <Sync> <CReg>
ST_5 : Operation 132 [1/1] (0.00ns) (grouped into LUT with out node select_ln54)   --->   "%xor_ln54 = xor i1 %icmp_ln54_1, i1 1" [cnn_accel.cpp:54]   --->   Operation 132 'xor' 'xor_ln54' <Predicate = (!icmp_ln47)> <Delay = 0.00> <CoreInst = "LogicGate">   --->   Core 74 'LogicGate' <Latency = 0> <II = 1> <Delay = 0.97> <FuncUnit> <Opcode : 'and' 'or' 'xor'> <InPorts = 2> <OutPorts = 1>
ST_5 : Operation 133 [1/1] (0.00ns) (grouped into LUT with out node select_ln54)   --->   "%and_ln54 = and i1 %xor_ln54, i1 %empty_395" [cnn_accel.cpp:54]   --->   Operation 133 'and' 'and_ln54' <Predicate = (!icmp_ln47)> <Delay = 0.00> <CoreInst = "LogicGate">   --->   Core 74 'LogicGate' <Latency = 0> <II = 1> <Delay = 0.97> <FuncUnit> <Opcode : 'and' 'or' 'xor'> <InPorts = 2> <OutPorts = 1>
ST_5 : Operation 134 [1/1] (0.00ns) (grouped into LUT with out node select_ln54)   --->   "%and_ln54_1 = and i1 %icmp_ln54, i1 %rev" [cnn_accel.cpp:54]   --->   Operation 134 'and' 'and_ln54_1' <Predicate = (!icmp_ln47)> <Delay = 0.00> <CoreInst = "LogicGate">   --->   Core 74 'LogicGate' <Latency = 0> <II = 1> <Delay = 0.97> <FuncUnit> <Opcode : 'and' 'or' 'xor'> <InPorts = 2> <OutPorts = 1>
ST_5 : Operation 135 [1/1] (0.00ns) (grouped into LUT with out node select_ln54)   --->   "%and_ln54_2 = and i1 %and_ln54_1, i1 %and_ln54" [cnn_accel.cpp:54]   --->   Operation 135 'and' 'and_ln54_2' <Predicate = (!icmp_ln47)> <Delay = 0.00> <CoreInst = "LogicGate">   --->   Core 74 'LogicGate' <Latency = 0> <II = 1> <Delay = 0.97> <FuncUnit> <Opcode : 'and' 'or' 'xor'> <InPorts = 2> <OutPorts = 1>
ST_5 : Operation 136 [1/1] (0.98ns) (out node of the LUT)   --->   "%select_ln54 = select i1 %and_ln54_2, i64 3, i64 0" [cnn_accel.cpp:54]   --->   Operation 136 'select' 'select_ln54' <Predicate = (!icmp_ln47)> <Delay = 0.98> <CoreInst = "Sel">   --->   Core 73 'Sel' <Latency = 0> <II = 1> <Delay = 0.98> <FuncUnit> <Opcode : 'select'> <InPorts = 3> <OutPorts = 1>
ST_5 : Operation 137 [1/1] (0.00ns)   --->   "%gmem_addr = getelementptr i8 %gmem, i64 %add_ln52_2" [cnn_accel.cpp:54]   --->   Operation 137 'getelementptr' 'gmem_addr' <Predicate = (!icmp_ln47)> <Delay = 0.00>

State 6 <SV = 5> <Delay = 7.30>
ST_6 : Operation 138 [7/10] (3.86ns)   --->   "%urem_ln47 = urem i6 %select_ln47_2, i6 3" [cnn_accel.cpp:47]   --->   Operation 138 'urem' 'urem_ln47' <Predicate = (!icmp_ln47)> <Delay = 3.86> <CoreInst = "Divider">   --->   Core 6 'Divider' <Latency = 9> <II = 1> <Delay = 3.86> <FuncUnit> <Opcode : 'udiv' 'sdiv' 'urem' 'srem'> <InPorts = 2> <OutPorts = 1>
ST_6 : Operation 139 [6/10] (3.86ns)   --->   "%urem_ln48 = urem i6 %select_ln47, i6 3" [cnn_accel.cpp:48]   --->   Operation 139 'urem' 'urem_ln48' <Predicate = (!icmp_ln47)> <Delay = 3.86> <CoreInst = "Divider">   --->   Core 6 'Divider' <Latency = 9> <II = 1> <Delay = 3.86> <FuncUnit> <Opcode : 'udiv' 'sdiv' 'urem' 'srem'> <InPorts = 2> <OutPorts = 1>
ST_6 : Operation 140 [8/8] (7.30ns)   --->   "%empty_397 = readreq i1 @_ssdm_op_ReadReq.m_axi.p1i8, i8 %gmem_addr, i64 %select_ln54" [cnn_accel.cpp:54]   --->   Operation 140 'readreq' 'empty_397' <Predicate = (!icmp_ln47)> <Delay = 7.30> <CoreInst = "m_axi">   --->   Core 111 'm_axi' <Latency = 6> <II = 1> <Delay = 1.00> <Adapter> <Opcode : 'read' 'write' 'readreq' 'writereq' 'writeresp'>

State 7 <SV = 6> <Delay = 7.30>
ST_7 : Operation 141 [6/10] (3.86ns)   --->   "%urem_ln47 = urem i6 %select_ln47_2, i6 3" [cnn_accel.cpp:47]   --->   Operation 141 'urem' 'urem_ln47' <Predicate = (!icmp_ln47)> <Delay = 3.86> <CoreInst = "Divider">   --->   Core 6 'Divider' <Latency = 9> <II = 1> <Delay = 3.86> <FuncUnit> <Opcode : 'udiv' 'sdiv' 'urem' 'srem'> <InPorts = 2> <OutPorts = 1>
ST_7 : Operation 142 [5/10] (3.86ns)   --->   "%urem_ln48 = urem i6 %select_ln47, i6 3" [cnn_accel.cpp:48]   --->   Operation 142 'urem' 'urem_ln48' <Predicate = (!icmp_ln47)> <Delay = 3.86> <CoreInst = "Divider">   --->   Core 6 'Divider' <Latency = 9> <II = 1> <Delay = 3.86> <FuncUnit> <Opcode : 'udiv' 'sdiv' 'urem' 'srem'> <InPorts = 2> <OutPorts = 1>
ST_7 : Operation 143 [7/8] (7.30ns)   --->   "%empty_397 = readreq i1 @_ssdm_op_ReadReq.m_axi.p1i8, i8 %gmem_addr, i64 %select_ln54" [cnn_accel.cpp:54]   --->   Operation 143 'readreq' 'empty_397' <Predicate = (!icmp_ln47)> <Delay = 7.30> <CoreInst = "m_axi">   --->   Core 111 'm_axi' <Latency = 6> <II = 1> <Delay = 1.00> <Adapter> <Opcode : 'read' 'write' 'readreq' 'writereq' 'writeresp'>

State 8 <SV = 7> <Delay = 7.30>
ST_8 : Operation 144 [5/10] (3.86ns)   --->   "%urem_ln47 = urem i6 %select_ln47_2, i6 3" [cnn_accel.cpp:47]   --->   Operation 144 'urem' 'urem_ln47' <Predicate = (!icmp_ln47)> <Delay = 3.86> <CoreInst = "Divider">   --->   Core 6 'Divider' <Latency = 9> <II = 1> <Delay = 3.86> <FuncUnit> <Opcode : 'udiv' 'sdiv' 'urem' 'srem'> <InPorts = 2> <OutPorts = 1>
ST_8 : Operation 145 [4/10] (3.86ns)   --->   "%urem_ln48 = urem i6 %select_ln47, i6 3" [cnn_accel.cpp:48]   --->   Operation 145 'urem' 'urem_ln48' <Predicate = (!icmp_ln47)> <Delay = 3.86> <CoreInst = "Divider">   --->   Core 6 'Divider' <Latency = 9> <II = 1> <Delay = 3.86> <FuncUnit> <Opcode : 'udiv' 'sdiv' 'urem' 'srem'> <InPorts = 2> <OutPorts = 1>
ST_8 : Operation 146 [6/8] (7.30ns)   --->   "%empty_397 = readreq i1 @_ssdm_op_ReadReq.m_axi.p1i8, i8 %gmem_addr, i64 %select_ln54" [cnn_accel.cpp:54]   --->   Operation 146 'readreq' 'empty_397' <Predicate = (!icmp_ln47)> <Delay = 7.30> <CoreInst = "m_axi">   --->   Core 111 'm_axi' <Latency = 6> <II = 1> <Delay = 1.00> <Adapter> <Opcode : 'read' 'write' 'readreq' 'writereq' 'writeresp'>

State 9 <SV = 8> <Delay = 7.30>
ST_9 : Operation 147 [4/10] (3.86ns)   --->   "%urem_ln47 = urem i6 %select_ln47_2, i6 3" [cnn_accel.cpp:47]   --->   Operation 147 'urem' 'urem_ln47' <Predicate = (!icmp_ln47)> <Delay = 3.86> <CoreInst = "Divider">   --->   Core 6 'Divider' <Latency = 9> <II = 1> <Delay = 3.86> <FuncUnit> <Opcode : 'udiv' 'sdiv' 'urem' 'srem'> <InPorts = 2> <OutPorts = 1>
ST_9 : Operation 148 [3/10] (3.86ns)   --->   "%urem_ln48 = urem i6 %select_ln47, i6 3" [cnn_accel.cpp:48]   --->   Operation 148 'urem' 'urem_ln48' <Predicate = (!icmp_ln47)> <Delay = 3.86> <CoreInst = "Divider">   --->   Core 6 'Divider' <Latency = 9> <II = 1> <Delay = 3.86> <FuncUnit> <Opcode : 'udiv' 'sdiv' 'urem' 'srem'> <InPorts = 2> <OutPorts = 1>
ST_9 : Operation 149 [5/8] (7.30ns)   --->   "%empty_397 = readreq i1 @_ssdm_op_ReadReq.m_axi.p1i8, i8 %gmem_addr, i64 %select_ln54" [cnn_accel.cpp:54]   --->   Operation 149 'readreq' 'empty_397' <Predicate = (!icmp_ln47)> <Delay = 7.30> <CoreInst = "m_axi">   --->   Core 111 'm_axi' <Latency = 6> <II = 1> <Delay = 1.00> <Adapter> <Opcode : 'read' 'write' 'readreq' 'writereq' 'writeresp'>

State 10 <SV = 9> <Delay = 7.30>
ST_10 : Operation 150 [3/10] (3.86ns)   --->   "%urem_ln47 = urem i6 %select_ln47_2, i6 3" [cnn_accel.cpp:47]   --->   Operation 150 'urem' 'urem_ln47' <Predicate = (!icmp_ln47)> <Delay = 3.86> <CoreInst = "Divider">   --->   Core 6 'Divider' <Latency = 9> <II = 1> <Delay = 3.86> <FuncUnit> <Opcode : 'udiv' 'sdiv' 'urem' 'srem'> <InPorts = 2> <OutPorts = 1>
ST_10 : Operation 151 [2/10] (3.86ns)   --->   "%urem_ln48 = urem i6 %select_ln47, i6 3" [cnn_accel.cpp:48]   --->   Operation 151 'urem' 'urem_ln48' <Predicate = (!icmp_ln47)> <Delay = 3.86> <CoreInst = "Divider">   --->   Core 6 'Divider' <Latency = 9> <II = 1> <Delay = 3.86> <FuncUnit> <Opcode : 'udiv' 'sdiv' 'urem' 'srem'> <InPorts = 2> <OutPorts = 1>
ST_10 : Operation 152 [4/8] (7.30ns)   --->   "%empty_397 = readreq i1 @_ssdm_op_ReadReq.m_axi.p1i8, i8 %gmem_addr, i64 %select_ln54" [cnn_accel.cpp:54]   --->   Operation 152 'readreq' 'empty_397' <Predicate = (!icmp_ln47)> <Delay = 7.30> <CoreInst = "m_axi">   --->   Core 111 'm_axi' <Latency = 6> <II = 1> <Delay = 1.00> <Adapter> <Opcode : 'read' 'write' 'readreq' 'writereq' 'writeresp'>

State 11 <SV = 10> <Delay = 7.30>
ST_11 : Operation 153 [2/10] (3.86ns)   --->   "%urem_ln47 = urem i6 %select_ln47_2, i6 3" [cnn_accel.cpp:47]   --->   Operation 153 'urem' 'urem_ln47' <Predicate = (!icmp_ln47)> <Delay = 3.86> <CoreInst = "Divider">   --->   Core 6 'Divider' <Latency = 9> <II = 1> <Delay = 3.86> <FuncUnit> <Opcode : 'udiv' 'sdiv' 'urem' 'srem'> <InPorts = 2> <OutPorts = 1>
ST_11 : Operation 154 [1/10] (3.86ns)   --->   "%urem_ln48 = urem i6 %select_ln47, i6 3" [cnn_accel.cpp:48]   --->   Operation 154 'urem' 'urem_ln48' <Predicate = (!icmp_ln47)> <Delay = 3.86> <CoreInst = "Divider">   --->   Core 6 'Divider' <Latency = 9> <II = 1> <Delay = 3.86> <FuncUnit> <Opcode : 'udiv' 'sdiv' 'urem' 'srem'> <InPorts = 2> <OutPorts = 1>
ST_11 : Operation 155 [3/8] (7.30ns)   --->   "%empty_397 = readreq i1 @_ssdm_op_ReadReq.m_axi.p1i8, i8 %gmem_addr, i64 %select_ln54" [cnn_accel.cpp:54]   --->   Operation 155 'readreq' 'empty_397' <Predicate = (!icmp_ln47)> <Delay = 7.30> <CoreInst = "m_axi">   --->   Core 111 'm_axi' <Latency = 6> <II = 1> <Delay = 1.00> <Adapter> <Opcode : 'read' 'write' 'readreq' 'writereq' 'writeresp'>

State 12 <SV = 11> <Delay = 7.30>
ST_12 : Operation 156 [1/1] (0.00ns)   --->   "%zext_ln47_3 = zext i6 %select_ln47_2" [cnn_accel.cpp:47]   --->   Operation 156 'zext' 'zext_ln47_3' <Predicate = (!icmp_ln47)> <Delay = 0.00>
ST_12 : Operation 157 [1/1] (4.37ns)   --->   "%mul_ln47 = mul i13 %zext_ln47_3, i13 86" [cnn_accel.cpp:47]   --->   Operation 157 'mul' 'mul_ln47' <Predicate = (!icmp_ln47)> <Delay = 4.37> <CoreInst = "Multiplier">   --->   Core 3 'Multiplier' <Latency = 0> <II = 1> <Delay = 4.37> <FuncUnit> <Opcode : 'mul'> <InPorts = 2> <OutPorts = 1>
ST_12 : Operation 158 [1/1] (0.00ns)   --->   "%tmp_1199 = partselect i5 @_ssdm_op_PartSelect.i5.i13.i32.i32, i13 %mul_ln47, i32 8, i32 12" [cnn_accel.cpp:47]   --->   Operation 158 'partselect' 'tmp_1199' <Predicate = (!icmp_ln47)> <Delay = 0.00>
ST_12 : Operation 159 [1/1] (0.00ns)   --->   "%tmp_1200 = partselect i4 @_ssdm_op_PartSelect.i4.i13.i32.i32, i13 %mul_ln47, i32 8, i32 11" [cnn_accel.cpp:59]   --->   Operation 159 'partselect' 'tmp_1200' <Predicate = (!icmp_ln47)> <Delay = 0.00>
ST_12 : Operation 160 [1/10] (3.86ns)   --->   "%urem_ln47 = urem i6 %select_ln47_2, i6 3" [cnn_accel.cpp:47]   --->   Operation 160 'urem' 'urem_ln47' <Predicate = (!icmp_ln47)> <Delay = 3.86> <CoreInst = "Divider">   --->   Core 6 'Divider' <Latency = 9> <II = 1> <Delay = 3.86> <FuncUnit> <Opcode : 'udiv' 'sdiv' 'urem' 'srem'> <InPorts = 2> <OutPorts = 1>
ST_12 : Operation 161 [1/1] (0.00ns)   --->   "%trunc_ln47 = trunc i2 %urem_ln47" [cnn_accel.cpp:47]   --->   Operation 161 'trunc' 'trunc_ln47' <Predicate = (!icmp_ln47)> <Delay = 0.00>
ST_12 : Operation 162 [1/1] (0.00ns)   --->   "%trunc_ln48 = trunc i2 %urem_ln48" [cnn_accel.cpp:48]   --->   Operation 162 'trunc' 'trunc_ln48' <Predicate = (!icmp_ln47)> <Delay = 0.00>
ST_12 : Operation 163 [2/8] (7.30ns)   --->   "%empty_397 = readreq i1 @_ssdm_op_ReadReq.m_axi.p1i8, i8 %gmem_addr, i64 %select_ln54" [cnn_accel.cpp:54]   --->   Operation 163 'readreq' 'empty_397' <Predicate = (!icmp_ln47)> <Delay = 7.30> <CoreInst = "m_axi">   --->   Core 111 'm_axi' <Latency = 6> <II = 1> <Delay = 1.00> <Adapter> <Opcode : 'read' 'write' 'readreq' 'writereq' 'writeresp'>
ST_12 : Operation 164 [1/1] (1.58ns)   --->   "%switch_ln47 = switch i2 %trunc_ln47, void %arrayidx3310.case.2, i2 0, void %arrayidx3310.case.0, i2 1, void %arrayidx3310.case.1" [cnn_accel.cpp:47]   --->   Operation 164 'switch' 'switch_ln47' <Predicate = true> <Delay = 1.58>
ST_12 : Operation 165 [1/1] (1.58ns)   --->   "%switch_ln48 = switch i2 %trunc_ln48, void %arrayidx3310.case.2100, i2 0, void %arrayidx3310.case.098, i2 1, void %arrayidx3310.case.199" [cnn_accel.cpp:48]   --->   Operation 165 'switch' 'switch_ln48' <Predicate = (trunc_ln47 == 1)> <Delay = 1.58>
ST_12 : Operation 166 [1/1] (0.00ns)   --->   "%br_ln0 = br void %arrayidx3310.exit"   --->   Operation 166 'br' 'br_ln0' <Predicate = (trunc_ln47 == 1)> <Delay = 0.00>
ST_12 : Operation 167 [1/1] (1.58ns)   --->   "%switch_ln48 = switch i2 %trunc_ln48, void %arrayidx3310.case.295, i2 0, void %arrayidx3310.case.093, i2 1, void %arrayidx3310.case.194" [cnn_accel.cpp:48]   --->   Operation 167 'switch' 'switch_ln48' <Predicate = (trunc_ln47 == 0)> <Delay = 1.58>
ST_12 : Operation 168 [1/1] (0.00ns)   --->   "%br_ln0 = br void %arrayidx3310.exit"   --->   Operation 168 'br' 'br_ln0' <Predicate = (trunc_ln47 == 0)> <Delay = 0.00>
ST_12 : Operation 169 [1/1] (1.58ns)   --->   "%switch_ln48 = switch i2 %trunc_ln48, void %arrayidx3310.case.2105, i2 0, void %arrayidx3310.case.0103, i2 1, void %arrayidx3310.case.1104" [cnn_accel.cpp:48]   --->   Operation 169 'switch' 'switch_ln48' <Predicate = (trunc_ln47 != 0 & trunc_ln47 != 1)> <Delay = 1.58>
ST_12 : Operation 170 [1/1] (0.00ns)   --->   "%br_ln0 = br void %arrayidx3310.exit"   --->   Operation 170 'br' 'br_ln0' <Predicate = (trunc_ln47 != 0 & trunc_ln47 != 1)> <Delay = 0.00>
ST_12 : Operation 171 [1/1] (1.58ns)   --->   "%switch_ln47 = switch i2 %trunc_ln47, void %arrayidx3310.1.case.2, i2 0, void %arrayidx3310.1.case.0, i2 1, void %arrayidx3310.1.case.1" [cnn_accel.cpp:47]   --->   Operation 171 'switch' 'switch_ln47' <Predicate = true> <Delay = 1.58>
ST_12 : Operation 172 [1/1] (1.58ns)   --->   "%switch_ln48 = switch i2 %trunc_ln48, void %arrayidx3310.1.case.2115, i2 0, void %arrayidx3310.1.case.0113, i2 1, void %arrayidx3310.1.case.1114" [cnn_accel.cpp:48]   --->   Operation 172 'switch' 'switch_ln48' <Predicate = (trunc_ln47 == 1)> <Delay = 1.58>
ST_12 : Operation 173 [1/1] (0.00ns)   --->   "%br_ln0 = br void %arrayidx3310.1.exit"   --->   Operation 173 'br' 'br_ln0' <Predicate = (trunc_ln47 == 1)> <Delay = 0.00>
ST_12 : Operation 174 [1/1] (1.58ns)   --->   "%switch_ln48 = switch i2 %trunc_ln48, void %arrayidx3310.1.case.2110, i2 0, void %arrayidx3310.1.case.0108, i2 1, void %arrayidx3310.1.case.1109" [cnn_accel.cpp:48]   --->   Operation 174 'switch' 'switch_ln48' <Predicate = (trunc_ln47 == 0)> <Delay = 1.58>
ST_12 : Operation 175 [1/1] (0.00ns)   --->   "%br_ln0 = br void %arrayidx3310.1.exit"   --->   Operation 175 'br' 'br_ln0' <Predicate = (trunc_ln47 == 0)> <Delay = 0.00>
ST_12 : Operation 176 [1/1] (1.58ns)   --->   "%switch_ln48 = switch i2 %trunc_ln48, void %arrayidx3310.1.case.2120, i2 0, void %arrayidx3310.1.case.0118, i2 1, void %arrayidx3310.1.case.1119" [cnn_accel.cpp:48]   --->   Operation 176 'switch' 'switch_ln48' <Predicate = (trunc_ln47 != 0 & trunc_ln47 != 1)> <Delay = 1.58>
ST_12 : Operation 177 [1/1] (0.00ns)   --->   "%br_ln0 = br void %arrayidx3310.1.exit"   --->   Operation 177 'br' 'br_ln0' <Predicate = (trunc_ln47 != 0 & trunc_ln47 != 1)> <Delay = 0.00>
ST_12 : Operation 178 [1/1] (1.58ns)   --->   "%switch_ln47 = switch i2 %trunc_ln47, void %arrayidx3310.2.case.2, i2 0, void %arrayidx3310.2.case.0, i2 1, void %arrayidx3310.2.case.1" [cnn_accel.cpp:47]   --->   Operation 178 'switch' 'switch_ln47' <Predicate = true> <Delay = 1.58>
ST_12 : Operation 179 [1/1] (1.58ns)   --->   "%switch_ln48 = switch i2 %trunc_ln48, void %arrayidx3310.2.case.2130, i2 0, void %arrayidx3310.2.case.0128, i2 1, void %arrayidx3310.2.case.1129" [cnn_accel.cpp:48]   --->   Operation 179 'switch' 'switch_ln48' <Predicate = (trunc_ln47 == 1)> <Delay = 1.58>
ST_12 : Operation 180 [1/1] (0.00ns)   --->   "%br_ln0 = br void %arrayidx3310.2.exit"   --->   Operation 180 'br' 'br_ln0' <Predicate = (trunc_ln47 == 1)> <Delay = 0.00>
ST_12 : Operation 181 [1/1] (1.58ns)   --->   "%switch_ln48 = switch i2 %trunc_ln48, void %arrayidx3310.2.case.2125, i2 0, void %arrayidx3310.2.case.0123, i2 1, void %arrayidx3310.2.case.1124" [cnn_accel.cpp:48]   --->   Operation 181 'switch' 'switch_ln48' <Predicate = (trunc_ln47 == 0)> <Delay = 1.58>
ST_12 : Operation 182 [1/1] (0.00ns)   --->   "%br_ln0 = br void %arrayidx3310.2.exit"   --->   Operation 182 'br' 'br_ln0' <Predicate = (trunc_ln47 == 0)> <Delay = 0.00>
ST_12 : Operation 183 [1/1] (1.58ns)   --->   "%switch_ln48 = switch i2 %trunc_ln48, void %arrayidx3310.2.case.2135, i2 0, void %arrayidx3310.2.case.0133, i2 1, void %arrayidx3310.2.case.1134" [cnn_accel.cpp:48]   --->   Operation 183 'switch' 'switch_ln48' <Predicate = (trunc_ln47 != 0 & trunc_ln47 != 1)> <Delay = 1.58>
ST_12 : Operation 184 [1/1] (0.00ns)   --->   "%br_ln0 = br void %arrayidx3310.2.exit"   --->   Operation 184 'br' 'br_ln0' <Predicate = (trunc_ln47 != 0 & trunc_ln47 != 1)> <Delay = 0.00>

State 13 <SV = 12> <Delay = 7.30>
ST_13 : Operation 185 [1/1] (0.00ns)   --->   "%zext_ln48_3 = zext i6 %select_ln47" [cnn_accel.cpp:48]   --->   Operation 185 'zext' 'zext_ln48_3' <Predicate = (!icmp_ln47)> <Delay = 0.00>
ST_13 : Operation 186 [1/1] (4.37ns)   --->   "%mul_ln48 = mul i13 %zext_ln48_3, i13 86" [cnn_accel.cpp:48]   --->   Operation 186 'mul' 'mul_ln48' <Predicate = (!icmp_ln47)> <Delay = 4.37> <CoreInst = "Multiplier">   --->   Core 3 'Multiplier' <Latency = 0> <II = 1> <Delay = 4.37> <FuncUnit> <Opcode : 'mul'> <InPorts = 2> <OutPorts = 1>
ST_13 : Operation 187 [1/1] (0.00ns)   --->   "%tmp_1204 = partselect i5 @_ssdm_op_PartSelect.i5.i13.i32.i32, i13 %mul_ln48, i32 8, i32 12" [cnn_accel.cpp:48]   --->   Operation 187 'partselect' 'tmp_1204' <Predicate = (!icmp_ln47)> <Delay = 0.00>
ST_13 : Operation 188 [1/8] (7.30ns)   --->   "%empty_397 = readreq i1 @_ssdm_op_ReadReq.m_axi.p1i8, i8 %gmem_addr, i64 %select_ln54" [cnn_accel.cpp:54]   --->   Operation 188 'readreq' 'empty_397' <Predicate = (!icmp_ln47)> <Delay = 7.30> <CoreInst = "m_axi">   --->   Core 111 'm_axi' <Latency = 6> <II = 1> <Delay = 1.00> <Adapter> <Opcode : 'read' 'write' 'readreq' 'writereq' 'writeresp'>

State 14 <SV = 13> <Delay = 7.30>
ST_14 : Operation 189 [1/1] (0.00ns)   --->   "%tmp_1201 = bitconcatenate i7 @_ssdm_op_BitConcatenate.i7.i5.i2, i5 %tmp_1199, i2 0" [cnn_accel.cpp:59]   --->   Operation 189 'bitconcatenate' 'tmp_1201' <Predicate = (!icmp_ln47)> <Delay = 0.00>
ST_14 : Operation 190 [1/1] (0.00ns)   --->   "%tmp_1202 = bitconcatenate i8 @_ssdm_op_BitConcatenate.i8.i4.i4, i4 %tmp_1200, i4 0" [cnn_accel.cpp:59]   --->   Operation 190 'bitconcatenate' 'tmp_1202' <Predicate = (!icmp_ln47)> <Delay = 0.00>
ST_14 : Operation 191 [1/1] (0.00ns)   --->   "%zext_ln59 = zext i7 %tmp_1201" [cnn_accel.cpp:59]   --->   Operation 191 'zext' 'zext_ln59' <Predicate = (!icmp_ln47)> <Delay = 0.00>
ST_14 : Operation 192 [1/1] (0.00ns) (grouped into TernaryAdder)   --->   "%sub_ln47_1 = sub i8 %tmp_1202, i8 %zext_ln59" [cnn_accel.cpp:47]   --->   Operation 192 'sub' 'sub_ln47_1' <Predicate = (!icmp_ln47)> <Delay = 0.00> <CoreInst = "TAddSub">   --->   Core 10 'TAddSub' <Latency = 0> <II = 1> <Delay = 2.72> <IPBlock> <Opcode : '' 'add' 'sub'> <InPorts = 3> <OutPorts = 1> <Sync> <CReg>
ST_14 : Operation 193 [1/1] (0.00ns)   --->   "%zext_ln59_3 = zext i5 %tmp_1204" [cnn_accel.cpp:59]   --->   Operation 193 'zext' 'zext_ln59_3' <Predicate = (!icmp_ln47)> <Delay = 0.00>
ST_14 : Operation 194 [1/1] (3.67ns) (root node of TernaryAdder)   --->   "%add_ln59 = add i8 %sub_ln47_1, i8 %zext_ln59_3" [cnn_accel.cpp:59]   --->   Operation 194 'add' 'add_ln59' <Predicate = (!icmp_ln47)> <Delay = 3.67> <CoreInst = "TAddSub">   --->   Core 10 'TAddSub' <Latency = 0> <II = 1> <Delay = 2.72> <IPBlock> <Opcode : '' 'add' 'sub'> <InPorts = 3> <OutPorts = 1> <Sync> <CReg>
ST_14 : Operation 195 [1/1] (7.30ns)   --->   "%gmem_addr_read = read i8 @_ssdm_op_Read.m_axi.p1i8, i8 %gmem_addr" [cnn_accel.cpp:59]   --->   Operation 195 'read' 'gmem_addr_read' <Predicate = (!icmp_ln47 & !thr_or38)> <Delay = 7.30> <CoreInst = "m_axi">   --->   Core 111 'm_axi' <Latency = 3> <II = 1> <Delay = 1.00> <Adapter> <Opcode : 'read' 'write' 'readreq' 'writereq' 'writeresp'>
ST_14 : Operation 289 [1/1] (1.61ns)   --->   "%ret_ln0 = ret"   --->   Operation 289 'ret' 'ret_ln0' <Predicate = (icmp_ln47)> <Delay = 1.61>

State 15 <SV = 14> <Delay = 7.30>
ST_15 : Operation 196 [1/1] (0.00ns)   --->   "%zext_ln59_4 = zext i8 %add_ln59" [cnn_accel.cpp:59]   --->   Operation 196 'zext' 'zext_ln59_4' <Predicate = (!icmp_ln47)> <Delay = 0.00>
ST_15 : Operation 197 [1/1] (0.00ns)   --->   "%p_ZZ10conv_layerPaS_iiiiS_S_E7tile_in_0_0_0_addr = getelementptr i8 %p_ZZ10conv_layerPaS_iiiiS_S_E7tile_in_0_0_0, i64 0, i64 %zext_ln59_4" [cnn_accel.cpp:59]   --->   Operation 197 'getelementptr' 'p_ZZ10conv_layerPaS_iiiiS_S_E7tile_in_0_0_0_addr' <Predicate = (!icmp_ln47)> <Delay = 0.00>
ST_15 : Operation 198 [1/1] (0.00ns)   --->   "%p_ZZ10conv_layerPaS_iiiiS_S_E7tile_in_0_1_0_addr = getelementptr i8 %p_ZZ10conv_layerPaS_iiiiS_S_E7tile_in_0_1_0, i64 0, i64 %zext_ln59_4" [cnn_accel.cpp:59]   --->   Operation 198 'getelementptr' 'p_ZZ10conv_layerPaS_iiiiS_S_E7tile_in_0_1_0_addr' <Predicate = (!icmp_ln47)> <Delay = 0.00>
ST_15 : Operation 199 [1/1] (0.00ns)   --->   "%p_ZZ10conv_layerPaS_iiiiS_S_E7tile_in_0_2_0_addr = getelementptr i8 %p_ZZ10conv_layerPaS_iiiiS_S_E7tile_in_0_2_0, i64 0, i64 %zext_ln59_4" [cnn_accel.cpp:59]   --->   Operation 199 'getelementptr' 'p_ZZ10conv_layerPaS_iiiiS_S_E7tile_in_0_2_0_addr' <Predicate = (!icmp_ln47)> <Delay = 0.00>
ST_15 : Operation 200 [1/1] (0.00ns)   --->   "%p_ZZ10conv_layerPaS_iiiiS_S_E7tile_in_1_0_0_addr = getelementptr i8 %p_ZZ10conv_layerPaS_iiiiS_S_E7tile_in_1_0_0, i64 0, i64 %zext_ln59_4" [cnn_accel.cpp:59]   --->   Operation 200 'getelementptr' 'p_ZZ10conv_layerPaS_iiiiS_S_E7tile_in_1_0_0_addr' <Predicate = (!icmp_ln47)> <Delay = 0.00>
ST_15 : Operation 201 [1/1] (0.00ns)   --->   "%p_ZZ10conv_layerPaS_iiiiS_S_E7tile_in_1_1_0_addr = getelementptr i8 %p_ZZ10conv_layerPaS_iiiiS_S_E7tile_in_1_1_0, i64 0, i64 %zext_ln59_4" [cnn_accel.cpp:59]   --->   Operation 201 'getelementptr' 'p_ZZ10conv_layerPaS_iiiiS_S_E7tile_in_1_1_0_addr' <Predicate = (!icmp_ln47)> <Delay = 0.00>
ST_15 : Operation 202 [1/1] (0.00ns)   --->   "%p_ZZ10conv_layerPaS_iiiiS_S_E7tile_in_1_2_0_addr = getelementptr i8 %p_ZZ10conv_layerPaS_iiiiS_S_E7tile_in_1_2_0, i64 0, i64 %zext_ln59_4" [cnn_accel.cpp:59]   --->   Operation 202 'getelementptr' 'p_ZZ10conv_layerPaS_iiiiS_S_E7tile_in_1_2_0_addr' <Predicate = (!icmp_ln47)> <Delay = 0.00>
ST_15 : Operation 203 [1/1] (0.00ns)   --->   "%p_ZZ10conv_layerPaS_iiiiS_S_E7tile_in_2_0_0_addr = getelementptr i8 %p_ZZ10conv_layerPaS_iiiiS_S_E7tile_in_2_0_0, i64 0, i64 %zext_ln59_4" [cnn_accel.cpp:59]   --->   Operation 203 'getelementptr' 'p_ZZ10conv_layerPaS_iiiiS_S_E7tile_in_2_0_0_addr' <Predicate = (!icmp_ln47)> <Delay = 0.00>
ST_15 : Operation 204 [1/1] (0.00ns)   --->   "%p_ZZ10conv_layerPaS_iiiiS_S_E7tile_in_2_1_0_addr = getelementptr i8 %p_ZZ10conv_layerPaS_iiiiS_S_E7tile_in_2_1_0, i64 0, i64 %zext_ln59_4" [cnn_accel.cpp:59]   --->   Operation 204 'getelementptr' 'p_ZZ10conv_layerPaS_iiiiS_S_E7tile_in_2_1_0_addr' <Predicate = (!icmp_ln47)> <Delay = 0.00>
ST_15 : Operation 205 [1/1] (0.00ns)   --->   "%p_ZZ10conv_layerPaS_iiiiS_S_E7tile_in_2_2_0_addr = getelementptr i8 %p_ZZ10conv_layerPaS_iiiiS_S_E7tile_in_2_2_0, i64 0, i64 %zext_ln59_4" [cnn_accel.cpp:59]   --->   Operation 205 'getelementptr' 'p_ZZ10conv_layerPaS_iiiiS_S_E7tile_in_2_2_0_addr' <Predicate = (!icmp_ln47)> <Delay = 0.00>
ST_15 : Operation 206 [1/1] (1.61ns)   --->   "%br_ln60 = br void %for.inc" [cnn_accel.cpp:60]   --->   Operation 206 'br' 'br_ln60' <Predicate = (!icmp_ln47 & !thr_or38)> <Delay = 1.61>
ST_15 : Operation 207 [1/1] (0.00ns)   --->   "%storemerge = phi i8 %gmem_addr_read, void %if.then, i8 0, void %for.inc43" [cnn_accel.cpp:59]   --->   Operation 207 'phi' 'storemerge' <Predicate = true> <Delay = 0.00>
ST_15 : Operation 208 [1/1] ( I:3.25ns O:3.25ns )   --->   "%store_ln59 = store i8 %storemerge, i8 %p_ZZ10conv_layerPaS_iiiiS_S_E7tile_in_1_1_0_addr" [cnn_accel.cpp:59]   --->   Operation 208 'store' 'store_ln59' <Predicate = (trunc_ln47 == 1 & trunc_ln48 == 1)> <Delay = 3.25> <CoreInst = "RAM_T2P_BRAM">   --->   Core 93 'RAM_T2P_BRAM' <Latency = 1> <II = 1> <Delay = 3.25> <Storage> <Opcode : 'load' 'store'> <Ports = 2> <Width = 8> <Depth = 144> <RAM>
ST_15 : Operation 209 [1/1] (0.00ns)   --->   "%br_ln0 = br void %arrayidx3310.exit97"   --->   Operation 209 'br' 'br_ln0' <Predicate = (trunc_ln47 == 1 & trunc_ln48 == 1)> <Delay = 0.00>
ST_15 : Operation 210 [1/1] ( I:3.25ns O:3.25ns )   --->   "%store_ln59 = store i8 %storemerge, i8 %p_ZZ10conv_layerPaS_iiiiS_S_E7tile_in_1_0_0_addr" [cnn_accel.cpp:59]   --->   Operation 210 'store' 'store_ln59' <Predicate = (trunc_ln47 == 1 & trunc_ln48 == 0)> <Delay = 3.25> <CoreInst = "RAM_T2P_BRAM">   --->   Core 93 'RAM_T2P_BRAM' <Latency = 1> <II = 1> <Delay = 3.25> <Storage> <Opcode : 'load' 'store'> <Ports = 2> <Width = 8> <Depth = 144> <RAM>
ST_15 : Operation 211 [1/1] (0.00ns)   --->   "%br_ln0 = br void %arrayidx3310.exit97"   --->   Operation 211 'br' 'br_ln0' <Predicate = (trunc_ln47 == 1 & trunc_ln48 == 0)> <Delay = 0.00>
ST_15 : Operation 212 [1/1] ( I:3.25ns O:3.25ns )   --->   "%store_ln59 = store i8 %storemerge, i8 %p_ZZ10conv_layerPaS_iiiiS_S_E7tile_in_1_2_0_addr" [cnn_accel.cpp:59]   --->   Operation 212 'store' 'store_ln59' <Predicate = (trunc_ln47 == 1 & trunc_ln48 != 0 & trunc_ln48 != 1)> <Delay = 3.25> <CoreInst = "RAM_T2P_BRAM">   --->   Core 93 'RAM_T2P_BRAM' <Latency = 1> <II = 1> <Delay = 3.25> <Storage> <Opcode : 'load' 'store'> <Ports = 2> <Width = 8> <Depth = 144> <RAM>
ST_15 : Operation 213 [1/1] (0.00ns)   --->   "%br_ln0 = br void %arrayidx3310.exit97"   --->   Operation 213 'br' 'br_ln0' <Predicate = (trunc_ln47 == 1 & trunc_ln48 != 0 & trunc_ln48 != 1)> <Delay = 0.00>
ST_15 : Operation 214 [1/1] ( I:3.25ns O:3.25ns )   --->   "%store_ln59 = store i8 %storemerge, i8 %p_ZZ10conv_layerPaS_iiiiS_S_E7tile_in_0_1_0_addr" [cnn_accel.cpp:59]   --->   Operation 214 'store' 'store_ln59' <Predicate = (trunc_ln47 == 0 & trunc_ln48 == 1)> <Delay = 3.25> <CoreInst = "RAM_T2P_BRAM">   --->   Core 93 'RAM_T2P_BRAM' <Latency = 1> <II = 1> <Delay = 3.25> <Storage> <Opcode : 'load' 'store'> <Ports = 2> <Width = 8> <Depth = 144> <RAM>
ST_15 : Operation 215 [1/1] (0.00ns)   --->   "%br_ln0 = br void %arrayidx3310.exit92"   --->   Operation 215 'br' 'br_ln0' <Predicate = (trunc_ln47 == 0 & trunc_ln48 == 1)> <Delay = 0.00>
ST_15 : Operation 216 [1/1] ( I:3.25ns O:3.25ns )   --->   "%store_ln59 = store i8 %storemerge, i8 %p_ZZ10conv_layerPaS_iiiiS_S_E7tile_in_0_0_0_addr" [cnn_accel.cpp:59]   --->   Operation 216 'store' 'store_ln59' <Predicate = (trunc_ln47 == 0 & trunc_ln48 == 0)> <Delay = 3.25> <CoreInst = "RAM_T2P_BRAM">   --->   Core 93 'RAM_T2P_BRAM' <Latency = 1> <II = 1> <Delay = 3.25> <Storage> <Opcode : 'load' 'store'> <Ports = 2> <Width = 8> <Depth = 144> <RAM>
ST_15 : Operation 217 [1/1] (0.00ns)   --->   "%br_ln0 = br void %arrayidx3310.exit92"   --->   Operation 217 'br' 'br_ln0' <Predicate = (trunc_ln47 == 0 & trunc_ln48 == 0)> <Delay = 0.00>
ST_15 : Operation 218 [1/1] ( I:3.25ns O:3.25ns )   --->   "%store_ln59 = store i8 %storemerge, i8 %p_ZZ10conv_layerPaS_iiiiS_S_E7tile_in_0_2_0_addr" [cnn_accel.cpp:59]   --->   Operation 218 'store' 'store_ln59' <Predicate = (trunc_ln47 == 0 & trunc_ln48 != 0 & trunc_ln48 != 1)> <Delay = 3.25> <CoreInst = "RAM_T2P_BRAM">   --->   Core 93 'RAM_T2P_BRAM' <Latency = 1> <II = 1> <Delay = 3.25> <Storage> <Opcode : 'load' 'store'> <Ports = 2> <Width = 8> <Depth = 144> <RAM>
ST_15 : Operation 219 [1/1] (0.00ns)   --->   "%br_ln0 = br void %arrayidx3310.exit92"   --->   Operation 219 'br' 'br_ln0' <Predicate = (trunc_ln47 == 0 & trunc_ln48 != 0 & trunc_ln48 != 1)> <Delay = 0.00>
ST_15 : Operation 220 [1/1] ( I:3.25ns O:3.25ns )   --->   "%store_ln59 = store i8 %storemerge, i8 %p_ZZ10conv_layerPaS_iiiiS_S_E7tile_in_2_1_0_addr" [cnn_accel.cpp:59]   --->   Operation 220 'store' 'store_ln59' <Predicate = (trunc_ln47 != 0 & trunc_ln47 != 1 & trunc_ln48 == 1)> <Delay = 3.25> <CoreInst = "RAM_T2P_BRAM">   --->   Core 93 'RAM_T2P_BRAM' <Latency = 1> <II = 1> <Delay = 3.25> <Storage> <Opcode : 'load' 'store'> <Ports = 2> <Width = 8> <Depth = 144> <RAM>
ST_15 : Operation 221 [1/1] (0.00ns)   --->   "%br_ln0 = br void %arrayidx3310.exit102"   --->   Operation 221 'br' 'br_ln0' <Predicate = (trunc_ln47 != 0 & trunc_ln47 != 1 & trunc_ln48 == 1)> <Delay = 0.00>
ST_15 : Operation 222 [1/1] ( I:3.25ns O:3.25ns )   --->   "%store_ln59 = store i8 %storemerge, i8 %p_ZZ10conv_layerPaS_iiiiS_S_E7tile_in_2_0_0_addr" [cnn_accel.cpp:59]   --->   Operation 222 'store' 'store_ln59' <Predicate = (trunc_ln47 != 0 & trunc_ln47 != 1 & trunc_ln48 == 0)> <Delay = 3.25> <CoreInst = "RAM_T2P_BRAM">   --->   Core 93 'RAM_T2P_BRAM' <Latency = 1> <II = 1> <Delay = 3.25> <Storage> <Opcode : 'load' 'store'> <Ports = 2> <Width = 8> <Depth = 144> <RAM>
ST_15 : Operation 223 [1/1] (0.00ns)   --->   "%br_ln0 = br void %arrayidx3310.exit102"   --->   Operation 223 'br' 'br_ln0' <Predicate = (trunc_ln47 != 0 & trunc_ln47 != 1 & trunc_ln48 == 0)> <Delay = 0.00>
ST_15 : Operation 224 [1/1] ( I:3.25ns O:3.25ns )   --->   "%store_ln59 = store i8 %storemerge, i8 %p_ZZ10conv_layerPaS_iiiiS_S_E7tile_in_2_2_0_addr" [cnn_accel.cpp:59]   --->   Operation 224 'store' 'store_ln59' <Predicate = (trunc_ln47 != 0 & trunc_ln47 != 1 & trunc_ln48 != 0 & trunc_ln48 != 1)> <Delay = 3.25> <CoreInst = "RAM_T2P_BRAM">   --->   Core 93 'RAM_T2P_BRAM' <Latency = 1> <II = 1> <Delay = 3.25> <Storage> <Opcode : 'load' 'store'> <Ports = 2> <Width = 8> <Depth = 144> <RAM>
ST_15 : Operation 225 [1/1] (0.00ns)   --->   "%br_ln0 = br void %arrayidx3310.exit102"   --->   Operation 225 'br' 'br_ln0' <Predicate = (trunc_ln47 != 0 & trunc_ln47 != 1 & trunc_ln48 != 0 & trunc_ln48 != 1)> <Delay = 0.00>
ST_15 : Operation 226 [1/1] (7.30ns)   --->   "%gmem_addr_read_1 = read i8 @_ssdm_op_Read.m_axi.p1i8, i8 %gmem_addr" [cnn_accel.cpp:59]   --->   Operation 226 'read' 'gmem_addr_read_1' <Predicate = (!icmp_ln47 & !thr_or38)> <Delay = 7.30> <CoreInst = "m_axi">   --->   Core 111 'm_axi' <Latency = 3> <II = 1> <Delay = 1.00> <Adapter> <Opcode : 'read' 'write' 'readreq' 'writereq' 'writeresp'>

State 16 <SV = 15> <Delay = 7.30>
ST_16 : Operation 227 [1/1] (0.00ns)   --->   "%p_ZZ10conv_layerPaS_iiiiS_S_E7tile_in_0_0_1_addr = getelementptr i8 %p_ZZ10conv_layerPaS_iiiiS_S_E7tile_in_0_0_1, i64 0, i64 %zext_ln59_4" [cnn_accel.cpp:59]   --->   Operation 227 'getelementptr' 'p_ZZ10conv_layerPaS_iiiiS_S_E7tile_in_0_0_1_addr' <Predicate = (!icmp_ln47)> <Delay = 0.00>
ST_16 : Operation 228 [1/1] (0.00ns)   --->   "%p_ZZ10conv_layerPaS_iiiiS_S_E7tile_in_0_1_1_addr = getelementptr i8 %p_ZZ10conv_layerPaS_iiiiS_S_E7tile_in_0_1_1, i64 0, i64 %zext_ln59_4" [cnn_accel.cpp:59]   --->   Operation 228 'getelementptr' 'p_ZZ10conv_layerPaS_iiiiS_S_E7tile_in_0_1_1_addr' <Predicate = (!icmp_ln47)> <Delay = 0.00>
ST_16 : Operation 229 [1/1] (0.00ns)   --->   "%p_ZZ10conv_layerPaS_iiiiS_S_E7tile_in_0_2_1_addr = getelementptr i8 %p_ZZ10conv_layerPaS_iiiiS_S_E7tile_in_0_2_1, i64 0, i64 %zext_ln59_4" [cnn_accel.cpp:59]   --->   Operation 229 'getelementptr' 'p_ZZ10conv_layerPaS_iiiiS_S_E7tile_in_0_2_1_addr' <Predicate = (!icmp_ln47)> <Delay = 0.00>
ST_16 : Operation 230 [1/1] (0.00ns)   --->   "%p_ZZ10conv_layerPaS_iiiiS_S_E7tile_in_1_0_1_addr = getelementptr i8 %p_ZZ10conv_layerPaS_iiiiS_S_E7tile_in_1_0_1, i64 0, i64 %zext_ln59_4" [cnn_accel.cpp:59]   --->   Operation 230 'getelementptr' 'p_ZZ10conv_layerPaS_iiiiS_S_E7tile_in_1_0_1_addr' <Predicate = (!icmp_ln47)> <Delay = 0.00>
ST_16 : Operation 231 [1/1] (0.00ns)   --->   "%p_ZZ10conv_layerPaS_iiiiS_S_E7tile_in_1_1_1_addr = getelementptr i8 %p_ZZ10conv_layerPaS_iiiiS_S_E7tile_in_1_1_1, i64 0, i64 %zext_ln59_4" [cnn_accel.cpp:59]   --->   Operation 231 'getelementptr' 'p_ZZ10conv_layerPaS_iiiiS_S_E7tile_in_1_1_1_addr' <Predicate = (!icmp_ln47)> <Delay = 0.00>
ST_16 : Operation 232 [1/1] (0.00ns)   --->   "%p_ZZ10conv_layerPaS_iiiiS_S_E7tile_in_1_2_1_addr = getelementptr i8 %p_ZZ10conv_layerPaS_iiiiS_S_E7tile_in_1_2_1, i64 0, i64 %zext_ln59_4" [cnn_accel.cpp:59]   --->   Operation 232 'getelementptr' 'p_ZZ10conv_layerPaS_iiiiS_S_E7tile_in_1_2_1_addr' <Predicate = (!icmp_ln47)> <Delay = 0.00>
ST_16 : Operation 233 [1/1] (0.00ns)   --->   "%p_ZZ10conv_layerPaS_iiiiS_S_E7tile_in_2_0_1_addr = getelementptr i8 %p_ZZ10conv_layerPaS_iiiiS_S_E7tile_in_2_0_1, i64 0, i64 %zext_ln59_4" [cnn_accel.cpp:59]   --->   Operation 233 'getelementptr' 'p_ZZ10conv_layerPaS_iiiiS_S_E7tile_in_2_0_1_addr' <Predicate = (!icmp_ln47)> <Delay = 0.00>
ST_16 : Operation 234 [1/1] (0.00ns)   --->   "%p_ZZ10conv_layerPaS_iiiiS_S_E7tile_in_2_1_1_addr = getelementptr i8 %p_ZZ10conv_layerPaS_iiiiS_S_E7tile_in_2_1_1, i64 0, i64 %zext_ln59_4" [cnn_accel.cpp:59]   --->   Operation 234 'getelementptr' 'p_ZZ10conv_layerPaS_iiiiS_S_E7tile_in_2_1_1_addr' <Predicate = (!icmp_ln47)> <Delay = 0.00>
ST_16 : Operation 235 [1/1] (0.00ns)   --->   "%p_ZZ10conv_layerPaS_iiiiS_S_E7tile_in_2_2_1_addr = getelementptr i8 %p_ZZ10conv_layerPaS_iiiiS_S_E7tile_in_2_2_1, i64 0, i64 %zext_ln59_4" [cnn_accel.cpp:59]   --->   Operation 235 'getelementptr' 'p_ZZ10conv_layerPaS_iiiiS_S_E7tile_in_2_2_1_addr' <Predicate = (!icmp_ln47)> <Delay = 0.00>
ST_16 : Operation 236 [1/1] (1.61ns)   --->   "%br_ln60 = br void %for.inc.1" [cnn_accel.cpp:60]   --->   Operation 236 'br' 'br_ln60' <Predicate = (!icmp_ln47 & !thr_or38)> <Delay = 1.61>
ST_16 : Operation 237 [1/1] (0.00ns)   --->   "%storemerge_1 = phi i8 %gmem_addr_read_1, void %if.then.1, i8 0, void %arrayidx3310.exit" [cnn_accel.cpp:59]   --->   Operation 237 'phi' 'storemerge_1' <Predicate = true> <Delay = 0.00>
ST_16 : Operation 238 [1/1] ( I:3.25ns O:3.25ns )   --->   "%store_ln59 = store i8 %storemerge_1, i8 %p_ZZ10conv_layerPaS_iiiiS_S_E7tile_in_1_1_1_addr" [cnn_accel.cpp:59]   --->   Operation 238 'store' 'store_ln59' <Predicate = (trunc_ln47 == 1 & trunc_ln48 == 1)> <Delay = 3.25> <CoreInst = "RAM_T2P_BRAM">   --->   Core 93 'RAM_T2P_BRAM' <Latency = 1> <II = 1> <Delay = 3.25> <Storage> <Opcode : 'load' 'store'> <Ports = 2> <Width = 8> <Depth = 144> <RAM>
ST_16 : Operation 239 [1/1] (0.00ns)   --->   "%br_ln0 = br void %arrayidx3310.1.exit112"   --->   Operation 239 'br' 'br_ln0' <Predicate = (trunc_ln47 == 1 & trunc_ln48 == 1)> <Delay = 0.00>
ST_16 : Operation 240 [1/1] ( I:3.25ns O:3.25ns )   --->   "%store_ln59 = store i8 %storemerge_1, i8 %p_ZZ10conv_layerPaS_iiiiS_S_E7tile_in_1_0_1_addr" [cnn_accel.cpp:59]   --->   Operation 240 'store' 'store_ln59' <Predicate = (trunc_ln47 == 1 & trunc_ln48 == 0)> <Delay = 3.25> <CoreInst = "RAM_T2P_BRAM">   --->   Core 93 'RAM_T2P_BRAM' <Latency = 1> <II = 1> <Delay = 3.25> <Storage> <Opcode : 'load' 'store'> <Ports = 2> <Width = 8> <Depth = 144> <RAM>
ST_16 : Operation 241 [1/1] (0.00ns)   --->   "%br_ln0 = br void %arrayidx3310.1.exit112"   --->   Operation 241 'br' 'br_ln0' <Predicate = (trunc_ln47 == 1 & trunc_ln48 == 0)> <Delay = 0.00>
ST_16 : Operation 242 [1/1] ( I:3.25ns O:3.25ns )   --->   "%store_ln59 = store i8 %storemerge_1, i8 %p_ZZ10conv_layerPaS_iiiiS_S_E7tile_in_1_2_1_addr" [cnn_accel.cpp:59]   --->   Operation 242 'store' 'store_ln59' <Predicate = (trunc_ln47 == 1 & trunc_ln48 != 0 & trunc_ln48 != 1)> <Delay = 3.25> <CoreInst = "RAM_T2P_BRAM">   --->   Core 93 'RAM_T2P_BRAM' <Latency = 1> <II = 1> <Delay = 3.25> <Storage> <Opcode : 'load' 'store'> <Ports = 2> <Width = 8> <Depth = 144> <RAM>
ST_16 : Operation 243 [1/1] (0.00ns)   --->   "%br_ln0 = br void %arrayidx3310.1.exit112"   --->   Operation 243 'br' 'br_ln0' <Predicate = (trunc_ln47 == 1 & trunc_ln48 != 0 & trunc_ln48 != 1)> <Delay = 0.00>
ST_16 : Operation 244 [1/1] ( I:3.25ns O:3.25ns )   --->   "%store_ln59 = store i8 %storemerge_1, i8 %p_ZZ10conv_layerPaS_iiiiS_S_E7tile_in_0_1_1_addr" [cnn_accel.cpp:59]   --->   Operation 244 'store' 'store_ln59' <Predicate = (trunc_ln47 == 0 & trunc_ln48 == 1)> <Delay = 3.25> <CoreInst = "RAM_T2P_BRAM">   --->   Core 93 'RAM_T2P_BRAM' <Latency = 1> <II = 1> <Delay = 3.25> <Storage> <Opcode : 'load' 'store'> <Ports = 2> <Width = 8> <Depth = 144> <RAM>
ST_16 : Operation 245 [1/1] (0.00ns)   --->   "%br_ln0 = br void %arrayidx3310.1.exit107"   --->   Operation 245 'br' 'br_ln0' <Predicate = (trunc_ln47 == 0 & trunc_ln48 == 1)> <Delay = 0.00>
ST_16 : Operation 246 [1/1] ( I:3.25ns O:3.25ns )   --->   "%store_ln59 = store i8 %storemerge_1, i8 %p_ZZ10conv_layerPaS_iiiiS_S_E7tile_in_0_0_1_addr" [cnn_accel.cpp:59]   --->   Operation 246 'store' 'store_ln59' <Predicate = (trunc_ln47 == 0 & trunc_ln48 == 0)> <Delay = 3.25> <CoreInst = "RAM_T2P_BRAM">   --->   Core 93 'RAM_T2P_BRAM' <Latency = 1> <II = 1> <Delay = 3.25> <Storage> <Opcode : 'load' 'store'> <Ports = 2> <Width = 8> <Depth = 144> <RAM>
ST_16 : Operation 247 [1/1] (0.00ns)   --->   "%br_ln0 = br void %arrayidx3310.1.exit107"   --->   Operation 247 'br' 'br_ln0' <Predicate = (trunc_ln47 == 0 & trunc_ln48 == 0)> <Delay = 0.00>
ST_16 : Operation 248 [1/1] ( I:3.25ns O:3.25ns )   --->   "%store_ln59 = store i8 %storemerge_1, i8 %p_ZZ10conv_layerPaS_iiiiS_S_E7tile_in_0_2_1_addr" [cnn_accel.cpp:59]   --->   Operation 248 'store' 'store_ln59' <Predicate = (trunc_ln47 == 0 & trunc_ln48 != 0 & trunc_ln48 != 1)> <Delay = 3.25> <CoreInst = "RAM_T2P_BRAM">   --->   Core 93 'RAM_T2P_BRAM' <Latency = 1> <II = 1> <Delay = 3.25> <Storage> <Opcode : 'load' 'store'> <Ports = 2> <Width = 8> <Depth = 144> <RAM>
ST_16 : Operation 249 [1/1] (0.00ns)   --->   "%br_ln0 = br void %arrayidx3310.1.exit107"   --->   Operation 249 'br' 'br_ln0' <Predicate = (trunc_ln47 == 0 & trunc_ln48 != 0 & trunc_ln48 != 1)> <Delay = 0.00>
ST_16 : Operation 250 [1/1] ( I:3.25ns O:3.25ns )   --->   "%store_ln59 = store i8 %storemerge_1, i8 %p_ZZ10conv_layerPaS_iiiiS_S_E7tile_in_2_1_1_addr" [cnn_accel.cpp:59]   --->   Operation 250 'store' 'store_ln59' <Predicate = (trunc_ln47 != 0 & trunc_ln47 != 1 & trunc_ln48 == 1)> <Delay = 3.25> <CoreInst = "RAM_T2P_BRAM">   --->   Core 93 'RAM_T2P_BRAM' <Latency = 1> <II = 1> <Delay = 3.25> <Storage> <Opcode : 'load' 'store'> <Ports = 2> <Width = 8> <Depth = 144> <RAM>
ST_16 : Operation 251 [1/1] (0.00ns)   --->   "%br_ln0 = br void %arrayidx3310.1.exit117"   --->   Operation 251 'br' 'br_ln0' <Predicate = (trunc_ln47 != 0 & trunc_ln47 != 1 & trunc_ln48 == 1)> <Delay = 0.00>
ST_16 : Operation 252 [1/1] ( I:3.25ns O:3.25ns )   --->   "%store_ln59 = store i8 %storemerge_1, i8 %p_ZZ10conv_layerPaS_iiiiS_S_E7tile_in_2_0_1_addr" [cnn_accel.cpp:59]   --->   Operation 252 'store' 'store_ln59' <Predicate = (trunc_ln47 != 0 & trunc_ln47 != 1 & trunc_ln48 == 0)> <Delay = 3.25> <CoreInst = "RAM_T2P_BRAM">   --->   Core 93 'RAM_T2P_BRAM' <Latency = 1> <II = 1> <Delay = 3.25> <Storage> <Opcode : 'load' 'store'> <Ports = 2> <Width = 8> <Depth = 144> <RAM>
ST_16 : Operation 253 [1/1] (0.00ns)   --->   "%br_ln0 = br void %arrayidx3310.1.exit117"   --->   Operation 253 'br' 'br_ln0' <Predicate = (trunc_ln47 != 0 & trunc_ln47 != 1 & trunc_ln48 == 0)> <Delay = 0.00>
ST_16 : Operation 254 [1/1] ( I:3.25ns O:3.25ns )   --->   "%store_ln59 = store i8 %storemerge_1, i8 %p_ZZ10conv_layerPaS_iiiiS_S_E7tile_in_2_2_1_addr" [cnn_accel.cpp:59]   --->   Operation 254 'store' 'store_ln59' <Predicate = (trunc_ln47 != 0 & trunc_ln47 != 1 & trunc_ln48 != 0 & trunc_ln48 != 1)> <Delay = 3.25> <CoreInst = "RAM_T2P_BRAM">   --->   Core 93 'RAM_T2P_BRAM' <Latency = 1> <II = 1> <Delay = 3.25> <Storage> <Opcode : 'load' 'store'> <Ports = 2> <Width = 8> <Depth = 144> <RAM>
ST_16 : Operation 255 [1/1] (0.00ns)   --->   "%br_ln0 = br void %arrayidx3310.1.exit117"   --->   Operation 255 'br' 'br_ln0' <Predicate = (trunc_ln47 != 0 & trunc_ln47 != 1 & trunc_ln48 != 0 & trunc_ln48 != 1)> <Delay = 0.00>
ST_16 : Operation 256 [1/1] (7.30ns)   --->   "%gmem_addr_read_2 = read i8 @_ssdm_op_Read.m_axi.p1i8, i8 %gmem_addr" [cnn_accel.cpp:59]   --->   Operation 256 'read' 'gmem_addr_read_2' <Predicate = (!icmp_ln47 & !thr_or38)> <Delay = 7.30> <CoreInst = "m_axi">   --->   Core 111 'm_axi' <Latency = 3> <II = 1> <Delay = 1.00> <Adapter> <Opcode : 'read' 'write' 'readreq' 'writereq' 'writeresp'>

State 17 <SV = 16> <Delay = 4.86>
ST_17 : Operation 257 [1/1] (0.00ns)   --->   "%specloopname_ln0 = specloopname void @_ssdm_op_SpecLoopName, void @VITIS_LOOP_47_3_VITIS_LOOP_48_4_str"   --->   Operation 257 'specloopname' 'specloopname_ln0' <Predicate = (!icmp_ln47)> <Delay = 0.00>
ST_17 : Operation 258 [1/1] (0.00ns)   --->   "%speclooptripcount_ln0 = speclooptripcount void @_ssdm_op_SpecLoopTripCount, i64 1156, i64 1156, i64 1156"   --->   Operation 258 'speclooptripcount' 'speclooptripcount_ln0' <Predicate = (!icmp_ln47)> <Delay = 0.00>
ST_17 : Operation 259 [1/1] (0.00ns)   --->   "%specpipeline_ln49 = specpipeline void @_ssdm_op_SpecPipeline, i32 1, i32 0, i32 0, i32 0, void @empty_9" [cnn_accel.cpp:49]   --->   Operation 259 'specpipeline' 'specpipeline_ln49' <Predicate = (!icmp_ln47)> <Delay = 0.00>
ST_17 : Operation 260 [1/1] (0.00ns)   --->   "%p_ZZ10conv_layerPaS_iiiiS_S_E7tile_in_0_0_2_addr = getelementptr i8 %p_ZZ10conv_layerPaS_iiiiS_S_E7tile_in_0_0_2, i64 0, i64 %zext_ln59_4" [cnn_accel.cpp:59]   --->   Operation 260 'getelementptr' 'p_ZZ10conv_layerPaS_iiiiS_S_E7tile_in_0_0_2_addr' <Predicate = (!icmp_ln47)> <Delay = 0.00>
ST_17 : Operation 261 [1/1] (0.00ns)   --->   "%p_ZZ10conv_layerPaS_iiiiS_S_E7tile_in_0_1_2_addr = getelementptr i8 %p_ZZ10conv_layerPaS_iiiiS_S_E7tile_in_0_1_2, i64 0, i64 %zext_ln59_4" [cnn_accel.cpp:59]   --->   Operation 261 'getelementptr' 'p_ZZ10conv_layerPaS_iiiiS_S_E7tile_in_0_1_2_addr' <Predicate = (!icmp_ln47)> <Delay = 0.00>
ST_17 : Operation 262 [1/1] (0.00ns)   --->   "%p_ZZ10conv_layerPaS_iiiiS_S_E7tile_in_0_2_2_addr = getelementptr i8 %p_ZZ10conv_layerPaS_iiiiS_S_E7tile_in_0_2_2, i64 0, i64 %zext_ln59_4" [cnn_accel.cpp:59]   --->   Operation 262 'getelementptr' 'p_ZZ10conv_layerPaS_iiiiS_S_E7tile_in_0_2_2_addr' <Predicate = (!icmp_ln47)> <Delay = 0.00>
ST_17 : Operation 263 [1/1] (0.00ns)   --->   "%p_ZZ10conv_layerPaS_iiiiS_S_E7tile_in_1_0_2_addr = getelementptr i8 %p_ZZ10conv_layerPaS_iiiiS_S_E7tile_in_1_0_2, i64 0, i64 %zext_ln59_4" [cnn_accel.cpp:59]   --->   Operation 263 'getelementptr' 'p_ZZ10conv_layerPaS_iiiiS_S_E7tile_in_1_0_2_addr' <Predicate = (!icmp_ln47)> <Delay = 0.00>
ST_17 : Operation 264 [1/1] (0.00ns)   --->   "%p_ZZ10conv_layerPaS_iiiiS_S_E7tile_in_1_1_2_addr = getelementptr i8 %p_ZZ10conv_layerPaS_iiiiS_S_E7tile_in_1_1_2, i64 0, i64 %zext_ln59_4" [cnn_accel.cpp:59]   --->   Operation 264 'getelementptr' 'p_ZZ10conv_layerPaS_iiiiS_S_E7tile_in_1_1_2_addr' <Predicate = (!icmp_ln47)> <Delay = 0.00>
ST_17 : Operation 265 [1/1] (0.00ns)   --->   "%p_ZZ10conv_layerPaS_iiiiS_S_E7tile_in_1_2_2_addr = getelementptr i8 %p_ZZ10conv_layerPaS_iiiiS_S_E7tile_in_1_2_2, i64 0, i64 %zext_ln59_4" [cnn_accel.cpp:59]   --->   Operation 265 'getelementptr' 'p_ZZ10conv_layerPaS_iiiiS_S_E7tile_in_1_2_2_addr' <Predicate = (!icmp_ln47)> <Delay = 0.00>
ST_17 : Operation 266 [1/1] (0.00ns)   --->   "%p_ZZ10conv_layerPaS_iiiiS_S_E7tile_in_2_0_2_addr = getelementptr i8 %p_ZZ10conv_layerPaS_iiiiS_S_E7tile_in_2_0_2, i64 0, i64 %zext_ln59_4" [cnn_accel.cpp:59]   --->   Operation 266 'getelementptr' 'p_ZZ10conv_layerPaS_iiiiS_S_E7tile_in_2_0_2_addr' <Predicate = (!icmp_ln47)> <Delay = 0.00>
ST_17 : Operation 267 [1/1] (0.00ns)   --->   "%p_ZZ10conv_layerPaS_iiiiS_S_E7tile_in_2_1_2_addr = getelementptr i8 %p_ZZ10conv_layerPaS_iiiiS_S_E7tile_in_2_1_2, i64 0, i64 %zext_ln59_4" [cnn_accel.cpp:59]   --->   Operation 267 'getelementptr' 'p_ZZ10conv_layerPaS_iiiiS_S_E7tile_in_2_1_2_addr' <Predicate = (!icmp_ln47)> <Delay = 0.00>
ST_17 : Operation 268 [1/1] (0.00ns)   --->   "%p_ZZ10conv_layerPaS_iiiiS_S_E7tile_in_2_2_2_addr = getelementptr i8 %p_ZZ10conv_layerPaS_iiiiS_S_E7tile_in_2_2_2, i64 0, i64 %zext_ln59_4" [cnn_accel.cpp:59]   --->   Operation 268 'getelementptr' 'p_ZZ10conv_layerPaS_iiiiS_S_E7tile_in_2_2_2_addr' <Predicate = (!icmp_ln47)> <Delay = 0.00>
ST_17 : Operation 269 [1/1] (1.61ns)   --->   "%br_ln60 = br void %for.inc.2" [cnn_accel.cpp:60]   --->   Operation 269 'br' 'br_ln60' <Predicate = (!icmp_ln47 & !thr_or38)> <Delay = 1.61>
ST_17 : Operation 270 [1/1] (0.00ns)   --->   "%storemerge_2 = phi i8 %gmem_addr_read_2, void %if.then.2, i8 0, void %arrayidx3310.1.exit" [cnn_accel.cpp:59]   --->   Operation 270 'phi' 'storemerge_2' <Predicate = true> <Delay = 0.00>
ST_17 : Operation 271 [1/1] ( I:3.25ns O:3.25ns )   --->   "%store_ln59 = store i8 %storemerge_2, i8 %p_ZZ10conv_layerPaS_iiiiS_S_E7tile_in_1_1_2_addr" [cnn_accel.cpp:59]   --->   Operation 271 'store' 'store_ln59' <Predicate = (trunc_ln47 == 1 & trunc_ln48 == 1)> <Delay = 3.25> <CoreInst = "RAM_T2P_BRAM">   --->   Core 93 'RAM_T2P_BRAM' <Latency = 1> <II = 1> <Delay = 3.25> <Storage> <Opcode : 'load' 'store'> <Ports = 2> <Width = 8> <Depth = 144> <RAM>
ST_17 : Operation 272 [1/1] (0.00ns)   --->   "%br_ln0 = br void %arrayidx3310.2.exit127"   --->   Operation 272 'br' 'br_ln0' <Predicate = (trunc_ln47 == 1 & trunc_ln48 == 1)> <Delay = 0.00>
ST_17 : Operation 273 [1/1] ( I:3.25ns O:3.25ns )   --->   "%store_ln59 = store i8 %storemerge_2, i8 %p_ZZ10conv_layerPaS_iiiiS_S_E7tile_in_1_0_2_addr" [cnn_accel.cpp:59]   --->   Operation 273 'store' 'store_ln59' <Predicate = (trunc_ln47 == 1 & trunc_ln48 == 0)> <Delay = 3.25> <CoreInst = "RAM_T2P_BRAM">   --->   Core 93 'RAM_T2P_BRAM' <Latency = 1> <II = 1> <Delay = 3.25> <Storage> <Opcode : 'load' 'store'> <Ports = 2> <Width = 8> <Depth = 144> <RAM>
ST_17 : Operation 274 [1/1] (0.00ns)   --->   "%br_ln0 = br void %arrayidx3310.2.exit127"   --->   Operation 274 'br' 'br_ln0' <Predicate = (trunc_ln47 == 1 & trunc_ln48 == 0)> <Delay = 0.00>
ST_17 : Operation 275 [1/1] ( I:3.25ns O:3.25ns )   --->   "%store_ln59 = store i8 %storemerge_2, i8 %p_ZZ10conv_layerPaS_iiiiS_S_E7tile_in_1_2_2_addr" [cnn_accel.cpp:59]   --->   Operation 275 'store' 'store_ln59' <Predicate = (trunc_ln47 == 1 & trunc_ln48 != 0 & trunc_ln48 != 1)> <Delay = 3.25> <CoreInst = "RAM_T2P_BRAM">   --->   Core 93 'RAM_T2P_BRAM' <Latency = 1> <II = 1> <Delay = 3.25> <Storage> <Opcode : 'load' 'store'> <Ports = 2> <Width = 8> <Depth = 144> <RAM>
ST_17 : Operation 276 [1/1] (0.00ns)   --->   "%br_ln0 = br void %arrayidx3310.2.exit127"   --->   Operation 276 'br' 'br_ln0' <Predicate = (trunc_ln47 == 1 & trunc_ln48 != 0 & trunc_ln48 != 1)> <Delay = 0.00>
ST_17 : Operation 277 [1/1] ( I:3.25ns O:3.25ns )   --->   "%store_ln59 = store i8 %storemerge_2, i8 %p_ZZ10conv_layerPaS_iiiiS_S_E7tile_in_0_1_2_addr" [cnn_accel.cpp:59]   --->   Operation 277 'store' 'store_ln59' <Predicate = (trunc_ln47 == 0 & trunc_ln48 == 1)> <Delay = 3.25> <CoreInst = "RAM_T2P_BRAM">   --->   Core 93 'RAM_T2P_BRAM' <Latency = 1> <II = 1> <Delay = 3.25> <Storage> <Opcode : 'load' 'store'> <Ports = 2> <Width = 8> <Depth = 144> <RAM>
ST_17 : Operation 278 [1/1] (0.00ns)   --->   "%br_ln0 = br void %arrayidx3310.2.exit122"   --->   Operation 278 'br' 'br_ln0' <Predicate = (trunc_ln47 == 0 & trunc_ln48 == 1)> <Delay = 0.00>
ST_17 : Operation 279 [1/1] ( I:3.25ns O:3.25ns )   --->   "%store_ln59 = store i8 %storemerge_2, i8 %p_ZZ10conv_layerPaS_iiiiS_S_E7tile_in_0_0_2_addr" [cnn_accel.cpp:59]   --->   Operation 279 'store' 'store_ln59' <Predicate = (trunc_ln47 == 0 & trunc_ln48 == 0)> <Delay = 3.25> <CoreInst = "RAM_T2P_BRAM">   --->   Core 93 'RAM_T2P_BRAM' <Latency = 1> <II = 1> <Delay = 3.25> <Storage> <Opcode : 'load' 'store'> <Ports = 2> <Width = 8> <Depth = 144> <RAM>
ST_17 : Operation 280 [1/1] (0.00ns)   --->   "%br_ln0 = br void %arrayidx3310.2.exit122"   --->   Operation 280 'br' 'br_ln0' <Predicate = (trunc_ln47 == 0 & trunc_ln48 == 0)> <Delay = 0.00>
ST_17 : Operation 281 [1/1] ( I:3.25ns O:3.25ns )   --->   "%store_ln59 = store i8 %storemerge_2, i8 %p_ZZ10conv_layerPaS_iiiiS_S_E7tile_in_0_2_2_addr" [cnn_accel.cpp:59]   --->   Operation 281 'store' 'store_ln59' <Predicate = (trunc_ln47 == 0 & trunc_ln48 != 0 & trunc_ln48 != 1)> <Delay = 3.25> <CoreInst = "RAM_T2P_BRAM">   --->   Core 93 'RAM_T2P_BRAM' <Latency = 1> <II = 1> <Delay = 3.25> <Storage> <Opcode : 'load' 'store'> <Ports = 2> <Width = 8> <Depth = 144> <RAM>
ST_17 : Operation 282 [1/1] (0.00ns)   --->   "%br_ln0 = br void %arrayidx3310.2.exit122"   --->   Operation 282 'br' 'br_ln0' <Predicate = (trunc_ln47 == 0 & trunc_ln48 != 0 & trunc_ln48 != 1)> <Delay = 0.00>
ST_17 : Operation 283 [1/1] ( I:3.25ns O:3.25ns )   --->   "%store_ln59 = store i8 %storemerge_2, i8 %p_ZZ10conv_layerPaS_iiiiS_S_E7tile_in_2_1_2_addr" [cnn_accel.cpp:59]   --->   Operation 283 'store' 'store_ln59' <Predicate = (trunc_ln47 != 0 & trunc_ln47 != 1 & trunc_ln48 == 1)> <Delay = 3.25> <CoreInst = "RAM_T2P_BRAM">   --->   Core 93 'RAM_T2P_BRAM' <Latency = 1> <II = 1> <Delay = 3.25> <Storage> <Opcode : 'load' 'store'> <Ports = 2> <Width = 8> <Depth = 144> <RAM>
ST_17 : Operation 284 [1/1] (0.00ns)   --->   "%br_ln0 = br void %arrayidx3310.2.exit132"   --->   Operation 284 'br' 'br_ln0' <Predicate = (trunc_ln47 != 0 & trunc_ln47 != 1 & trunc_ln48 == 1)> <Delay = 0.00>
ST_17 : Operation 285 [1/1] ( I:3.25ns O:3.25ns )   --->   "%store_ln59 = store i8 %storemerge_2, i8 %p_ZZ10conv_layerPaS_iiiiS_S_E7tile_in_2_0_2_addr" [cnn_accel.cpp:59]   --->   Operation 285 'store' 'store_ln59' <Predicate = (trunc_ln47 != 0 & trunc_ln47 != 1 & trunc_ln48 == 0)> <Delay = 3.25> <CoreInst = "RAM_T2P_BRAM">   --->   Core 93 'RAM_T2P_BRAM' <Latency = 1> <II = 1> <Delay = 3.25> <Storage> <Opcode : 'load' 'store'> <Ports = 2> <Width = 8> <Depth = 144> <RAM>
ST_17 : Operation 286 [1/1] (0.00ns)   --->   "%br_ln0 = br void %arrayidx3310.2.exit132"   --->   Operation 286 'br' 'br_ln0' <Predicate = (trunc_ln47 != 0 & trunc_ln47 != 1 & trunc_ln48 == 0)> <Delay = 0.00>
ST_17 : Operation 287 [1/1] ( I:3.25ns O:3.25ns )   --->   "%store_ln59 = store i8 %storemerge_2, i8 %p_ZZ10conv_layerPaS_iiiiS_S_E7tile_in_2_2_2_addr" [cnn_accel.cpp:59]   --->   Operation 287 'store' 'store_ln59' <Predicate = (trunc_ln47 != 0 & trunc_ln47 != 1 & trunc_ln48 != 0 & trunc_ln48 != 1)> <Delay = 3.25> <CoreInst = "RAM_T2P_BRAM">   --->   Core 93 'RAM_T2P_BRAM' <Latency = 1> <II = 1> <Delay = 3.25> <Storage> <Opcode : 'load' 'store'> <Ports = 2> <Width = 8> <Depth = 144> <RAM>
ST_17 : Operation 288 [1/1] (0.00ns)   --->   "%br_ln0 = br void %arrayidx3310.2.exit132"   --->   Operation 288 'br' 'br_ln0' <Predicate = (trunc_ln47 != 0 & trunc_ln47 != 1 & trunc_ln48 != 0 & trunc_ln48 != 1)> <Delay = 0.00>


============================================================
+ Verbose Summary: Timing violations
============================================================
Target clock period: 10.000ns, clock uncertainty: 2.700ns.

 <State 1>: 5.835ns
The critical path consists of the following:
	'store' operation 0 bit ('store_ln47', cnn_accel.cpp:47) of constant 0 on local variable 'y', cnn_accel.cpp:47 [83]  (1.610 ns)
	'load' operation 6 bit ('y_load', cnn_accel.cpp:47) on local variable 'y', cnn_accel.cpp:47 [93]  (0.000 ns)
	'add' operation 6 bit ('add_ln47', cnn_accel.cpp:47) [94]  (1.946 ns)
	'select' operation 6 bit ('select_ln47_2', cnn_accel.cpp:47) [99]  (0.669 ns)
	'store' operation 0 bit ('store_ln47', cnn_accel.cpp:47) of variable 'select_ln47_2', cnn_accel.cpp:47 on local variable 'y', cnn_accel.cpp:47 [333]  (1.610 ns)

 <State 2>: 6.860ns
The critical path consists of the following:
	'mul' operation 38 bit ('empty', cnn_accel.cpp:47) [112]  (6.860 ns)

 <State 3>: 6.860ns
The critical path consists of the following:
	'mul' operation 38 bit ('empty', cnn_accel.cpp:47) [112]  (6.860 ns)

 <State 4>: 6.937ns
The critical path consists of the following:
	'add' operation 57 bit ('tmp') [162]  (3.377 ns)
	'sub' operation 64 bit ('tmp1') [166]  (3.560 ns)

 <State 5>: 5.441ns
The critical path consists of the following:
	'add' operation 64 bit ('add_ln52', cnn_accel.cpp:52) [169]  (0.000 ns)
	'add' operation 64 bit ('add_ln52_2', cnn_accel.cpp:52) [172]  (5.441 ns)

 <State 6>: 7.300ns
The critical path consists of the following:
	bus request operation ('empty_397', cnn_accel.cpp:54) on port 'gmem' (cnn_accel.cpp:54) [189]  (7.300 ns)

 <State 7>: 7.300ns
The critical path consists of the following:
	bus request operation ('empty_397', cnn_accel.cpp:54) on port 'gmem' (cnn_accel.cpp:54) [189]  (7.300 ns)

 <State 8>: 7.300ns
The critical path consists of the following:
	bus request operation ('empty_397', cnn_accel.cpp:54) on port 'gmem' (cnn_accel.cpp:54) [189]  (7.300 ns)

 <State 9>: 7.300ns
The critical path consists of the following:
	bus request operation ('empty_397', cnn_accel.cpp:54) on port 'gmem' (cnn_accel.cpp:54) [189]  (7.300 ns)

 <State 10>: 7.300ns
The critical path consists of the following:
	bus request operation ('empty_397', cnn_accel.cpp:54) on port 'gmem' (cnn_accel.cpp:54) [189]  (7.300 ns)

 <State 11>: 7.300ns
The critical path consists of the following:
	bus request operation ('empty_397', cnn_accel.cpp:54) on port 'gmem' (cnn_accel.cpp:54) [189]  (7.300 ns)

 <State 12>: 7.300ns
The critical path consists of the following:
	bus request operation ('empty_397', cnn_accel.cpp:54) on port 'gmem' (cnn_accel.cpp:54) [189]  (7.300 ns)

 <State 13>: 7.300ns
The critical path consists of the following:
	bus request operation ('empty_397', cnn_accel.cpp:54) on port 'gmem' (cnn_accel.cpp:54) [189]  (7.300 ns)

 <State 14>: 7.300ns
The critical path consists of the following:
	bus read operation ('gmem_addr_read', cnn_accel.cpp:59) on port 'gmem' (cnn_accel.cpp:59) [192]  (7.300 ns)

 <State 15>: 7.300ns
The critical path consists of the following:
	bus read operation ('gmem_addr_read_1', cnn_accel.cpp:59) on port 'gmem' (cnn_accel.cpp:59) [239]  (7.300 ns)

 <State 16>: 7.300ns
The critical path consists of the following:
	bus read operation ('gmem_addr_read_2', cnn_accel.cpp:59) on port 'gmem' (cnn_accel.cpp:59) [286]  (7.300 ns)

 <State 17>: 4.867ns
The critical path consists of the following:
	multiplexor before 'phi' operation 8 bit ('storemerge_2', cnn_accel.cpp:59) with incoming values : ('gmem_addr_read_2', cnn_accel.cpp:59) [289]  (1.610 ns)
	'phi' operation 8 bit ('storemerge_2', cnn_accel.cpp:59) with incoming values : ('gmem_addr_read_2', cnn_accel.cpp:59) [289]  (0.000 ns)
	'store' operation 0 bit ('store_ln59', cnn_accel.cpp:59) of variable 'storemerge_2', cnn_accel.cpp:59 on array 'p_ZZ10conv_layerPaS_iiiiS_S_E7tile_in_1_1_2' [294]  (3.257 ns)


============================================================
+ Verbose Summary: Binding
============================================================
N/A
* FSMD analyzer results:
  - Output states:
 - Input state : 
  - Chain level:
	State 1
	State 2
	State 3
	State 4
	State 5
	State 6
	State 7
	State 8
	State 9
	State 10
	State 11
	State 12
	State 13
	State 14
	State 15
	State 16
	State 17


============================================================
+ Verbose Summary: Datapath Resource usage 
============================================================
N/A
