

================================================================
== Vitis HLS Report for 'conv2d_2'
================================================================
* Date:           Tue Apr  7 16:08:44 2026

* Version:        2024.2 (Build 5238294 on Nov  8 2024)
* Project:        cnn_accel
* Solution:       solution1 (Vivado IP Flow Target)
* Product family: artix7
* Target device:  xc7a200t-sbg484-1


================================================================
== Performance Estimates
================================================================
+ Timing: 
    * Summary: 
    +--------+----------+----------+------------+
    |  Clock |  Target  | Estimated| Uncertainty|
    +--------+----------+----------+------------+
    |ap_clk  |  10.00 ns|  5.436 ns|     2.70 ns|
    +--------+----------+----------+------------+

+ Latency: 
    * Summary: 
    +---------+---------+----------+----------+--------+--------+------------------------------------------------+
    |  Latency (cycles) |  Latency (absolute) |     Interval    |                    Pipeline                    |
    |   min   |   max   |    min   |    max   |   min  |   max  |                      Type                      |
    +---------+---------+----------+----------+--------+--------+------------------------------------------------+
    |   173058|   173058|  1.731 ms|  1.731 ms|  173057|  173057|  loop auto-rewind stp (delay=0 clock cycles(s))|
    +---------+---------+----------+----------+--------+--------+------------------------------------------------+

    + Detail: 
        * Instance: 
        N/A

        * Loop: 
        +---------------------------------------------------+---------+---------+----------+-----------+-----------+--------+----------+
        |                                                   |  Latency (cycles) | Iteration|  Initiation Interval  |  Trip  |          |
        |                     Loop Name                     |   min   |   max   |  Latency |  achieved |   target  |  Count | Pipelined|
        +---------------------------------------------------+---------+---------+----------+-----------+-----------+--------+----------+
        |- VITIS_LOOP_35_1_VITIS_LOOP_36_2_VITIS_LOOP_37_3  |   173056|   173056|         1|          1|          1|  173056|       yes|
        +---------------------------------------------------+---------+---------+----------+-----------+-----------+--------+----------+



================================================================
== Utilization Estimates
================================================================
* Summary: 
+-----------------+---------+-----+--------+--------+-----+
|       Name      | BRAM_18K| DSP |   FF   |   LUT  | URAM|
+-----------------+---------+-----+--------+--------+-----+
|DSP              |        -|    -|       -|       -|    -|
|Expression       |        -|    -|       0|      50|    -|
|FIFO             |        -|    -|       -|       -|    -|
|Instance         |        -|    -|       -|       -|    -|
|Memory           |        -|    -|       -|       -|    -|
|Multiplexer      |        -|    -|       0|      27|    -|
|Register         |        -|    -|      20|       -|    -|
+-----------------+---------+-----+--------+--------+-----+
|Total            |        0|    0|      20|      77|    0|
+-----------------+---------+-----+--------+--------+-----+
|Available        |      730|  740|  269200|  134600|    0|
+-----------------+---------+-----+--------+--------+-----+
|Utilization (%)  |        0|    0|      ~0|      ~0|    0|
+-----------------+---------+-----+--------+--------+-----+

+ Detail: 
    * Instance: 
    N/A

    * DSP: 
    N/A

    * Memory: 
    N/A

    * FIFO: 
    N/A

    * Expression: 
    +--------------------+----------+----+---+----+------------+------------+
    |    Variable Name   | Operation| DSP| FF| LUT| Bitwidth P0| Bitwidth P1|
    +--------------------+----------+----+---+----+------------+------------+
    |add_ln35_fu_56_p2   |         +|   0|  0|  25|          18|           1|
    |icmp_ln35_fu_50_p2  |      icmp|   0|  0|  25|          18|          18|
    +--------------------+----------+----+---+----+------------+------------+
    |Total               |          |   0|  0|  50|          36|          19|
    +--------------------+----------+----+---+----+------------+------------+

    * Multiplexer: 
    +----------------------------------------+----+-----------+-----+-----------+
    |                  Name                  | LUT| Input Size| Bits| Total Bits|
    +----------------------------------------+----+-----------+-----+-----------+
    |ap_done_int                             |   9|          2|    1|          2|
    |ap_sig_allocacmp_indvar_flatten10_load  |   9|          2|   18|         36|
    |indvar_flatten10_fu_30                  |   9|          2|   18|         36|
    +----------------------------------------+----+-----------+-----+-----------+
    |Total                                   |  27|          6|   37|         74|
    +----------------------------------------+----+-----------+-----+-----------+

    * Register: 
    +------------------------+----+----+-----+-----------+
    |          Name          | FF | LUT| Bits| Const Bits|
    +------------------------+----+----+-----+-----------+
    |ap_CS_fsm               |   1|   0|    1|          0|
    |ap_done_reg             |   1|   0|    1|          0|
    |indvar_flatten10_fu_30  |  18|   0|   18|          0|
    +------------------------+----+----+-----+-----------+
    |Total                   |  20|   0|   20|          0|
    +------------------------+----+----+-----+-----------+



================================================================
== Interface
================================================================
* Summary: 
+-----------------+-----+-----+------------+--------------+--------------+
|    RTL Ports    | Dir | Bits|  Protocol  | Source Object|    C Type    |
+-----------------+-----+-----+------------+--------------+--------------+
|ap_clk           |   in|    1|  ap_ctrl_hs|      conv2d.2|  return value|
|ap_rst           |   in|    1|  ap_ctrl_hs|      conv2d.2|  return value|
|ap_start         |   in|    1|  ap_ctrl_hs|      conv2d.2|  return value|
|ap_done          |  out|    1|  ap_ctrl_hs|      conv2d.2|  return value|
|ap_idle          |  out|    1|  ap_ctrl_hs|      conv2d.2|  return value|
|ap_ready         |  out|    1|  ap_ctrl_hs|      conv2d.2|  return value|
|output_r         |  out|    8|      ap_vld|      output_r|       pointer|
|output_r_ap_vld  |  out|    1|      ap_vld|      output_r|       pointer|
+-----------------+-----+-----+------------+--------------+--------------+

============================================================
+ Verbose Summary: Synthesis Manager
============================================================
InlineROM: 1
ExposeGlobal: 0
============================================================
+ Verbose Summary: CDFG Model
============================================================
IsTopModel: 0
ResetActiveHigh: 1
IsCombinational: 2
IsDatapathOnly: 2
HasWiredReturn: 1
HasMFsm: 2
HasVarLatency: 1
IsPipeline: 0
IsRtlPipelined: 0
IsInstanceOverlapped: 0
IsDontTouch: 0
HasImplIP: 0
IsGatedGlobalClock: 0

+ Individual pipeline summary: 
  * Pipeline-0: initiation interval (II) = 1, depth = 1


============================================================
+ Verbose Summary: Schedule
============================================================
* Number of FSM states : 1
* Pipeline : 1
  Pipeline-0 : II = 1, D = 1, States = { 1 }
* Dataflow Pipeline: 0

* FSM state transitions: 
1 --> 

* FSM state operations: 

State 1 <SV = 0> <Delay = 5.43>
ST_1 : Operation 4 [1/1] (0.00ns)   --->   "%indvar_flatten10 = alloca i32 1"   --->   Operation 4 'alloca' 'indvar_flatten10' <Predicate = true> <Delay = 0.00>
ST_1 : Operation 5 [1/1] (1.61ns)   --->   "%store_ln0 = store i18 0, i18 %indvar_flatten10"   --->   Operation 5 'store' 'store_ln0' <Predicate = true> <Delay = 1.61>
ST_1 : Operation 6 [1/1] (0.00ns)   --->   "%br_ln35 = br void %VITIS_LOOP_43_4" [cnn_accel.cpp:35]   --->   Operation 6 'br' 'br_ln35' <Predicate = true> <Delay = 0.00>
ST_1 : Operation 7 [1/1] (0.00ns)   --->   "%indvar_flatten10_load = load i18 %indvar_flatten10" [cnn_accel.cpp:35]   --->   Operation 7 'load' 'indvar_flatten10_load' <Predicate = true> <Delay = 0.00>
ST_1 : Operation 8 [1/1] (2.21ns)   --->   "%icmp_ln35 = icmp_eq  i18 %indvar_flatten10_load, i18 173056" [cnn_accel.cpp:35]   --->   Operation 8 'icmp' 'icmp_ln35' <Predicate = true> <Delay = 2.21> <CoreInst = "Cmp">   --->   Core 9 'Cmp' <Latency = 0> <II = 1> <Delay = 2.21> <FuncUnit> <Opcode : 'seteq' 'setne' 'setle' 'setge' 'setlt' 'setgt'> <InPorts = 2> <OutPorts = 1>
ST_1 : Operation 9 [1/1] (2.21ns)   --->   "%add_ln35 = add i18 %indvar_flatten10_load, i18 1" [cnn_accel.cpp:35]   --->   Operation 9 'add' 'add_ln35' <Predicate = true> <Delay = 2.21> <CoreInst = "Adder">   --->   Core 1 'Adder' <Latency = 0> <II = 1> <Delay = 2.21> <FuncUnit> <Opcode : 'add' 'sub'> <InPorts = 2> <OutPorts = 1>
ST_1 : Operation 10 [1/1] (0.00ns)   --->   "%br_ln35 = br i1 %icmp_ln35, void %for.inc75, void %for.end77" [cnn_accel.cpp:35]   --->   Operation 10 'br' 'br_ln35' <Predicate = true> <Delay = 0.00>
ST_1 : Operation 11 [1/1] (0.00ns)   --->   "%specloopname_ln0 = specloopname void @_ssdm_op_SpecLoopName, void @VITIS_LOOP_35_1_VITIS_LOOP_36_2_VITIS_LOOP_37_3_str"   --->   Operation 11 'specloopname' 'specloopname_ln0' <Predicate = (!icmp_ln35)> <Delay = 0.00>
ST_1 : Operation 12 [1/1] (0.00ns)   --->   "%empty = speclooptripcount i32 @_ssdm_op_SpecLoopTripCount, i64 173056, i64 173056, i64 173056"   --->   Operation 12 'speclooptripcount' 'empty' <Predicate = (!icmp_ln35)> <Delay = 0.00>
ST_1 : Operation 13 [1/1] (0.00ns)   --->   "%specpipeline_ln39 = specpipeline void @_ssdm_op_SpecPipeline, i32 4294967295, i32 0, i32 0, i32 0, void @empty_4" [cnn_accel.cpp:39]   --->   Operation 13 'specpipeline' 'specpipeline_ln39' <Predicate = (!icmp_ln35)> <Delay = 0.00>
ST_1 : Operation 14 [1/1] (0.00ns)   --->   "%write_ln76 = write void @_ssdm_op_Write.ap_auto.i8P0A, i8 %output_r, i8 0" [cnn_accel.cpp:76]   --->   Operation 14 'write' 'write_ln76' <Predicate = (!icmp_ln35)> <Delay = 0.00>
ST_1 : Operation 15 [1/1] (1.61ns)   --->   "%store_ln35 = store i18 %add_ln35, i18 %indvar_flatten10" [cnn_accel.cpp:35]   --->   Operation 15 'store' 'store_ln35' <Predicate = (!icmp_ln35)> <Delay = 1.61>
ST_1 : Operation 16 [1/1] (0.00ns)   --->   "%br_ln37 = br void %VITIS_LOOP_43_4" [cnn_accel.cpp:37]   --->   Operation 16 'br' 'br_ln37' <Predicate = (!icmp_ln35)> <Delay = 0.00>
ST_1 : Operation 17 [1/1] (1.61ns)   --->   "%ret_ln80 = ret" [cnn_accel.cpp:80]   --->   Operation 17 'ret' 'ret_ln80' <Predicate = (icmp_ln35)> <Delay = 1.61>


============================================================
+ Verbose Summary: Binding
============================================================
STG Binding: 
---------------- STG Properties BEGIN ----------------
- Is combinational: 0
- Is one-state seq: 0
- Is datapath-only: 0
- Is pipelined: 0
- Is top level: 0
Port [ Return ] is wired: 1; IO mode=ap_ctrl_hs:ce=0
Port [ output_r]:  wired=1; compound=0; hidden=0; nouse=0; global=0; static=0; extern=0; dir=1; type=0; pingpong=0; private_global=0; IO mode=ap_vld:ce=0
---------------- STG Properties END ------------------

---------------- Datapath Model BEGIN ----------------

<LifeTime>
<method=bitvector/>
indvar_flatten10      (alloca           ) [ 01]
store_ln0             (store            ) [ 00]
br_ln35               (br               ) [ 00]
indvar_flatten10_load (load             ) [ 00]
icmp_ln35             (icmp             ) [ 01]
add_ln35              (add              ) [ 00]
br_ln35               (br               ) [ 00]
specloopname_ln0      (specloopname     ) [ 00]
empty                 (speclooptripcount) [ 00]
specpipeline_ln39     (specpipeline     ) [ 00]
write_ln76            (write            ) [ 00]
store_ln35            (store            ) [ 00]
br_ln37               (br               ) [ 00]
ret_ln80              (ret              ) [ 00]
</LifeTime>

<model>

<comp_list>
<comp id="0" class="1000" name="output_r">
<pin_list>
<pin id="1" dir="1" index="0" bw="1" slack="0"/>
</pin_list>
<bind>
<StgValue><ssdm name="output_r"/></StgValue>
</bind>
</comp>

<comp id="2" class="1001" name="const_2">
<pin_list>
<pin id="3" dir="1" index="0" bw="1" slack="0"/>
</pin_list>
<bind>
<StgValue><ssdm name=""/></StgValue>
</bind>
</comp>

<comp id="4" class="1001" name="const_4">
<pin_list>
<pin id="5" dir="1" index="0" bw="1" slack="0"/>
</pin_list>
<bind>
<StgValue><ssdm name=""/></StgValue>
</bind>
</comp>

<comp id="6" class="1001" name="const_6">
<pin_list>
<pin id="7" dir="1" index="0" bw="1" slack="0"/>
</pin_list>
<bind>
<StgValue><ssdm name=""/></StgValue>
</bind>
</comp>

<comp id="8" class="1001" name="const_8">
<pin_list>
<pin id="9" dir="1" index="0" bw="1" slack="0"/>
</pin_list>
<bind>
<StgValue><ssdm name=""/></StgValue>
</bind>
</comp>

<comp id="10" class="1001" name="const_10">
<pin_list>
<pin id="11" dir="1" index="0" bw="1" slack="2147483647"/>
</pin_list>
<bind>
<StgValue><ssdm name="_ssdm_op_SpecLoopName"/></StgValue>
</bind>
</comp>

<comp id="12" class="1001" name="const_12">
<pin_list>
<pin id="13" dir="1" index="0" bw="1" slack="2147483647"/>
</pin_list>
<bind>
<StgValue><ssdm name="VITIS_LOOP_35_1_VITIS_LOOP_36_2_VITIS_LOOP_37_3_str"/></StgValue>
</bind>
</comp>

<comp id="14" class="1001" name="const_14">
<pin_list>
<pin id="15" dir="1" index="0" bw="1" slack="2147483647"/>
</pin_list>
<bind>
<StgValue><ssdm name="_ssdm_op_SpecLoopTripCount"/></StgValue>
</bind>
</comp>

<comp id="16" class="1001" name="const_16">
<pin_list>
<pin id="17" dir="1" index="0" bw="1" slack="2147483647"/>
</pin_list>
<bind>
<StgValue><ssdm name=""/></StgValue>
</bind>
</comp>

<comp id="18" class="1001" name="const_18">
<pin_list>
<pin id="19" dir="1" index="0" bw="1" slack="2147483647"/>
</pin_list>
<bind>
<StgValue><ssdm name="_ssdm_op_SpecPipeline"/></StgValue>
</bind>
</comp>

<comp id="20" class="1001" name="const_20">
<pin_list>
<pin id="21" dir="1" index="0" bw="1" slack="2147483647"/>
</pin_list>
<bind>
<StgValue><ssdm name=""/></StgValue>
</bind>
</comp>

<comp id="22" class="1001" name="const_22">
<pin_list>
<pin id="23" dir="1" index="0" bw="1" slack="2147483647"/>
</pin_list>
<bind>
<StgValue><ssdm name=""/></StgValue>
</bind>
</comp>

<comp id="24" class="1001" name="const_24">
<pin_list>
<pin id="25" dir="1" index="0" bw="1" slack="2147483647"/>
</pin_list>
<bind>
<StgValue><ssdm name="empty_4"/></StgValue>
</bind>
</comp>

<comp id="26" class="1001" name="const_26">
<pin_list>
<pin id="27" dir="1" index="0" bw="1" slack="0"/>
</pin_list>
<bind>
<StgValue><ssdm name="_ssdm_op_Write.ap_auto.i8P0A"/></StgValue>
</bind>
</comp>

<comp id="28" class="1001" name="const_28">
<pin_list>
<pin id="29" dir="1" index="0" bw="1" slack="0"/>
</pin_list>
<bind>
<StgValue><ssdm name=""/></StgValue>
</bind>
</comp>

<comp id="30" class="1004" name="indvar_flatten10_fu_30">
<pin_list>
<pin id="31" dir="0" index="0" bw="1" slack="0"/>
<pin id="32" dir="1" index="1" bw="18" slack="0"/>
</pin_list>
<bind>
<opcode="alloca(26) " fcode="alloca"/>
<opset="indvar_flatten10/1 "/>
</bind>
</comp>

<comp id="34" class="1004" name="write_ln76_write_fu_34">
<pin_list>
<pin id="35" dir="0" index="0" bw="0" slack="0"/>
<pin id="36" dir="0" index="1" bw="8" slack="0"/>
<pin id="37" dir="0" index="2" bw="1" slack="0"/>
<pin id="38" dir="1" index="3" bw="0" slack="2147483647"/>
</pin_list>
<bind>
<opcode="write(1151) " fcode="write"/>
<opset="write_ln76/1 "/>
</bind>
</comp>

<comp id="42" class="1004" name="store_ln0_store_fu_42">
<pin_list>
<pin id="43" dir="0" index="0" bw="1" slack="0"/>
<pin id="44" dir="0" index="1" bw="18" slack="0"/>
<pin id="45" dir="1" index="2" bw="0" slack="2147483647"/>
</pin_list>
<bind>
<opcode="store(28) " fcode="store"/>
<opset="store_ln0/1 "/>
</bind>
</comp>

<comp id="47" class="1004" name="indvar_flatten10_load_load_fu_47">
<pin_list>
<pin id="48" dir="0" index="0" bw="18" slack="0"/>
<pin id="49" dir="1" index="1" bw="18" slack="0"/>
</pin_list>
<bind>
<opcode="load(27) " fcode="load"/>
<opset="indvar_flatten10_load/1 "/>
</bind>
</comp>

<comp id="50" class="1004" name="icmp_ln35_fu_50">
<pin_list>
<pin id="51" dir="0" index="0" bw="18" slack="0"/>
<pin id="52" dir="0" index="1" bw="18" slack="0"/>
<pin id="53" dir="1" index="2" bw="1" slack="2147483647"/>
</pin_list>
<bind>
<opcode="icmp(45) " fcode="icmp"/>
<opset="icmp_ln35/1 "/>
</bind>
</comp>

<comp id="56" class="1004" name="add_ln35_fu_56">
<pin_list>
<pin id="57" dir="0" index="0" bw="18" slack="0"/>
<pin id="58" dir="0" index="1" bw="1" slack="0"/>
<pin id="59" dir="1" index="2" bw="18" slack="0"/>
</pin_list>
<bind>
<opcode="add(8) " fcode="add"/>
<opset="add_ln35/1 "/>
</bind>
</comp>

<comp id="62" class="1004" name="store_ln35_store_fu_62">
<pin_list>
<pin id="63" dir="0" index="0" bw="18" slack="0"/>
<pin id="64" dir="0" index="1" bw="18" slack="0"/>
<pin id="65" dir="1" index="2" bw="0" slack="2147483647"/>
</pin_list>
<bind>
<opcode="store(28) " fcode="store"/>
<opset="store_ln35/1 "/>
</bind>
</comp>

<comp id="67" class="1005" name="indvar_flatten10_reg_67">
<pin_list>
<pin id="68" dir="0" index="0" bw="18" slack="0"/>
<pin id="69" dir="1" index="1" bw="18" slack="0"/>
</pin_list>
<bind>
<opset="indvar_flatten10 "/>
</bind>
</comp>

</comp_list>

<net_list>
<net id="33"><net_src comp="2" pin="0"/><net_sink comp="30" pin=0"/></net>

<net id="39"><net_src comp="26" pin="0"/><net_sink comp="34" pin=0"/></net>

<net id="40"><net_src comp="0" pin="0"/><net_sink comp="34" pin=1"/></net>

<net id="41"><net_src comp="28" pin="0"/><net_sink comp="34" pin=2"/></net>

<net id="46"><net_src comp="4" pin="0"/><net_sink comp="42" pin=0"/></net>

<net id="54"><net_src comp="47" pin="1"/><net_sink comp="50" pin=0"/></net>

<net id="55"><net_src comp="6" pin="0"/><net_sink comp="50" pin=1"/></net>

<net id="60"><net_src comp="47" pin="1"/><net_sink comp="56" pin=0"/></net>

<net id="61"><net_src comp="8" pin="0"/><net_sink comp="56" pin=1"/></net>

<net id="66"><net_src comp="56" pin="2"/><net_sink comp="62" pin=0"/></net>

<net id="70"><net_src comp="30" pin="1"/><net_sink comp="67" pin=0"/></net>

<net id="71"><net_src comp="67" pin="1"/><net_sink comp="42" pin=1"/></net>

<net id="72"><net_src comp="67" pin="1"/><net_sink comp="47" pin=0"/></net>

<net id="73"><net_src comp="67" pin="1"/><net_sink comp="62" pin=1"/></net>

</net_list>

</model> 
---------------- Datapath Model END ------------------

* FSMD analyzer results:
  - Output states:
	Port: output_r | {1 }
 - Input state : 
	Port: conv2d.2 : output_r | {}
  - Chain level:
	State 1
		store_ln0 : 1
		indvar_flatten10_load : 1
		icmp_ln35 : 2
		add_ln35 : 2
		br_ln35 : 3
		store_ln35 : 3


============================================================
+ Verbose Summary: Datapath Resource usage 
============================================================

* Functional unit list:
|----------|------------------------|---------|---------|
| Operation|     Functional Unit    |    FF   |   LUT   |
|----------|------------------------|---------|---------|
|   icmp   |     icmp_ln35_fu_50    |    0    |    25   |
|----------|------------------------|---------|---------|
|    add   |     add_ln35_fu_56     |    0    |    25   |
|----------|------------------------|---------|---------|
|   write  | write_ln76_write_fu_34 |    0    |    0    |
|----------|------------------------|---------|---------|
|   Total  |                        |    0    |    50   |
|----------|------------------------|---------|---------|

Memories:
N/A

* Register list:
+-----------------------+--------+
|                       |   FF   |
+-----------------------+--------+
|indvar_flatten10_reg_67|   18   |
+-----------------------+--------+
|         Total         |   18   |
+-----------------------+--------+

* Multiplexer (MUX) list: 
|--------|------|------|------|--------|
|  Comp  |  Pin | Size |  BW  | S x BW |
|--------|------|------|------|--------|
|  Total |      |      |      |    0   |
|--------|------|------|------|--------|



* Summary:
+-----------+--------+--------+
|           |   FF   |   LUT  |
+-----------+--------+--------+
|  Function |    0   |   50   |
|   Memory  |    -   |    -   |
|Multiplexer|    -   |    -   |
|  Register |   18   |    -   |
+-----------+--------+--------+
|   Total   |   18   |   50   |
+-----------+--------+--------+
