

================================================================
== Vitis HLS Report for 'cnn_accel_Pipeline_VITIS_LOOP_42_3_VITIS_LOOP_43_4'
================================================================
* Date:           Wed Apr 22 11:39:53 2026

* Version:        2024.2 (Build 5238294 on Nov  8 2024)
* Project:        cnn_accel
* Solution:       solution1 (Vivado IP Flow Target)
* Product family: artix7
* Target device:  xc7a200t-sbg484-1


================================================================
== Performance Estimates
================================================================
+ Timing: 
    * Summary: 
    +--------+----------+----------+------------+
    |  Clock |  Target  | Estimated| Uncertainty|
    +--------+----------+----------+------------+
    |ap_clk  |  10.00 ns|  7.300 ns|     2.70 ns|
    +--------+----------+----------+------------+

+ Latency: 
    * Summary: 
    +---------+---------+-----------+-----------+------+------+------------------------------------------------+
    |  Latency (cycles) |   Latency (absolute)  |   Interval  |                    Pipeline                    |
    |   min   |   max   |    min    |    max    |  min |  max |                      Type                      |
    +---------+---------+-----------+-----------+------+------+------------------------------------------------+
    |     3087|     3087|  30.870 us|  30.870 us|  3075|  3075|  loop auto-rewind stp (delay=0 clock cycles(s))|
    +---------+---------+-----------+-----------+------+------+------------------------------------------------+

    + Detail: 
        * Instance: 
        N/A

        * Loop: 
        +-----------------------------------+---------+---------+----------+-----------+-----------+------+----------+
        |                                   |  Latency (cycles) | Iteration|  Initiation Interval  | Trip |          |
        |             Loop Name             |   min   |   max   |  Latency |  achieved |   target  | Count| Pipelined|
        +-----------------------------------+---------+---------+----------+-----------+-----------+------+----------+
        |- VITIS_LOOP_42_3_VITIS_LOOP_43_4  |     3085|     3085|        17|          3|          1|  1024|       yes|
        +-----------------------------------+---------+---------+----------+-----------+-----------+------+----------+



================================================================
== Utilization Estimates
================================================================
* Summary: 
+-----------------+---------+-----+--------+--------+-----+
|       Name      | BRAM_18K| DSP |   FF   |   LUT  | URAM|
+-----------------+---------+-----+--------+--------+-----+
|DSP              |        -|    -|       -|       -|    -|
|Expression       |        -|    -|       0|     769|    -|
|FIFO             |        -|    -|       -|       -|    -|
|Instance         |        -|    4|     165|      50|    -|
|Memory           |        -|    -|       -|       -|    -|
|Multiplexer      |        -|    -|       0|     239|    -|
|Register         |        -|    -|     875|     160|    -|
+-----------------+---------+-----+--------+--------+-----+
|Total            |        0|    4|    1040|    1218|    0|
+-----------------+---------+-----+--------+--------+-----+
|Available        |      730|  740|  269200|  134600|    0|
+-----------------+---------+-----+--------+--------+-----+
|Utilization (%)  |        0|   ~0|      ~0|      ~0|    0|
+-----------------+---------+-----+--------+--------+-----+

+ Detail: 
    * Instance: 
    +------------------------+---------------------+---------+----+-----+----+-----+
    |        Instance        |        Module       | BRAM_18K| DSP|  FF | LUT| URAM|
    +------------------------+---------------------+---------+----+-----+----+-----+
    |mul_32ns_32s_62_2_1_U1  |mul_32ns_32s_62_2_1  |        0|   4|  165|  50|    0|
    +------------------------+---------------------+---------+----+-----+----+-----+
    |Total                   |                     |        0|   4|  165|  50|    0|
    +------------------------+---------------------+---------+----+-----+----+-----+

    * DSP: 
    N/A

    * Memory: 
    N/A

    * FIFO: 
    N/A

    * Expression: 
    +----------------------------------------+----------+----+---+----+------------+------------+
    |              Variable Name             | Operation| DSP| FF| LUT| Bitwidth P0| Bitwidth P1|
    +----------------------------------------+----------+----+---+----+------------+------------+
    |add_ln42_1_fu_266_p2                    |         +|   0|  0|  18|          11|           1|
    |add_ln42_fu_278_p2                      |         +|   0|  0|  14|           6|           1|
    |add_ln43_fu_381_p2                      |         +|   0|  0|  14|           6|           1|
    |add_ln47_fu_324_p2                      |         +|   0|  0|  39|          32|          32|
    |add_ln50_fu_394_p2                      |         +|   0|  0|  69|          62|          62|
    |add_ln52_1_fu_358_p2                    |         +|   0|  0|  17|          10|          10|
    |add_ln52_fu_417_p2                      |         +|   0|  0|  71|          64|          64|
    |add_ln53_1_fu_432_p2                    |         +|   0|  0|  64|          64|          64|
    |add_ln53_fu_427_p2                      |         +|   0|  0|  64|          64|           1|
    |add_ln54_1_fu_448_p2                    |         +|   0|  0|  64|          64|          64|
    |add_ln54_fu_443_p2                      |         +|   0|  0|  64|          64|           2|
    |empty_fu_314_p2                         |         +|   0|  0|  39|          32|          32|
    |sub_ln50_fu_411_p2                      |         -|   0|  0|  71|          64|          64|
    |and_ln49_fu_375_p2                      |       and|   0|  0|   2|           1|           1|
    |ap_block_pp0_stage0_11001_grp2          |       and|   0|  0|   2|           1|           1|
    |ap_block_pp0_stage0_11001_grp6          |       and|   0|  0|   2|           1|           1|
    |ap_block_pp0_stage2_11001_grp1          |       and|   0|  0|   2|           1|           1|
    |ap_block_pp0_stage2_11001_grp5          |       and|   0|  0|   2|           1|           1|
    |ap_block_state14_pp0_stage1_iter4_grp3  |       and|   0|  0|   2|           1|           1|
    |ap_block_state15_pp0_stage2_iter4_grp5  |       and|   0|  0|   2|           1|           1|
    |ap_block_state16_pp0_stage0_iter5_grp6  |       and|   0|  0|   2|           1|           1|
    |ap_block_state6_io_grp1                 |       and|   0|  0|   2|           1|           1|
    |ap_block_state7_io_grp2                 |       and|   0|  0|   2|           1|           1|
    |ap_block_state8_io_grp3                 |       and|   0|  0|   2|           1|           1|
    |ap_predicate_op113_read_state14         |       and|   0|  0|   2|           1|           1|
    |ap_predicate_op117_read_state15         |       and|   0|  0|   2|           1|           1|
    |ap_predicate_op92_readreq_state6        |       and|   0|  0|   2|           1|           1|
    |ap_predicate_op97_readreq_state8        |       and|   0|  0|   2|           1|           1|
    |cmp16_fu_351_p2                         |      icmp|   0|  0|  39|          32|          32|
    |icmp_ln42_fu_260_p2                     |      icmp|   0|  0|  19|          11|          12|
    |icmp_ln43_fu_284_p2                     |      icmp|   0|  0|  14|           6|           7|
    |icmp_ln49_fu_371_p2                     |      icmp|   0|  0|  39|          32|          32|
    |ap_block_pp0_stage0_11001               |        or|   0|  0|   2|           1|           1|
    |ap_block_pp0_stage1_11001_grp3          |        or|   0|  0|   2|           1|           1|
    |ap_block_pp0_stage2_11001               |        or|   0|  0|   2|           1|           1|
    |select_ln42_1_fu_298_p3                 |    select|   0|  0|   6|           1|           6|
    |select_ln42_fu_290_p3                   |    select|   0|  0|   6|           1|           1|
    |ap_enable_pp0                           |       xor|   0|  0|   2|           1|           2|
    +----------------------------------------+----------+----+---+----+------------+------------+
    |Total                                   |          |   0|  0| 769|         645|         508|
    +----------------------------------------+----------+----+---+----+------------+------------+

    * Multiplexer: 
    +--------------------------------------+----+-----------+-----+-----------+
    |                 Name                 | LUT| Input Size| Bits| Total Bits|
    +--------------------------------------+----+-----------+-----+-----------+
    |ap_NS_fsm                             |  17|          4|    1|          4|
    |ap_done_int                           |   9|          2|    1|          2|
    |ap_enable_reg_pp0_iter0               |   9|          2|    1|          2|
    |ap_enable_reg_pp0_iter1               |   9|          2|    1|          2|
    |ap_enable_reg_pp0_iter5               |   9|          2|    1|          2|
    |ap_loop_exit_ready_pp0_iter1_reg      |   9|          2|    1|          2|
    |ap_loop_exit_ready_pp0_iter2_reg      |   9|          2|    1|          2|
    |ap_loop_exit_ready_pp0_iter3_reg      |   9|          2|    1|          2|
    |ap_loop_exit_ready_pp0_iter4_reg      |   9|          2|    1|          2|
    |ap_phi_mux_storemerge_phi_fu_218_p4   |   9|          2|    8|         16|
    |ap_sig_allocacmp_indvar_flatten_load  |   9|          2|   11|         22|
    |ap_sig_allocacmp_x_load               |   9|          2|    6|         12|
    |ap_sig_allocacmp_y_load               |   9|          2|    6|         12|
    |gmem_blk_n_AR                         |   9|          2|    1|          2|
    |gmem_blk_n_R                          |   9|          2|    1|          2|
    |indvar_flatten_fu_104                 |   9|          2|   11|         22|
    |m_axi_gmem_0_ARADDR                   |  17|          4|   64|        256|
    |tile_in_1_address0_local              |  13|          3|   10|         30|
    |tile_in_1_d0_local                    |  13|          3|    8|         24|
    |tile_in_address0_local                |  13|          3|   10|         30|
    |tile_in_d0_local                      |  13|          3|    8|         24|
    |x_fu_96                               |   9|          2|    6|         12|
    |y_fu_100                              |   9|          2|    6|         12|
    +--------------------------------------+----+-----------+-----+-----------+
    |Total                                 | 239|         54|  165|        496|
    +--------------------------------------+----+-----------+-----+-----------+

    * Register: 
    +-------------------------------------------+----+----+-----+-----------+
    |                    Name                   | FF | LUT| Bits| Const Bits|
    +-------------------------------------------+----+----+-----+-----------+
    |add_ln47_reg_519                           |  32|   0|   32|          0|
    |and_ln49_reg_545                           |   1|   0|    1|          0|
    |ap_CS_fsm                                  |   3|   0|    3|          0|
    |ap_block_pp0_stage0_subdone_grp0_done_reg  |   1|   0|    1|          0|
    |ap_block_pp0_stage0_subdone_grp2_done_reg  |   1|   0|    1|          0|
    |ap_block_pp0_stage0_subdone_grp6_done_reg  |   1|   0|    1|          0|
    |ap_block_pp0_stage1_subdone_grp0_done_reg  |   1|   0|    1|          0|
    |ap_block_pp0_stage2_subdone_grp0_done_reg  |   1|   0|    1|          0|
    |ap_block_pp0_stage2_subdone_grp1_done_reg  |   1|   0|    1|          0|
    |ap_block_pp0_stage2_subdone_grp5_done_reg  |   1|   0|    1|          0|
    |ap_done_reg                                |   1|   0|    1|          0|
    |ap_enable_reg_pp0_iter0_reg                |   1|   0|    1|          0|
    |ap_enable_reg_pp0_iter1                    |   1|   0|    1|          0|
    |ap_enable_reg_pp0_iter2                    |   1|   0|    1|          0|
    |ap_enable_reg_pp0_iter3                    |   1|   0|    1|          0|
    |ap_enable_reg_pp0_iter4                    |   1|   0|    1|          0|
    |ap_enable_reg_pp0_iter5                    |   1|   0|    1|          0|
    |ap_loop_exit_ready_pp0_iter1_reg           |   1|   0|    1|          0|
    |ap_loop_exit_ready_pp0_iter2_reg           |   1|   0|    1|          0|
    |ap_loop_exit_ready_pp0_iter3_reg           |   1|   0|    1|          0|
    |ap_loop_exit_ready_pp0_iter4_reg           |   1|   0|    1|          0|
    |empty_24_reg_549                           |  62|   0|   62|          0|
    |empty_reg_513                              |  32|   0|   32|          0|
    |gmem_addr_2_read_reg_579                   |   8|   0|    8|          0|
    |gmem_addr_2_reg_561                        |  64|   0|   64|          0|
    |gmem_addr_3_read_reg_584                   |   8|   0|    8|          0|
    |gmem_addr_3_reg_567                        |  64|   0|   64|          0|
    |gmem_addr_4_read_reg_589                   |   8|   0|    8|          0|
    |gmem_addr_4_reg_573                        |  64|   0|   64|          0|
    |icmp_ln42_reg_498                          |   1|   0|    1|          0|
    |indvar_flatten_fu_104                      |  11|   0|   11|          0|
    |select_ln42_reg_502                        |   6|   0|    6|          0|
    |sext_ln35_cast_reg_493                     |  62|   0|   62|          0|
    |sub_ln50_reg_554                           |  64|   0|   64|          0|
    |tile_in_1_addr_reg_535                     |  10|   0|   10|          0|
    |tile_in_2_addr_reg_540                     |  10|   0|   10|          0|
    |tile_in_addr_reg_530                       |  10|   0|   10|          0|
    |trunc_ln52_reg_508                         |   5|   0|    5|          0|
    |x_fu_96                                    |   6|   0|    6|          0|
    |y_fu_100                                   |   6|   0|    6|          0|
    |and_ln49_reg_545                           |  64|  32|    1|          0|
    |icmp_ln42_reg_498                          |  64|  32|    1|          0|
    |tile_in_1_addr_reg_535                     |  64|  32|   10|          0|
    |tile_in_2_addr_reg_540                     |  64|  32|   10|          0|
    |tile_in_addr_reg_530                       |  64|  32|   10|          0|
    +-------------------------------------------+----+----+-----+-----------+
    |Total                                      | 875| 160|  587|          0|
    +-------------------------------------------+----+----+-----+-----------+



================================================================
== Interface
================================================================
* Summary: 
+-----------------------+-----+-----+------------+----------------------------------------------------+--------------+
|       RTL Ports       | Dir | Bits|  Protocol  |                    Source Object                   |    C Type    |
+-----------------------+-----+-----+------------+----------------------------------------------------+--------------+
|ap_clk                 |   in|    1|  ap_ctrl_hs|  cnn_accel_Pipeline_VITIS_LOOP_42_3_VITIS_LOOP_43_4|  return value|
|ap_rst                 |   in|    1|  ap_ctrl_hs|  cnn_accel_Pipeline_VITIS_LOOP_42_3_VITIS_LOOP_43_4|  return value|
|ap_start               |   in|    1|  ap_ctrl_hs|  cnn_accel_Pipeline_VITIS_LOOP_42_3_VITIS_LOOP_43_4|  return value|
|ap_done                |  out|    1|  ap_ctrl_hs|  cnn_accel_Pipeline_VITIS_LOOP_42_3_VITIS_LOOP_43_4|  return value|
|ap_idle                |  out|    1|  ap_ctrl_hs|  cnn_accel_Pipeline_VITIS_LOOP_42_3_VITIS_LOOP_43_4|  return value|
|ap_ready               |  out|    1|  ap_ctrl_hs|  cnn_accel_Pipeline_VITIS_LOOP_42_3_VITIS_LOOP_43_4|  return value|
|m_axi_gmem_0_AWVALID   |  out|    1|       m_axi|                                                gmem|       pointer|
|m_axi_gmem_0_AWREADY   |   in|    1|       m_axi|                                                gmem|       pointer|
|m_axi_gmem_0_AWADDR    |  out|   64|       m_axi|                                                gmem|       pointer|
|m_axi_gmem_0_AWID      |  out|    1|       m_axi|                                                gmem|       pointer|
|m_axi_gmem_0_AWLEN     |  out|   32|       m_axi|                                                gmem|       pointer|
|m_axi_gmem_0_AWSIZE    |  out|    3|       m_axi|                                                gmem|       pointer|
|m_axi_gmem_0_AWBURST   |  out|    2|       m_axi|                                                gmem|       pointer|
|m_axi_gmem_0_AWLOCK    |  out|    2|       m_axi|                                                gmem|       pointer|
|m_axi_gmem_0_AWCACHE   |  out|    4|       m_axi|                                                gmem|       pointer|
|m_axi_gmem_0_AWPROT    |  out|    3|       m_axi|                                                gmem|       pointer|
|m_axi_gmem_0_AWQOS     |  out|    4|       m_axi|                                                gmem|       pointer|
|m_axi_gmem_0_AWREGION  |  out|    4|       m_axi|                                                gmem|       pointer|
|m_axi_gmem_0_AWUSER    |  out|    1|       m_axi|                                                gmem|       pointer|
|m_axi_gmem_0_WVALID    |  out|    1|       m_axi|                                                gmem|       pointer|
|m_axi_gmem_0_WREADY    |   in|    1|       m_axi|                                                gmem|       pointer|
|m_axi_gmem_0_WDATA     |  out|    8|       m_axi|                                                gmem|       pointer|
|m_axi_gmem_0_WSTRB     |  out|    1|       m_axi|                                                gmem|       pointer|
|m_axi_gmem_0_WLAST     |  out|    1|       m_axi|                                                gmem|       pointer|
|m_axi_gmem_0_WID       |  out|    1|       m_axi|                                                gmem|       pointer|
|m_axi_gmem_0_WUSER     |  out|    1|       m_axi|                                                gmem|       pointer|
|m_axi_gmem_0_ARVALID   |  out|    1|       m_axi|                                                gmem|       pointer|
|m_axi_gmem_0_ARREADY   |   in|    1|       m_axi|                                                gmem|       pointer|
|m_axi_gmem_0_ARADDR    |  out|   64|       m_axi|                                                gmem|       pointer|
|m_axi_gmem_0_ARID      |  out|    1|       m_axi|                                                gmem|       pointer|
|m_axi_gmem_0_ARLEN     |  out|   32|       m_axi|                                                gmem|       pointer|
|m_axi_gmem_0_ARSIZE    |  out|    3|       m_axi|                                                gmem|       pointer|
|m_axi_gmem_0_ARBURST   |  out|    2|       m_axi|                                                gmem|       pointer|
|m_axi_gmem_0_ARLOCK    |  out|    2|       m_axi|                                                gmem|       pointer|
|m_axi_gmem_0_ARCACHE   |  out|    4|       m_axi|                                                gmem|       pointer|
|m_axi_gmem_0_ARPROT    |  out|    3|       m_axi|                                                gmem|       pointer|
|m_axi_gmem_0_ARQOS     |  out|    4|       m_axi|                                                gmem|       pointer|
|m_axi_gmem_0_ARREGION  |  out|    4|       m_axi|                                                gmem|       pointer|
|m_axi_gmem_0_ARUSER    |  out|    1|       m_axi|                                                gmem|       pointer|
|m_axi_gmem_0_RVALID    |   in|    1|       m_axi|                                                gmem|       pointer|
|m_axi_gmem_0_RREADY    |  out|    1|       m_axi|                                                gmem|       pointer|
|m_axi_gmem_0_RDATA     |   in|    8|       m_axi|                                                gmem|       pointer|
|m_axi_gmem_0_RLAST     |   in|    1|       m_axi|                                                gmem|       pointer|
|m_axi_gmem_0_RID       |   in|    1|       m_axi|                                                gmem|       pointer|
|m_axi_gmem_0_RFIFONUM  |   in|   11|       m_axi|                                                gmem|       pointer|
|m_axi_gmem_0_RUSER     |   in|    1|       m_axi|                                                gmem|       pointer|
|m_axi_gmem_0_RRESP     |   in|    2|       m_axi|                                                gmem|       pointer|
|m_axi_gmem_0_BVALID    |   in|    1|       m_axi|                                                gmem|       pointer|
|m_axi_gmem_0_BREADY    |  out|    1|       m_axi|                                                gmem|       pointer|
|m_axi_gmem_0_BRESP     |   in|    2|       m_axi|                                                gmem|       pointer|
|m_axi_gmem_0_BID       |   in|    1|       m_axi|                                                gmem|       pointer|
|m_axi_gmem_0_BUSER     |   in|    1|       m_axi|                                                gmem|       pointer|
|input_r                |   in|   64|     ap_none|                                             input_r|        scalar|
|ty                     |   in|   31|     ap_none|                                                  ty|        scalar|
|size                   |   in|   32|     ap_none|                                                size|        scalar|
|sext_ln35              |   in|   32|     ap_none|                                           sext_ln35|        scalar|
|tile_in_address0       |  out|   10|   ap_memory|                                             tile_in|         array|
|tile_in_ce0            |  out|    1|   ap_memory|                                             tile_in|         array|
|tile_in_we0            |  out|    1|   ap_memory|                                             tile_in|         array|
|tile_in_d0             |  out|    8|   ap_memory|                                             tile_in|         array|
|tile_in_1_address0     |  out|   10|   ap_memory|                                           tile_in_1|         array|
|tile_in_1_ce0          |  out|    1|   ap_memory|                                           tile_in_1|         array|
|tile_in_1_we0          |  out|    1|   ap_memory|                                           tile_in_1|         array|
|tile_in_1_d0           |  out|    8|   ap_memory|                                           tile_in_1|         array|
|tile_in_2_address0     |  out|   10|   ap_memory|                                           tile_in_2|         array|
|tile_in_2_ce0          |  out|    1|   ap_memory|                                           tile_in_2|         array|
|tile_in_2_we0          |  out|    1|   ap_memory|                                           tile_in_2|         array|
|tile_in_2_d0           |  out|    8|   ap_memory|                                           tile_in_2|         array|
|tx                     |   in|   31|     ap_none|                                                  tx|        scalar|
+-----------------------+-----+-----+------------+----------------------------------------------------+--------------+

