

================================================================
== Synthesis Summary Report of 'cnn_accel'
================================================================
+ General Information: 
    * Date:           Wed Apr 22 11:39:53 2026
    * Version:        2024.2 (Build 5238294 on Nov  8 2024)
    * Project:        cnn_accel
    * Solution:       solution1 (Vivado IP Flow Target)
    * Product family: artix7
    * Target device:  xc7a200t-sbg484-1
    

+ Performance & Resource Estimates: 
    
    PS: '+' for module; 'o' for loop; '*' for dataflow
    +---------------------------------------------------------+------+------+------------+-----------+----------+------------+------+----------+---------+---------+------------+------------+-----+
    |                         Modules                         | Issue|      |  Latency   |  Latency  | Iteration|            | Trip |          |         |         |            |            |     |
    |                         & Loops                         | Type | Slack|  (cycles)  |    (ns)   |  Latency |  Interval  | Count| Pipelined|  BRAM   |   DSP   |     FF     |     LUT    | URAM|
    +---------------------------------------------------------+------+------+------------+-----------+----------+------------+------+----------+---------+---------+------------+------------+-----+
    |+ cnn_accel                                              |     -|  0.00|  3550763856|  3.551e+10|         -|  3550763857|     -|        no|  22 (3%)|  7 (~0%)|   4243 (1%)|   5952 (4%)|    -|
    | o VITIS_LOOP_35_1                                       |     -|  7.30|  3550763840|  3.551e+10|   8535490|           -|   416|        no|        -|        -|           -|           -|    -|
    |  o VITIS_LOOP_38_2                                      |     -|  7.30|     8535488|  8.535e+07|     20518|           -|   416|        no|        -|        -|           -|           -|    -|
    |   + cnn_accel_Pipeline_VITIS_LOOP_42_3_VITIS_LOOP_43_4  |     -|  0.00|        3087|  3.087e+04|         -|        3087|     -|        no|        -|  4 (~0%)|  1040 (~0%)|  1222 (~0%)|    -|
    |    o VITIS_LOOP_42_3_VITIS_LOOP_43_4                    |    II|  7.30|        3085|  3.085e+04|        17|           3|  1024|       yes|        -|        -|           -|           -|    -|
    |   + cnn_accel_Pipeline_VITIS_LOOP_65_5_VITIS_LOOP_66_6  |     -|  0.32|        1029|  1.029e+04|         -|        1029|     -|        no|        -|        -|    70 (~0%)|   182 (~0%)|    -|
    |    o VITIS_LOOP_65_5_VITIS_LOOP_66_6                    |     -|  7.30|        1027|  1.027e+04|         5|           1|  1024|       yes|        -|        -|           -|           -|    -|
    |   + cnn_accel_Pipeline_VITIS_LOOP_83_8_VITIS_LOOP_84_9  |     -|  0.00|       16396|  1.640e+05|         -|       16396|     -|        no|        -|  3 (~0%)|  1611 (~0%)|   2107 (1%)|    -|
    |    o VITIS_LOOP_83_8_VITIS_LOOP_84_9                    |    II|  7.30|       16394|  1.639e+05|        27|          16|  1024|       yes|        -|        -|           -|           -|    -|
    +---------------------------------------------------------+------+------+------------+-----------+----------+------------+------+----------+---------+---------+------------+------------+-----+


================================================================
== HW Interfaces
================================================================
* M_AXI
+------------+------------+------------+---------------+---------+--------+----------+-----------+--------------+--------------+-------------+-------------+-------------------+
| Interface  | Read/Write | Data Width | Address Width | Latency | Offset | Register | Max Widen | Max Read     | Max Write    | Num Read    | Num Write   | Resource Estimate |
|            |            | (SW->HW)   |               |         |        |          | Bitwidth  | Burst Length | Burst Length | Outstanding | Outstanding |                   |
+------------+------------+------------+---------------+---------+--------+----------+-----------+--------------+--------------+-------------+-------------+-------------------+
| m_axi_gmem | READ_WRITE | 8 -> 8     | 64            | 0       | slave  | 0        | 0         | 16           | 16           | 16          | 16          | BRAM=3            |
+------------+------------+------------+---------------+---------+--------+----------+-----------+--------------+--------------+-------------+-------------+-------------------+

* S_AXILITE Interfaces
+-----------------+------------+---------------+--------+----------+
| Interface       | Data Width | Address Width | Offset | Register |
+-----------------+------------+---------------+--------+----------+
| s_axi_control   | 32         | 5             | 16     | 0        |
| s_axi_control_r | 32         | 6             | 16     | 0        |
+-----------------+------------+---------------+--------+----------+

* S_AXILITE Registers
+-----------------+------------+--------+-------+--------+----------------------------------+----------------------------------------------------------------------+
| Interface       | Register   | Offset | Width | Access | Description                      | Bit Fields                                                           |
+-----------------+------------+--------+-------+--------+----------------------------------+----------------------------------------------------------------------+
| s_axi_control   | CTRL       | 0x00   | 32    | RW     | Control signals                  | 0=AP_START 1=AP_DONE 2=AP_IDLE 3=AP_READY 7=AUTO_RESTART 9=INTERRUPT |
| s_axi_control   | GIER       | 0x04   | 32    | RW     | Global Interrupt Enable Register | 0=Enable                                                             |
| s_axi_control   | IP_IER     | 0x08   | 32    | RW     | IP Interrupt Enable Register     | 0=CHAN0_INT_EN 1=CHAN1_INT_EN                                        |
| s_axi_control   | IP_ISR     | 0x0c   | 32    | RW     | IP Interrupt Status Register     | 0=CHAN0_INT_ST 1=CHAN1_INT_ST                                        |
| s_axi_control   | size       | 0x10   | 32    | W      | Data signal of size              |                                                                      |
| s_axi_control_r | input_r_1  | 0x10   | 32    | W      | Data signal of input_r           |                                                                      |
| s_axi_control_r | input_r_2  | 0x14   | 32    | W      | Data signal of input_r           |                                                                      |
| s_axi_control_r | output_r_1 | 0x1c   | 32    | W      | Data signal of output_r          |                                                                      |
| s_axi_control_r | output_r_2 | 0x20   | 32    | W      | Data signal of output_r          |                                                                      |
+-----------------+------------+--------+-------+--------+----------------------------------+----------------------------------------------------------------------+

* TOP LEVEL CONTROL
+-----------+------------+-----------+
| Interface | Type       | Ports     |
+-----------+------------+-----------+
| ap_clk    | clock      | ap_clk    |
| ap_rst_n  | reset      | ap_rst_n  |
| interrupt | interrupt  | interrupt |
| ap_ctrl   | ap_ctrl_hs |           |
+-----------+------------+-----------+


================================================================
== SW I/O Information
================================================================
* Top Function Arguments
+----------+-----------+----------+
| Argument | Direction | Datatype |
+----------+-----------+----------+
| input    | inout     |  const * |
| output   | inout     | pointer  |
| size     | in        | int      |
+----------+-----------+----------+

* SW-to-HW Mapping
+----------+-----------------+-----------+----------+--------------------------------------+
| Argument | HW Interface    | HW Type   | HW Usage | HW Info                              |
+----------+-----------------+-----------+----------+--------------------------------------+
| input    | m_axi_gmem      | interface |          | channel=0                            |
| input    | s_axi_control_r | register  | offset   | name=input_r_1 offset=0x10 range=32  |
| input    | s_axi_control_r | register  | offset   | name=input_r_2 offset=0x14 range=32  |
| output   | m_axi_gmem      | interface |          | channel=0                            |
| output   | s_axi_control_r | register  | offset   | name=output_r_1 offset=0x1c range=32 |
| output   | s_axi_control_r | register  | offset   | name=output_r_2 offset=0x20 range=32 |
| size     | s_axi_control   | register  |          | name=size offset=0x10 range=32       |
+----------+-----------------+-----------+----------+--------------------------------------+


================================================================
== M_AXI Burst Information
================================================================
 Note: All burst requests might be further partitioned into multiple requests during RTL generation based on max_read_burst_length or max_write_burst_length settings.

* All M_AXI Variable Accesses
+--------------+----------+---------------------+-----------+--------------+------------+-------------------------------------------------+
| HW Interface | Variable | Access Location     | Direction | Burst Status | Resolution | Problem                                         |
+--------------+----------+---------------------+-----------+--------------+------------+-------------------------------------------------+
| m_axi_gmem   | output   | cnn_accel.cpp:25:19 | write     | Fail         | 214-227    | Volatile or Atomic access cannot be transformed |
| m_axi_gmem   | input    | cnn_accel.cpp:25:21 | read      | Fail         | 214-227    | Volatile or Atomic access cannot be transformed |
| m_axi_gmem   | input    | cnn_accel.cpp:52:44 | read      | Fail         | 214-227    | Volatile or Atomic access cannot be transformed |
| m_axi_gmem   | input    | cnn_accel.cpp:53:44 | read      | Fail         | 214-227    | Volatile or Atomic access cannot be transformed |
| m_axi_gmem   | input    | cnn_accel.cpp:54:44 | read      | Fail         | 214-227    | Volatile or Atomic access cannot be transformed |
| m_axi_gmem   | output   | cnn_accel.cpp:94:45 | write     | Fail         | 214-227    | Volatile or Atomic access cannot be transformed |
+--------------+----------+---------------------+-----------+--------------+------------+-------------------------------------------------+

    * Resolution URL: docs.xilinx.com/access/sources/dita/topic?Doc_Version=2024.2%20English&url=ug1448-hls-guidance&resourceid=XXX-YYY.html (replace XXX-YYY with column value)

================================================================
== Bind Op Report
================================================================
+-------------------------------------------------------+-----+--------+---------------+--------+----------+---------+
| Name                                                  | DSP | Pragma | Variable      | Op     | Impl     | Latency |
+-------------------------------------------------------+-----+--------+---------------+--------+----------+---------+
| + cnn_accel                                           | 7   |        |               |        |          |         |
|   icmp_ln24_fu_299_p2                                 |     |        | icmp_ln24     | setgt  | auto     | 0       |
|   icmp_ln35_fu_335_p2                                 |     |        | icmp_ln35     | setlt  | auto     | 0       |
|   icmp_ln38_fu_348_p2                                 |     |        | icmp_ln38     | setlt  | auto     | 0       |
|   add_ln38_fu_358_p2                                  |     |        | add_ln38      | add    | fabric   | 0       |
|   add_ln35_fu_364_p2                                  |     |        | add_ln35      | add    | fabric   | 0       |
|  + cnn_accel_Pipeline_VITIS_LOOP_42_3_VITIS_LOOP_43_4 | 4   |        |               |        |          |         |
|    icmp_ln42_fu_260_p2                                |     |        | icmp_ln42     | seteq  | auto     | 0       |
|    add_ln42_1_fu_266_p2                               |     |        | add_ln42_1    | add    | fabric   | 0       |
|    add_ln42_fu_278_p2                                 |     |        | add_ln42      | add    | fabric   | 0       |
|    icmp_ln43_fu_284_p2                                |     |        | icmp_ln43     | seteq  | auto     | 0       |
|    select_ln42_fu_290_p3                              |     |        | select_ln42   | select | auto_sel | 0       |
|    select_ln42_1_fu_298_p3                            |     |        | select_ln42_1 | select | auto_sel | 0       |
|    empty_fu_314_p2                                    |     |        | empty         | add    | fabric   | 0       |
|    cmp16_fu_351_p2                                    |     |        | cmp16         | setlt  | auto     | 0       |
|    mul_32ns_32s_62_2_1_U1                             | 4   |        | empty_24      | mul    | auto     | 1       |
|    add_ln52_1_fu_358_p2                               |     |        | add_ln52_1    | add    | fabric   | 0       |
|    add_ln47_fu_324_p2                                 |     |        | add_ln47      | add    | fabric   | 0       |
|    icmp_ln49_fu_371_p2                                |     |        | icmp_ln49     | setlt  | auto     | 0       |
|    and_ln49_fu_375_p2                                 |     |        | and_ln49      | and    | auto     | 0       |
|    add_ln50_fu_394_p2                                 |     |        | add_ln50      | add    | fabric   | 0       |
|    sub_ln50_fu_411_p2                                 |     |        | sub_ln50      | sub    | fabric   | 0       |
|    add_ln52_fu_417_p2                                 |     |        | add_ln52      | add    | fabric   | 0       |
|    add_ln43_fu_381_p2                                 |     |        | add_ln43      | add    | fabric   | 0       |
|  + cnn_accel_Pipeline_VITIS_LOOP_65_5_VITIS_LOOP_66_6 | 0   |        |               |        |          |         |
|    icmp_ln65_fu_361_p2                                |     |        | icmp_ln65     | seteq  | auto     | 0       |
|    add_ln65_1_fu_367_p2                               |     |        | add_ln65_1    | add    | fabric   | 0       |
|    add_ln65_fu_384_p2                                 |     |        | add_ln65      | add    | fabric   | 0       |
|    icmp_ln66_fu_390_p2                                |     |        | icmp_ln66     | seteq  | auto     | 0       |
|    select_ln65_fu_396_p3                              |     |        | select_ln65   | select | auto_sel | 0       |
|    select_ln65_1_fu_404_p3                            |     |        | select_ln65_1 | select | auto_sel | 0       |
|    empty_23_fu_428_p2                                 |     |        | empty_23      | add    | fabric   | 0       |
|    add_ln66_fu_434_p2                                 |     |        | add_ln66      | add    | fabric   | 0       |
|  + cnn_accel_Pipeline_VITIS_LOOP_83_8_VITIS_LOOP_84_9 | 3   |        |               |        |          |         |
|    icmp_ln83_fu_687_p2                                |     |        | icmp_ln83     | seteq  | auto     | 0       |
|    add_ln83_1_fu_693_p2                               |     |        | add_ln83_1    | add    | fabric   | 0       |
|    add_ln83_fu_705_p2                                 |     |        | add_ln83      | add    | fabric   | 0       |
|    icmp_ln84_fu_711_p2                                |     |        | icmp_ln84     | seteq  | auto     | 0       |
|    select_ln83_fu_717_p3                              |     |        | select_ln83   | select | auto_sel | 0       |
|    select_ln83_1_fu_725_p3                            |     |        | select_ln83_1 | select | auto_sel | 0       |
|    empty_20_fu_741_p2                                 |     |        | empty_20      | add    | fabric   | 0       |
|    cmp127_fu_768_p2                                   |     |        | cmp127        | setlt  | auto     | 0       |
|    mul_28s_28s_28_3_1_U31                             | 3   |        | empty_22      | mul    | auto     | 2       |
|    add_ln94_16_fu_775_p2                              |     |        | add_ln94_16   | add    | fabric   | 0       |
|    add_ln88_fu_804_p2                                 |     |        | add_ln88      | add    | fabric   | 0       |
|    icmp_ln90_fu_813_p2                                |     |        | icmp_ln90     | setlt  | auto     | 0       |
|    and_ln90_fu_818_p2                                 |     |        | and_ln90      | and    | auto     | 0       |
|    add_ln91_fu_834_p2                                 |     |        | add_ln91      | add    | fabric   | 0       |
|    add_ln94_fu_850_p2                                 |     |        | add_ln94      | add    | fabric   | 0       |
|    add_ln94_1_fu_872_p2                               |     |        | add_ln94_1    | add    | fabric   | 0       |
|    add_ln94_2_fu_894_p2                               |     |        | add_ln94_2    | add    | fabric   | 0       |
|    add_ln94_3_fu_916_p2                               |     |        | add_ln94_3    | add    | fabric   | 0       |
|    add_ln94_4_fu_938_p2                               |     |        | add_ln94_4    | add    | fabric   | 0       |
|    add_ln94_5_fu_960_p2                               |     |        | add_ln94_5    | add    | fabric   | 0       |
|    add_ln94_6_fu_982_p2                               |     |        | add_ln94_6    | add    | fabric   | 0       |
|    add_ln94_7_fu_1004_p2                              |     |        | add_ln94_7    | add    | fabric   | 0       |
|    add_ln94_8_fu_1026_p2                              |     |        | add_ln94_8    | add    | fabric   | 0       |
|    add_ln94_9_fu_1048_p2                              |     |        | add_ln94_9    | add    | fabric   | 0       |
|    add_ln94_10_fu_1070_p2                             |     |        | add_ln94_10   | add    | fabric   | 0       |
|    add_ln94_11_fu_1092_p2                             |     |        | add_ln94_11   | add    | fabric   | 0       |
|    add_ln94_12_fu_1114_p2                             |     |        | add_ln94_12   | add    | fabric   | 0       |
|    add_ln94_13_fu_1136_p2                             |     |        | add_ln94_13   | add    | fabric   | 0       |
|    add_ln94_14_fu_1158_p2                             |     |        | add_ln94_14   | add    | fabric   | 0       |
|    add_ln94_15_fu_1180_p2                             |     |        | add_ln94_15   | add    | fabric   | 0       |
|    add_ln84_fu_824_p2                                 |     |        | add_ln84      | add    | fabric   | 0       |
+-------------------------------------------------------+-----+--------+---------------+--------+----------+---------+


================================================================
== Storage Report
================================================================
+---------------------+---------------+-----------+------+------+--------+-------------+------+---------+------------------+
| Name                | Usage         | Type      | BRAM | URAM | Pragma | Variable    | Impl | Latency | Bitwidth, Depth, |
|                     |               |           |      |      |        |             |      |         | Banks            |
+---------------------+---------------+-----------+------+------+--------+-------------+------+---------+------------------+
| + cnn_accel         |               |           | 22   | 0    |        |             |      |         |                  |
|   control_s_axi_U   | interface     | s_axilite |      |      |        |             |      |         |                  |
|   control_r_s_axi_U | interface     | s_axilite |      |      |        |             |      |         |                  |
|   gmem_m_axi_U      | interface     | m_axi     | 3    |      |        |             |      |         |                  |
|   tile_in_U         | ram_t2p array |           | 1    |      | yes    | tile_in     | bram | 1       | 8, 1024, 1       |
|   tile_in_1_U       | ram_t2p array |           | 1    |      | yes    | tile_in_1   | bram | 1       | 8, 1024, 1       |
|   tile_in_2_U       | ram_t2p array |           | 1    |      | yes    | tile_in_2   | bram | 1       | 8, 1024, 1       |
|   tile_out_U        | ram_t2p array |           | 1    |      | yes    | tile_out    | bram | 1       | 8, 1024, 1       |
|   tile_out_1_U      | ram_t2p array |           | 1    |      | yes    | tile_out_1  | bram | 1       | 8, 1024, 1       |
|   tile_out_2_U      | ram_t2p array |           | 1    |      | yes    | tile_out_2  | bram | 1       | 8, 1024, 1       |
|   tile_out_3_U      | ram_t2p array |           | 1    |      | yes    | tile_out_3  | bram | 1       | 8, 1024, 1       |
|   tile_out_4_U      | ram_t2p array |           | 1    |      | yes    | tile_out_4  | bram | 1       | 8, 1024, 1       |
|   tile_out_5_U      | ram_t2p array |           | 1    |      | yes    | tile_out_5  | bram | 1       | 8, 1024, 1       |
|   tile_out_6_U      | ram_t2p array |           | 1    |      | yes    | tile_out_6  | bram | 1       | 8, 1024, 1       |
|   tile_out_7_U      | ram_t2p array |           | 1    |      | yes    | tile_out_7  | bram | 1       | 8, 1024, 1       |
|   tile_out_8_U      | ram_t2p array |           | 1    |      | yes    | tile_out_8  | bram | 1       | 8, 1024, 1       |
|   tile_out_9_U      | ram_t2p array |           | 1    |      | yes    | tile_out_9  | bram | 1       | 8, 1024, 1       |
|   tile_out_10_U     | ram_t2p array |           | 1    |      | yes    | tile_out_10 | bram | 1       | 8, 1024, 1       |
|   tile_out_11_U     | ram_t2p array |           | 1    |      | yes    | tile_out_11 | bram | 1       | 8, 1024, 1       |
|   tile_out_12_U     | ram_t2p array |           | 1    |      | yes    | tile_out_12 | bram | 1       | 8, 1024, 1       |
|   tile_out_13_U     | ram_t2p array |           | 1    |      | yes    | tile_out_13 | bram | 1       | 8, 1024, 1       |
|   tile_out_14_U     | ram_t2p array |           | 1    |      | yes    | tile_out_14 | bram | 1       | 8, 1024, 1       |
|   tile_out_15_U     | ram_t2p array |           | 1    |      | yes    | tile_out_15 | bram | 1       | 8, 1024, 1       |
+---------------------+---------------+-----------+------+------+--------+-------------+------+---------+------------------+


================================================================
== Pragma Report
================================================================
* Valid Pragma Syntax
+----------------+-------------------------------------------------------------------+-----------------------------------------+
| Type           | Options                                                           | Location                                |
+----------------+-------------------------------------------------------------------+-----------------------------------------+
| interface      | s_axilite port=return bundle=control                              | cnn_accel.cpp:15 in cnn_accel, return   |
| interface      | s_axilite port=size bundle=control                                | cnn_accel.cpp:16 in cnn_accel, size     |
| interface      | m_axi port=input bundle=gmem depth=(416 * 416 * 16) offset=slave  | cnn_accel.cpp:18 in cnn_accel, input    |
| interface      | m_axi port=output bundle=gmem depth=(416 * 416 * 16) offset=slave | cnn_accel.cpp:19 in cnn_accel, output   |
| interface      | ap_ctrl_hs port=return                                            | cnn_accel.cpp:21 in cnn_accel, return   |
| bind_storage   | variable=tile_in type=ram_t2p impl=bram                           | cnn_accel.cpp:29 in cnn_accel, tile_in  |
| bind_storage   | variable=tile_out type=ram_t2p impl=bram                          | cnn_accel.cpp:32 in cnn_accel, tile_out |
| loop_tripcount | min=1 max=416                                                     | cnn_accel.cpp:36 in cnn_accel           |
| loop_tripcount | min=1 max=416                                                     | cnn_accel.cpp:39 in cnn_accel           |
| pipeline       | II=1                                                              | cnn_accel.cpp:44 in cnn_accel           |
| pipeline       | II=1                                                              | cnn_accel.cpp:67 in cnn_accel           |
| pipeline       | II=1                                                              | cnn_accel.cpp:85 in cnn_accel           |
+----------------+-------------------------------------------------------------------+-----------------------------------------+

* Inferred Pragmas
+----------------------------+-----------------+----------------------------------------+-------------------------------------------------+
| Source                     | Inferred Pragma | Options                                | Location                                        |
+----------------------------+-----------------+----------------------------------------+-------------------------------------------------+
| pipeline  cnn_accel.cpp:67 | array_partition | dim=3 type=complete  variable=tile_in  | variable tile_in in cnn_accel cnn_accel.cpp:28  |
| pipeline  cnn_accel.cpp:67 | array_partition | dim=3 type=complete  variable=tile_out | variable tile_out in cnn_accel cnn_accel.cpp:31 |
+----------------------------+-----------------+----------------------------------------+-------------------------------------------------+


