================================================================
== Design Size Report
================================================================

* Total Instructions per Compilation Phase
+---------------+-----------------------------+--------------+----------------------------------------------------------------------------------------+
| Phase         | Step                        | Instructions | Description                                                                            |
+---------------+-----------------------------+--------------+----------------------------------------------------------------------------------------+
| Compile/Link  |                             |     773      | After all functions are compiled and linked into a single design                       |
|               |                             |              |                                                                                        |
| Unroll/Inline |                             |              | After user unroll and inline pragmas are applied                                       |
|               | (1) unroll                  |     989      | user unroll pragmas are applied                                                        |
|               | (2) simplification          |     875      | simplification of applied user unroll pragmas                                          |
|               | (3) inline                  |     796      | user inline pragmas are applied                                                        |
|               | (4) simplification          |     790      | simplification of applied user inline pragmas                                          |
|               |                             |              |                                                                                        |
| Array/Struct  |                             |              | After user array partition and struct aggregate/disaggregate pragmas are applied       |
|               | (1) array partition         |     739      | user array partition pragmas are applied                                               |
|               | (2) simplification          |     739      | simplification of applied user array partition & struct aggregate/disaggregate pragmas |
|               | (3) aggregate/disaggregate  |     739      | user struct aggregate/disaggregate pragmas are applied                                 |
|               | (4) array reshape           |     739      | apply array reshape pragmas                                                            |
|               | (5) access patterns         |   5,077      | array access pattern optmizations                                                      |
|               |                             |              |                                                                                        |
| Performance   |                             |              | After transformations are applied to meet performance pragma targets                   |
|               | (1) loop simplification     |   5,071      | loop and instruction simplification                                                    |
|               | (2) parallelization         |   5,071      | loops are unrolled or pipelined to meet performance targets                            |
|               | (3) array partition         | 189,208 *    | arrays are partitioned to meet performance targets                                     |
|               | (4) simplification          |  20,320      | simplification of design after performance transformations                             |
|               |                             |              |                                                                                        |
| HW Transforms |                             |              | After hardware transfomations                                                          |
|               | (1) lowering                |  20,458      | initial conversion to HW specific instructions                                         |
|               | (2) optimizations           |  20,538      | high level synthesis optimizations                                                     |
+---------------+-----------------------------+--------------+----------------------------------------------------------------------------------------+
    * - Exceeded design size warning message threshold

* Instructions per Function for each Compilation Phase
+---------------+-------------------+---------------+---------------+-----------------+------------------+------------------+
| Function      | Location          | Compile/Link  | Unroll/Inline | Array/Struct    | Performance      | HW Transforms    |
+---------------+-------------------+---------------+---------------+-----------------+------------------+------------------+
| + cnn_accel   | cnn_accel.cpp:119 | 773           | 790           | 5,077           | 20,320           | 20,538           |
|    conv_layer | cnn_accel.cpp:19  | 765 (3 calls) | 780 (3 calls) | 5,067 (3 calls) | 20,112 (3 calls) | 20,325 (3 calls) |
+---------------+-------------------+---------------+---------------+-----------------+------------------+------------------+

* Design Size Message Settings
+---------------------------------------------+--------+------------------------------------------------------------------+
| Message Setting                             | Value  | Description                                                      |
+---------------------------------------------+--------+------------------------------------------------------------------+
| config_compile -design_size_maximum_warning | 100000 | Show a warning when total design instructions exceeds this value |
+---------------------------------------------+--------+------------------------------------------------------------------+


